
 RUN  v4.1.11 /Users/zhangtiancheng/Documents/projects/autoflow-project-management-pm3/apps/desktop

(node:81700) ExperimentalWarning: localStorage is not available because --localstorage-file was not provided.
(Use `node --trace-warnings ...` to show where the warning was created)
 ❯ src/renderer/domains/project-automations/pages/AutomationDirectoryPage.test.tsx (1 test | 1 failed) 214ms
   × isolates and restores controlled directory queries by workspace and project 213ms

⎯⎯⎯⎯⎯⎯⎯ Failed Tests 1 ⎯⎯⎯⎯⎯⎯⎯

 FAIL  src/renderer/domains/project-automations/pages/AutomationDirectoryPage.test.tsx > isolates and restores controlled directory queries by workspace and project
AssertionError: expected "vi.fn()" to be called 1 times, but got 3 times
 ❯ src/renderer/domains/project-automations/pages/AutomationDirectoryPage.test.tsx:23:19
     21|   const view = render(tree())
     22|   await userEvent.type(await screen.findByLabelText('搜索自动化'), '客户')
     23|   expect(request).toHaveBeenCalledTimes(1)
       |                   ^
     24|   await userEvent.keyboard('{Enter}')
     25|   await waitFor(() => expect(request).toHaveBeenLastCalledWith(expect.…

⎯⎯⎯⎯⎯⎯⎯⎯⎯⎯⎯⎯⎯⎯⎯⎯⎯⎯⎯⎯⎯⎯⎯⎯[1/1]⎯


 Test Files  1 failed (1)
      Tests  1 failed (1)
   Start at  04:23:51
   Duration  2.21s (transform 208ms, setup 144ms, import 1.34s, tests 214ms, environment 407ms)
