
> @autoflow/desktop@0.1.0 test
> vitest run --maxWorkers=1 src/renderer/domains/workflows/tests/toolbar-draft-protection.test.tsx src/renderer/domains/workflows/tests/local-workflow-protection.test.tsx


 RUN  v4.1.11 /Users/zhangtiancheng/Documents/projects/autoflow/apps/desktop

(node:51584) ExperimentalWarning: localStorage is not available because --localstorage-file was not provided.
(Use `node --trace-warnings ...` to show where the warning was created)
stdout | src/renderer/domains/workflows/tests/toolbar-draft-protection.test.tsx > does not write to a new connection after an old existence response
[Toolbar] 配置已更新: { autoCloseBrowser: true, fullscreen: false, type: 'msedge' }
[Toolbar] 保存按钮被点击

stdout | src/renderer/domains/workflows/tests/toolbar-draft-protection.test.tsx > does not acknowledge a saved document after connection replacement
[Toolbar] 配置已更新: { autoCloseBrowser: true, fullscreen: false, type: 'msedge' }
[Toolbar] 保存按钮被点击

stdout | src/renderer/domains/workflows/tests/toolbar-draft-protection.test.tsx > invalidates a leave decision 保存后继续 after connection change
[Toolbar] 配置已更新: { autoCloseBrowser: true, fullscreen: false, type: 'msedge' }

stdout | src/renderer/domains/workflows/tests/toolbar-draft-protection.test.tsx > invalidates a leave decision 放弃修改 after connection change
[Toolbar] 配置已更新: { autoCloseBrowser: true, fullscreen: false, type: 'msedge' }

stdout | src/renderer/domains/workflows/tests/toolbar-draft-protection.test.tsx > serializes repeated save clicks
[Toolbar] 配置已更新: { autoCloseBrowser: true, fullscreen: false, type: 'msedge' }
[Toolbar] 保存按钮被点击
[Toolbar] 保存按钮被点击

stdout | src/renderer/domains/workflows/tests/toolbar-draft-protection.test.tsx > does not mark saved for malformed receipt {"success":"true","filename":"draft.json"}
[Toolbar] 配置已更新: { autoCloseBrowser: true, fullscreen: false, type: 'msedge' }
[Toolbar] 保存按钮被点击

stdout | src/renderer/domains/workflows/tests/toolbar-draft-protection.test.tsx > does not mark saved for malformed receipt {"success":true}
[Toolbar] 配置已更新: { autoCloseBrowser: true, fullscreen: false, type: 'msedge' }
[Toolbar] 保存按钮被点击

stdout | src/renderer/domains/workflows/tests/toolbar-draft-protection.test.tsx > does not mark saved for malformed receipt {"success":true,"filename":"draft.json","error":"未完成"}
[Toolbar] 配置已更新: { autoCloseBrowser: true, fullscreen: false, type: 'msedge' }
[Toolbar] 保存按钮被点击

 ❯ src/renderer/domains/workflows/tests/toolbar-draft-protection.test.tsx (37 tests | 8 failed) 4991ms
   × does not write to a new connection after an old existence response 22ms
   × does not acknowledge a saved document after connection replacement 20ms
   × invalidates a leave decision 保存后继续 after connection change 38ms
   × invalidates a leave decision 放弃修改 after connection change 37ms
   × serializes repeated save clicks 21ms
   × does not mark saved for malformed receipt {"success":"true","filename":"draft.json"} 1024ms
   × does not mark saved for malformed receipt {"success":true} 1030ms
   × does not mark saved for malformed receipt {"success":true,"filename":"draft.json","error":"未完成"} 1029ms
(node:51604) ExperimentalWarning: localStorage is not available because --localstorage-file was not provided.
(Use `node --trace-warnings ...` to show where the warning was created)
 ❯ src/renderer/domains/workflows/tests/local-workflow-protection.test.tsx (8 tests | 2 failed) 300ms
   × ignores a load from a replaced service connection 18ms
   × rechecks service identity after the leave decision 15ms

⎯⎯⎯⎯⎯⎯ Failed Tests 10 ⎯⎯⎯⎯⎯⎯⎯

 FAIL  src/renderer/domains/workflows/tests/local-workflow-protection.test.tsx > ignores a load from a replaced service connection
AssertionError: expected "vi.fn()" to not be called at all, but actually been called 1 times

Received:

  1st vi.fn() call:

    Array []


Number of calls: 1

 ❯ src/renderer/domains/workflows/tests/local-workflow-protection.test.tsx:71:29
     69|   act(() => { setStudioTransport(mockRequest) })
     70|   await act(async () => release(Response.json({ success: true, content…
     71|   expect(beforeReplace).not.toHaveBeenCalled(); expect(useWorkflowStor…
       |                             ^
     72| })
     73| it('rechecks service identity after the leave decision', async () => {

⎯⎯⎯⎯⎯⎯⎯⎯⎯⎯⎯⎯⎯⎯⎯⎯⎯⎯⎯⎯⎯⎯⎯[1/10]⎯

 FAIL  src/renderer/domains/workflows/tests/local-workflow-protection.test.tsx > rechecks service identity after the leave decision
AssertionError: expected undefined to be 'keep' // Object.is equality

- Expected:
"keep"

+ Received:
undefined

 ❯ src/renderer/domains/workflows/tests/local-workflow-protection.test.tsx:79:59
     77|   fireEvent.click(await screen.findByText('destination')); await waitF…
     78|   act(() => { setStudioTransport(mockRequest) }); await act(async () =…
     79|   expect(useWorkflowStore.getState().variables[0]?.value).toBe('keep')
       |                                                           ^
     80| })
     81|

⎯⎯⎯⎯⎯⎯⎯⎯⎯⎯⎯⎯⎯⎯⎯⎯⎯⎯⎯⎯⎯⎯⎯[2/10]⎯

 FAIL  src/renderer/domains/workflows/tests/toolbar-draft-protection.test.tsx > does not write to a new connection after an old existence response
AssertionError: expected true to be false // Object.is equality

- Expected
+ Received

- false
+ true

 ❯ src/renderer/domains/workflows/tests/toolbar-draft-protection.test.tsx:295:88
    293|   const next = vi.fn(mockRequest); act(() => { setStudioTransport(next…
    294|   await act(async () => release(Response.json({ exists: false })))
    295|   expect(next.mock.calls.some(([input]) => String(input).endsWith('/sa…
       |                                                                                        ^
    296|   expect(useWorkflowStore.getState().hasUnsavedChanges).toBe(true)
    297| })

⎯⎯⎯⎯⎯⎯⎯⎯⎯⎯⎯⎯⎯⎯⎯⎯⎯⎯⎯⎯⎯⎯⎯[3/10]⎯

 FAIL  src/renderer/domains/workflows/tests/toolbar-draft-protection.test.tsx > does not acknowledge a saved document after connection replacement
AssertionError: expected false to be true // Object.is equality

- Expected
+ Received

- true
+ false

 ❯ src/renderer/domains/workflows/tests/toolbar-draft-protection.test.tsx:304:57
    302|   act(() => { setStudioTransport(mockRequest) })
    303|   await act(async () => release(Response.json({ success: true, filenam…
    304|   expect(useWorkflowStore.getState().hasUnsavedChanges).toBe(true)
       |                                                         ^
    305|   expect(useWorkflowStore.getState().logs.some(log => log.message.incl…
    306| })

⎯⎯⎯⎯⎯⎯⎯⎯⎯⎯⎯⎯⎯⎯⎯⎯⎯⎯⎯⎯⎯⎯⎯[4/10]⎯

 FAIL  src/renderer/domains/workflows/tests/toolbar-draft-protection.test.tsx > invalidates a leave decision 保存后继续 after connection change
 FAIL  src/renderer/domains/workflows/tests/toolbar-draft-protection.test.tsx > invalidates a leave decision 放弃修改 after connection change
AssertionError: expected undefined to be 'keep' // Object.is equality

- Expected:
"keep"

+ Received:
undefined

 ❯ src/renderer/domains/workflows/tests/toolbar-draft-protection.test.tsx:312:59
    310|   fireEvent.click(screen.getByRole('button', { name: choice }))
    311|   await waitFor(() => expect(screen.queryByRole('dialog', { name: '保存当…
    312|   expect(useWorkflowStore.getState().variables[0]?.value).toBe('keep')
       |                                                           ^
    313|   expect(next.mock.calls.some(([input]) => String(input).endsWith('/sa…
    314| })

⎯⎯⎯⎯⎯⎯⎯⎯⎯⎯⎯⎯⎯⎯⎯⎯⎯⎯⎯⎯⎯⎯⎯[5/10]⎯

 FAIL  src/renderer/domains/workflows/tests/toolbar-draft-protection.test.tsx > serializes repeated save clicks
AssertionError: expected [ [ …(2) ], [ …(2) ] ] to have a length of 1 but got 2

- Expected
+ Received

- 1
+ 2

 ❯ src/renderer/domains/workflows/tests/toolbar-draft-protection.test.tsx:321:93
    319|   fireEvent.click(screen.getByRole('button', { name: '保存' })); fireEve…
    320|   await waitFor(() => expect(release).toBeDefined())
    321|   expect(request.mock.calls.filter(([input]) => String(input).endsWith…
       |                                                                                             ^
    322|   await act(async () => release(Response.json({ success: true, filenam…
    323| })

⎯⎯⎯⎯⎯⎯⎯⎯⎯⎯⎯⎯⎯⎯⎯⎯⎯⎯⎯⎯⎯⎯⎯[6/10]⎯

 FAIL  src/renderer/domains/workflows/tests/toolbar-draft-protection.test.tsx > does not mark saved for malformed receipt {"success":"true","filename":"draft.json"}
AssertionError: expected false to be true // Object.is equality

Ignored nodes: comments, script, style
[36m<html>[39m
  [36m<head />[39m
  [36m<body>[39m
    [36m<div>[39m
      [36m<header[39m
        [33mclass[39m=[32m"relative h-12 border-b border-[hsl(var(--border))] bg-[hsl(var(--card))] flex items-center px-3 gap-3 flex-shrink-0 shadow-soft
        before:content-[''] before:absolute before:top-0 before:left-0 before:right-0 before:h-[2px]
        before:bg-gradient-to-r before:from-[hsl(var(--brand-500))] before:via-[hsl(var(--brand-400))] before:to-[hsl(var(--info-500))]
        before:opacity-90"[39m
      [36m>[39m
        [36m<div[39m
          [33mclass[39m=[32m"flex items-center select-none"[39m
        [36m>[39m
          [36m<span[39m
            [33maria-label[39m=[32m"AutoFlow"[39m
            [33mclass[39m=[32m"text-[15px] font-bold tracking-tight text-[hsl(var(--brand-700))]"[39m
          [36m>[39m
            [0mAutoFlow[0m
          [36m</span>[39m
        [36m</div>[39m
        [36m<div[39m
          [33mclass[39m=[32m"hidden @[48rem]:block h-5 w-px bg-[hsl(var(--border))]"[39m
        [36m/>[39m
        [36m<div[39m
          [33mclass[39m=[32m"flex items-center gap-2"[39m
        [36m>[39m
          [36m<span[39m
            [33mclass[39m=[32m"w-2 h-2 rounded-full transition-colors flex-shrink-0 bg-[hsl(var(--slate-300))]"[39m
            [33mtitle[39m=[32m"空闲"[39m
          [36m/>[39m
          [36m<input[39m
            [33mclass[39m=[32m"flex rounded-[7px] px-2.5 py-1 border border-[hsl(var(--slate-200))] bg-[hsl(var(--slate-50))] text-[hsl(var(--foreground))] placeholder:text-[hsl(var(--muted-foreground))] shadow-[inset_0_1px_2px_rgb(15_23_42_/_0.04)] transition-[border-color,box-shadow,background-color] duration-150 ease-[cubic-bezier(0.25,1,0.5,1)] hover:border-[hsl(var(--slate-300))] hover:bg-[hsl(var(--card))] focus-visible:outline-none focus-visible:border-[hsl(var(--brand-500))] focus-visible:bg-[hsl(var(--card))] focus-visible:ring-2 focus-visible:ring-[hsl(var(--brand-500)/0.18)] disabled:cursor-not-allowed disabled:opacity-50 disabled:bg-[hsl(var(--muted))] aria-[invalid=true]:border-[hsl(var(--danger-500))] aria-[invalid=true]:ring-[hsl(var(--danger-500)/0.18)] file:border-0 file:bg-transparent file:text-[12px] file:font-medium file:text-[hsl(var(--foreground))] w-32 @[40rem]:w-44 @[48rem]:w-56 h-7 text-[12.5px]"[39m
            [33mplaceholder[39m=[32m"工作流名称"[39m
            [33mvalue[39m=[32m"未命名工作流"[39m
          [36m/>[39m
        [36m</div>[39m
        [36m<div[39m
          [33mclass[39m=[32m"hidden @[48rem]:block h-5 w-px bg-[hsl(var(--border))]"[39m
        [36m/>[39m
        [36m<div[39m
          [33mclass[39m=[32m"flex items-center gap-1.5"[39m
        [36m>[39m
          [36m<button[39m
            [33maria-expanded[39m=[32m"false"[39m
            [33maria-haspopup[39m=[32m"menu"[39m
            [33mclass[39m=[32m"group relative inline-flex items-center justify-center gap-1.5 whitespace-nowrap font-medium select-none transition-[background-color,border-color,color,box-shadow,transform,filter] duration-150 ease-[cubic-bezier(0.25,1,0.5,1)] focus-visible:outline-none focus-visible:ring-2 focus-visible:ring-[hsl(var(--ring))] focus-visible:ring-offset-1 focus-visible:ring-offset-[hsl(var(--background))] disabled:pointer-events-none disabled:opacity-50 active:translate-y-[1px] active:scale-[0.99] !bg-[hsl(var(--success-600))] !text-white !border-transparent shadow-soft hover:!bg-[hsl(var(--success-700))] hover:shadow-success-glow hover:-translate-y-[1px] active:brightness-95 h-7 px-2.5 text-[12px] rounded-[6px]"[39m
            [33mdata-state[39m=[32m"closed"[39m
            [33mid[39m=[32m"radix-_r_a0_"[39m
            [33mtype[39m=[32m"button"[39m
          [36m>[39m
            [36m<svg[39m
              [33maria-hidden[39m=[32m"true"[39m
              [33mclass[39m=[32m"lucide lucide-play w-3.5 h-3.5"[39m
              [33mfill[39m=[32m"none"[39m
              [33mheight[39m=[32m"24"[39m
              [33mstroke[39m=[32m"currentColor"[39m
              [33mstroke-linecap[39m=[32m"round"[39m
              [33mstroke-linejoin[39m=[32m"round"[39m
              [33mstroke-width[39m=[32m"2"[39m
              [33mviewBox[39m=[32m"0 0 24 24"[39m
              [33mwidth[39m=[32m"24"[39m
              [33mxmlns[39m=[32m"http://www.w3.org/2000/svg"[39m
            [36m>[39m
              [36m<path[39m
                [33md[39m=[32m"M5 5a2 2 0 0 1 3.008-1.728l11.997 6.998a2 2 0 0 1 .003 3.458l-12 7A2 2 0 0 1 5 19z"[39m
              [36m/>[39m
            [36m</svg>[39m
            [36m<span[39m
              [33mclass[39m=[32m"hidden sm:inline"[39m
            [36m>[39m
              [0m运行[0m
            [36m</span>[39m
            [36m<span[39m
              [33mclass[39m=[32m"hidden @[64rem]:inline text-[10px] opacity-70 font-normal"[39m
            [36m>[39m
              [0mF5[0m
            [36m</span>[39m
            [36m<svg[39m
              [33maria-hidden[39m=[32m"true"[39m
              [33mclass[39m=[32m"lucide lucide-chevron-down w-3 h-3"[39m
              [33mfill[39m=[32m"none"[39m
              [33mheight[39m=[32m"24"[39m
              [33mstroke[39m=[32m"currentColor"[39m
              [33mstroke-linecap[39m=[32m"round"[39m
              [33mstroke-linejoin[39m=[32m"round"[39m
              [33mstroke-width[39m=[32m"2"[39m
              [33mviewBox[39m=[32m"0 0 24 24"[39m
              [33mwidth[39m=[32m"24"[39m
              [33mxmlns[39m=[32m"http://www.w3.org/2000/svg"[39m
            [36m>[39m
              [36m<path[39m
                [33md[39m=[32m"m6 9 6 6 6-6"[39m
              [36m/>[39m
            [36m</svg>[39m
          [36m</button>[39m
        [36m</div>[39m
        [36m<div[39m
          [33mclass[39m=[32m"hidden @[48rem]:block h-5 w-px bg-[hsl(var(--border))]"[39m
        [36m/>[39m
        [36m<div[39m
          [33mclass[39m=[32m"hidden @[64rem]:flex items-center gap-1"[39m
        [36m>[39m
          [36m<button[39m
            [33mclass[39m=[32m"group relative inline-flex items-center justify-center gap-1.5 whitespace-nowrap font-medium select-none transition-[background-color,border-color,color,box-shadow,transform,filter] duration-150 ease-[cubic-bezier(0.25,1,0.5,1)] focus-visible:outline-none focus-visible:ring-2 focus-visible:ring-[hsl(var(--ring))] focus-visible:ring-offset-1 focus-visible:ring-offset-[hsl(var(--background))] disabled:pointer-events-none disabled:opacity-50 active:translate-y-[1px] active:scale-[0.99] bg-[hsl(var(--brand-50))] text-[hsl(var(--brand-700))] border border-[hsl(var(--brand-500)/0.25)] hover:bg-[hsl(var(--brand-100))] hover:border-[hsl(var(--brand-500)/0.45)] h-7 px-2.5 text-[12px] rounded-[6px]"[39m
            [33mtitle[39m=[32m"新建工作流 (Alt+N)"[39m
          ...

- Expected
+ Received

- true
+ false

 ❯ src/renderer/domains/workflows/tests/toolbar-draft-protection.test.tsx:327:99
    325|   setStudioTransport(async (input, init) => String(input).endsWith('/s…
    326|   render(<Toolbar />); fireEvent.click(screen.getByRole('button', { na…
    327|   await waitFor(() => expect(useWorkflowStore.getState().logs.some(log…
       |                                                                                                   ^
    328|   expect(useWorkflowStore.getState().hasUnsavedChanges).toBe(true)
    329| })
 ❯ runWithExpensiveErrorDiagnosticsDisabled ../../node_modules/@testing-library/dom/dist/config.js:47:12
 ❯ checkCallback ../../node_modules/@testing-library/dom/dist/wait-for.js:124:77
 ❯ Timeout.checkRealTimersCallback ../../node_modules/@testing-library/dom/dist/wait-for.js:118:16

⎯⎯⎯⎯⎯⎯⎯⎯⎯⎯⎯⎯⎯⎯⎯⎯⎯⎯⎯⎯⎯⎯⎯[7/10]⎯

 FAIL  src/renderer/domains/workflows/tests/toolbar-draft-protection.test.tsx > does not mark saved for malformed receipt {"success":true}
AssertionError: expected false to be true // Object.is equality

Ignored nodes: comments, script, style
[36m<html>[39m
  [36m<head />[39m
  [36m<body>[39m
    [36m<div>[39m
      [36m<header[39m
        [33mclass[39m=[32m"relative h-12 border-b border-[hsl(var(--border))] bg-[hsl(var(--card))] flex items-center px-3 gap-3 flex-shrink-0 shadow-soft
        before:content-[''] before:absolute before:top-0 before:left-0 before:right-0 before:h-[2px]
        before:bg-gradient-to-r before:from-[hsl(var(--brand-500))] before:via-[hsl(var(--brand-400))] before:to-[hsl(var(--info-500))]
        before:opacity-90"[39m
      [36m>[39m
        [36m<div[39m
          [33mclass[39m=[32m"flex items-center select-none"[39m
        [36m>[39m
          [36m<span[39m
            [33maria-label[39m=[32m"AutoFlow"[39m
            [33mclass[39m=[32m"text-[15px] font-bold tracking-tight text-[hsl(var(--brand-700))]"[39m
          [36m>[39m
            [0mAutoFlow[0m
          [36m</span>[39m
        [36m</div>[39m
        [36m<div[39m
          [33mclass[39m=[32m"hidden @[48rem]:block h-5 w-px bg-[hsl(var(--border))]"[39m
        [36m/>[39m
        [36m<div[39m
          [33mclass[39m=[32m"flex items-center gap-2"[39m
        [36m>[39m
          [36m<span[39m
            [33mclass[39m=[32m"w-2 h-2 rounded-full transition-colors flex-shrink-0 bg-[hsl(var(--slate-300))]"[39m
            [33mtitle[39m=[32m"空闲"[39m
          [36m/>[39m
          [36m<input[39m
            [33mclass[39m=[32m"flex rounded-[7px] px-2.5 py-1 border border-[hsl(var(--slate-200))] bg-[hsl(var(--slate-50))] text-[hsl(var(--foreground))] placeholder:text-[hsl(var(--muted-foreground))] shadow-[inset_0_1px_2px_rgb(15_23_42_/_0.04)] transition-[border-color,box-shadow,background-color] duration-150 ease-[cubic-bezier(0.25,1,0.5,1)] hover:border-[hsl(var(--slate-300))] hover:bg-[hsl(var(--card))] focus-visible:outline-none focus-visible:border-[hsl(var(--brand-500))] focus-visible:bg-[hsl(var(--card))] focus-visible:ring-2 focus-visible:ring-[hsl(var(--brand-500)/0.18)] disabled:cursor-not-allowed disabled:opacity-50 disabled:bg-[hsl(var(--muted))] aria-[invalid=true]:border-[hsl(var(--danger-500))] aria-[invalid=true]:ring-[hsl(var(--danger-500)/0.18)] file:border-0 file:bg-transparent file:text-[12px] file:font-medium file:text-[hsl(var(--foreground))] w-32 @[40rem]:w-44 @[48rem]:w-56 h-7 text-[12.5px]"[39m
            [33mplaceholder[39m=[32m"工作流名称"[39m
            [33mvalue[39m=[32m"未命名工作流"[39m
          [36m/>[39m
        [36m</div>[39m
        [36m<div[39m
          [33mclass[39m=[32m"hidden @[48rem]:block h-5 w-px bg-[hsl(var(--border))]"[39m
        [36m/>[39m
        [36m<div[39m
          [33mclass[39m=[32m"flex items-center gap-1.5"[39m
        [36m>[39m
          [36m<button[39m
            [33maria-expanded[39m=[32m"false"[39m
            [33maria-haspopup[39m=[32m"menu"[39m
            [33mclass[39m=[32m"group relative inline-flex items-center justify-center gap-1.5 whitespace-nowrap font-medium select-none transition-[background-color,border-color,color,box-shadow,transform,filter] duration-150 ease-[cubic-bezier(0.25,1,0.5,1)] focus-visible:outline-none focus-visible:ring-2 focus-visible:ring-[hsl(var(--ring))] focus-visible:ring-offset-1 focus-visible:ring-offset-[hsl(var(--background))] disabled:pointer-events-none disabled:opacity-50 active:translate-y-[1px] active:scale-[0.99] !bg-[hsl(var(--success-600))] !text-white !border-transparent shadow-soft hover:!bg-[hsl(var(--success-700))] hover:shadow-success-glow hover:-translate-y-[1px] active:brightness-95 h-7 px-2.5 text-[12px] rounded-[6px]"[39m
            [33mdata-state[39m=[32m"closed"[39m
            [33mid[39m=[32m"radix-_r_aa_"[39m
            [33mtype[39m=[32m"button"[39m
          [36m>[39m
            [36m<svg[39m
              [33maria-hidden[39m=[32m"true"[39m
              [33mclass[39m=[32m"lucide lucide-play w-3.5 h-3.5"[39m
              [33mfill[39m=[32m"none"[39m
              [33mheight[39m=[32m"24"[39m
              [33mstroke[39m=[32m"currentColor"[39m
              [33mstroke-linecap[39m=[32m"round"[39m
              [33mstroke-linejoin[39m=[32m"round"[39m
              [33mstroke-width[39m=[32m"2"[39m
              [33mviewBox[39m=[32m"0 0 24 24"[39m
              [33mwidth[39m=[32m"24"[39m
              [33mxmlns[39m=[32m"http://www.w3.org/2000/svg"[39m
            [36m>[39m
              [36m<path[39m
                [33md[39m=[32m"M5 5a2 2 0 0 1 3.008-1.728l11.997 6.998a2 2 0 0 1 .003 3.458l-12 7A2 2 0 0 1 5 19z"[39m
              [36m/>[39m
            [36m</svg>[39m
            [36m<span[39m
              [33mclass[39m=[32m"hidden sm:inline"[39m
            [36m>[39m
              [0m运行[0m
            [36m</span>[39m
            [36m<span[39m
              [33mclass[39m=[32m"hidden @[64rem]:inline text-[10px] opacity-70 font-normal"[39m
            [36m>[39m
              [0mF5[0m
            [36m</span>[39m
            [36m<svg[39m
              [33maria-hidden[39m=[32m"true"[39m
              [33mclass[39m=[32m"lucide lucide-chevron-down w-3 h-3"[39m
              [33mfill[39m=[32m"none"[39m
              [33mheight[39m=[32m"24"[39m
              [33mstroke[39m=[32m"currentColor"[39m
              [33mstroke-linecap[39m=[32m"round"[39m
              [33mstroke-linejoin[39m=[32m"round"[39m
              [33mstroke-width[39m=[32m"2"[39m
              [33mviewBox[39m=[32m"0 0 24 24"[39m
              [33mwidth[39m=[32m"24"[39m
              [33mxmlns[39m=[32m"http://www.w3.org/2000/svg"[39m
            [36m>[39m
              [36m<path[39m
                [33md[39m=[32m"m6 9 6 6 6-6"[39m
              [36m/>[39m
            [36m</svg>[39m
          [36m</button>[39m
        [36m</div>[39m
        [36m<div[39m
          [33mclass[39m=[32m"hidden @[48rem]:block h-5 w-px bg-[hsl(var(--border))]"[39m
        [36m/>[39m
        [36m<div[39m
          [33mclass[39m=[32m"hidden @[64rem]:flex items-center gap-1"[39m
        [36m>[39m
          [36m<button[39m
            [33mclass[39m=[32m"group relative inline-flex items-center justify-center gap-1.5 whitespace-nowrap font-medium select-none transition-[background-color,border-color,color,box-shadow,transform,filter] duration-150 ease-[cubic-bezier(0.25,1,0.5,1)] focus-visible:outline-none focus-visible:ring-2 focus-visible:ring-[hsl(var(--ring))] focus-visible:ring-offset-1 focus-visible:ring-offset-[hsl(var(--background))] disabled:pointer-events-none disabled:opacity-50 active:translate-y-[1px] active:scale-[0.99] bg-[hsl(var(--brand-50))] text-[hsl(var(--brand-700))] border border-[hsl(var(--brand-500)/0.25)] hover:bg-[hsl(var(--brand-100))] hover:border-[hsl(var(--brand-500)/0.45)] h-7 px-2.5 text-[12px] rounded-[6px]"[39m
            [33mtitle[39m=[32m"新建工作流 (Alt+N)"[39m
          ...

- Expected
+ Received

- true
+ false

 ❯ src/renderer/domains/workflows/tests/toolbar-draft-protection.test.tsx:327:99
    325|   setStudioTransport(async (input, init) => String(input).endsWith('/s…
    326|   render(<Toolbar />); fireEvent.click(screen.getByRole('button', { na…
    327|   await waitFor(() => expect(useWorkflowStore.getState().logs.some(log…
       |                                                                                                   ^
    328|   expect(useWorkflowStore.getState().hasUnsavedChanges).toBe(true)
    329| })
 ❯ runWithExpensiveErrorDiagnosticsDisabled ../../node_modules/@testing-library/dom/dist/config.js:47:12
 ❯ checkCallback ../../node_modules/@testing-library/dom/dist/wait-for.js:124:77
 ❯ Timeout.checkRealTimersCallback ../../node_modules/@testing-library/dom/dist/wait-for.js:118:16

⎯⎯⎯⎯⎯⎯⎯⎯⎯⎯⎯⎯⎯⎯⎯⎯⎯⎯⎯⎯⎯⎯⎯[8/10]⎯

 FAIL  src/renderer/domains/workflows/tests/toolbar-draft-protection.test.tsx > does not mark saved for malformed receipt {"success":true,"filename":"draft.json","error":"未完成"}
AssertionError: expected false to be true // Object.is equality

Ignored nodes: comments, script, style
[36m<html>[39m
  [36m<head />[39m
  [36m<body>[39m
    [36m<div>[39m
      [36m<header[39m
        [33mclass[39m=[32m"relative h-12 border-b border-[hsl(var(--border))] bg-[hsl(var(--card))] flex items-center px-3 gap-3 flex-shrink-0 shadow-soft
        before:content-[''] before:absolute before:top-0 before:left-0 before:right-0 before:h-[2px]
        before:bg-gradient-to-r before:from-[hsl(var(--brand-500))] before:via-[hsl(var(--brand-400))] before:to-[hsl(var(--info-500))]
        before:opacity-90"[39m
      [36m>[39m
        [36m<div[39m
          [33mclass[39m=[32m"flex items-center select-none"[39m
        [36m>[39m
          [36m<span[39m
            [33maria-label[39m=[32m"AutoFlow"[39m
            [33mclass[39m=[32m"text-[15px] font-bold tracking-tight text-[hsl(var(--brand-700))]"[39m
          [36m>[39m
            [0mAutoFlow[0m
          [36m</span>[39m
        [36m</div>[39m
        [36m<div[39m
          [33mclass[39m=[32m"hidden @[48rem]:block h-5 w-px bg-[hsl(var(--border))]"[39m
        [36m/>[39m
        [36m<div[39m
          [33mclass[39m=[32m"flex items-center gap-2"[39m
        [36m>[39m
          [36m<span[39m
            [33mclass[39m=[32m"w-2 h-2 rounded-full transition-colors flex-shrink-0 bg-[hsl(var(--slate-300))]"[39m
            [33mtitle[39m=[32m"空闲"[39m
          [36m/>[39m
          [36m<input[39m
            [33mclass[39m=[32m"flex rounded-[7px] px-2.5 py-1 border border-[hsl(var(--slate-200))] bg-[hsl(var(--slate-50))] text-[hsl(var(--foreground))] placeholder:text-[hsl(var(--muted-foreground))] shadow-[inset_0_1px_2px_rgb(15_23_42_/_0.04)] transition-[border-color,box-shadow,background-color] duration-150 ease-[cubic-bezier(0.25,1,0.5,1)] hover:border-[hsl(var(--slate-300))] hover:bg-[hsl(var(--card))] focus-visible:outline-none focus-visible:border-[hsl(var(--brand-500))] focus-visible:bg-[hsl(var(--card))] focus-visible:ring-2 focus-visible:ring-[hsl(var(--brand-500)/0.18)] disabled:cursor-not-allowed disabled:opacity-50 disabled:bg-[hsl(var(--muted))] aria-[invalid=true]:border-[hsl(var(--danger-500))] aria-[invalid=true]:ring-[hsl(var(--danger-500)/0.18)] file:border-0 file:bg-transparent file:text-[12px] file:font-medium file:text-[hsl(var(--foreground))] w-32 @[40rem]:w-44 @[48rem]:w-56 h-7 text-[12.5px]"[39m
            [33mplaceholder[39m=[32m"工作流名称"[39m
            [33mvalue[39m=[32m"未命名工作流"[39m
          [36m/>[39m
        [36m</div>[39m
        [36m<div[39m
          [33mclass[39m=[32m"hidden @[48rem]:block h-5 w-px bg-[hsl(var(--border))]"[39m
        [36m/>[39m
        [36m<div[39m
          [33mclass[39m=[32m"flex items-center gap-1.5"[39m
        [36m>[39m
          [36m<button[39m
            [33maria-expanded[39m=[32m"false"[39m
            [33maria-haspopup[39m=[32m"menu"[39m
            [33mclass[39m=[32m"group relative inline-flex items-center justify-center gap-1.5 whitespace-nowrap font-medium select-none transition-[background-color,border-color,color,box-shadow,transform,filter] duration-150 ease-[cubic-bezier(0.25,1,0.5,1)] focus-visible:outline-none focus-visible:ring-2 focus-visible:ring-[hsl(var(--ring))] focus-visible:ring-offset-1 focus-visible:ring-offset-[hsl(var(--background))] disabled:pointer-events-none disabled:opacity-50 active:translate-y-[1px] active:scale-[0.99] !bg-[hsl(var(--success-600))] !text-white !border-transparent shadow-soft hover:!bg-[hsl(var(--success-700))] hover:shadow-success-glow hover:-translate-y-[1px] active:brightness-95 h-7 px-2.5 text-[12px] rounded-[6px]"[39m
            [33mdata-state[39m=[32m"closed"[39m
            [33mid[39m=[32m"radix-_r_ak_"[39m
            [33mtype[39m=[32m"button"[39m
          [36m>[39m
            [36m<svg[39m
              [33maria-hidden[39m=[32m"true"[39m
              [33mclass[39m=[32m"lucide lucide-play w-3.5 h-3.5"[39m
              [33mfill[39m=[32m"none"[39m
              [33mheight[39m=[32m"24"[39m
              [33mstroke[39m=[32m"currentColor"[39m
              [33mstroke-linecap[39m=[32m"round"[39m
              [33mstroke-linejoin[39m=[32m"round"[39m
              [33mstroke-width[39m=[32m"2"[39m
              [33mviewBox[39m=[32m"0 0 24 24"[39m
              [33mwidth[39m=[32m"24"[39m
              [33mxmlns[39m=[32m"http://www.w3.org/2000/svg"[39m
            [36m>[39m
              [36m<path[39m
                [33md[39m=[32m"M5 5a2 2 0 0 1 3.008-1.728l11.997 6.998a2 2 0 0 1 .003 3.458l-12 7A2 2 0 0 1 5 19z"[39m
              [36m/>[39m
            [36m</svg>[39m
            [36m<span[39m
              [33mclass[39m=[32m"hidden sm:inline"[39m
            [36m>[39m
              [0m运行[0m
            [36m</span>[39m
            [36m<span[39m
              [33mclass[39m=[32m"hidden @[64rem]:inline text-[10px] opacity-70 font-normal"[39m
            [36m>[39m
              [0mF5[0m
            [36m</span>[39m
            [36m<svg[39m
              [33maria-hidden[39m=[32m"true"[39m
              [33mclass[39m=[32m"lucide lucide-chevron-down w-3 h-3"[39m
              [33mfill[39m=[32m"none"[39m
              [33mheight[39m=[32m"24"[39m
              [33mstroke[39m=[32m"currentColor"[39m
              [33mstroke-linecap[39m=[32m"round"[39m
              [33mstroke-linejoin[39m=[32m"round"[39m
              [33mstroke-width[39m=[32m"2"[39m
              [33mviewBox[39m=[32m"0 0 24 24"[39m
              [33mwidth[39m=[32m"24"[39m
              [33mxmlns[39m=[32m"http://www.w3.org/2000/svg"[39m
            [36m>[39m
              [36m<path[39m
                [33md[39m=[32m"m6 9 6 6 6-6"[39m
              [36m/>[39m
            [36m</svg>[39m
          [36m</button>[39m
        [36m</div>[39m
        [36m<div[39m
          [33mclass[39m=[32m"hidden @[48rem]:block h-5 w-px bg-[hsl(var(--border))]"[39m
        [36m/>[39m
        [36m<div[39m
          [33mclass[39m=[32m"hidden @[64rem]:flex items-center gap-1"[39m
        [36m>[39m
          [36m<button[39m
            [33mclass[39m=[32m"group relative inline-flex items-center justify-center gap-1.5 whitespace-nowrap font-medium select-none transition-[background-color,border-color,color,box-shadow,transform,filter] duration-150 ease-[cubic-bezier(0.25,1,0.5,1)] focus-visible:outline-none focus-visible:ring-2 focus-visible:ring-[hsl(var(--ring))] focus-visible:ring-offset-1 focus-visible:ring-offset-[hsl(var(--background))] disabled:pointer-events-none disabled:opacity-50 active:translate-y-[1px] active:scale-[0.99] bg-[hsl(var(--brand-50))] text-[hsl(var(--brand-700))] border border-[hsl(var(--brand-500)/0.25)] hover:bg-[hsl(var(--brand-100))] hover:border-[hsl(var(--brand-500)/0.45)] h-7 px-2.5 text-[12px] rounded-[6px]"[39m
            [33mtitle[39m=[32m"新建工作流 (Alt+N)"[39m
          ...

- Expected
+ Received

- true
+ false

 ❯ src/renderer/domains/workflows/tests/toolbar-draft-protection.test.tsx:327:99
    325|   setStudioTransport(async (input, init) => String(input).endsWith('/s…
    326|   render(<Toolbar />); fireEvent.click(screen.getByRole('button', { na…
    327|   await waitFor(() => expect(useWorkflowStore.getState().logs.some(log…
       |                                                                                                   ^
    328|   expect(useWorkflowStore.getState().hasUnsavedChanges).toBe(true)
    329| })
 ❯ runWithExpensiveErrorDiagnosticsDisabled ../../node_modules/@testing-library/dom/dist/config.js:47:12
 ❯ checkCallback ../../node_modules/@testing-library/dom/dist/wait-for.js:124:77
 ❯ Timeout.checkRealTimersCallback ../../node_modules/@testing-library/dom/dist/wait-for.js:118:16

⎯⎯⎯⎯⎯⎯⎯⎯⎯⎯⎯⎯⎯⎯⎯⎯⎯⎯⎯⎯⎯⎯⎯[9/10]⎯


 Test Files  2 failed (2)
      Tests  10 failed | 35 passed (45)
   Start at  15:05:46
   Duration  7.91s (transform 801ms, setup 161ms, import 1.47s, tests 5.29s, environment 773ms)

npm error Lifecycle script `test` failed with error:
npm error code 1
npm error path /Users/zhangtiancheng/Documents/projects/autoflow/apps/desktop
npm error workspace @autoflow/desktop@0.1.0
npm error location /Users/zhangtiancheng/Documents/projects/autoflow/apps/desktop
npm error command failed
npm error command sh -c vitest run --maxWorkers=1 src/renderer/domains/workflows/tests/toolbar-draft-protection.test.tsx src/renderer/domains/workflows/tests/local-workflow-protection.test.tsx
