
> @autoflow/desktop@0.1.0 test
> vitest run --maxWorkers=1 src/renderer/domains/workflows/tests/execution-event-ownership.test.ts src/renderer/domains/workflows/tests/log-event-timestamps.test.ts


 RUN  v4.1.11 /Users/zhangtiancheng/Documents/projects/autoflow/apps/desktop

(node:38144) ExperimentalWarning: localStorage is not available because --localstorage-file was not provided.
(Use `node --trace-warnings ...` to show where the warning was created)
stdout | src/renderer/domains/workflows/tests/log-event-timestamps.test.ts > does not flush an old connection buffer into a cleared document over memory
[Socket] 连接到后端: http://autoflow-studio.mock

stdout | src/renderer/domains/workflows/tests/log-event-timestamps.test.ts > does not flush an old connection buffer into a cleared document over memory
Socket connected
[Socket] Socket连接成功，发送 set_current_workflow 事件

stdout | src/renderer/domains/workflows/tests/log-event-timestamps.test.ts > does not flush an old connection buffer into a cleared document over http
[Socket] 连接到后端: http://127.0.0.1:61874

stdout | src/renderer/domains/workflows/tests/log-event-timestamps.test.ts > does not flush an old connection buffer into a cleared document over http
Socket connected
[Socket] Socket连接成功，发送 set_current_workflow 事件

 ❯ src/renderer/domains/workflows/tests/log-event-timestamps.test.ts (4 tests | 2 failed) 997ms
   × does not flush an old connection buffer into a cleared document over memory 231ms
   × does not flush an old connection buffer into a cleared document over http 232ms
(node:38156) ExperimentalWarning: localStorage is not available because --localstorage-file was not provided.
(Use `node --trace-warnings ...` to show where the warning was created)
stdout | src/renderer/domains/workflows/tests/execution-event-ownership.test.ts > foreign terminal and data events do not end the active workflow over memory
[Socket] 连接到后端: http://autoflow-studio.mock

stdout | src/renderer/domains/workflows/tests/execution-event-ownership.test.ts > foreign terminal and data events do not end the active workflow over memory
Socket connected
[Socket] Socket连接成功，发送 set_current_workflow 事件

stdout | src/renderer/domains/workflows/tests/execution-event-ownership.test.ts > foreign terminal and data events do not end the active workflow over memory
Execution started: active

stdout | src/renderer/domains/workflows/tests/execution-event-ownership.test.ts > foreign terminal and data events do not end the active workflow over memory
Execution started: active

stdout | src/renderer/domains/workflows/tests/execution-event-ownership.test.ts > foreign terminal and data events do not end the active workflow over memory
Execution started: foreign

stdout | src/renderer/domains/workflows/tests/execution-event-ownership.test.ts > foreign terminal and data events do not end the active workflow over memory
[Socket] 收到 execution:completed 事件 - 后端执行完成！ {
  workflowId: 'foreign',
  result: { status: 'failed', executedNodes: 1, failedNodes: 1 },
  collectedData: [ { unexpected: 'terminal' } ]
}
[Socket] 立即设置执行状态为: failed
[Socket] completed 数据( 1 )不多于已流式接收( 2 )，保留现有不覆盖
[Socket] 前端状态已全部更新完成！

stdout | src/renderer/domains/workflows/tests/execution-event-ownership.test.ts > foreign terminal and data events do not end the active workflow over http
[Socket] 连接到后端: http://127.0.0.1:61886

stdout | src/renderer/domains/workflows/tests/execution-event-ownership.test.ts > foreign terminal and data events do not end the active workflow over http
Socket connected
[Socket] Socket连接成功，发送 set_current_workflow 事件

stdout | src/renderer/domains/workflows/tests/execution-event-ownership.test.ts > foreign terminal and data events do not end the active workflow over http
Execution started: active

stdout | src/renderer/domains/workflows/tests/execution-event-ownership.test.ts > foreign terminal and data events do not end the active workflow over http
Execution started: active

stdout | src/renderer/domains/workflows/tests/execution-event-ownership.test.ts > foreign terminal and data events do not end the active workflow over http
Execution started: foreign

stdout | src/renderer/domains/workflows/tests/execution-event-ownership.test.ts > foreign terminal and data events do not end the active workflow over http
[Socket] 收到 execution:completed 事件 - 后端执行完成！ {
  workflowId: 'foreign',
  result: { status: 'failed', executedNodes: 1, failedNodes: 1 },
  collectedData: [ { unexpected: 'terminal' } ]
}
[Socket] 立即设置执行状态为: failed
[Socket] completed 数据( 1 )不多于已流式接收( 2 )，保留现有不覆盖
[Socket] 前端状态已全部更新完成！

 ❯ src/renderer/domains/workflows/tests/execution-event-ownership.test.ts (2 tests | 2 failed) 444ms
   × foreign terminal and data events do not end the active workflow over memory 222ms
   × foreign terminal and data events do not end the active workflow over http 222ms

⎯⎯⎯⎯⎯⎯⎯ Failed Tests 4 ⎯⎯⎯⎯⎯⎯⎯

 FAIL  src/renderer/domains/workflows/tests/execution-event-ownership.test.ts > foreign terminal and data events do not end the active workflow over memory
 FAIL  src/renderer/domains/workflows/tests/execution-event-ownership.test.ts > foreign terminal and data events do not end the active workflow over http
AssertionError: expected 'stopped' to be 'running' // Object.is equality

Expected: "running"
Received: "stopped"

 ❯ src/renderer/domains/workflows/tests/execution-event-ownership.test.ts:37:44
     35|   socketService.on('ownership-marker',marker);mock.emitMockEvent('owne…
     36|   await vi.waitFor(()=>expect(marker).toHaveBeenCalledTimes(1))
     37|   expect(store.getState().executionStatus).toBe('running')
       |                                            ^
     38|   expect(store.getState().currentExecutionWorkflowId).toBe('active')
     39|   expect(useDebugStore.getState().isPaused).toBe(true)

⎯⎯⎯⎯⎯⎯⎯⎯⎯⎯⎯⎯⎯⎯⎯⎯⎯⎯⎯⎯⎯⎯⎯⎯[1/4]⎯

 FAIL  src/renderer/domains/workflows/tests/log-event-timestamps.test.ts > does not flush an old connection buffer into a cleared document over memory
AssertionError: expected [ { …(6) } ] to deeply equal []

- Expected
+ Received

- []
+ [
+   {
+     "duration": undefined,
+     "id": "sAKhkYhJED5pzszU_HJvW",
+     "level": "warning",
+     "message": "旧连接缓冲日志",
+     "nodeId": undefined,
+     "timestamp": "2020-01-02T03:04:05Z",
+   },
+ ]

 ❯ src/renderer/domains/workflows/tests/log-event-timestamps.test.ts:36:44
     34|   emitMockEvent('buffer-switch',{})
     35|   await vi.waitFor(()=>expect(marker).toHaveBeenCalledOnce());await ne…
     36|   expect(useWorkflowStore.getState().logs).toEqual([])
       |                                            ^
     37|  }finally{socketService.off('buffer-switch',marker);socketService.disc…
     38| })

⎯⎯⎯⎯⎯⎯⎯⎯⎯⎯⎯⎯⎯⎯⎯⎯⎯⎯⎯⎯⎯⎯⎯⎯[2/4]⎯

 FAIL  src/renderer/domains/workflows/tests/log-event-timestamps.test.ts > does not flush an old connection buffer into a cleared document over http
AssertionError: expected [ { …(6) } ] to deeply equal []

- Expected
+ Received

- []
+ [
+   {
+     "duration": undefined,
+     "id": "kiWit_kOFgmdlrnNp40Ax",
+     "level": "warning",
+     "message": "旧连接缓冲日志",
+     "nodeId": undefined,
+     "timestamp": "2020-01-02T03:04:05Z",
+   },
+ ]

 ❯ src/renderer/domains/workflows/tests/log-event-timestamps.test.ts:36:44
     34|   emitMockEvent('buffer-switch',{})
     35|   await vi.waitFor(()=>expect(marker).toHaveBeenCalledOnce());await ne…
     36|   expect(useWorkflowStore.getState().logs).toEqual([])
       |                                            ^
     37|  }finally{socketService.off('buffer-switch',marker);socketService.disc…
     38| })

⎯⎯⎯⎯⎯⎯⎯⎯⎯⎯⎯⎯⎯⎯⎯⎯⎯⎯⎯⎯⎯⎯⎯⎯[3/4]⎯


 Test Files  2 failed (2)
      Tests  4 failed | 2 passed (6)
   Start at  07:55:11
   Duration  4.07s (transform 354ms, setup 186ms, import 498ms, tests 1.44s, environment 1.63s)

npm error Lifecycle script `test` failed with error:
npm error code 1
npm error path /Users/zhangtiancheng/Documents/projects/autoflow/apps/desktop
npm error workspace @autoflow/desktop@0.1.0
npm error location /Users/zhangtiancheng/Documents/projects/autoflow/apps/desktop
npm error command failed
npm error command sh -c vitest run --maxWorkers=1 src/renderer/domains/workflows/tests/execution-event-ownership.test.ts src/renderer/domains/workflows/tests/log-event-timestamps.test.ts
