......F                                                                  [100%]
=================================== FAILURES ===================================
_____ test_worker_non_waiting_nested_call_does_not_deduct_background_pause _____

monkeypatch = <_pytest.monkeypatch.MonkeyPatch object at 0x10bb48850>

    @pytest.mark.asyncio
    async def test_worker_non_waiting_nested_call_does_not_deduct_background_pause(
        monkeypatch,
    ):
        import io

        from autoflow.providers.browser.workflow_worker import (
            _WorkerCommandBus,
            _WorkerNestedWorkflows,
        )

        now = [0.0]
        monkeypatch.setattr(
            "autoflow.application.workflows.runtime.perf_counter", lambda: now[0]
        )
        stopped = Event()
        debug = _WorkerDebugController(stopped, step_mode=False, breakpoints={"background"})

        class BoundSink(Sink):
            def for_context(self, _context):
                return self

        sink = BoundSink()
        registry = ExecutorRegistry()
        context = ExecutionContext(debug=debug, events=sink)
        bus = _WorkerCommandBus(
            asyncio.get_running_loop(),
            stopped,
            io.StringIO(),
            {"runId": "duration", "workflowId": "duration"},
        )
        nested = _WorkerNestedWorkflows(
            {
                "child": {
                    "id": "child",
                    "name": "child",
                    "nodes": [node("background", "set_variable")],
                    "edges": [],
                }
            },
            registry=registry,
            parent=context,
            sink=sink,
            command_bus=bus,
        )

        class Background(ModuleExecutor):
            module_type = "set_variable"

            async def execute(self, _config, _context):
                return ModuleResult(success=True)

        class Parent(ModuleExecutor):
            module_type = "run_workflow_file"

            async def execute(self, _config, _context):
                assert (
                    await nested.run_workflow("child", variables={}, wait_complete=False)
                ).success
                pause = await sink.pause()
                now[0] += 8  # Parent continues its own work while background is paused.
                assert debug.apply(
                    {
                        "type": "debug_resume",
                        "pauseId": pause["pauseId"],
                        "controlRevision": pause["controlRevision"],
                    }
                )
                await asyncio.sleep(0)
                now[0] += 2
                return ModuleResult(success=True)

        registry.register(Background)
        registry.register(Parent)
        try:
            assert (
                await WorkflowRuntime(registry).execute(
                    {"nodes": [node("parent", "run_workflow_file")], "edges": []}, context
                )
            ).success
            await nested.drain()
            completed = next(
                e
                for e in sink.events
                if e["type"] == "execution:node_complete" and e["nodeId"] == "parent"
            )
            assert completed["duration"] == pytest.approx(10000)
        finally:
            stopped.set()
            debug.close()
>           await bus.close()
E           TypeError: object NoneType can't be used in 'await' expression

tests/unit/workflows/test_runtime_duration.py:282: TypeError
=========================== short test summary info ============================
FAILED tests/unit/workflows/test_runtime_duration.py::test_worker_non_waiting_nested_call_does_not_deduct_background_pause
1 failed, 6 passed in 0.79s
