============================= test session starts ==============================
platform darwin -- Python 3.11.13, pytest-9.1.1, pluggy-1.6.0
rootdir: /Users/zhangtiancheng/Documents/projects/autoflow-merge-project-grid/apps/backend
configfile: pyproject.toml
plugins: asyncio-1.4.0, anyio-4.15.1
asyncio: mode=Mode.STRICT, debug=False, asyncio_default_fixture_loop_scope=None, asyncio_default_test_loop_scope=function
collected 967 items

tests/contract/test_kernel_events.py .....                               [  0%]
tests/contract/test_kernels.py ........                                  [  1%]
tests/contract/test_merged_management.py .                               [  1%]
tests/contract/test_models_api.py ...                                    [  1%]
tests/contract/test_pm2_excel_exports.py .                               [  1%]
tests/contract/test_pm2_excel_imports.py ..........                      [  2%]
tests/contract/test_pm2_excel_inspection.py .                            [  2%]
tests/contract/test_pm2_excel_inspection_recovery.py ..                  [  3%]
tests/contract/test_pm2_hidden_tables.py .                               [  3%]
tests/contract/test_pm2_status_batch_integration.py ..                   [  3%]
tests/contract/test_profile_environment.py .........                     [  4%]
tests/contract/test_profiles.py ..........                               [  5%]
tests/contract/test_project_data.py ....                                 [  5%]
tests/contract/test_project_data_catalog.py ....                         [  6%]
tests/contract/test_project_data_deletions.py .....                      [  6%]
tests/contract/test_project_data_field_changes.py ..                     [  7%]
tests/contract/test_project_data_queries.py ..                           [  7%]
tests/contract/test_project_data_record_batches.py ..                    [  7%]
tests/contract/test_project_data_records.py .....                        [  7%]
tests/contract/test_project_data_schema.py ........                      [  8%]
tests/contract/test_project_data_status_usage.py ...                     [  9%]
tests/contract/test_projects.py .....                                    [  9%]
tests/contract/test_proxy_api.py ..                                      [  9%]
tests/contract/test_proxy_remote_controls.py .............               [ 11%]
tests/contract/test_proxy_runtime.py ........                            [ 11%]
tests/contract/test_schema_export.py ...                                 [ 12%]
tests/contract/test_settings_dashboard.py .......                        [ 13%]
tests/contract/test_studio_browser_status.py ........                    [ 13%]
tests/contract/test_studio_command_envelopes.py ...................      [ 15%]
tests/contract/test_studio_image_schemas.py .....................        [ 17%]
tests/contract/test_studio_input_schemas.py ............................ [ 20%]
..                                                                       [ 21%]
tests/contract/test_studio_js_script.py ........                         [ 21%]
tests/contract/test_studio_selector_schemas.py ..................        [ 23%]
tests/contract/test_studio_similar_schemas.py ............               [ 25%]
tests/contract/test_studio_speech.py ...........                         [ 26%]
tests/contract/test_studio_variable_tracking.py .......                  [ 26%]
tests/integration/test_browser_database.py ..                            [ 27%]
tests/integration/test_database_foreign_keys.py .                        [ 27%]
tests/integration/test_kernel_settings.py .                              [ 27%]
tests/integration/test_kernel_worker.py ...............................  [ 30%]
tests/integration/test_kernel_worker_entrypoint.py ....                  [ 30%]
tests/integration/test_merged_model_migrations.py ........               [ 31%]
tests/integration/test_model_repository.py ...                           [ 32%]
tests/integration/test_pm2_durable_migrations.py ...                     [ 32%]
tests/integration/test_profile_data.py ............                      [ 33%]
tests/integration/test_profile_kernel_lookup.py .                        [ 33%]
tests/integration/test_profile_recovery.py ...                           [ 34%]
tests/integration/test_project_data_catalog.py .............             [ 35%]
tests/integration/test_project_data_deletions.py ............            [ 36%]
tests/integration/test_project_data_field_changes.py ..............      [ 38%]
tests/integration/test_project_data_impacts.py ..................        [ 39%]
tests/integration/test_project_data_migrations.py .............          [ 41%]
tests/integration/test_project_data_queries.py ......                    [ 41%]
tests/integration/test_project_data_record_batches.py ...........        [ 43%]
tests/integration/test_project_data_records.py ................          [ 44%]
tests/integration/test_project_data_repository.py ...................... [ 46%]
.........                                                                [ 47%]
tests/integration/test_project_data_schema_commit.py ................... [ 49%]
......                                                                   [ 50%]
tests/integration/test_project_data_schema_migration.py .....            [ 50%]
tests/integration/test_project_data_schema_preview.py ...........        [ 52%]
tests/integration/test_project_data_status_batches.py .............      [ 53%]
tests/integration/test_project_data_status_migration.py ....             [ 53%]
tests/integration/test_project_excel_exports.py ...                      [ 54%]
tests/integration/test_project_excel_services.py ..                      [ 54%]
tests/integration/test_project_migration.py ..                           [ 54%]
tests/integration/test_project_repository.py ...........                 [ 55%]
tests/integration/test_proxy_concurrency_review.py ..........            [ 56%]
tests/integration/test_proxy_management.py .....                         [ 57%]
tests/integration/test_proxypanel_live_contract.py ...                   [ 57%]
tests/integration/test_sidecar_shutdown.py ....                          [ 58%]
tests/unit/test_browser_processes.py ........                            [ 58%]
tests/unit/test_browser_proxy_relay.py ....                              [ 59%]
tests/unit/test_config.py .                                              [ 59%]
tests/unit/test_cors.py ..                                               [ 59%]
tests/unit/test_credential_store.py .....                                [ 60%]
tests/unit/test_health.py .                                              [ 60%]
tests/unit/test_http_errors.py .....                                     [ 60%]
tests/unit/test_kernel_operations.py .............                       [ 62%]
tests/unit/test_kernel_provider.py ................................      [ 65%]
tests/unit/test_kernel_service.py ...........                            [ 66%]
tests/unit/test_main.py .....                                            [ 67%]
tests/unit/test_model_domain.py .                                        [ 67%]
tests/unit/test_model_provider.py ..............................         [ 70%]
tests/unit/test_model_schemas.py ...................                     [ 72%]
tests/unit/test_model_service.py ...........                             [ 73%]
tests/unit/test_parent.py .                                              [ 73%]
tests/unit/test_paths.py ...                                             [ 73%]
tests/unit/test_profile_test_browser.py ..........                       [ 74%]
tests/unit/test_profile_validation.py .............................      [ 77%]
tests/unit/test_profiles.py .....                                        [ 78%]
tests/unit/test_project_data_query.py ................                   [ 79%]
tests/unit/test_project_data_rules.py .................................. [ 83%]
.............................                                            [ 86%]
tests/unit/test_project_data_schema.py ................................. [ 89%]
.......                                                                  [ 90%]
tests/unit/test_project_excel_adapter.py ..............................  [ 93%]
tests/unit/test_project_excel_publication.py ....                        [ 94%]
tests/unit/test_project_service.py .....                                 [ 94%]
tests/unit/test_proxy_credentials_atomicity.py .                         [ 94%]
tests/unit/test_proxy_domain.py .                                        [ 94%]
tests/unit/test_proxy_probe.py ...................                       [ 96%]
tests/unit/test_proxypanel_mapping.py .........                          [ 97%]
tests/unit/test_proxypanel_remote.py ...........                         [ 98%]
tests/unit/test_proxypanel_transport.py ........                         [ 99%]
tests/unit/test_ready.py .                                               [ 99%]
tests/unit/test_token.py ..                                              [100%]

=============================== warnings summary ===============================
.venv/lib/python3.11/site-packages/fastapi/testclient.py:1
  /Users/zhangtiancheng/Documents/projects/autoflow-merge-project-grid/apps/backend/.venv/lib/python3.11/site-packages/fastapi/testclient.py:1: StarletteDeprecationWarning: Using `httpx` with `starlette.testclient` is deprecated; install `httpx2` instead.
    from starlette.testclient import TestClient as TestClient  # noqa

.venv/lib/python3.11/site-packages/starlette/testclient.py:53
  /Users/zhangtiancheng/Documents/projects/autoflow-merge-project-grid/apps/backend/.venv/lib/python3.11/site-packages/starlette/testclient.py:53: DeprecationWarning: The anyio.abc.BlockingPortal alias is deprecated, use anyio.from_thread.BlockingPortal instead.
    _PortalFactoryType = Callable[[], AbstractContextManager[anyio.abc.BlockingPortal]]

-- Docs: https://docs.pytest.org/en/stable/how-to/capture-warnings.html
================= 967 passed, 2 warnings in 123.74s (0:02:03) ==================
