
> test:scripts
> node --test scripts/*.test.mjs

✔ retains the approved scope and resolves an imported alias to its actual component file (1.0765ms)
✔ follows barrel exports to retained database forms instead of guessing by global symbol name (0.1215ms)
✔ follows lazy imports into actual code tools and their editor dependency (0.122042ms)
✔ does not silently discard dynamically selected icon components or mark node cases executed (0.145291ms)
✔ history output guard resolves symlinks before any nested directory is created (19.595291ms)
✔ containment handles Windows separators and sibling prefixes (0.561125ms)
✔ R1 acceptance tools refuse paths outside the marked disposable root (21.365083ms)
✔ R2 wrapper reuses the exported R1 harness (6.080958ms)
✔ record-pages mode records required evidence levels and leaves visual review pending (3.165583ms)
✔ R3 runner exposes automatic and retained manual modes (2.216166ms)
✔ R3 evidence matrix names every required real interaction (0.121958ms)
✔ R3 runner uses the real desktop harness and never auto-approves visual review (7.164458ms)
✔ R3 visual fixtures use UI states and label the synthetic file selection (2.358083ms)
✔ cleanup rejects an unmarked or wrongly marked workspace (13.535333ms)
✔ cleanup removes only a marked temporary workspace and returns the preserved evidence path (5.757458ms)
✔ browser management smoke accepts an explicit packaged sidecar (1.21425ms)
✔ browser management smoke creates the platform kernel layout (0.197708ms)
✔ profile test browser smoke parses kernel and sidecar paths (1.433042ms)
✔ profile test browser smoke validates a public kernel directory (19.615667ms)
✔ profile test browser smoke finds a session below the manager root (37.93525ms)
✔ project smoke rejects invalid arguments before launching: --output-dir --dev (80.615125ms)
✔ project smoke rejects invalid arguments before launching: --output-dir (89.945083ms)
✔ project smoke rejects invalid arguments before launching: --unknown (72.31125ms)
✔ project smoke rejects invalid arguments before launching: --output-dir /tmp/a --output-dir /tmp/b (61.642125ms)
✔ packaged smoke cannot silently select external health mode (1.80925ms)
✔ cleanup rejects after the final deadline if the child never exits (11.2815ms)
✔ cleanup observes close without requiring exit (0.659875ms)
✔ cleanup rejects a child process error (0.583083ms)
✔ required path exists: apps/desktop/package.json (0.546792ms)
✔ required path exists: apps/backend/pyproject.toml (0.091125ms)
✔ root scripts expose the foundation checks (0.20575ms)
(node:60785) [MODULE_TYPELESS_PACKAGE_JSON] Warning: Module type of file:///Users/zhangtiancheng/Documents/projects/autoflow-merge-project-grid/apps/desktop/src/renderer/domains/workflows/lib/moduleCatalog.ts is not specified and it doesn't parse as CommonJS.
Reparsing as ES module because module syntax was detected. This incurs a performance overhead.
To eliminate this warning, add "type": "module" to /Users/zhangtiancheng/Documents/projects/autoflow-merge-project-grid/apps/desktop/package.json.
(Use `node --trace-warnings ...` to show where the warning was created)
✔ Studio Chinese documentation audit covers exactly the retained catalog (34.754792ms)
✔ resource upload keeps multipart body and generated response type in the handoff inventory (0.704625ms)
✔ transport forwarding is marked dynamic instead of inventing a GET contract (0.111209ms)
✔ the matrix includes every discovered service and event without treating declarations as passed tests (2.132084ms)
✔ inventory and matrix regenerate deterministically (1048.117209ms)
✔ checks sources without inventing application or visual acceptance (50.053292ms)
✔ rejects source hash drift, dimensions and unknown mapped sources (13.77075ms)
✔ does not allow a passed page without real evidence or missing required states (13.382875ms)
✔ rejects duplicate source and page identities and evidence traversal (13.364583ms)
✔ requires actual evidence files instead of an existing directory or blank path (11.89375ms)
✔ PM2 static coverage does not certify pending business or real application acceptance (11.815458ms)
✔ PM2 rejects lost requirement identifiers and invented evidence paths (2.311125ms)
✔ a green machine report cannot substitute for real application evidence (0.551542ms)
ℹ tests 44
ℹ suites 0
ℹ pass 44
ℹ fail 0
ℹ cancelled 0
ℹ skipped 0
ℹ todo 0
ℹ duration_ms 2367.421334
