F                                                                        [100%]
=================================== FAILURES ===================================
____________ test_partial_batch_conflict_remains_readable_over_http ____________

tmp_path = PosixPath('/private/var/folders/8g/sq3srr71063c083rpkd32k380000gn/T/pytest-of-zhangtiancheng/pytest-731/test_partial_batch_conflict_re0')

    def test_partial_batch_conflict_remains_readable_over_http(tmp_path):
        """A post-preview competing writer must not turn the durable result into HTTP 500."""
        with TestClient(
            _app(tmp_path),
            headers={"x-autoflow-token": "renderer"},
            raise_server_exceptions=False,
        ) as client:

            def post(path, body, key=None):
                response = client.post(
                    path, json=body, headers={"Idempotency-Key": key or str(uuid4())}
                )
                assert response.is_success, response.text
                return response.json()

            project = post("/api/v1/projects", {"name": "Partial batch"})["projectId"]
            base = f"/api/v1/projects/{project}"
            table = post(base + "/tables", {"name": "Rows"})
            path = base + "/tables/" + table["tableId"]
            records = [
                post(path + "/records", {"datasetGeneration": table["datasetGeneration"], "values": []})
                for _ in range(3)
            ]
            body = {
                "targets": [{"recordRef": r["ref"], "expectedStatusRevision": r["statusRevision"]} for r in records],
                "statusId": None,
                "blockSize": 2,
            }
            preview = post(path + "/record-status-batches/preview", body)
            assert not any(block["blockers"] for block in preview["blocks"])
            # Explicit clear is a real write and advances the status revision even at null.
            import base64

            record_key = base64.urlsafe_b64encode(records[0]["ref"]["recordKey"]["value"].encode()).decode().rstrip("=")
            competing = client.put(
                path + f"/records/{record_key}/status",
                json={"datasetGeneration": table["datasetGeneration"], "recordKeyType": records[0]["ref"]["recordKey"]["type"], "statusId": None, "expectedStatusRevision": records[0]["statusRevision"]},
                headers={"Idempotency-Key": str(uuid4())},
            )
            assert competing.status_code == 200, competing.text
            key = str(uuid4())
            accepted = post(path + "/record-status-batches", body, key)["operation"]
            result = accepted
            deadline = monotonic() + 3
            while result["status"] not in {"succeeded", "failed"} and monotonic() < deadline:
                response = client.get(base + "/operations/by-idempotency-key/" + key)
>               assert response.status_code == 200, response.text
E               AssertionError: {"error":{"code":"INTERNAL_ERROR","message":"Internal server error","details":{},"requestId":"cbcbaba6-93f0-44f6-a2b0-f3d4f4b6a557"}}
E               assert 500 == 200
E                +  where 500 = <Response [500 Internal Server Error]>.status_code

tests/contract/test_pm2_status_batch_integration.py:106: AssertionError
=============================== warnings summary ===============================
.venv/lib/python3.11/site-packages/fastapi/testclient.py:1
  /Users/zhangtiancheng/Documents/projects/autoflow-project-management-implementation/apps/backend/.venv/lib/python3.11/site-packages/fastapi/testclient.py:1: StarletteDeprecationWarning: Using `httpx` with `starlette.testclient` is deprecated; install `httpx2` instead.
    from starlette.testclient import TestClient as TestClient  # noqa

.venv/lib/python3.11/site-packages/starlette/testclient.py:53
  /Users/zhangtiancheng/Documents/projects/autoflow-project-management-implementation/apps/backend/.venv/lib/python3.11/site-packages/starlette/testclient.py:53: DeprecationWarning: The anyio.abc.BlockingPortal alias is deprecated, use anyio.from_thread.BlockingPortal instead.
    _PortalFactoryType = Callable[[], AbstractContextManager[anyio.abc.BlockingPortal]]

-- Docs: https://docs.pytest.org/en/stable/how-to/capture-warnings.html
=========================== short test summary info ============================
FAILED tests/contract/test_pm2_status_batch_integration.py::test_partial_batch_conflict_remains_readable_over_http
1 failed, 1 deselected, 2 warnings in 0.58s
