UI创建A/B并依次打开，最近B在A之前
E1: 新建表Modal在200%输入并真实提交，底栏完整可达
E1: 数据目录更多编辑真实说明，保存后卡片更新且路由保持
E1/E2: 5 个字段经抽屉应用→整体预检→单次确认保存，GET确认名称/键/类型/必填与原子表修订
E1: UI建立两表、五字段四类型、两业务状态及三条记录；核对实际状态事实，选中/Toast/浮层几何和嵌套Escape截图完成
E1: 三个查询面板分别经取消/Escape/外部点击/切换关闭；草稿不生效且零记录请求
E1+E4: 搜索与字段及状态AND的真实导出仅含屏幕上一条记录，文件选择明确为注入
E1: 非法数字零查询、修正恢复；高级OR/NOT应用及重开保留，禁止有损简单转换
E1: 字段与状态AND、搜索清空保留高级条件、数字排序、无变化应用和显示列零额外查询通过
E1: 状态Select键盘打开、Escape关闭并实际改变/归还焦点
E1+E3: 浏览器后退/前进触发真实离开保护，取消时URL与草稿一致，放弃仅丢本次草稿
读取故障已注入；read 只失败一次，现有自动重试可恢复；readerror 覆盖本轮两次自动重试。
E1: 200%为720×512/DPR2、无横向溢出且Tab实际推进焦点
E1/E2/E4: 加载、读错、typed 404均有独立来源证据
E1: 非数字前端校验零写请求且焦点回字段；离开确认取消后草稿保留
E1: UI新增→详情→编辑→保存→状态设置/clear→返回完整记录流程
E1+E2: 真实竞争409保留草稿，比较取消不覆盖，显式采用新版本后只提交一次
下一次成功写入将丢失响应并阻断一次核验；请保存后使用页面核验原操作。
E1+E3+E4: 原编辑命令提交后响应丢失，完整应用重启后找回原操作，修订未重复增加
测试服务完整重启，等待新实例ready
切换到工具创建的另一工作区
切换到工具创建的另一工作区
E1+E2: 同工作区服务重连保留草稿，丢弃不写入；两个真实工作区隔离
E1: 删除取消保留记录，真实影响确认后只删除目标，其他记录不变
E1/E2: 4 个字段经抽屉应用→整体预检→单次确认保存，GET确认名称/键/类型/必填与原子表修订
E1: 原图四业务字段由UI建立，多行显式切换、键盘日历、必填错误摘要、真实字段名离开确认与居中位置、删除取消均验证
R2记录页E2E证据（视觉审查pending）：/Users/zhangtiancheng/Documents/projects/autoflow-project-management-implementation/docs/project-management/design-alignment/acceptance/gallery-r2/runs/run-TXyq5w
