
> @autoflow/desktop@0.1.0 test
> vitest run src/renderer/domains/project-data/schema-draft.test.ts


 RUN  v4.1.11 /Users/zhangtiancheng/Documents/projects/autoflow-project-management-implementation/apps/desktop

 ❯ src/renderer/domains/project-data/schema-draft.test.ts (12 tests | 10 failed) 15ms
   × keeps complete stable identities and revisions when a display name changes 7ms
   × summarizes each actual property change and removed constraints without changing the candidate 1ms
   × shows a new field definition and its exact default presence: {} 1ms
   × shows a new field definition and its exact default presence: {"existingRecordDefault":null} 1ms
   × shows a new field definition and its exact default presence: {"existingRecordDefault":false} 1ms
   × shows a new field definition and its exact default presence: {"existingRecordDefault":0} 0ms
   × shows a new field definition and its exact default presence: {"existingRecordDefault":""} 0ms
   × shows a new field definition and its exact default presence: {"existingRecordDefault":"null"} 0ms
   × shows a new field definition and its exact default presence: {"existingRecordDefault":{"kind":"date","precision":"datetime","value":"2026-09-14T12:30:45.123","offset":"+08:00"}} 0ms
   × preserves unknown validation facts and distinguishes missing from explicit null 1ms

⎯⎯⎯⎯⎯⎯ Failed Tests 10 ⎯⎯⎯⎯⎯⎯⎯

 FAIL  src/renderer/domains/project-data/schema-draft.test.ts > keeps complete stable identities and revisions when a display name changes
AssertionError: expected [ { id: 'f', name: '文章标题', …(2) } ] to deeply equal [ { id: 'f', name: '文章标题', …(2) } ]

- Expected
+ Received

  [
    {
      "id": "f",
      "key": "title",
      "name": "文章标题",
-     "summary": "显示名称：\"标题\" → \"文章标题\"",
+     "summary": "修改字段定义",
    },
  ]

 ❯ src/renderer/domains/project-data/schema-draft.test.ts:12:44
     10|   expect(original.fields[0].definition.name).toBe('标题')
     11|   expect(changed.fields[0]).toMatchObject({ fieldId: 'f', expectedFiel…
     12|   expect(schemaChanges(original, changed)).toEqual([{ id: 'f', name: '…
       |                                            ^
     13| })
     14|

⎯⎯⎯⎯⎯⎯⎯⎯⎯⎯⎯⎯⎯⎯⎯⎯⎯⎯⎯⎯⎯⎯⎯[1/10]⎯

 FAIL  src/renderer/domains/project-data/schema-draft.test.ts > summarizes each actual property change and removed constraints without changing the candidate
AssertionError: expected [ '修改字段定义' ] to deeply equal [ '类型：日期 → 文本', '必填：否 → 是', …(4) ]

- Expected
+ Received

  [
-   "类型：日期 → 文本",
-   "必填：否 → 是",
-   "最长长度：未设置 → 100",
-   "最短长度：未设置 → 0",
-   "最小值：0 → 未设置",
-   "正则表达式：\"^old$\" → \"^new$\"",
+   "修改字段定义",
  ]

 ❯ src/renderer/domains/project-data/schema-draft.test.ts:20:31
     18|   const snapshot = structuredClone(changed)
     19|   const summary = schemaChanges(original, changed)[0].summary
     20|   expect(summary.split('\n')).toEqual([
       |                               ^
     21|     '类型：日期 → 文本', '必填：否 → 是', '最长长度：未设置 → 100', '最短长度：未设置 → 0',
     22|     '最小值：0 → 未设置', '正则表达式："^old$" → "^new$"',

⎯⎯⎯⎯⎯⎯⎯⎯⎯⎯⎯⎯⎯⎯⎯⎯⎯⎯⎯⎯⎯⎯⎯[2/10]⎯

 FAIL  src/renderer/domains/project-data/schema-draft.test.ts > shows a new field definition and its exact default presence: {}
AssertionError: expected [ '新增字段' ] to deeply equal [ '新增字段', '类型：文本', '必填：否', …(2) ]

- Expected
+ Received

  [
    "新增字段",
-   "类型：文本",
-   "必填：否",
-   "最长长度：100",
-   "现有记录默认值：未设置",
  ]

 ❯ src/renderer/domains/project-data/schema-draft.test.ts:40:67
     38|   const original = createSchemaDraft('g', { tableRevision: 1, items: […
     39|   const changed = applySchemaField(original, null, { definition: { key…
     40|   expect(schemaChanges(original, changed)[0].summary.split('\n')).toEq…
       |                                                                   ^
     41|     '新增字段', '类型：文本', '必填：否', '最长长度：100', `现有记录默认值：${expected}`,
     42|   ])

⎯⎯⎯⎯⎯⎯⎯⎯⎯⎯⎯⎯⎯⎯⎯⎯⎯⎯⎯⎯⎯⎯⎯[3/10]⎯

 FAIL  src/renderer/domains/project-data/schema-draft.test.ts > shows a new field definition and its exact default presence: {"existingRecordDefault":null}
AssertionError: expected [ '新增字段' ] to deeply equal [ '新增字段', '类型：文本', '必填：否', …(2) ]

- Expected
+ Received

  [
    "新增字段",
-   "类型：文本",
-   "必填：否",
-   "最长长度：100",
-   "现有记录默认值：null（空值）",
  ]

 ❯ src/renderer/domains/project-data/schema-draft.test.ts:40:67
     38|   const original = createSchemaDraft('g', { tableRevision: 1, items: […
     39|   const changed = applySchemaField(original, null, { definition: { key…
     40|   expect(schemaChanges(original, changed)[0].summary.split('\n')).toEq…
       |                                                                   ^
     41|     '新增字段', '类型：文本', '必填：否', '最长长度：100', `现有记录默认值：${expected}`,
     42|   ])

⎯⎯⎯⎯⎯⎯⎯⎯⎯⎯⎯⎯⎯⎯⎯⎯⎯⎯⎯⎯⎯⎯⎯[4/10]⎯

 FAIL  src/renderer/domains/project-data/schema-draft.test.ts > shows a new field definition and its exact default presence: {"existingRecordDefault":false}
AssertionError: expected [ '新增字段' ] to deeply equal [ '新增字段', '类型：文本', '必填：否', …(2) ]

- Expected
+ Received

  [
    "新增字段",
-   "类型：文本",
-   "必填：否",
-   "最长长度：100",
-   "现有记录默认值：false",
  ]

 ❯ src/renderer/domains/project-data/schema-draft.test.ts:40:67
     38|   const original = createSchemaDraft('g', { tableRevision: 1, items: […
     39|   const changed = applySchemaField(original, null, { definition: { key…
     40|   expect(schemaChanges(original, changed)[0].summary.split('\n')).toEq…
       |                                                                   ^
     41|     '新增字段', '类型：文本', '必填：否', '最长长度：100', `现有记录默认值：${expected}`,
     42|   ])

⎯⎯⎯⎯⎯⎯⎯⎯⎯⎯⎯⎯⎯⎯⎯⎯⎯⎯⎯⎯⎯⎯⎯[5/10]⎯

 FAIL  src/renderer/domains/project-data/schema-draft.test.ts > shows a new field definition and its exact default presence: {"existingRecordDefault":0}
AssertionError: expected [ '新增字段' ] to deeply equal [ '新增字段', '类型：文本', '必填：否', …(2) ]

- Expected
+ Received

  [
    "新增字段",
-   "类型：文本",
-   "必填：否",
-   "最长长度：100",
-   "现有记录默认值：0",
  ]

 ❯ src/renderer/domains/project-data/schema-draft.test.ts:40:67
     38|   const original = createSchemaDraft('g', { tableRevision: 1, items: […
     39|   const changed = applySchemaField(original, null, { definition: { key…
     40|   expect(schemaChanges(original, changed)[0].summary.split('\n')).toEq…
       |                                                                   ^
     41|     '新增字段', '类型：文本', '必填：否', '最长长度：100', `现有记录默认值：${expected}`,
     42|   ])

⎯⎯⎯⎯⎯⎯⎯⎯⎯⎯⎯⎯⎯⎯⎯⎯⎯⎯⎯⎯⎯⎯⎯[6/10]⎯

 FAIL  src/renderer/domains/project-data/schema-draft.test.ts > shows a new field definition and its exact default presence: {"existingRecordDefault":""}
AssertionError: expected [ '新增字段' ] to deeply equal [ '新增字段', '类型：文本', '必填：否', …(2) ]

- Expected
+ Received

  [
    "新增字段",
-   "类型：文本",
-   "必填：否",
-   "最长长度：100",
-   "现有记录默认值：\"\"（空字符串）",
  ]

 ❯ src/renderer/domains/project-data/schema-draft.test.ts:40:67
     38|   const original = createSchemaDraft('g', { tableRevision: 1, items: […
     39|   const changed = applySchemaField(original, null, { definition: { key…
     40|   expect(schemaChanges(original, changed)[0].summary.split('\n')).toEq…
       |                                                                   ^
     41|     '新增字段', '类型：文本', '必填：否', '最长长度：100', `现有记录默认值：${expected}`,
     42|   ])

⎯⎯⎯⎯⎯⎯⎯⎯⎯⎯⎯⎯⎯⎯⎯⎯⎯⎯⎯⎯⎯⎯⎯[7/10]⎯

 FAIL  src/renderer/domains/project-data/schema-draft.test.ts > shows a new field definition and its exact default presence: {"existingRecordDefault":"null"}
AssertionError: expected [ '新增字段' ] to deeply equal [ '新增字段', '类型：文本', '必填：否', …(2) ]

- Expected
+ Received

  [
    "新增字段",
-   "类型：文本",
-   "必填：否",
-   "最长长度：100",
-   "现有记录默认值：\"null\"",
  ]

 ❯ src/renderer/domains/project-data/schema-draft.test.ts:40:67
     38|   const original = createSchemaDraft('g', { tableRevision: 1, items: […
     39|   const changed = applySchemaField(original, null, { definition: { key…
     40|   expect(schemaChanges(original, changed)[0].summary.split('\n')).toEq…
       |                                                                   ^
     41|     '新增字段', '类型：文本', '必填：否', '最长长度：100', `现有记录默认值：${expected}`,
     42|   ])

⎯⎯⎯⎯⎯⎯⎯⎯⎯⎯⎯⎯⎯⎯⎯⎯⎯⎯⎯⎯⎯⎯⎯[8/10]⎯

 FAIL  src/renderer/domains/project-data/schema-draft.test.ts > shows a new field definition and its exact default presence: {"existingRecordDefault":{"kind":"date","precision":"datetime","value":"2026-09-14T12:30:45.123","offset":"+08:00"}}
AssertionError: expected [ '新增字段' ] to deeply equal [ '新增字段', '类型：文本', '必填：否', …(2) ]

- Expected
+ Received

  [
    "新增字段",
-   "类型：文本",
-   "必填：否",
-   "最长长度：100",
-   "现有记录默认值：{\"kind\":\"date\",\"precision\":\"datetime\",\"value\":\"2026-09-14T12:30:45.123\",\"offset\":\"+08:00\"}",
  ]

 ❯ src/renderer/domains/project-data/schema-draft.test.ts:40:67
     38|   const original = createSchemaDraft('g', { tableRevision: 1, items: […
     39|   const changed = applySchemaField(original, null, { definition: { key…
     40|   expect(schemaChanges(original, changed)[0].summary.split('\n')).toEq…
       |                                                                   ^
     41|     '新增字段', '类型：文本', '必填：否', '最长长度：100', `现有记录默认值：${expected}`,
     42|   ])

⎯⎯⎯⎯⎯⎯⎯⎯⎯⎯⎯⎯⎯⎯⎯⎯⎯⎯⎯⎯⎯⎯⎯[9/10]⎯

 FAIL  src/renderer/domains/project-data/schema-draft.test.ts > preserves unknown validation facts and distinguishes missing from explicit null
AssertionError: expected '修改字段定义' to be '校验规则 custom：未设置 → null（空值）\n最大值：未设置 →…' // Object.is equality

- Expected
+ Received

- 校验规则 custom：未设置 → null（空值）
- 最大值：未设置 → 0
+ 修改字段定义

 ❯ src/renderer/domains/project-data/schema-draft.test.ts:48:55
     46|   const original = createSchemaDraft('g', { tableRevision: 3, items: […
     47|   const changed = applySchemaField(original, 'f', { definition: { ...o…
     48|   expect(schemaChanges(original, changed)[0].summary).toBe('校验规则 custo…
       |                                                       ^
     49| })
     50|

⎯⎯⎯⎯⎯⎯⎯⎯⎯⎯⎯⎯⎯⎯⎯⎯⎯⎯⎯⎯⎯⎯[10/10]⎯


 Test Files  1 failed (1)
      Tests  10 failed | 2 passed (12)
   Start at  04:11:11
   Duration  900ms (transform 32ms, setup 0ms, import 42ms, tests 15ms, environment 704ms)

npm error Lifecycle script `test` failed with error:
npm error code 1
npm error path /Users/zhangtiancheng/Documents/projects/autoflow-project-management-implementation/apps/desktop
npm error workspace @autoflow/desktop@0.1.0
npm error location /Users/zhangtiancheng/Documents/projects/autoflow-project-management-implementation/apps/desktop
npm error command failed
npm error command sh -c vitest run src/renderer/domains/project-data/schema-draft.test.ts
