
==================================== ERRORS ====================================
_______ ERROR collecting tests/contract/test_studio_recorder_contract.py _______
ImportError while importing test module '/Users/zhangtiancheng/Documents/projects/autoflow/apps/backend/tests/contract/test_studio_recorder_contract.py'.
Hint: make sure your test modules/packages have valid Python names.
Traceback:
../../../../../.local/share/uv/python/cpython-3.11-macos-aarch64-none/lib/python3.11/importlib/__init__.py:126: in import_module
    return _bootstrap._gcd_import(name[level:], package, level)
           ^^^^^^^^^^^^^^^^^^^^^^^^^^^^^^^^^^^^^^^^^^^^^^^^^^^^
tests/contract/test_studio_recorder_contract.py:4: in <module>
    from autoflow.adapters.http.workflow_studio_schemas import (
E   ImportError: cannot import name 'StudioRecorderStartRequest' from 'autoflow.adapters.http.workflow_studio_schemas' (/Users/zhangtiancheng/Documents/projects/autoflow/apps/backend/src/autoflow/adapters/http/workflow_studio_schemas.py)
=============================== warnings summary ===============================
.venv/lib/python3.11/site-packages/fastapi/testclient.py:1
  /Users/zhangtiancheng/Documents/projects/autoflow/apps/backend/.venv/lib/python3.11/site-packages/fastapi/testclient.py:1: StarletteDeprecationWarning: Using `httpx` with `starlette.testclient` is deprecated; install `httpx2` instead.
    from starlette.testclient import TestClient as TestClient  # noqa

.venv/lib/python3.11/site-packages/starlette/testclient.py:53
  /Users/zhangtiancheng/Documents/projects/autoflow/apps/backend/.venv/lib/python3.11/site-packages/starlette/testclient.py:53: DeprecationWarning: The anyio.abc.BlockingPortal alias is deprecated, use anyio.from_thread.BlockingPortal instead.
    _PortalFactoryType = Callable[[], AbstractContextManager[anyio.abc.BlockingPortal]]

-- Docs: https://docs.pytest.org/en/stable/how-to/capture-warnings.html
=========================== short test summary info ============================
ERROR tests/contract/test_studio_recorder_contract.py
!!!!!!!!!!!!!!!!!!!! Interrupted: 1 error during collection !!!!!!!!!!!!!!!!!!!!
2 warnings, 1 error in 0.16s
