
> @autoflow/desktop@0.1.0 test
> vitest run --maxWorkers=1 src/renderer/domains/workflows/tests/webdav-settings-protection.test.tsx


 RUN  v4.1.11 /Users/zhangtiancheng/Documents/projects/autoflow/apps/desktop

(node:56879) ExperimentalWarning: localStorage is not available because --localstorage-file was not provided.
(Use `node --trace-warnings ...` to show where the warning was created)
 ❯ src/renderer/domains/workflows/tests/webdav-settings-protection.test.tsx (8 tests | 8 failed) 7203ms
   × blocks empty configuration overwrite after http-error and permits retry 1046ms
   × blocks empty configuration overwrite after business-error and permits retry 1007ms
   × blocks empty configuration overwrite after invalid-config and permits retry 1008ms
   × save rejects HTTP failure even when the body claims success 1076ms
   × test rejects HTTP failure even when the body claims success 1018ms
   × serializes save/test and keeps the submitted configuration on failure 20ms
   × does not report mock save as an active remote connection 1018ms
   × invalidates configuration on service replacement before another submission 1010ms

⎯⎯⎯⎯⎯⎯⎯ Failed Tests 8 ⎯⎯⎯⎯⎯⎯⎯

 FAIL  src/renderer/domains/workflows/tests/webdav-settings-protection.test.tsx > blocks empty configuration overwrite after http-error and permits retry
TestingLibraryElementError: Unable to find role="alert"

Ignored nodes: comments, script, style
[36m<body>[39m
  [36m<div>[39m
    [36m<div[39m
      [33mclass[39m=[32m"p-4 bg-gray-50 rounded-lg border border-gray-200 space-y-3"[39m
    [36m>[39m
      [36m<div[39m
        [33mclass[39m=[32m"flex items-center justify-between"[39m
      [36m>[39m
        [36m<div>[39m
          [36m<label[39m
            [33mclass[39m=[32m"text-sm font-medium text-gray-700"[39m
          [36m>[39m
            [0mWebDAV 远程存储（NAS / 网盘）[0m
          [36m</label>[39m
          [36m<p[39m
            [33mclass[39m=[32m"text-xs text-gray-500 mt-1"[39m
          [36m>[39m
            [0m开启后，工作流的保存与读取都走 WebDAV 远程目录，可在多台设备间共享。[0m
          [36m</p>[39m
        [36m</div>[39m
        [36m<button[39m
          [33maria-checked[39m=[32m"false"[39m
          [33mclass[39m=[32m"peer inline-flex h-[20px] w-[36px] cursor-pointer items-center rounded-full border-2 border-transparent transition-colors duration-200 ease-[cubic-bezier(0.25,1,0.5,1)] focus-visible:outline-none focus-visible:ring-2 focus-visible:ring-[hsl(var(--ring))] focus-visible:ring-offset-1 focus-visible:ring-offset-[hsl(var(--background))] disabled:cursor-not-allowed disabled:opacity-50 data-[state=checked]:bg-[hsl(var(--brand-600))] data-[state=checked]:shadow-[inset_0_1px_3px_rgb(15_23_42_/_0.15)] data-[state=unchecked]:bg-[hsl(var(--slate-300))] flex-none ml-3"[39m
          [33mdata-state[39m=[32m"unchecked"[39m
          [33mrole[39m=[32m"switch"[39m
          [33mtype[39m=[32m"button"[39m
          [33mvalue[39m=[32m"on"[39m
        [36m>[39m
          [36m<span[39m
            [33mclass[39m=[32m"pointer-events-none block h-4 w-4 rounded-full bg-white shadow-soft ring-0 transition-transform duration-200 ease-[cubic-bezier(0.34,1.56,0.64,1)] data-[state=checked]:translate-x-[16px] data-[state=unchecked]:translate-x-0"[39m
            [33mdata-state[39m=[32m"unchecked"[39m
          [36m/>[39m
        [36m</button>[39m
      [36m</div>[39m
      [36m<div[39m
        [33mclass[39m=[32m"space-y-2"[39m
      [36m>[39m
        [36m<input[39m
          [33mclass[39m=[32m"w-full px-3 py-2 text-sm rounded-md border border-gray-300 bg-white text-black"[39m
          [33mplaceholder[39m=[32m"WebDAV 地址，如 https://dav.example.com/webrpa/"[39m
          [33mvalue[39m=[32m"https://dav.fixture/"[39m
        [36m/>[39m
        [36m<div[39m
          [33mclass[39m=[32m"grid grid-cols-2 gap-2"[39m
        [36m>[39m
          [36m<input[39m
            [33mclass[39m=[32m"px-3 py-2 text-sm rounded-md border border-gray-300 bg-white text-black"[39m
            [33mplaceholder[39m=[32m"用户名"[39m
            [33mvalue[39m=[32m"fixture"[39m
          [36m/>[39m
          [36m<input[39m
            [33mclass[39m=[32m"px-3 py-2 text-sm rounded-md border border-gray-300 bg-white text-black"[39m
            [33mplaceholder[39m=[32m"密码"[39m
            [33mtype[39m=[32m"password"[39m
            [33mvalue[39m=[32m""[39m
          [36m/>[39m
        [36m</div>[39m
        [36m<input[39m
          [33mclass[39m=[32m"w-full px-3 py-2 text-sm rounded-md border border-gray-300 bg-white text-black"[39m
          [33mplaceholder[39m=[32m"子目录（可选），如 workflows"[39m
          [33mvalue[39m=[32m"workflows"[39m
        [36m/>[39m
        [36m<div[39m
          [33mclass[39m=[32m"flex items-center gap-2"[39m
        [36m>[39m
          [36m<button[39m
            [33mclass[39m=[32m"inline-flex items-center gap-1.5 px-3 py-1.5 text-xs rounded-md border border-gray-300 bg-white hover:bg-gray-100 text-gray-700 disabled:opacity-50"[39m
          [36m>[39m
            [36m<svg[39m
              [33maria-hidden[39m=[32m"true"[39m
              [33mclass[39m=[32m"lucide lucide-wifi w-3.5 h-3.5"[39m
              [33mfill[39m=[32m"none"[39m
              [33mheight[39m=[32m"24"[39m
              [33mstroke[39m=[32m"currentColor"[39m
              [33mstroke-linecap[39m=[32m"round"[39m
              [33mstroke-linejoin[39m=[32m"round"[39m
              [33mstroke-width[39m=[32m"2"[39m
              [33mviewBox[39m=[32m"0 0 24 24"[39m
              [33mwidth[39m=[32m"24"[39m
              [33mxmlns[39m=[32m"http://www.w3.org/2000/svg"[39m
            [36m>[39m
              [36m<path[39m
                [33md[39m=[32m"M12 20h.01"[39m
              [36m/>[39m
              [36m<path[39m
                [33md[39m=[32m"M2 8.82a15 15 0 0 1 20 0"[39m
              [36m/>[39m
              [36m<path[39m
                [33md[39m=[32m"M5 12.859a10 10 0 0 1 14 0"[39m
              [36m/>[39m
              [36m<path[39m
                [33md[39m=[32m"M8.5 16.429a5 5 0 0 1 7 0"[39m
              [36m/>[39m
            [36m</svg>[39m
            [0m测试连接[0m
          [36m</button>[39m
          [36m<button[39m
            [33mclass[39m=[32m"inline-flex items-center gap-1.5 px-3 py-1.5 text-xs rounded-md bg-blue-600 hover:bg-blue-700 text-white disabled:opacity-50"[39m
          [36m>[39m
            [36m<svg[39m
              [33maria-hidden[39m=[32m"true"[39m
              [33mclass[39m=[32m"lucide lucide-save w-3.5 h-3.5"[39m
              [33mfill[39m=[32m"none"[39m
              [33mheight[39m=[32m"24"[39m
              [33mstroke[39m=[32m"currentColor"[39m
              [33mstroke-linecap[39m=[32m"round"[39m
              [33mstroke-linejoin[39m=[32m"round"[39m
              [33mstroke-width[39m=[32m"2"[39m
              [33mviewBox[39m=[32m"0 0 24 24"[39m
              [33mwidth[39m=[32m"24"[39m
              [33mxmlns[39m=[32m"http://www.w3.org/2000/svg"[39m
            [36m>[39m
              [36m<path[39m
                [33md[39m=[32m"M15.2 3a2 2 0 0 1 1.4.6l3.8 3.8a2 2 0 0 1 .6 1.4V19a2 2 0 0 1-2 2H5a2 2 0 0 1-2-2V5a2 2 0 0 1 2-2z"[39m
              [36m/>[39m
              [36m<path[39m
                [33md[39m=[32m"M17 21v-7a1 1 0 0 0-1-1H8a1 1 0 0 0-1 1v7"[39m
              [36m/>[39m
              [36m<path[39m
                [33md[39m=[32m"M7 3v4a1 1 0 0 0 1 1h7"[39m
              [36m/>[39m
            [36m</svg>[39m
            [0m保存配置[0m
          [36m</button>[39m
        [36m</div>[39m
      [36m</div>[39m
    [36m</div>[39m
  [36m</div>[39m
[36m</body>[39m

Ignored nodes: comments, script, style
[36m<body>[39m
  [36m<div>[39m
    [36m<div[39m
      [33mclass[39m=[32m"p-4 bg-gray-50 rounded-lg border border-gray-200 space-y-3"[39m
    [36m>[39m
      [36m<div[39m
        [33mclass[39m=[32m"flex items-center justify-between"[39m
      [36m>[39m
        [36m<div>[39m
          [36m<label[39m
            [33mclass[39m=[32m"text-sm font-medium text-gray-700"[39m
          [36m>[39m
            [0mWebDAV 远程存储（NAS / 网盘）[0m
          [36m</label>[39m
          [36m<p[39m
            [33mclass[39m=[32m"text-xs text-gray-500 mt-1"[39m
          [36m>[39m
            [0m开启后，工作流的保存与读取都走 WebDAV 远程目录，可在多台设备间共享。[0m
          [36m</p>[39m
        [36m</div>[39m
        [36m<button[39m
          [33maria-checked[39m=[32m"false"[39m
          [33mclass[39m=[32m"peer inline-flex h-[20px] w-[36px] cursor-pointer items-center rounded-full border-2 border-transparent transition-colors duration-200 ease-[cubic-bezier(0.25,1,0.5,1)] focus-visible:outline-none focus-visible:ring-2 focus-visible:ring-[hsl(var(--ring))] focus-visible:ring-offset-1 focus-visible:ring-offset-[hsl(var(--background))] disabled:cursor-not-allowed disabled:opacity-50 data-[state=checked]:bg-[hsl(var(--brand-600))] data-[state=checked]:shadow-[inset_0_1px_3px_rgb(15_23_42_/_0.15)] data-[state=unchecked]:bg-[hsl(var(--slate-300))] flex-none ml-3"[39m
          [33mdata-state[39m=[32m"unchecked"[39m
          [33mrole[39m=[32m"switch"[39m
          [33mtype[39m=[32m"button"[39m
          [33mvalue[39m=[32m"on"[39m
        [36m>[39m
          [36m<span[39m
            [33mclass[39m=[32m"pointer-events-none block h-4 w-4 rounded-full bg-white shadow-soft ring-0 transition-transform duration-200 ease-[cubic-bezier(0.34,1.56,0.64,1)] data-[state=checked]:translate-x-[16px] data-[state=unchecked]:translate-x-0"[39m
            [33mdata-state[39m=[32m"unchecked"[39m
          [36m/>[39m
        [36m</button>[39m
      [36m</div>[39m
      [36m<div[39m
        [33mclass[39m=[32m"space-y-2"[39m
      [36m>[39m
        [36m<input[39m
          [33mclass[39m=[32m"w-full px-3 py-2 text-sm rounded-md border border-gray-300 bg-white text-black"[39m
          [33mplaceholder[39m=[32m"WebDAV 地址，如 https://dav.example.com/webrpa/"[39m
          [33mvalue[39m=[32m"https://dav.fixture/"[39m
        [36m/>[39m
        [36m<div[39m
          [33mclass[39m=[32m"grid grid-cols-2 gap-2"[39m
        [36m>[39m
          [36m<input[39m
            [33mclass[39m=[32m"px-3 py-2 text-sm rounded-md border border-gray-300 bg-white text-black"[39m
            [33mplaceholder[39m=[32m"用户名"[39m
            [33mvalue[39m=[32m"fixture"[39m
          [36m/>[39m
          [36m<input[39m
            [33mclass[39m=[32m"px-3 py-2 text-sm rounded-md border border-gray-300 bg-white text-black"[39m
            [33mplaceholder[39m=[32m"密码"[39m
            [33mtype[39m=[32m"password"[39m
            [33mvalue[39m=[32m""[39m
          [36m/>[39m
        [36m</div>[39m
        [36m<input[39m
          [33mclass[39m=[32m"w-full px-3 py-2 text-sm rounded-md border border-gray-300 bg-white text-black"[39m
          [33mplaceholder[39m=[32m"子目录（可选），如 workflows"[39m
          [33mvalue[39m=[32m"workflows"[39m
        [36m/>[39m
        [36m<div[39m
          [33mclass[39m=[32m"flex items-center gap-2"[39m
        [36m>[39m
          [36m<button[39m
            [33mclass[39m=[32m"inline-flex items-center gap-1.5 px-3 py-1.5 text-xs rounded-md border border-gray-300 bg-white hover:bg-gray-100 text-gray-700 disabled:opacity-50"[39m
          [36m>[39m
            [36m<svg[39m
              [33maria-hidden[39m=[32m"true"[39m
              [33mclass[39m=[32m"lucide lucide-wifi w-3.5 h-3.5"[39m
              [33mfill[39m=[32m"none"[39m
              [33mheight[39m=[32m"24"[39m
              [33mstroke[39m=[32m"currentColor"[39m
              [33mstroke-linecap[39m=[32m"round"[39m
              [33mstroke-linejoin[39m=[32m"round"[39m
              [33mstroke-width[39m=[32m"2"[39m
              [33mviewBox[39m=[32m"0 0 24 24"[39m
              [33mwidth[39m=[32m"24"[39m
              [33mxmlns[39m=[32m"http://www.w3.org/2000/svg"[39m
            [36m>[39m
              [36m<path[39m
                [33md[39m=[32m"M12 20h.01"[39m
              [36m/>[39m
              [36m<path[39m
                [33md[39m=[32m"M2 8.82a15 15 0 0 1 20 0"[39m
              [36m/>[39m
              [36m<path[39m
                [33md[39m=[32m"M5 12.859a10 10 0 0 1 14 0"[39m
              [36m/>[39m
              [36m<path[39m
                [33md[39m=[32m"M8.5 16.429a5 5 0 0 1 7 0"[39m
              [36m/>[39m
            [36m</svg>[39m
            [0m测试连接[0m
          [36m</button>[39m
          [36m<button[39m
            [33mclass[39m=[32m"inline-flex items-center gap-1.5 px-3 py-1.5 text-xs rounded-md bg-blue-600 hover:bg-blue-700 text-white disabled:opacity-50"[39m
          [36m>[39m
            [36m<svg[39m
              [33maria-hidden[39m=[32m"true"[39m
              [33mclass[39m=[32m"lucide lucide-save w-3.5 h-3.5"[39m
              [33mfill[39m=[32m"none"[39m
              [33mheight[39m=[32m"24"[39m
              [33mstroke[39m=[32m"currentColor"[39m
              [33mstroke-linecap[39m=[32m"round"[39m
              [33mstroke-linejoin[39m=[32m"round"[39m
              [33mstroke-width[39m=[32m"2"[39m
              [33mviewBox[39m=[32m"0 0 24 24"[39m
              [33mwidth[39m=[32m"24"[39m
              [33mxmlns[39m=[32m"http://www.w3.org/2000/svg"[39m
            [36m>[39m
              [36m<path[39m
                [33md[39m=[32m"M15.2 3a2 2 0 0 1 1.4.6l3.8 3.8a2 2 0 0 1 .6 1.4V19a2 2 0 0 1-2 2H5a2 2 0 0 1-2-2V5a2 2 0 0 1 2-2z"[39m
              [36m/>[39m
              [36m<path[39m
                [33md[39m=[32m"M17 21v-7a1 1 0 0 0-1-1H8a1 1 0 0 0-1 1v7"[39m
              [36m/>[39m
              [36m<path[39m
                [33md[39m=[32m"M7 3v4a1 1 0 0 0 1 1h7"[39m
              [36m/>[39m
            [36m</svg>[39m
            [0m保存配置[0m
          [36m</button>[39m
        [36m</div>[39m
      [36m</div>[39m
    [36m</div>[39m
  [36m</div>[39m
[36m</body>[39m
 ❯ waitForWrapper ../../node_modules/@testing-library/dom/dist/wait-for.js:163:27
 ❯ ../../node_modules/@testing-library/dom/dist/query-helpers.js:86:33
 ❯ src/renderer/domains/workflows/tests/webdav-settings-protection.test.tsx:12:41


⎯⎯⎯⎯⎯⎯⎯⎯⎯⎯⎯⎯⎯⎯⎯⎯⎯⎯⎯⎯⎯⎯⎯⎯[1/8]⎯

 FAIL  src/renderer/domains/workflows/tests/webdav-settings-protection.test.tsx > blocks empty configuration overwrite after business-error and permits retry
TestingLibraryElementError: Unable to find role="alert"

Ignored nodes: comments, script, style
[36m<body>[39m
  [36m<div>[39m
    [36m<div[39m
      [33mclass[39m=[32m"p-4 bg-gray-50 rounded-lg border border-gray-200 space-y-3"[39m
    [36m>[39m
      [36m<div[39m
        [33mclass[39m=[32m"flex items-center justify-between"[39m
      [36m>[39m
        [36m<div>[39m
          [36m<label[39m
            [33mclass[39m=[32m"text-sm font-medium text-gray-700"[39m
          [36m>[39m
            [0mWebDAV 远程存储（NAS / 网盘）[0m
          [36m</label>[39m
          [36m<p[39m
            [33mclass[39m=[32m"text-xs text-gray-500 mt-1"[39m
          [36m>[39m
            [0m开启后，工作流的保存与读取都走 WebDAV 远程目录，可在多台设备间共享。[0m
          [36m</p>[39m
        [36m</div>[39m
        [36m<button[39m
          [33maria-checked[39m=[32m"false"[39m
          [33mclass[39m=[32m"peer inline-flex h-[20px] w-[36px] cursor-pointer items-center rounded-full border-2 border-transparent transition-colors duration-200 ease-[cubic-bezier(0.25,1,0.5,1)] focus-visible:outline-none focus-visible:ring-2 focus-visible:ring-[hsl(var(--ring))] focus-visible:ring-offset-1 focus-visible:ring-offset-[hsl(var(--background))] disabled:cursor-not-allowed disabled:opacity-50 data-[state=checked]:bg-[hsl(var(--brand-600))] data-[state=checked]:shadow-[inset_0_1px_3px_rgb(15_23_42_/_0.15)] data-[state=unchecked]:bg-[hsl(var(--slate-300))] flex-none ml-3"[39m
          [33mdata-state[39m=[32m"unchecked"[39m
          [33mrole[39m=[32m"switch"[39m
          [33mtype[39m=[32m"button"[39m
          [33mvalue[39m=[32m"on"[39m
        [36m>[39m
          [36m<span[39m
            [33mclass[39m=[32m"pointer-events-none block h-4 w-4 rounded-full bg-white shadow-soft ring-0 transition-transform duration-200 ease-[cubic-bezier(0.34,1.56,0.64,1)] data-[state=checked]:translate-x-[16px] data-[state=unchecked]:translate-x-0"[39m
            [33mdata-state[39m=[32m"unchecked"[39m
          [36m/>[39m
        [36m</button>[39m
      [36m</div>[39m
      [36m<div[39m
        [33mclass[39m=[32m"space-y-2"[39m
      [36m>[39m
        [36m<input[39m
          [33mclass[39m=[32m"w-full px-3 py-2 text-sm rounded-md border border-gray-300 bg-white text-black"[39m
          [33mplaceholder[39m=[32m"WebDAV 地址，如 https://dav.example.com/webrpa/"[39m
          [33mvalue[39m=[32m""[39m
        [36m/>[39m
        [36m<div[39m
          [33mclass[39m=[32m"grid grid-cols-2 gap-2"[39m
        [36m>[39m
          [36m<input[39m
            [33mclass[39m=[32m"px-3 py-2 text-sm rounded-md border border-gray-300 bg-white text-black"[39m
            [33mplaceholder[39m=[32m"用户名"[39m
            [33mvalue[39m=[32m""[39m
          [36m/>[39m
          [36m<input[39m
            [33mclass[39m=[32m"px-3 py-2 text-sm rounded-md border border-gray-300 bg-white text-black"[39m
            [33mplaceholder[39m=[32m"密码"[39m
            [33mtype[39m=[32m"password"[39m
            [33mvalue[39m=[32m""[39m
          [36m/>[39m
        [36m</div>[39m
        [36m<input[39m
          [33mclass[39m=[32m"w-full px-3 py-2 text-sm rounded-md border border-gray-300 bg-white text-black"[39m
          [33mplaceholder[39m=[32m"子目录（可选），如 workflows"[39m
          [33mvalue[39m=[32m""[39m
        [36m/>[39m
        [36m<div[39m
          [33mclass[39m=[32m"flex items-center gap-2"[39m
        [36m>[39m
          [36m<button[39m
            [33mclass[39m=[32m"inline-flex items-center gap-1.5 px-3 py-1.5 text-xs rounded-md border border-gray-300 bg-white hover:bg-gray-100 text-gray-700 disabled:opacity-50"[39m
            [33mdisabled[39m=[32m""[39m
          [36m>[39m
            [36m<svg[39m
              [33maria-hidden[39m=[32m"true"[39m
              [33mclass[39m=[32m"lucide lucide-wifi w-3.5 h-3.5"[39m
              [33mfill[39m=[32m"none"[39m
              [33mheight[39m=[32m"24"[39m
              [33mstroke[39m=[32m"currentColor"[39m
              [33mstroke-linecap[39m=[32m"round"[39m
              [33mstroke-linejoin[39m=[32m"round"[39m
              [33mstroke-width[39m=[32m"2"[39m
              [33mviewBox[39m=[32m"0 0 24 24"[39m
              [33mwidth[39m=[32m"24"[39m
              [33mxmlns[39m=[32m"http://www.w3.org/2000/svg"[39m
            [36m>[39m
              [36m<path[39m
                [33md[39m=[32m"M12 20h.01"[39m
              [36m/>[39m
              [36m<path[39m
                [33md[39m=[32m"M2 8.82a15 15 0 0 1 20 0"[39m
              [36m/>[39m
              [36m<path[39m
                [33md[39m=[32m"M5 12.859a10 10 0 0 1 14 0"[39m
              [36m/>[39m
              [36m<path[39m
                [33md[39m=[32m"M8.5 16.429a5 5 0 0 1 7 0"[39m
              [36m/>[39m
            [36m</svg>[39m
            [0m测试连接[0m
          [36m</button>[39m
          [36m<button[39m
            [33mclass[39m=[32m"inline-flex items-center gap-1.5 px-3 py-1.5 text-xs rounded-md bg-blue-600 hover:bg-blue-700 text-white disabled:opacity-50"[39m
          [36m>[39m
            [36m<svg[39m
              [33maria-hidden[39m=[32m"true"[39m
              [33mclass[39m=[32m"lucide lucide-save w-3.5 h-3.5"[39m
              [33mfill[39m=[32m"none"[39m
              [33mheight[39m=[32m"24"[39m
              [33mstroke[39m=[32m"currentColor"[39m
              [33mstroke-linecap[39m=[32m"round"[39m
              [33mstroke-linejoin[39m=[32m"round"[39m
              [33mstroke-width[39m=[32m"2"[39m
              [33mviewBox[39m=[32m"0 0 24 24"[39m
              [33mwidth[39m=[32m"24"[39m
              [33mxmlns[39m=[32m"http://www.w3.org/2000/svg"[39m
            [36m>[39m
              [36m<path[39m
                [33md[39m=[32m"M15.2 3a2 2 0 0 1 1.4.6l3.8 3.8a2 2 0 0 1 .6 1.4V19a2 2 0 0 1-2 2H5a2 2 0 0 1-2-2V5a2 2 0 0 1 2-2z"[39m
              [36m/>[39m
              [36m<path[39m
                [33md[39m=[32m"M17 21v-7a1 1 0 0 0-1-1H8a1 1 0 0 0-1 1v7"[39m
              [36m/>[39m
              [36m<path[39m
                [33md[39m=[32m"M7 3v4a1 1 0 0 0 1 1h7"[39m
              [36m/>[39m
            [36m</svg>[39m
            [0m保存配置[0m
          [36m</button>[39m
        [36m</div>[39m
      [36m</div>[39m
    [36m</div>[39m
  [36m</div>[39m
[36m</body>[39m

Ignored nodes: comments, script, style
[36m<body>[39m
  [36m<div>[39m
    [36m<div[39m
      [33mclass[39m=[32m"p-4 bg-gray-50 rounded-lg border border-gray-200 space-y-3"[39m
    [36m>[39m
      [36m<div[39m
        [33mclass[39m=[32m"flex items-center justify-between"[39m
      [36m>[39m
        [36m<div>[39m
          [36m<label[39m
            [33mclass[39m=[32m"text-sm font-medium text-gray-700"[39m
          [36m>[39m
            [0mWebDAV 远程存储（NAS / 网盘）[0m
          [36m</label>[39m
          [36m<p[39m
            [33mclass[39m=[32m"text-xs text-gray-500 mt-1"[39m
          [36m>[39m
            [0m开启后，工作流的保存与读取都走 WebDAV 远程目录，可在多台设备间共享。[0m
          [36m</p>[39m
        [36m</div>[39m
        [36m<button[39m
          [33maria-checked[39m=[32m"false"[39m
          [33mclass[39m=[32m"peer inline-flex h-[20px] w-[36px] cursor-pointer items-center rounded-full border-2 border-transparent transition-colors duration-200 ease-[cubic-bezier(0.25,1,0.5,1)] focus-visible:outline-none focus-visible:ring-2 focus-visible:ring-[hsl(var(--ring))] focus-visible:ring-offset-1 focus-visible:ring-offset-[hsl(var(--background))] disabled:cursor-not-allowed disabled:opacity-50 data-[state=checked]:bg-[hsl(var(--brand-600))] data-[state=checked]:shadow-[inset_0_1px_3px_rgb(15_23_42_/_0.15)] data-[state=unchecked]:bg-[hsl(var(--slate-300))] flex-none ml-3"[39m
          [33mdata-state[39m=[32m"unchecked"[39m
          [33mrole[39m=[32m"switch"[39m
          [33mtype[39m=[32m"button"[39m
          [33mvalue[39m=[32m"on"[39m
        [36m>[39m
          [36m<span[39m
            [33mclass[39m=[32m"pointer-events-none block h-4 w-4 rounded-full bg-white shadow-soft ring-0 transition-transform duration-200 ease-[cubic-bezier(0.34,1.56,0.64,1)] data-[state=checked]:translate-x-[16px] data-[state=unchecked]:translate-x-0"[39m
            [33mdata-state[39m=[32m"unchecked"[39m
          [36m/>[39m
        [36m</button>[39m
      [36m</div>[39m
      [36m<div[39m
        [33mclass[39m=[32m"space-y-2"[39m
      [36m>[39m
        [36m<input[39m
          [33mclass[39m=[32m"w-full px-3 py-2 text-sm rounded-md border border-gray-300 bg-white text-black"[39m
          [33mplaceholder[39m=[32m"WebDAV 地址，如 https://dav.example.com/webrpa/"[39m
          [33mvalue[39m=[32m""[39m
        [36m/>[39m
        [36m<div[39m
          [33mclass[39m=[32m"grid grid-cols-2 gap-2"[39m
        [36m>[39m
          [36m<input[39m
            [33mclass[39m=[32m"px-3 py-2 text-sm rounded-md border border-gray-300 bg-white text-black"[39m
            [33mplaceholder[39m=[32m"用户名"[39m
            [33mvalue[39m=[32m""[39m
          [36m/>[39m
          [36m<input[39m
            [33mclass[39m=[32m"px-3 py-2 text-sm rounded-md border border-gray-300 bg-white text-black"[39m
            [33mplaceholder[39m=[32m"密码"[39m
            [33mtype[39m=[32m"password"[39m
            [33mvalue[39m=[32m""[39m
          [36m/>[39m
        [36m</div>[39m
        [36m<input[39m
          [33mclass[39m=[32m"w-full px-3 py-2 text-sm rounded-md border border-gray-300 bg-white text-black"[39m
          [33mplaceholder[39m=[32m"子目录（可选），如 workflows"[39m
          [33mvalue[39m=[32m""[39m
        [36m/>[39m
        [36m<div[39m
          [33mclass[39m=[32m"flex items-center gap-2"[39m
        [36m>[39m
          [36m<button[39m
            [33mclass[39m=[32m"inline-flex items-center gap-1.5 px-3 py-1.5 text-xs rounded-md border border-gray-300 bg-white hover:bg-gray-100 text-gray-700 disabled:opacity-50"[39m
            [33mdisabled[39m=[32m""[39m
          [36m>[39m
            [36m<svg[39m
              [33maria-hidden[39m=[32m"true"[39m
              [33mclass[39m=[32m"lucide lucide-wifi w-3.5 h-3.5"[39m
              [33mfill[39m=[32m"none"[39m
              [33mheight[39m=[32m"24"[39m
              [33mstroke[39m=[32m"currentColor"[39m
              [33mstroke-linecap[39m=[32m"round"[39m
              [33mstroke-linejoin[39m=[32m"round"[39m
              [33mstroke-width[39m=[32m"2"[39m
              [33mviewBox[39m=[32m"0 0 24 24"[39m
              [33mwidth[39m=[32m"24"[39m
              [33mxmlns[39m=[32m"http://www.w3.org/2000/svg"[39m
            [36m>[39m
              [36m<path[39m
                [33md[39m=[32m"M12 20h.01"[39m
              [36m/>[39m
              [36m<path[39m
                [33md[39m=[32m"M2 8.82a15 15 0 0 1 20 0"[39m
              [36m/>[39m
              [36m<path[39m
                [33md[39m=[32m"M5 12.859a10 10 0 0 1 14 0"[39m
              [36m/>[39m
              [36m<path[39m
                [33md[39m=[32m"M8.5 16.429a5 5 0 0 1 7 0"[39m
              [36m/>[39m
            [36m</svg>[39m
            [0m测试连接[0m
          [36m</button>[39m
          [36m<button[39m
            [33mclass[39m=[32m"inline-flex items-center gap-1.5 px-3 py-1.5 text-xs rounded-md bg-blue-600 hover:bg-blue-700 text-white disabled:opacity-50"[39m
          [36m>[39m
            [36m<svg[39m
              [33maria-hidden[39m=[32m"true"[39m
              [33mclass[39m=[32m"lucide lucide-save w-3.5 h-3.5"[39m
              [33mfill[39m=[32m"none"[39m
              [33mheight[39m=[32m"24"[39m
              [33mstroke[39m=[32m"currentColor"[39m
              [33mstroke-linecap[39m=[32m"round"[39m
              [33mstroke-linejoin[39m=[32m"round"[39m
              [33mstroke-width[39m=[32m"2"[39m
              [33mviewBox[39m=[32m"0 0 24 24"[39m
              [33mwidth[39m=[32m"24"[39m
              [33mxmlns[39m=[32m"http://www.w3.org/2000/svg"[39m
            [36m>[39m
              [36m<path[39m
                [33md[39m=[32m"M15.2 3a2 2 0 0 1 1.4.6l3.8 3.8a2 2 0 0 1 .6 1.4V19a2 2 0 0 1-2 2H5a2 2 0 0 1-2-2V5a2 2 0 0 1 2-2z"[39m
              [36m/>[39m
              [36m<path[39m
                [33md[39m=[32m"M17 21v-7a1 1 0 0 0-1-1H8a1 1 0 0 0-1 1v7"[39m
              [36m/>[39m
              [36m<path[39m
                [33md[39m=[32m"M7 3v4a1 1 0 0 0 1 1h7"[39m
              [36m/>[39m
            [36m</svg>[39m
            [0m保存配置[0m
          [36m</button>[39m
        [36m</div>[39m
      [36m</div>[39m
    [36m</div>[39m
  [36m</div>[39m
[36m</body>[39m
 ❯ waitForWrapper ../../node_modules/@testing-library/dom/dist/wait-for.js:163:27
 ❯ ../../node_modules/@testing-library/dom/dist/query-helpers.js:86:33
 ❯ src/renderer/domains/workflows/tests/webdav-settings-protection.test.tsx:12:41


⎯⎯⎯⎯⎯⎯⎯⎯⎯⎯⎯⎯⎯⎯⎯⎯⎯⎯⎯⎯⎯⎯⎯⎯[2/8]⎯

 FAIL  src/renderer/domains/workflows/tests/webdav-settings-protection.test.tsx > blocks empty configuration overwrite after invalid-config and permits retry
TestingLibraryElementError: Unable to find role="alert"

Ignored nodes: comments, script, style
[36m<body>[39m
  [36m<div>[39m
    [36m<div[39m
      [33mclass[39m=[32m"p-4 bg-gray-50 rounded-lg border border-gray-200 space-y-3"[39m
    [36m>[39m
      [36m<div[39m
        [33mclass[39m=[32m"flex items-center justify-between"[39m
      [36m>[39m
        [36m<div>[39m
          [36m<label[39m
            [33mclass[39m=[32m"text-sm font-medium text-gray-700"[39m
          [36m>[39m
            [0mWebDAV 远程存储（NAS / 网盘）[0m
          [36m</label>[39m
          [36m<p[39m
            [33mclass[39m=[32m"text-xs text-gray-500 mt-1"[39m
          [36m>[39m
            [0m开启后，工作流的保存与读取都走 WebDAV 远程目录，可在多台设备间共享。[0m
          [36m</p>[39m
        [36m</div>[39m
        [36m<button[39m
          [33maria-checked[39m=[32m"yes"[39m
          [33mclass[39m=[32m"peer inline-flex h-[20px] w-[36px] cursor-pointer items-center rounded-full border-2 border-transparent transition-colors duration-200 ease-[cubic-bezier(0.25,1,0.5,1)] focus-visible:outline-none focus-visible:ring-2 focus-visible:ring-[hsl(var(--ring))] focus-visible:ring-offset-1 focus-visible:ring-offset-[hsl(var(--background))] disabled:cursor-not-allowed disabled:opacity-50 data-[state=checked]:bg-[hsl(var(--brand-600))] data-[state=checked]:shadow-[inset_0_1px_3px_rgb(15_23_42_/_0.15)] data-[state=unchecked]:bg-[hsl(var(--slate-300))] flex-none ml-3"[39m
          [33mdata-state[39m=[32m"checked"[39m
          [33mrole[39m=[32m"switch"[39m
          [33mtype[39m=[32m"button"[39m
          [33mvalue[39m=[32m"on"[39m
        [36m>[39m
          [36m<span[39m
            [33mclass[39m=[32m"pointer-events-none block h-4 w-4 rounded-full bg-white shadow-soft ring-0 transition-transform duration-200 ease-[cubic-bezier(0.34,1.56,0.64,1)] data-[state=checked]:translate-x-[16px] data-[state=unchecked]:translate-x-0"[39m
            [33mdata-state[39m=[32m"checked"[39m
          [36m/>[39m
        [36m</button>[39m
      [36m</div>[39m
      [36m<div[39m
        [33mclass[39m=[32m"space-y-2"[39m
      [36m>[39m
        [36m<input[39m
          [33mclass[39m=[32m"w-full px-3 py-2 text-sm rounded-md border border-gray-300 bg-white text-black"[39m
          [33mplaceholder[39m=[32m"WebDAV 地址，如 https://dav.example.com/webrpa/"[39m
          [33mvalue[39m=[32m""[39m
        [36m/>[39m
        [36m<div[39m
          [33mclass[39m=[32m"grid grid-cols-2 gap-2"[39m
        [36m>[39m
          [36m<input[39m
            [33mclass[39m=[32m"px-3 py-2 text-sm rounded-md border border-gray-300 bg-white text-black"[39m
            [33mplaceholder[39m=[32m"用户名"[39m
            [33mvalue[39m=[32m""[39m
          [36m/>[39m
          [36m<input[39m
            [33mclass[39m=[32m"px-3 py-2 text-sm rounded-md border border-gray-300 bg-white text-black"[39m
            [33mplaceholder[39m=[32m"密码"[39m
            [33mtype[39m=[32m"password"[39m
            [33mvalue[39m=[32m""[39m
          [36m/>[39m
        [36m</div>[39m
        [36m<input[39m
          [33mclass[39m=[32m"w-full px-3 py-2 text-sm rounded-md border border-gray-300 bg-white text-black"[39m
          [33mplaceholder[39m=[32m"子目录（可选），如 workflows"[39m
          [33mvalue[39m=[32m""[39m
        [36m/>[39m
        [36m<div[39m
          [33mclass[39m=[32m"flex items-center gap-2"[39m
        [36m>[39m
          [36m<button[39m
            [33mclass[39m=[32m"inline-flex items-center gap-1.5 px-3 py-1.5 text-xs rounded-md border border-gray-300 bg-white hover:bg-gray-100 text-gray-700 disabled:opacity-50"[39m
            [33mdisabled[39m=[32m""[39m
          [36m>[39m
            [36m<svg[39m
              [33maria-hidden[39m=[32m"true"[39m
              [33mclass[39m=[32m"lucide lucide-wifi w-3.5 h-3.5"[39m
              [33mfill[39m=[32m"none"[39m
              [33mheight[39m=[32m"24"[39m
              [33mstroke[39m=[32m"currentColor"[39m
              [33mstroke-linecap[39m=[32m"round"[39m
              [33mstroke-linejoin[39m=[32m"round"[39m
              [33mstroke-width[39m=[32m"2"[39m
              [33mviewBox[39m=[32m"0 0 24 24"[39m
              [33mwidth[39m=[32m"24"[39m
              [33mxmlns[39m=[32m"http://www.w3.org/2000/svg"[39m
            [36m>[39m
              [36m<path[39m
                [33md[39m=[32m"M12 20h.01"[39m
              [36m/>[39m
              [36m<path[39m
                [33md[39m=[32m"M2 8.82a15 15 0 0 1 20 0"[39m
              [36m/>[39m
              [36m<path[39m
                [33md[39m=[32m"M5 12.859a10 10 0 0 1 14 0"[39m
              [36m/>[39m
              [36m<path[39m
                [33md[39m=[32m"M8.5 16.429a5 5 0 0 1 7 0"[39m
              [36m/>[39m
            [36m</svg>[39m
            [0m测试连接[0m
          [36m</button>[39m
          [36m<button[39m
            [33mclass[39m=[32m"inline-flex items-center gap-1.5 px-3 py-1.5 text-xs rounded-md bg-blue-600 hover:bg-blue-700 text-white disabled:opacity-50"[39m
          [36m>[39m
            [36m<svg[39m
              [33maria-hidden[39m=[32m"true"[39m
              [33mclass[39m=[32m"lucide lucide-save w-3.5 h-3.5"[39m
              [33mfill[39m=[32m"none"[39m
              [33mheight[39m=[32m"24"[39m
              [33mstroke[39m=[32m"currentColor"[39m
              [33mstroke-linecap[39m=[32m"round"[39m
              [33mstroke-linejoin[39m=[32m"round"[39m
              [33mstroke-width[39m=[32m"2"[39m
              [33mviewBox[39m=[32m"0 0 24 24"[39m
              [33mwidth[39m=[32m"24"[39m
              [33mxmlns[39m=[32m"http://www.w3.org/2000/svg"[39m
            [36m>[39m
              [36m<path[39m
                [33md[39m=[32m"M15.2 3a2 2 0 0 1 1.4.6l3.8 3.8a2 2 0 0 1 .6 1.4V19a2 2 0 0 1-2 2H5a2 2 0 0 1-2-2V5a2 2 0 0 1 2-2z"[39m
              [36m/>[39m
              [36m<path[39m
                [33md[39m=[32m"M17 21v-7a1 1 0 0 0-1-1H8a1 1 0 0 0-1 1v7"[39m
              [36m/>[39m
              [36m<path[39m
                [33md[39m=[32m"M7 3v4a1 1 0 0 0 1 1h7"[39m
              [36m/>[39m
            [36m</svg>[39m
            [0m保存配置[0m
          [36m</button>[39m
        [36m</div>[39m
      [36m</div>[39m
    [36m</div>[39m
  [36m</div>[39m
[36m</body>[39m

Ignored nodes: comments, script, style
[36m<body>[39m
  [36m<div>[39m
    [36m<div[39m
      [33mclass[39m=[32m"p-4 bg-gray-50 rounded-lg border border-gray-200 space-y-3"[39m
    [36m>[39m
      [36m<div[39m
        [33mclass[39m=[32m"flex items-center justify-between"[39m
      [36m>[39m
        [36m<div>[39m
          [36m<label[39m
            [33mclass[39m=[32m"text-sm font-medium text-gray-700"[39m
          [36m>[39m
            [0mWebDAV 远程存储（NAS / 网盘）[0m
          [36m</label>[39m
          [36m<p[39m
            [33mclass[39m=[32m"text-xs text-gray-500 mt-1"[39m
          [36m>[39m
            [0m开启后，工作流的保存与读取都走 WebDAV 远程目录，可在多台设备间共享。[0m
          [36m</p>[39m
        [36m</div>[39m
        [36m<button[39m
          [33maria-checked[39m=[32m"yes"[39m
          [33mclass[39m=[32m"peer inline-flex h-[20px] w-[36px] cursor-pointer items-center rounded-full border-2 border-transparent transition-colors duration-200 ease-[cubic-bezier(0.25,1,0.5,1)] focus-visible:outline-none focus-visible:ring-2 focus-visible:ring-[hsl(var(--ring))] focus-visible:ring-offset-1 focus-visible:ring-offset-[hsl(var(--background))] disabled:cursor-not-allowed disabled:opacity-50 data-[state=checked]:bg-[hsl(var(--brand-600))] data-[state=checked]:shadow-[inset_0_1px_3px_rgb(15_23_42_/_0.15)] data-[state=unchecked]:bg-[hsl(var(--slate-300))] flex-none ml-3"[39m
          [33mdata-state[39m=[32m"checked"[39m
          [33mrole[39m=[32m"switch"[39m
          [33mtype[39m=[32m"button"[39m
          [33mvalue[39m=[32m"on"[39m
        [36m>[39m
          [36m<span[39m
            [33mclass[39m=[32m"pointer-events-none block h-4 w-4 rounded-full bg-white shadow-soft ring-0 transition-transform duration-200 ease-[cubic-bezier(0.34,1.56,0.64,1)] data-[state=checked]:translate-x-[16px] data-[state=unchecked]:translate-x-0"[39m
            [33mdata-state[39m=[32m"checked"[39m
          [36m/>[39m
        [36m</button>[39m
      [36m</div>[39m
      [36m<div[39m
        [33mclass[39m=[32m"space-y-2"[39m
      [36m>[39m
        [36m<input[39m
          [33mclass[39m=[32m"w-full px-3 py-2 text-sm rounded-md border border-gray-300 bg-white text-black"[39m
          [33mplaceholder[39m=[32m"WebDAV 地址，如 https://dav.example.com/webrpa/"[39m
          [33mvalue[39m=[32m""[39m
        [36m/>[39m
        [36m<div[39m
          [33mclass[39m=[32m"grid grid-cols-2 gap-2"[39m
        [36m>[39m
          [36m<input[39m
            [33mclass[39m=[32m"px-3 py-2 text-sm rounded-md border border-gray-300 bg-white text-black"[39m
            [33mplaceholder[39m=[32m"用户名"[39m
            [33mvalue[39m=[32m""[39m
          [36m/>[39m
          [36m<input[39m
            [33mclass[39m=[32m"px-3 py-2 text-sm rounded-md border border-gray-300 bg-white text-black"[39m
            [33mplaceholder[39m=[32m"密码"[39m
            [33mtype[39m=[32m"password"[39m
            [33mvalue[39m=[32m""[39m
          [36m/>[39m
        [36m</div>[39m
        [36m<input[39m
          [33mclass[39m=[32m"w-full px-3 py-2 text-sm rounded-md border border-gray-300 bg-white text-black"[39m
          [33mplaceholder[39m=[32m"子目录（可选），如 workflows"[39m
          [33mvalue[39m=[32m""[39m
        [36m/>[39m
        [36m<div[39m
          [33mclass[39m=[32m"flex items-center gap-2"[39m
        [36m>[39m
          [36m<button[39m
            [33mclass[39m=[32m"inline-flex items-center gap-1.5 px-3 py-1.5 text-xs rounded-md border border-gray-300 bg-white hover:bg-gray-100 text-gray-700 disabled:opacity-50"[39m
            [33mdisabled[39m=[32m""[39m
          [36m>[39m
            [36m<svg[39m
              [33maria-hidden[39m=[32m"true"[39m
              [33mclass[39m=[32m"lucide lucide-wifi w-3.5 h-3.5"[39m
              [33mfill[39m=[32m"none"[39m
              [33mheight[39m=[32m"24"[39m
              [33mstroke[39m=[32m"currentColor"[39m
              [33mstroke-linecap[39m=[32m"round"[39m
              [33mstroke-linejoin[39m=[32m"round"[39m
              [33mstroke-width[39m=[32m"2"[39m
              [33mviewBox[39m=[32m"0 0 24 24"[39m
              [33mwidth[39m=[32m"24"[39m
              [33mxmlns[39m=[32m"http://www.w3.org/2000/svg"[39m
            [36m>[39m
              [36m<path[39m
                [33md[39m=[32m"M12 20h.01"[39m
              [36m/>[39m
              [36m<path[39m
                [33md[39m=[32m"M2 8.82a15 15 0 0 1 20 0"[39m
              [36m/>[39m
              [36m<path[39m
                [33md[39m=[32m"M5 12.859a10 10 0 0 1 14 0"[39m
              [36m/>[39m
              [36m<path[39m
                [33md[39m=[32m"M8.5 16.429a5 5 0 0 1 7 0"[39m
              [36m/>[39m
            [36m</svg>[39m
            [0m测试连接[0m
          [36m</button>[39m
          [36m<button[39m
            [33mclass[39m=[32m"inline-flex items-center gap-1.5 px-3 py-1.5 text-xs rounded-md bg-blue-600 hover:bg-blue-700 text-white disabled:opacity-50"[39m
          [36m>[39m
            [36m<svg[39m
              [33maria-hidden[39m=[32m"true"[39m
              [33mclass[39m=[32m"lucide lucide-save w-3.5 h-3.5"[39m
              [33mfill[39m=[32m"none"[39m
              [33mheight[39m=[32m"24"[39m
              [33mstroke[39m=[32m"currentColor"[39m
              [33mstroke-linecap[39m=[32m"round"[39m
              [33mstroke-linejoin[39m=[32m"round"[39m
              [33mstroke-width[39m=[32m"2"[39m
              [33mviewBox[39m=[32m"0 0 24 24"[39m
              [33mwidth[39m=[32m"24"[39m
              [33mxmlns[39m=[32m"http://www.w3.org/2000/svg"[39m
            [36m>[39m
              [36m<path[39m
                [33md[39m=[32m"M15.2 3a2 2 0 0 1 1.4.6l3.8 3.8a2 2 0 0 1 .6 1.4V19a2 2 0 0 1-2 2H5a2 2 0 0 1-2-2V5a2 2 0 0 1 2-2z"[39m
              [36m/>[39m
              [36m<path[39m
                [33md[39m=[32m"M17 21v-7a1 1 0 0 0-1-1H8a1 1 0 0 0-1 1v7"[39m
              [36m/>[39m
              [36m<path[39m
                [33md[39m=[32m"M7 3v4a1 1 0 0 0 1 1h7"[39m
              [36m/>[39m
            [36m</svg>[39m
            [0m保存配置[0m
          [36m</button>[39m
        [36m</div>[39m
      [36m</div>[39m
    [36m</div>[39m
  [36m</div>[39m
[36m</body>[39m
 ❯ waitForWrapper ../../node_modules/@testing-library/dom/dist/wait-for.js:163:27
 ❯ ../../node_modules/@testing-library/dom/dist/query-helpers.js:86:33
 ❯ src/renderer/domains/workflows/tests/webdav-settings-protection.test.tsx:12:41


⎯⎯⎯⎯⎯⎯⎯⎯⎯⎯⎯⎯⎯⎯⎯⎯⎯⎯⎯⎯⎯⎯⎯⎯[3/8]⎯

 FAIL  src/renderer/domains/workflows/tests/webdav-settings-protection.test.tsx > save rejects HTTP failure even when the body claims success
TestingLibraryElementError: Unable to find role="alert"

Ignored nodes: comments, script, style
[36m<body>[39m
  [36m<div>[39m
    [36m<div[39m
      [33mclass[39m=[32m"p-4 bg-gray-50 rounded-lg border border-gray-200 space-y-3"[39m
    [36m>[39m
      [36m<div[39m
        [33mclass[39m=[32m"flex items-center justify-between"[39m
      [36m>[39m
        [36m<div>[39m
          [36m<label[39m
            [33mclass[39m=[32m"text-sm font-medium text-gray-700"[39m
          [36m>[39m
            [0mWebDAV 远程存储（NAS / 网盘）[0m
          [36m</label>[39m
          [36m<p[39m
            [33mclass[39m=[32m"text-xs text-gray-500 mt-1"[39m
          [36m>[39m
            [0m开启后，工作流的保存与读取都走 WebDAV 远程目录，可在多台设备间共享。[0m
          [36m</p>[39m
        [36m</div>[39m
        [36m<button[39m
          [33maria-checked[39m=[32m"false"[39m
          [33mclass[39m=[32m"peer inline-flex h-[20px] w-[36px] cursor-pointer items-center rounded-full border-2 border-transparent transition-colors duration-200 ease-[cubic-bezier(0.25,1,0.5,1)] focus-visible:outline-none focus-visible:ring-2 focus-visible:ring-[hsl(var(--ring))] focus-visible:ring-offset-1 focus-visible:ring-offset-[hsl(var(--background))] disabled:cursor-not-allowed disabled:opacity-50 data-[state=checked]:bg-[hsl(var(--brand-600))] data-[state=checked]:shadow-[inset_0_1px_3px_rgb(15_23_42_/_0.15)] data-[state=unchecked]:bg-[hsl(var(--slate-300))] flex-none ml-3"[39m
          [33mdata-state[39m=[32m"unchecked"[39m
          [33mrole[39m=[32m"switch"[39m
          [33mtype[39m=[32m"button"[39m
          [33mvalue[39m=[32m"on"[39m
        [36m>[39m
          [36m<span[39m
            [33mclass[39m=[32m"pointer-events-none block h-4 w-4 rounded-full bg-white shadow-soft ring-0 transition-transform duration-200 ease-[cubic-bezier(0.34,1.56,0.64,1)] data-[state=checked]:translate-x-[16px] data-[state=unchecked]:translate-x-0"[39m
            [33mdata-state[39m=[32m"unchecked"[39m
          [36m/>[39m
        [36m</button>[39m
      [36m</div>[39m
      [36m<div[39m
        [33mclass[39m=[32m"space-y-2"[39m
      [36m>[39m
        [36m<input[39m
          [33mclass[39m=[32m"w-full px-3 py-2 text-sm rounded-md border border-gray-300 bg-white text-black"[39m
          [33mplaceholder[39m=[32m"WebDAV 地址，如 https://dav.example.com/webrpa/"[39m
          [33mvalue[39m=[32m"https://dav.fixture/"[39m
        [36m/>[39m
        [36m<div[39m
          [33mclass[39m=[32m"grid grid-cols-2 gap-2"[39m
        [36m>[39m
          [36m<input[39m
            [33mclass[39m=[32m"px-3 py-2 text-sm rounded-md border border-gray-300 bg-white text-black"[39m
            [33mplaceholder[39m=[32m"用户名"[39m
            [33mvalue[39m=[32m"fixture"[39m
          [36m/>[39m
          [36m<input[39m
            [33mclass[39m=[32m"px-3 py-2 text-sm rounded-md border border-gray-300 bg-white text-black"[39m
            [33mplaceholder[39m=[32m"密码"[39m
            [33mtype[39m=[32m"password"[39m
            [33mvalue[39m=[32m""[39m
          [36m/>[39m
        [36m</div>[39m
        [36m<input[39m
          [33mclass[39m=[32m"w-full px-3 py-2 text-sm rounded-md border border-gray-300 bg-white text-black"[39m
          [33mplaceholder[39m=[32m"子目录（可选），如 workflows"[39m
          [33mvalue[39m=[32m"workflows"[39m
        [36m/>[39m
        [36m<div[39m
          [33mclass[39m=[32m"flex items-center gap-2"[39m
        [36m>[39m
          [36m<button[39m
            [33mclass[39m=[32m"inline-flex items-center gap-1.5 px-3 py-1.5 text-xs rounded-md border border-gray-300 bg-white hover:bg-gray-100 text-gray-700 disabled:opacity-50"[39m
          [36m>[39m
            [36m<svg[39m
              [33maria-hidden[39m=[32m"true"[39m
              [33mclass[39m=[32m"lucide lucide-wifi w-3.5 h-3.5"[39m
              [33mfill[39m=[32m"none"[39m
              [33mheight[39m=[32m"24"[39m
              [33mstroke[39m=[32m"currentColor"[39m
              [33mstroke-linecap[39m=[32m"round"[39m
              [33mstroke-linejoin[39m=[32m"round"[39m
              [33mstroke-width[39m=[32m"2"[39m
              [33mviewBox[39m=[32m"0 0 24 24"[39m
              [33mwidth[39m=[32m"24"[39m
              [33mxmlns[39m=[32m"http://www.w3.org/2000/svg"[39m
            [36m>[39m
              [36m<path[39m
                [33md[39m=[32m"M12 20h.01"[39m
              [36m/>[39m
              [36m<path[39m
                [33md[39m=[32m"M2 8.82a15 15 0 0 1 20 0"[39m
              [36m/>[39m
              [36m<path[39m
                [33md[39m=[32m"M5 12.859a10 10 0 0 1 14 0"[39m
              [36m/>[39m
              [36m<path[39m
                [33md[39m=[32m"M8.5 16.429a5 5 0 0 1 7 0"[39m
              [36m/>[39m
            [36m</svg>[39m
            [0m测试连接[0m
          [36m</button>[39m
          [36m<button[39m
            [33mclass[39m=[32m"inline-flex items-center gap-1.5 px-3 py-1.5 text-xs rounded-md bg-blue-600 hover:bg-blue-700 text-white disabled:opacity-50"[39m
          [36m>[39m
            [36m<svg[39m
              [33maria-hidden[39m=[32m"true"[39m
              [33mclass[39m=[32m"lucide lucide-save w-3.5 h-3.5"[39m
              [33mfill[39m=[32m"none"[39m
              [33mheight[39m=[32m"24"[39m
              [33mstroke[39m=[32m"currentColor"[39m
              [33mstroke-linecap[39m=[32m"round"[39m
              [33mstroke-linejoin[39m=[32m"round"[39m
              [33mstroke-width[39m=[32m"2"[39m
              [33mviewBox[39m=[32m"0 0 24 24"[39m
              [33mwidth[39m=[32m"24"[39m
              [33mxmlns[39m=[32m"http://www.w3.org/2000/svg"[39m
            [36m>[39m
              [36m<path[39m
                [33md[39m=[32m"M15.2 3a2 2 0 0 1 1.4.6l3.8 3.8a2 2 0 0 1 .6 1.4V19a2 2 0 0 1-2 2H5a2 2 0 0 1-2-2V5a2 2 0 0 1 2-2z"[39m
              [36m/>[39m
              [36m<path[39m
                [33md[39m=[32m"M17 21v-7a1 1 0 0 0-1-1H8a1 1 0 0 0-1 1v7"[39m
              [36m/>[39m
              [36m<path[39m
                [33md[39m=[32m"M7 3v4a1 1 0 0 0 1 1h7"[39m
              [36m/>[39m
            [36m</svg>[39m
            [0m保存配置[0m
          [36m</button>[39m
          [36m<span[39m
            [33mclass[39m=[32m"text-xs text-green-600"[39m
          [36m>[39m
            [0m已保存（WebDAV 未启用，仍用本地目录）[0m
          [36m</span>[39m
        [36m</div>[39m
      [36m</div>[39m
    [36m</div>[39m
  [36m</div>[39m
[36m</body>[39m

Ignored nodes: comments, script, style
[36m<body>[39m
  [36m<div>[39m
    [36m<div[39m
      [33mclass[39m=[32m"p-4 bg-gray-50 rounded-lg border border-gray-200 space-y-3"[39m
    [36m>[39m
      [36m<div[39m
        [33mclass[39m=[32m"flex items-center justify-between"[39m
      [36m>[39m
        [36m<div>[39m
          [36m<label[39m
            [33mclass[39m=[32m"text-sm font-medium text-gray-700"[39m
          [36m>[39m
            [0mWebDAV 远程存储（NAS / 网盘）[0m
          [36m</label>[39m
          [36m<p[39m
            [33mclass[39m=[32m"text-xs text-gray-500 mt-1"[39m
          [36m>[39m
            [0m开启后，工作流的保存与读取都走 WebDAV 远程目录，可在多台设备间共享。[0m
          [36m</p>[39m
        [36m</div>[39m
        [36m<button[39m
          [33maria-checked[39m=[32m"false"[39m
          [33mclass[39m=[32m"peer inline-flex h-[20px] w-[36px] cursor-pointer items-center rounded-full border-2 border-transparent transition-colors duration-200 ease-[cubic-bezier(0.25,1,0.5,1)] focus-visible:outline-none focus-visible:ring-2 focus-visible:ring-[hsl(var(--ring))] focus-visible:ring-offset-1 focus-visible:ring-offset-[hsl(var(--background))] disabled:cursor-not-allowed disabled:opacity-50 data-[state=checked]:bg-[hsl(var(--brand-600))] data-[state=checked]:shadow-[inset_0_1px_3px_rgb(15_23_42_/_0.15)] data-[state=unchecked]:bg-[hsl(var(--slate-300))] flex-none ml-3"[39m
          [33mdata-state[39m=[32m"unchecked"[39m
          [33mrole[39m=[32m"switch"[39m
          [33mtype[39m=[32m"button"[39m
          [33mvalue[39m=[32m"on"[39m
        [36m>[39m
          [36m<span[39m
            [33mclass[39m=[32m"pointer-events-none block h-4 w-4 rounded-full bg-white shadow-soft ring-0 transition-transform duration-200 ease-[cubic-bezier(0.34,1.56,0.64,1)] data-[state=checked]:translate-x-[16px] data-[state=unchecked]:translate-x-0"[39m
            [33mdata-state[39m=[32m"unchecked"[39m
          [36m/>[39m
        [36m</button>[39m
      [36m</div>[39m
      [36m<div[39m
        [33mclass[39m=[32m"space-y-2"[39m
      [36m>[39m
        [36m<input[39m
          [33mclass[39m=[32m"w-full px-3 py-2 text-sm rounded-md border border-gray-300 bg-white text-black"[39m
          [33mplaceholder[39m=[32m"WebDAV 地址，如 https://dav.example.com/webrpa/"[39m
          [33mvalue[39m=[32m"https://dav.fixture/"[39m
        [36m/>[39m
        [36m<div[39m
          [33mclass[39m=[32m"grid grid-cols-2 gap-2"[39m
        [36m>[39m
          [36m<input[39m
            [33mclass[39m=[32m"px-3 py-2 text-sm rounded-md border border-gray-300 bg-white text-black"[39m
            [33mplaceholder[39m=[32m"用户名"[39m
            [33mvalue[39m=[32m"fixture"[39m
          [36m/>[39m
          [36m<input[39m
            [33mclass[39m=[32m"px-3 py-2 text-sm rounded-md border border-gray-300 bg-white text-black"[39m
            [33mplaceholder[39m=[32m"密码"[39m
            [33mtype[39m=[32m"password"[39m
            [33mvalue[39m=[32m""[39m
          [36m/>[39m
        [36m</div>[39m
        [36m<input[39m
          [33mclass[39m=[32m"w-full px-3 py-2 text-sm rounded-md border border-gray-300 bg-white text-black"[39m
          [33mplaceholder[39m=[32m"子目录（可选），如 workflows"[39m
          [33mvalue[39m=[32m"workflows"[39m
        [36m/>[39m
        [36m<div[39m
          [33mclass[39m=[32m"flex items-center gap-2"[39m
        [36m>[39m
          [36m<button[39m
            [33mclass[39m=[32m"inline-flex items-center gap-1.5 px-3 py-1.5 text-xs rounded-md border border-gray-300 bg-white hover:bg-gray-100 text-gray-700 disabled:opacity-50"[39m
          [36m>[39m
            [36m<svg[39m
              [33maria-hidden[39m=[32m"true"[39m
              [33mclass[39m=[32m"lucide lucide-wifi w-3.5 h-3.5"[39m
              [33mfill[39m=[32m"none"[39m
              [33mheight[39m=[32m"24"[39m
              [33mstroke[39m=[32m"currentColor"[39m
              [33mstroke-linecap[39m=[32m"round"[39m
              [33mstroke-linejoin[39m=[32m"round"[39m
              [33mstroke-width[39m=[32m"2"[39m
              [33mviewBox[39m=[32m"0 0 24 24"[39m
              [33mwidth[39m=[32m"24"[39m
              [33mxmlns[39m=[32m"http://www.w3.org/2000/svg"[39m
            [36m>[39m
              [36m<path[39m
                [33md[39m=[32m"M12 20h.01"[39m
              [36m/>[39m
              [36m<path[39m
                [33md[39m=[32m"M2 8.82a15 15 0 0 1 20 0"[39m
              [36m/>[39m
              [36m<path[39m
                [33md[39m=[32m"M5 12.859a10 10 0 0 1 14 0"[39m
              [36m/>[39m
              [36m<path[39m
                [33md[39m=[32m"M8.5 16.429a5 5 0 0 1 7 0"[39m
              [36m/>[39m
            [36m</svg>[39m
            [0m测试连接[0m
          [36m</button>[39m
          [36m<button[39m
            [33mclass[39m=[32m"inline-flex items-center gap-1.5 px-3 py-1.5 text-xs rounded-md bg-blue-600 hover:bg-blue-700 text-white disabled:opacity-50"[39m
          [36m>[39m
            [36m<svg[39m
              [33maria-hidden[39m=[32m"true"[39m
              [33mclass[39m=[32m"lucide lucide-save w-3.5 h-3.5"[39m
              [33mfill[39m=[32m"none"[39m
              [33mheight[39m=[32m"24"[39m
              [33mstroke[39m=[32m"currentColor"[39m
              [33mstroke-linecap[39m=[32m"round"[39m
              [33mstroke-linejoin[39m=[32m"round"[39m
              [33mstroke-width[39m=[32m"2"[39m
              [33mviewBox[39m=[32m"0 0 24 24"[39m
              [33mwidth[39m=[32m"24"[39m
              [33mxmlns[39m=[32m"http://www.w3.org/2000/svg"[39m
            [36m>[39m
              [36m<path[39m
                [33md[39m=[32m"M15.2 3a2 2 0 0 1 1.4.6l3.8 3.8a2 2 0 0 1 .6 1.4V19a2 2 0 0 1-2 2H5a2 2 0 0 1-2-2V5a2 2 0 0 1 2-2z"[39m
              [36m/>[39m
              [36m<path[39m
                [33md[39m=[32m"M17 21v-7a1 1 0 0 0-1-1H8a1 1 0 0 0-1 1v7"[39m
              [36m/>[39m
              [36m<path[39m
                [33md[39m=[32m"M7 3v4a1 1 0 0 0 1 1h7"[39m
              [36m/>[39m
            [36m</svg>[39m
            [0m保存配置[0m
          [36m</button>[39m
          [36m<span[39m
            [33mclass[39m=[32m"text-xs text-green-600"[39m
          [36m>[39m
            [0m已保存（WebDAV 未启用，仍用本地目录）[0m
          [36m</span>[39m
        [36m</div>[39m
      [36m</div>[39m
    [36m</div>[39m
  [36m</div>[39m
[36m</body>[39m
 ❯ waitForWrapper ../../node_modules/@testing-library/dom/dist/wait-for.js:163:27
 ❯ ../../node_modules/@testing-library/dom/dist/query-helpers.js:86:33
 ❯ src/renderer/domains/workflows/tests/webdav-settings-protection.test.tsx:18:163
     16| it.each(['save','test'])('%s rejects HTTP failure even when the body c…
     17|  transport.mockImplementation(async(_input,init)=>init?.method==='POST…
     18|  render(<WebDAVSettings/>);await screen.findByDisplayValue(cfg.url);fi…
       |                                                                                                                                                                   ^
     19|  expect(screen.queryByText('连接成功！')).toBeNull();expect(screen.getByDis…
     20| })

⎯⎯⎯⎯⎯⎯⎯⎯⎯⎯⎯⎯⎯⎯⎯⎯⎯⎯⎯⎯⎯⎯⎯⎯[4/8]⎯

 FAIL  src/renderer/domains/workflows/tests/webdav-settings-protection.test.tsx > test rejects HTTP failure even when the body claims success
TestingLibraryElementError: Unable to find role="alert"

Ignored nodes: comments, script, style
[36m<body>[39m
  [36m<div>[39m
    [36m<div[39m
      [33mclass[39m=[32m"p-4 bg-gray-50 rounded-lg border border-gray-200 space-y-3"[39m
    [36m>[39m
      [36m<div[39m
        [33mclass[39m=[32m"flex items-center justify-between"[39m
      [36m>[39m
        [36m<div>[39m
          [36m<label[39m
            [33mclass[39m=[32m"text-sm font-medium text-gray-700"[39m
          [36m>[39m
            [0mWebDAV 远程存储（NAS / 网盘）[0m
          [36m</label>[39m
          [36m<p[39m
            [33mclass[39m=[32m"text-xs text-gray-500 mt-1"[39m
          [36m>[39m
            [0m开启后，工作流的保存与读取都走 WebDAV 远程目录，可在多台设备间共享。[0m
          [36m</p>[39m
        [36m</div>[39m
        [36m<button[39m
          [33maria-checked[39m=[32m"false"[39m
          [33mclass[39m=[32m"peer inline-flex h-[20px] w-[36px] cursor-pointer items-center rounded-full border-2 border-transparent transition-colors duration-200 ease-[cubic-bezier(0.25,1,0.5,1)] focus-visible:outline-none focus-visible:ring-2 focus-visible:ring-[hsl(var(--ring))] focus-visible:ring-offset-1 focus-visible:ring-offset-[hsl(var(--background))] disabled:cursor-not-allowed disabled:opacity-50 data-[state=checked]:bg-[hsl(var(--brand-600))] data-[state=checked]:shadow-[inset_0_1px_3px_rgb(15_23_42_/_0.15)] data-[state=unchecked]:bg-[hsl(var(--slate-300))] flex-none ml-3"[39m
          [33mdata-state[39m=[32m"unchecked"[39m
          [33mrole[39m=[32m"switch"[39m
          [33mtype[39m=[32m"button"[39m
          [33mvalue[39m=[32m"on"[39m
        [36m>[39m
          [36m<span[39m
            [33mclass[39m=[32m"pointer-events-none block h-4 w-4 rounded-full bg-white shadow-soft ring-0 transition-transform duration-200 ease-[cubic-bezier(0.34,1.56,0.64,1)] data-[state=checked]:translate-x-[16px] data-[state=unchecked]:translate-x-0"[39m
            [33mdata-state[39m=[32m"unchecked"[39m
          [36m/>[39m
        [36m</button>[39m
      [36m</div>[39m
      [36m<div[39m
        [33mclass[39m=[32m"space-y-2"[39m
      [36m>[39m
        [36m<input[39m
          [33mclass[39m=[32m"w-full px-3 py-2 text-sm rounded-md border border-gray-300 bg-white text-black"[39m
          [33mplaceholder[39m=[32m"WebDAV 地址，如 https://dav.example.com/webrpa/"[39m
          [33mvalue[39m=[32m"https://dav.fixture/"[39m
        [36m/>[39m
        [36m<div[39m
          [33mclass[39m=[32m"grid grid-cols-2 gap-2"[39m
        [36m>[39m
          [36m<input[39m
            [33mclass[39m=[32m"px-3 py-2 text-sm rounded-md border border-gray-300 bg-white text-black"[39m
            [33mplaceholder[39m=[32m"用户名"[39m
            [33mvalue[39m=[32m"fixture"[39m
          [36m/>[39m
          [36m<input[39m
            [33mclass[39m=[32m"px-3 py-2 text-sm rounded-md border border-gray-300 bg-white text-black"[39m
            [33mplaceholder[39m=[32m"密码"[39m
            [33mtype[39m=[32m"password"[39m
            [33mvalue[39m=[32m""[39m
          [36m/>[39m
        [36m</div>[39m
        [36m<input[39m
          [33mclass[39m=[32m"w-full px-3 py-2 text-sm rounded-md border border-gray-300 bg-white text-black"[39m
          [33mplaceholder[39m=[32m"子目录（可选），如 workflows"[39m
          [33mvalue[39m=[32m"workflows"[39m
        [36m/>[39m
        [36m<div[39m
          [33mclass[39m=[32m"flex items-center gap-2"[39m
        [36m>[39m
          [36m<button[39m
            [33mclass[39m=[32m"inline-flex items-center gap-1.5 px-3 py-1.5 text-xs rounded-md border border-gray-300 bg-white hover:bg-gray-100 text-gray-700 disabled:opacity-50"[39m
          [36m>[39m
            [36m<svg[39m
              [33maria-hidden[39m=[32m"true"[39m
              [33mclass[39m=[32m"lucide lucide-wifi w-3.5 h-3.5"[39m
              [33mfill[39m=[32m"none"[39m
              [33mheight[39m=[32m"24"[39m
              [33mstroke[39m=[32m"currentColor"[39m
              [33mstroke-linecap[39m=[32m"round"[39m
              [33mstroke-linejoin[39m=[32m"round"[39m
              [33mstroke-width[39m=[32m"2"[39m
              [33mviewBox[39m=[32m"0 0 24 24"[39m
              [33mwidth[39m=[32m"24"[39m
              [33mxmlns[39m=[32m"http://www.w3.org/2000/svg"[39m
            [36m>[39m
              [36m<path[39m
                [33md[39m=[32m"M12 20h.01"[39m
              [36m/>[39m
              [36m<path[39m
                [33md[39m=[32m"M2 8.82a15 15 0 0 1 20 0"[39m
              [36m/>[39m
              [36m<path[39m
                [33md[39m=[32m"M5 12.859a10 10 0 0 1 14 0"[39m
              [36m/>[39m
              [36m<path[39m
                [33md[39m=[32m"M8.5 16.429a5 5 0 0 1 7 0"[39m
              [36m/>[39m
            [36m</svg>[39m
            [0m测试连接[0m
          [36m</button>[39m
          [36m<button[39m
            [33mclass[39m=[32m"inline-flex items-center gap-1.5 px-3 py-1.5 text-xs rounded-md bg-blue-600 hover:bg-blue-700 text-white disabled:opacity-50"[39m
          [36m>[39m
            [36m<svg[39m
              [33maria-hidden[39m=[32m"true"[39m
              [33mclass[39m=[32m"lucide lucide-save w-3.5 h-3.5"[39m
              [33mfill[39m=[32m"none"[39m
              [33mheight[39m=[32m"24"[39m
              [33mstroke[39m=[32m"currentColor"[39m
              [33mstroke-linecap[39m=[32m"round"[39m
              [33mstroke-linejoin[39m=[32m"round"[39m
              [33mstroke-width[39m=[32m"2"[39m
              [33mviewBox[39m=[32m"0 0 24 24"[39m
              [33mwidth[39m=[32m"24"[39m
              [33mxmlns[39m=[32m"http://www.w3.org/2000/svg"[39m
            [36m>[39m
              [36m<path[39m
                [33md[39m=[32m"M15.2 3a2 2 0 0 1 1.4.6l3.8 3.8a2 2 0 0 1 .6 1.4V19a2 2 0 0 1-2 2H5a2 2 0 0 1-2-2V5a2 2 0 0 1 2-2z"[39m
              [36m/>[39m
              [36m<path[39m
                [33md[39m=[32m"M17 21v-7a1 1 0 0 0-1-1H8a1 1 0 0 0-1 1v7"[39m
              [36m/>[39m
              [36m<path[39m
                [33md[39m=[32m"M7 3v4a1 1 0 0 0 1 1h7"[39m
              [36m/>[39m
            [36m</svg>[39m
            [0m保存配置[0m
          [36m</button>[39m
          [36m<span[39m
            [33mclass[39m=[32m"text-xs text-green-600"[39m
          [36m>[39m
            [0m连接成功！[0m
          [36m</span>[39m
        [36m</div>[39m
      [36m</div>[39m
    [36m</div>[39m
  [36m</div>[39m
[36m</body>[39m

Ignored nodes: comments, script, style
[36m<body>[39m
  [36m<div>[39m
    [36m<div[39m
      [33mclass[39m=[32m"p-4 bg-gray-50 rounded-lg border border-gray-200 space-y-3"[39m
    [36m>[39m
      [36m<div[39m
        [33mclass[39m=[32m"flex items-center justify-between"[39m
      [36m>[39m
        [36m<div>[39m
          [36m<label[39m
            [33mclass[39m=[32m"text-sm font-medium text-gray-700"[39m
          [36m>[39m
            [0mWebDAV 远程存储（NAS / 网盘）[0m
          [36m</label>[39m
          [36m<p[39m
            [33mclass[39m=[32m"text-xs text-gray-500 mt-1"[39m
          [36m>[39m
            [0m开启后，工作流的保存与读取都走 WebDAV 远程目录，可在多台设备间共享。[0m
          [36m</p>[39m
        [36m</div>[39m
        [36m<button[39m
          [33maria-checked[39m=[32m"false"[39m
          [33mclass[39m=[32m"peer inline-flex h-[20px] w-[36px] cursor-pointer items-center rounded-full border-2 border-transparent transition-colors duration-200 ease-[cubic-bezier(0.25,1,0.5,1)] focus-visible:outline-none focus-visible:ring-2 focus-visible:ring-[hsl(var(--ring))] focus-visible:ring-offset-1 focus-visible:ring-offset-[hsl(var(--background))] disabled:cursor-not-allowed disabled:opacity-50 data-[state=checked]:bg-[hsl(var(--brand-600))] data-[state=checked]:shadow-[inset_0_1px_3px_rgb(15_23_42_/_0.15)] data-[state=unchecked]:bg-[hsl(var(--slate-300))] flex-none ml-3"[39m
          [33mdata-state[39m=[32m"unchecked"[39m
          [33mrole[39m=[32m"switch"[39m
          [33mtype[39m=[32m"button"[39m
          [33mvalue[39m=[32m"on"[39m
        [36m>[39m
          [36m<span[39m
            [33mclass[39m=[32m"pointer-events-none block h-4 w-4 rounded-full bg-white shadow-soft ring-0 transition-transform duration-200 ease-[cubic-bezier(0.34,1.56,0.64,1)] data-[state=checked]:translate-x-[16px] data-[state=unchecked]:translate-x-0"[39m
            [33mdata-state[39m=[32m"unchecked"[39m
          [36m/>[39m
        [36m</button>[39m
      [36m</div>[39m
      [36m<div[39m
        [33mclass[39m=[32m"space-y-2"[39m
      [36m>[39m
        [36m<input[39m
          [33mclass[39m=[32m"w-full px-3 py-2 text-sm rounded-md border border-gray-300 bg-white text-black"[39m
          [33mplaceholder[39m=[32m"WebDAV 地址，如 https://dav.example.com/webrpa/"[39m
          [33mvalue[39m=[32m"https://dav.fixture/"[39m
        [36m/>[39m
        [36m<div[39m
          [33mclass[39m=[32m"grid grid-cols-2 gap-2"[39m
        [36m>[39m
          [36m<input[39m
            [33mclass[39m=[32m"px-3 py-2 text-sm rounded-md border border-gray-300 bg-white text-black"[39m
            [33mplaceholder[39m=[32m"用户名"[39m
            [33mvalue[39m=[32m"fixture"[39m
          [36m/>[39m
          [36m<input[39m
            [33mclass[39m=[32m"px-3 py-2 text-sm rounded-md border border-gray-300 bg-white text-black"[39m
            [33mplaceholder[39m=[32m"密码"[39m
            [33mtype[39m=[32m"password"[39m
            [33mvalue[39m=[32m""[39m
          [36m/>[39m
        [36m</div>[39m
        [36m<input[39m
          [33mclass[39m=[32m"w-full px-3 py-2 text-sm rounded-md border border-gray-300 bg-white text-black"[39m
          [33mplaceholder[39m=[32m"子目录（可选），如 workflows"[39m
          [33mvalue[39m=[32m"workflows"[39m
        [36m/>[39m
        [36m<div[39m
          [33mclass[39m=[32m"flex items-center gap-2"[39m
        [36m>[39m
          [36m<button[39m
            [33mclass[39m=[32m"inline-flex items-center gap-1.5 px-3 py-1.5 text-xs rounded-md border border-gray-300 bg-white hover:bg-gray-100 text-gray-700 disabled:opacity-50"[39m
          [36m>[39m
            [36m<svg[39m
              [33maria-hidden[39m=[32m"true"[39m
              [33mclass[39m=[32m"lucide lucide-wifi w-3.5 h-3.5"[39m
              [33mfill[39m=[32m"none"[39m
              [33mheight[39m=[32m"24"[39m
              [33mstroke[39m=[32m"currentColor"[39m
              [33mstroke-linecap[39m=[32m"round"[39m
              [33mstroke-linejoin[39m=[32m"round"[39m
              [33mstroke-width[39m=[32m"2"[39m
              [33mviewBox[39m=[32m"0 0 24 24"[39m
              [33mwidth[39m=[32m"24"[39m
              [33mxmlns[39m=[32m"http://www.w3.org/2000/svg"[39m
            [36m>[39m
              [36m<path[39m
                [33md[39m=[32m"M12 20h.01"[39m
              [36m/>[39m
              [36m<path[39m
                [33md[39m=[32m"M2 8.82a15 15 0 0 1 20 0"[39m
              [36m/>[39m
              [36m<path[39m
                [33md[39m=[32m"M5 12.859a10 10 0 0 1 14 0"[39m
              [36m/>[39m
              [36m<path[39m
                [33md[39m=[32m"M8.5 16.429a5 5 0 0 1 7 0"[39m
              [36m/>[39m
            [36m</svg>[39m
            [0m测试连接[0m
          [36m</button>[39m
          [36m<button[39m
            [33mclass[39m=[32m"inline-flex items-center gap-1.5 px-3 py-1.5 text-xs rounded-md bg-blue-600 hover:bg-blue-700 text-white disabled:opacity-50"[39m
          [36m>[39m
            [36m<svg[39m
              [33maria-hidden[39m=[32m"true"[39m
              [33mclass[39m=[32m"lucide lucide-save w-3.5 h-3.5"[39m
              [33mfill[39m=[32m"none"[39m
              [33mheight[39m=[32m"24"[39m
              [33mstroke[39m=[32m"currentColor"[39m
              [33mstroke-linecap[39m=[32m"round"[39m
              [33mstroke-linejoin[39m=[32m"round"[39m
              [33mstroke-width[39m=[32m"2"[39m
              [33mviewBox[39m=[32m"0 0 24 24"[39m
              [33mwidth[39m=[32m"24"[39m
              [33mxmlns[39m=[32m"http://www.w3.org/2000/svg"[39m
            [36m>[39m
              [36m<path[39m
                [33md[39m=[32m"M15.2 3a2 2 0 0 1 1.4.6l3.8 3.8a2 2 0 0 1 .6 1.4V19a2 2 0 0 1-2 2H5a2 2 0 0 1-2-2V5a2 2 0 0 1 2-2z"[39m
              [36m/>[39m
              [36m<path[39m
                [33md[39m=[32m"M17 21v-7a1 1 0 0 0-1-1H8a1 1 0 0 0-1 1v7"[39m
              [36m/>[39m
              [36m<path[39m
                [33md[39m=[32m"M7 3v4a1 1 0 0 0 1 1h7"[39m
              [36m/>[39m
            [36m</svg>[39m
            [0m保存配置[0m
          [36m</button>[39m
          [36m<span[39m
            [33mclass[39m=[32m"text-xs text-green-600"[39m
          [36m>[39m
            [0m连接成功！[0m
          [36m</span>[39m
        [36m</div>[39m
      [36m</div>[39m
    [36m</div>[39m
  [36m</div>[39m
[36m</body>[39m
 ❯ waitForWrapper ../../node_modules/@testing-library/dom/dist/wait-for.js:163:27
 ❯ ../../node_modules/@testing-library/dom/dist/query-helpers.js:86:33
 ❯ src/renderer/domains/workflows/tests/webdav-settings-protection.test.tsx:18:163
     16| it.each(['save','test'])('%s rejects HTTP failure even when the body c…
     17|  transport.mockImplementation(async(_input,init)=>init?.method==='POST…
     18|  render(<WebDAVSettings/>);await screen.findByDisplayValue(cfg.url);fi…
       |                                                                                                                                                                   ^
     19|  expect(screen.queryByText('连接成功！')).toBeNull();expect(screen.getByDis…
     20| })

⎯⎯⎯⎯⎯⎯⎯⎯⎯⎯⎯⎯⎯⎯⎯⎯⎯⎯⎯⎯⎯⎯⎯⎯[5/8]⎯

 FAIL  src/renderer/domains/workflows/tests/webdav-settings-protection.test.tsx > serializes save/test and keeps the submitted configuration on failure
AssertionError: expected false to be true // Object.is equality

- Expected
+ Received

- true
+ false

 ❯ src/renderer/domains/workflows/tests/webdav-settings-protection.test.tsx:25:83
     23|  transport.mockImplementation(async(_input,init)=>init?.method==='POST…
     24|  render(<WebDAVSettings/>);await screen.findByDisplayValue(cfg.url);fi…
     25|  expect((screen.getByRole('button',{name:'测试连接'}) as HTMLButtonElement…
       |                                                                                   ^
     26|  expect((screen.getByDisplayValue(cfg.url) as HTMLInputElement).disabl…
     27|  fireEvent.click(screen.getByRole('button',{name:'测试连接'}));expect(tran…

⎯⎯⎯⎯⎯⎯⎯⎯⎯⎯⎯⎯⎯⎯⎯⎯⎯⎯⎯⎯⎯⎯⎯⎯[6/8]⎯

 FAIL  src/renderer/domains/workflows/tests/webdav-settings-protection.test.tsx > does not report mock save as an active remote connection
TestingLibraryElementError: Unable to find an element with the text: 已保存模拟配置，未连接远程存储. This could be because the text is broken up by multiple elements. In this case, you can provide a function for your text matcher to make your matcher more flexible.

Ignored nodes: comments, script, style
[36m<body>[39m
  [36m<div>[39m
    [36m<div[39m
      [33mclass[39m=[32m"p-4 bg-gray-50 rounded-lg border border-gray-200 space-y-3"[39m
    [36m>[39m
      [36m<div[39m
        [33mclass[39m=[32m"flex items-center justify-between"[39m
      [36m>[39m
        [36m<div>[39m
          [36m<label[39m
            [33mclass[39m=[32m"text-sm font-medium text-gray-700"[39m
          [36m>[39m
            [0mWebDAV 远程存储（NAS / 网盘）[0m
          [36m</label>[39m
          [36m<p[39m
            [33mclass[39m=[32m"text-xs text-gray-500 mt-1"[39m
          [36m>[39m
            [0m开启后，工作流的保存与读取都走 WebDAV 远程目录，可在多台设备间共享。[0m
          [36m</p>[39m
        [36m</div>[39m
        [36m<button[39m
          [33maria-checked[39m=[32m"true"[39m
          [33mclass[39m=[32m"peer inline-flex h-[20px] w-[36px] cursor-pointer items-center rounded-full border-2 border-transparent transition-colors duration-200 ease-[cubic-bezier(0.25,1,0.5,1)] focus-visible:outline-none focus-visible:ring-2 focus-visible:ring-[hsl(var(--ring))] focus-visible:ring-offset-1 focus-visible:ring-offset-[hsl(var(--background))] disabled:cursor-not-allowed disabled:opacity-50 data-[state=checked]:bg-[hsl(var(--brand-600))] data-[state=checked]:shadow-[inset_0_1px_3px_rgb(15_23_42_/_0.15)] data-[state=unchecked]:bg-[hsl(var(--slate-300))] flex-none ml-3"[39m
          [33mdata-state[39m=[32m"checked"[39m
          [33mrole[39m=[32m"switch"[39m
          [33mtype[39m=[32m"button"[39m
          [33mvalue[39m=[32m"on"[39m
        [36m>[39m
          [36m<span[39m
            [33mclass[39m=[32m"pointer-events-none block h-4 w-4 rounded-full bg-white shadow-soft ring-0 transition-transform duration-200 ease-[cubic-bezier(0.34,1.56,0.64,1)] data-[state=checked]:translate-x-[16px] data-[state=unchecked]:translate-x-0"[39m
            [33mdata-state[39m=[32m"checked"[39m
          [36m/>[39m
        [36m</button>[39m
      [36m</div>[39m
      [36m<div[39m
        [33mclass[39m=[32m"space-y-2"[39m
      [36m>[39m
        [36m<input[39m
          [33mclass[39m=[32m"w-full px-3 py-2 text-sm rounded-md border border-gray-300 bg-white text-black"[39m
          [33mplaceholder[39m=[32m"WebDAV 地址，如 https://dav.example.com/webrpa/"[39m
          [33mvalue[39m=[32m"https://dav.fixture/"[39m
        [36m/>[39m
        [36m<div[39m
          [33mclass[39m=[32m"grid grid-cols-2 gap-2"[39m
        [36m>[39m
          [36m<input[39m
            [33mclass[39m=[32m"px-3 py-2 text-sm rounded-md border border-gray-300 bg-white text-black"[39m
            [33mplaceholder[39m=[32m"用户名"[39m
            [33mvalue[39m=[32m"fixture"[39m
          [36m/>[39m
          [36m<input[39m
            [33mclass[39m=[32m"px-3 py-2 text-sm rounded-md border border-gray-300 bg-white text-black"[39m
            [33mplaceholder[39m=[32m"密码"[39m
            [33mtype[39m=[32m"password"[39m
            [33mvalue[39m=[32m""[39m
          [36m/>[39m
        [36m</div>[39m
        [36m<input[39m
          [33mclass[39m=[32m"w-full px-3 py-2 text-sm rounded-md border border-gray-300 bg-white text-black"[39m
          [33mplaceholder[39m=[32m"子目录（可选），如 workflows"[39m
          [33mvalue[39m=[32m"workflows"[39m
        [36m/>[39m
        [36m<div[39m
          [33mclass[39m=[32m"flex items-center gap-2"[39m
        [36m>[39m
          [36m<button[39m
            [33mclass[39m=[32m"inline-flex items-center gap-1.5 px-3 py-1.5 text-xs rounded-md border border-gray-300 bg-white hover:bg-gray-100 text-gray-700 disabled:opacity-50"[39m
          [36m>[39m
            [36m<svg[39m
              [33maria-hidden[39m=[32m"true"[39m
              [33mclass[39m=[32m"lucide lucide-wifi w-3.5 h-3.5"[39m
              [33mfill[39m=[32m"none"[39m
              [33mheight[39m=[32m"24"[39m
              [33mstroke[39m=[32m"currentColor"[39m
              [33mstroke-linecap[39m=[32m"round"[39m
              [33mstroke-linejoin[39m=[32m"round"[39m
              [33mstroke-width[39m=[32m"2"[39m
              [33mviewBox[39m=[32m"0 0 24 24"[39m
              [33mwidth[39m=[32m"24"[39m
              [33mxmlns[39m=[32m"http://www.w3.org/2000/svg"[39m
            [36m>[39m
              [36m<path[39m
                [33md[39m=[32m"M12 20h.01"[39m
              [36m/>[39m
              [36m<path[39m
                [33md[39m=[32m"M2 8.82a15 15 0 0 1 20 0"[39m
              [36m/>[39m
              [36m<path[39m
                [33md[39m=[32m"M5 12.859a10 10 0 0 1 14 0"[39m
              [36m/>[39m
              [36m<path[39m
                [33md[39m=[32m"M8.5 16.429a5 5 0 0 1 7 0"[39m
              [36m/>[39m
            [36m</svg>[39m
            [0m测试连接[0m
          [36m</button>[39m
          [36m<button[39m
            [33mclass[39m=[32m"inline-flex items-center gap-1.5 px-3 py-1.5 text-xs rounded-md bg-blue-600 hover:bg-blue-700 text-white disabled:opacity-50"[39m
          [36m>[39m
            [36m<svg[39m
              [33maria-hidden[39m=[32m"true"[39m
              [33mclass[39m=[32m"lucide lucide-save w-3.5 h-3.5"[39m
              [33mfill[39m=[32m"none"[39m
              [33mheight[39m=[32m"24"[39m
              [33mstroke[39m=[32m"currentColor"[39m
              [33mstroke-linecap[39m=[32m"round"[39m
              [33mstroke-linejoin[39m=[32m"round"[39m
              [33mstroke-width[39m=[32m"2"[39m
              [33mviewBox[39m=[32m"0 0 24 24"[39m
              [33mwidth[39m=[32m"24"[39m
              [33mxmlns[39m=[32m"http://www.w3.org/2000/svg"[39m
            [36m>[39m
              [36m<path[39m
                [33md[39m=[32m"M15.2 3a2 2 0 0 1 1.4.6l3.8 3.8a2 2 0 0 1 .6 1.4V19a2 2 0 0 1-2 2H5a2 2 0 0 1-2-2V5a2 2 0 0 1 2-2z"[39m
              [36m/>[39m
              [36m<path[39m
                [33md[39m=[32m"M17 21v-7a1 1 0 0 0-1-1H8a1 1 0 0 0-1 1v7"[39m
              [36m/>[39m
              [36m<path[39m
                [33md[39m=[32m"M7 3v4a1 1 0 0 0 1 1h7"[39m
              [36m/>[39m
            [36m</svg>[39m
            [0m保存配置[0m
          [36m</button>[39m
          [36m<span[39m
            [33mclass[39m=[32m"text-xs text-green-600"[39m
          [36m>[39m
            [0m已保存，工作流将走 WebDAV 远程目录[0m
          [36m</span>[39m
        [36m</div>[39m
      [36m</div>[39m
    [36m</div>[39m
  [36m</div>[39m
[36m</body>[39m

Ignored nodes: comments, script, style
[36m<body>[39m
  [36m<div>[39m
    [36m<div[39m
      [33mclass[39m=[32m"p-4 bg-gray-50 rounded-lg border border-gray-200 space-y-3"[39m
    [36m>[39m
      [36m<div[39m
        [33mclass[39m=[32m"flex items-center justify-between"[39m
      [36m>[39m
        [36m<div>[39m
          [36m<label[39m
            [33mclass[39m=[32m"text-sm font-medium text-gray-700"[39m
          [36m>[39m
            [0mWebDAV 远程存储（NAS / 网盘）[0m
          [36m</label>[39m
          [36m<p[39m
            [33mclass[39m=[32m"text-xs text-gray-500 mt-1"[39m
          [36m>[39m
            [0m开启后，工作流的保存与读取都走 WebDAV 远程目录，可在多台设备间共享。[0m
          [36m</p>[39m
        [36m</div>[39m
        [36m<button[39m
          [33maria-checked[39m=[32m"true"[39m
          [33mclass[39m=[32m"peer inline-flex h-[20px] w-[36px] cursor-pointer items-center rounded-full border-2 border-transparent transition-colors duration-200 ease-[cubic-bezier(0.25,1,0.5,1)] focus-visible:outline-none focus-visible:ring-2 focus-visible:ring-[hsl(var(--ring))] focus-visible:ring-offset-1 focus-visible:ring-offset-[hsl(var(--background))] disabled:cursor-not-allowed disabled:opacity-50 data-[state=checked]:bg-[hsl(var(--brand-600))] data-[state=checked]:shadow-[inset_0_1px_3px_rgb(15_23_42_/_0.15)] data-[state=unchecked]:bg-[hsl(var(--slate-300))] flex-none ml-3"[39m
          [33mdata-state[39m=[32m"checked"[39m
          [33mrole[39m=[32m"switch"[39m
          [33mtype[39m=[32m"button"[39m
          [33mvalue[39m=[32m"on"[39m
        [36m>[39m
          [36m<span[39m
            [33mclass[39m=[32m"pointer-events-none block h-4 w-4 rounded-full bg-white shadow-soft ring-0 transition-transform duration-200 ease-[cubic-bezier(0.34,1.56,0.64,1)] data-[state=checked]:translate-x-[16px] data-[state=unchecked]:translate-x-0"[39m
            [33mdata-state[39m=[32m"checked"[39m
          [36m/>[39m
        [36m</button>[39m
      [36m</div>[39m
      [36m<div[39m
        [33mclass[39m=[32m"space-y-2"[39m
      [36m>[39m
        [36m<input[39m
          [33mclass[39m=[32m"w-full px-3 py-2 text-sm rounded-md border border-gray-300 bg-white text-black"[39m
          [33mplaceholder[39m=[32m"WebDAV 地址，如 https://dav.example.com/webrpa/"[39m
          [33mvalue[39m=[32m"https://dav.fixture/"[39m
        [36m/>[39m
        [36m<div[39m
          [33mclass[39m=[32m"grid grid-cols-2 gap-2"[39m
        [36m>[39m
          [36m<input[39m
            [33mclass[39m=[32m"px-3 py-2 text-sm rounded-md border border-gray-300 bg-white text-black"[39m
            [33mplaceholder[39m=[32m"用户名"[39m
            [33mvalue[39m=[32m"fixture"[39m
          [36m/>[39m
          [36m<input[39m
            [33mclass[39m=[32m"px-3 py-2 text-sm rounded-md border border-gray-300 bg-white text-black"[39m
            [33mplaceholder[39m=[32m"密码"[39m
            [33mtype[39m=[32m"password"[39m
            [33mvalue[39m=[32m""[39m
          [36m/>[39m
        [36m</div>[39m
        [36m<input[39m
          [33mclass[39m=[32m"w-full px-3 py-2 text-sm rounded-md border border-gray-300 bg-white text-black"[39m
          [33mplaceholder[39m=[32m"子目录（可选），如 workflows"[39m
          [33mvalue[39m=[32m"workflows"[39m
        [36m/>[39m
        [36m<div[39m
          [33mclass[39m=[32m"flex items-center gap-2"[39m
        [36m>[39m
          [36m<button[39m
            [33mclass[39m=[32m"inline-flex items-center gap-1.5 px-3 py-1.5 text-xs rounded-md border border-gray-300 bg-white hover:bg-gray-100 text-gray-700 disabled:opacity-50"[39m
          [36m>[39m
            [36m<svg[39m
              [33maria-hidden[39m=[32m"true"[39m
              [33mclass[39m=[32m"lucide lucide-wifi w-3.5 h-3.5"[39m
              [33mfill[39m=[32m"none"[39m
              [33mheight[39m=[32m"24"[39m
              [33mstroke[39m=[32m"currentColor"[39m
              [33mstroke-linecap[39m=[32m"round"[39m
              [33mstroke-linejoin[39m=[32m"round"[39m
              [33mstroke-width[39m=[32m"2"[39m
              [33mviewBox[39m=[32m"0 0 24 24"[39m
              [33mwidth[39m=[32m"24"[39m
              [33mxmlns[39m=[32m"http://www.w3.org/2000/svg"[39m
            [36m>[39m
              [36m<path[39m
                [33md[39m=[32m"M12 20h.01"[39m
              [36m/>[39m
              [36m<path[39m
                [33md[39m=[32m"M2 8.82a15 15 0 0 1 20 0"[39m
              [36m/>[39m
              [36m<path[39m
                [33md[39m=[32m"M5 12.859a10 10 0 0 1 14 0"[39m
              [36m/>[39m
              [36m<path[39m
                [33md[39m=[32m"M8.5 16.429a5 5 0 0 1 7 0"[39m
              [36m/>[39m
            [36m</svg>[39m
            [0m测试连接[0m
          [36m</button>[39m
          [36m<button[39m
            [33mclass[39m=[32m"inline-flex items-center gap-1.5 px-3 py-1.5 text-xs rounded-md bg-blue-600 hover:bg-blue-700 text-white disabled:opacity-50"[39m
          [36m>[39m
            [36m<svg[39m
              [33maria-hidden[39m=[32m"true"[39m
              [33mclass[39m=[32m"lucide lucide-save w-3.5 h-3.5"[39m
              [33mfill[39m=[32m"none"[39m
              [33mheight[39m=[32m"24"[39m
              [33mstroke[39m=[32m"currentColor"[39m
              [33mstroke-linecap[39m=[32m"round"[39m
              [33mstroke-linejoin[39m=[32m"round"[39m
              [33mstroke-width[39m=[32m"2"[39m
              [33mviewBox[39m=[32m"0 0 24 24"[39m
              [33mwidth[39m=[32m"24"[39m
              [33mxmlns[39m=[32m"http://www.w3.org/2000/svg"[39m
            [36m>[39m
              [36m<path[39m
                [33md[39m=[32m"M15.2 3a2 2 0 0 1 1.4.6l3.8 3.8a2 2 0 0 1 .6 1.4V19a2 2 0 0 1-2 2H5a2 2 0 0 1-2-2V5a2 2 0 0 1 2-2z"[39m
              [36m/>[39m
              [36m<path[39m
                [33md[39m=[32m"M17 21v-7a1 1 0 0 0-1-1H8a1 1 0 0 0-1 1v7"[39m
              [36m/>[39m
              [36m<path[39m
                [33md[39m=[32m"M7 3v4a1 1 0 0 0 1 1h7"[39m
              [36m/>[39m
            [36m</svg>[39m
            [0m保存配置[0m
          [36m</button>[39m
          [36m<span[39m
            [33mclass[39m=[32m"text-xs text-green-600"[39m
          [36m>[39m
            [0m已保存，工作流将走 WebDAV 远程目录[0m
          [36m</span>[39m
        [36m</div>[39m
      [36m</div>[39m
    [36m</div>[39m
  [36m</div>[39m
[36m</body>[39m
 ❯ waitForWrapper ../../node_modules/@testing-library/dom/dist/wait-for.js:163:27
 ❯ ../../node_modules/@testing-library/dom/dist/query-helpers.js:86:33
 ❯ src/renderer/domains/workflows/tests/webdav-settings-protection.test.tsx:32:140
     30| it('does not report mock save as an active remote connection',async()=…
     31|  transport.mockImplementation(async(_input,init)=>Response.json(init?.…
     32|  render(<WebDAVSettings/>);await screen.findByDisplayValue(cfg.url);fi…
       |                                                                                                                                            ^
     33| })
     34| it('invalidates configuration on service replacement before another su…

⎯⎯⎯⎯⎯⎯⎯⎯⎯⎯⎯⎯⎯⎯⎯⎯⎯⎯⎯⎯⎯⎯⎯⎯[7/8]⎯

 FAIL  src/renderer/domains/workflows/tests/webdav-settings-protection.test.tsx > invalidates configuration on service replacement before another submission
TestingLibraryElementError: Unable to find role="alert"

Ignored nodes: comments, script, style
[36m<body>[39m
  [36m<div>[39m
    [36m<div[39m
      [33mclass[39m=[32m"p-4 bg-gray-50 rounded-lg border border-gray-200 space-y-3"[39m
    [36m>[39m
      [36m<div[39m
        [33mclass[39m=[32m"flex items-center justify-between"[39m
      [36m>[39m
        [36m<div>[39m
          [36m<label[39m
            [33mclass[39m=[32m"text-sm font-medium text-gray-700"[39m
          [36m>[39m
            [0mWebDAV 远程存储（NAS / 网盘）[0m
          [36m</label>[39m
          [36m<p[39m
            [33mclass[39m=[32m"text-xs text-gray-500 mt-1"[39m
          [36m>[39m
            [0m开启后，工作流的保存与读取都走 WebDAV 远程目录，可在多台设备间共享。[0m
          [36m</p>[39m
        [36m</div>[39m
        [36m<button[39m
          [33maria-checked[39m=[32m"false"[39m
          [33mclass[39m=[32m"peer inline-flex h-[20px] w-[36px] cursor-pointer items-center rounded-full border-2 border-transparent transition-colors duration-200 ease-[cubic-bezier(0.25,1,0.5,1)] focus-visible:outline-none focus-visible:ring-2 focus-visible:ring-[hsl(var(--ring))] focus-visible:ring-offset-1 focus-visible:ring-offset-[hsl(var(--background))] disabled:cursor-not-allowed disabled:opacity-50 data-[state=checked]:bg-[hsl(var(--brand-600))] data-[state=checked]:shadow-[inset_0_1px_3px_rgb(15_23_42_/_0.15)] data-[state=unchecked]:bg-[hsl(var(--slate-300))] flex-none ml-3"[39m
          [33mdata-state[39m=[32m"unchecked"[39m
          [33mrole[39m=[32m"switch"[39m
          [33mtype[39m=[32m"button"[39m
          [33mvalue[39m=[32m"on"[39m
        [36m>[39m
          [36m<span[39m
            [33mclass[39m=[32m"pointer-events-none block h-4 w-4 rounded-full bg-white shadow-soft ring-0 transition-transform duration-200 ease-[cubic-bezier(0.34,1.56,0.64,1)] data-[state=checked]:translate-x-[16px] data-[state=unchecked]:translate-x-0"[39m
            [33mdata-state[39m=[32m"unchecked"[39m
          [36m/>[39m
        [36m</button>[39m
      [36m</div>[39m
      [36m<div[39m
        [33mclass[39m=[32m"space-y-2"[39m
      [36m>[39m
        [36m<input[39m
          [33mclass[39m=[32m"w-full px-3 py-2 text-sm rounded-md border border-gray-300 bg-white text-black"[39m
          [33mplaceholder[39m=[32m"WebDAV 地址，如 https://dav.example.com/webrpa/"[39m
          [33mvalue[39m=[32m"https://dav.fixture/"[39m
        [36m/>[39m
        [36m<div[39m
          [33mclass[39m=[32m"grid grid-cols-2 gap-2"[39m
        [36m>[39m
          [36m<input[39m
            [33mclass[39m=[32m"px-3 py-2 text-sm rounded-md border border-gray-300 bg-white text-black"[39m
            [33mplaceholder[39m=[32m"用户名"[39m
            [33mvalue[39m=[32m"fixture"[39m
          [36m/>[39m
          [36m<input[39m
            [33mclass[39m=[32m"px-3 py-2 text-sm rounded-md border border-gray-300 bg-white text-black"[39m
            [33mplaceholder[39m=[32m"密码"[39m
            [33mtype[39m=[32m"password"[39m
            [33mvalue[39m=[32m""[39m
          [36m/>[39m
        [36m</div>[39m
        [36m<input[39m
          [33mclass[39m=[32m"w-full px-3 py-2 text-sm rounded-md border border-gray-300 bg-white text-black"[39m
          [33mplaceholder[39m=[32m"子目录（可选），如 workflows"[39m
          [33mvalue[39m=[32m"workflows"[39m
        [36m/>[39m
        [36m<div[39m
          [33mclass[39m=[32m"flex items-center gap-2"[39m
        [36m>[39m
          [36m<button[39m
            [33mclass[39m=[32m"inline-flex items-center gap-1.5 px-3 py-1.5 text-xs rounded-md border border-gray-300 bg-white hover:bg-gray-100 text-gray-700 disabled:opacity-50"[39m
          [36m>[39m
            [36m<svg[39m
              [33maria-hidden[39m=[32m"true"[39m
              [33mclass[39m=[32m"lucide lucide-wifi w-3.5 h-3.5"[39m
              [33mfill[39m=[32m"none"[39m
              [33mheight[39m=[32m"24"[39m
              [33mstroke[39m=[32m"currentColor"[39m
              [33mstroke-linecap[39m=[32m"round"[39m
              [33mstroke-linejoin[39m=[32m"round"[39m
              [33mstroke-width[39m=[32m"2"[39m
              [33mviewBox[39m=[32m"0 0 24 24"[39m
              [33mwidth[39m=[32m"24"[39m
              [33mxmlns[39m=[32m"http://www.w3.org/2000/svg"[39m
            [36m>[39m
              [36m<path[39m
                [33md[39m=[32m"M12 20h.01"[39m
              [36m/>[39m
              [36m<path[39m
                [33md[39m=[32m"M2 8.82a15 15 0 0 1 20 0"[39m
              [36m/>[39m
              [36m<path[39m
                [33md[39m=[32m"M5 12.859a10 10 0 0 1 14 0"[39m
              [36m/>[39m
              [36m<path[39m
                [33md[39m=[32m"M8.5 16.429a5 5 0 0 1 7 0"[39m
              [36m/>[39m
            [36m</svg>[39m
            [0m测试连接[0m
          [36m</button>[39m
          [36m<button[39m
            [33mclass[39m=[32m"inline-flex items-center gap-1.5 px-3 py-1.5 text-xs rounded-md bg-blue-600 hover:bg-blue-700 text-white disabled:opacity-50"[39m
          [36m>[39m
            [36m<svg[39m
              [33maria-hidden[39m=[32m"true"[39m
              [33mclass[39m=[32m"lucide lucide-save w-3.5 h-3.5"[39m
              [33mfill[39m=[32m"none"[39m
              [33mheight[39m=[32m"24"[39m
              [33mstroke[39m=[32m"currentColor"[39m
              [33mstroke-linecap[39m=[32m"round"[39m
              [33mstroke-linejoin[39m=[32m"round"[39m
              [33mstroke-width[39m=[32m"2"[39m
              [33mviewBox[39m=[32m"0 0 24 24"[39m
              [33mwidth[39m=[32m"24"[39m
              [33mxmlns[39m=[32m"http://www.w3.org/2000/svg"[39m
            [36m>[39m
              [36m<path[39m
                [33md[39m=[32m"M15.2 3a2 2 0 0 1 1.4.6l3.8 3.8a2 2 0 0 1 .6 1.4V19a2 2 0 0 1-2 2H5a2 2 0 0 1-2-2V5a2 2 0 0 1 2-2z"[39m
              [36m/>[39m
              [36m<path[39m
                [33md[39m=[32m"M17 21v-7a1 1 0 0 0-1-1H8a1 1 0 0 0-1 1v7"[39m
              [36m/>[39m
              [36m<path[39m
                [33md[39m=[32m"M7 3v4a1 1 0 0 0 1 1h7"[39m
              [36m/>[39m
            [36m</svg>[39m
            [0m保存配置[0m
          [36m</button>[39m
        [36m</div>[39m
      [36m</div>[39m
    [36m</div>[39m
  [36m</div>[39m
[36m</body>[39m

Ignored nodes: comments, script, style
[36m<body>[39m
  [36m<div>[39m
    [36m<div[39m
      [33mclass[39m=[32m"p-4 bg-gray-50 rounded-lg border border-gray-200 space-y-3"[39m
    [36m>[39m
      [36m<div[39m
        [33mclass[39m=[32m"flex items-center justify-between"[39m
      [36m>[39m
        [36m<div>[39m
          [36m<label[39m
            [33mclass[39m=[32m"text-sm font-medium text-gray-700"[39m
          [36m>[39m
            [0mWebDAV 远程存储（NAS / 网盘）[0m
          [36m</label>[39m
          [36m<p[39m
            [33mclass[39m=[32m"text-xs text-gray-500 mt-1"[39m
          [36m>[39m
            [0m开启后，工作流的保存与读取都走 WebDAV 远程目录，可在多台设备间共享。[0m
          [36m</p>[39m
        [36m</div>[39m
        [36m<button[39m
          [33maria-checked[39m=[32m"false"[39m
          [33mclass[39m=[32m"peer inline-flex h-[20px] w-[36px] cursor-pointer items-center rounded-full border-2 border-transparent transition-colors duration-200 ease-[cubic-bezier(0.25,1,0.5,1)] focus-visible:outline-none focus-visible:ring-2 focus-visible:ring-[hsl(var(--ring))] focus-visible:ring-offset-1 focus-visible:ring-offset-[hsl(var(--background))] disabled:cursor-not-allowed disabled:opacity-50 data-[state=checked]:bg-[hsl(var(--brand-600))] data-[state=checked]:shadow-[inset_0_1px_3px_rgb(15_23_42_/_0.15)] data-[state=unchecked]:bg-[hsl(var(--slate-300))] flex-none ml-3"[39m
          [33mdata-state[39m=[32m"unchecked"[39m
          [33mrole[39m=[32m"switch"[39m
          [33mtype[39m=[32m"button"[39m
          [33mvalue[39m=[32m"on"[39m
        [36m>[39m
          [36m<span[39m
            [33mclass[39m=[32m"pointer-events-none block h-4 w-4 rounded-full bg-white shadow-soft ring-0 transition-transform duration-200 ease-[cubic-bezier(0.34,1.56,0.64,1)] data-[state=checked]:translate-x-[16px] data-[state=unchecked]:translate-x-0"[39m
            [33mdata-state[39m=[32m"unchecked"[39m
          [36m/>[39m
        [36m</button>[39m
      [36m</div>[39m
      [36m<div[39m
        [33mclass[39m=[32m"space-y-2"[39m
      [36m>[39m
        [36m<input[39m
          [33mclass[39m=[32m"w-full px-3 py-2 text-sm rounded-md border border-gray-300 bg-white text-black"[39m
          [33mplaceholder[39m=[32m"WebDAV 地址，如 https://dav.example.com/webrpa/"[39m
          [33mvalue[39m=[32m"https://dav.fixture/"[39m
        [36m/>[39m
        [36m<div[39m
          [33mclass[39m=[32m"grid grid-cols-2 gap-2"[39m
        [36m>[39m
          [36m<input[39m
            [33mclass[39m=[32m"px-3 py-2 text-sm rounded-md border border-gray-300 bg-white text-black"[39m
            [33mplaceholder[39m=[32m"用户名"[39m
            [33mvalue[39m=[32m"fixture"[39m
          [36m/>[39m
          [36m<input[39m
            [33mclass[39m=[32m"px-3 py-2 text-sm rounded-md border border-gray-300 bg-white text-black"[39m
            [33mplaceholder[39m=[32m"密码"[39m
            [33mtype[39m=[32m"password"[39m
            [33mvalue[39m=[32m""[39m
          [36m/>[39m
        [36m</div>[39m
        [36m<input[39m
          [33mclass[39m=[32m"w-full px-3 py-2 text-sm rounded-md border border-gray-300 bg-white text-black"[39m
          [33mplaceholder[39m=[32m"子目录（可选），如 workflows"[39m
          [33mvalue[39m=[32m"workflows"[39m
        [36m/>[39m
        [36m<div[39m
          [33mclass[39m=[32m"flex items-center gap-2"[39m
        [36m>[39m
          [36m<button[39m
            [33mclass[39m=[32m"inline-flex items-center gap-1.5 px-3 py-1.5 text-xs rounded-md border border-gray-300 bg-white hover:bg-gray-100 text-gray-700 disabled:opacity-50"[39m
          [36m>[39m
            [36m<svg[39m
              [33maria-hidden[39m=[32m"true"[39m
              [33mclass[39m=[32m"lucide lucide-wifi w-3.5 h-3.5"[39m
              [33mfill[39m=[32m"none"[39m
              [33mheight[39m=[32m"24"[39m
              [33mstroke[39m=[32m"currentColor"[39m
              [33mstroke-linecap[39m=[32m"round"[39m
              [33mstroke-linejoin[39m=[32m"round"[39m
              [33mstroke-width[39m=[32m"2"[39m
              [33mviewBox[39m=[32m"0 0 24 24"[39m
              [33mwidth[39m=[32m"24"[39m
              [33mxmlns[39m=[32m"http://www.w3.org/2000/svg"[39m
            [36m>[39m
              [36m<path[39m
                [33md[39m=[32m"M12 20h.01"[39m
              [36m/>[39m
              [36m<path[39m
                [33md[39m=[32m"M2 8.82a15 15 0 0 1 20 0"[39m
              [36m/>[39m
              [36m<path[39m
                [33md[39m=[32m"M5 12.859a10 10 0 0 1 14 0"[39m
              [36m/>[39m
              [36m<path[39m
                [33md[39m=[32m"M8.5 16.429a5 5 0 0 1 7 0"[39m
              [36m/>[39m
            [36m</svg>[39m
            [0m测试连接[0m
          [36m</button>[39m
          [36m<button[39m
            [33mclass[39m=[32m"inline-flex items-center gap-1.5 px-3 py-1.5 text-xs rounded-md bg-blue-600 hover:bg-blue-700 text-white disabled:opacity-50"[39m
          [36m>[39m
            [36m<svg[39m
              [33maria-hidden[39m=[32m"true"[39m
              [33mclass[39m=[32m"lucide lucide-save w-3.5 h-3.5"[39m
              [33mfill[39m=[32m"none"[39m
              [33mheight[39m=[32m"24"[39m
              [33mstroke[39m=[32m"currentColor"[39m
              [33mstroke-linecap[39m=[32m"round"[39m
              [33mstroke-linejoin[39m=[32m"round"[39m
              [33mstroke-width[39m=[32m"2"[39m
              [33mviewBox[39m=[32m"0 0 24 24"[39m
              [33mwidth[39m=[32m"24"[39m
              [33mxmlns[39m=[32m"http://www.w3.org/2000/svg"[39m
            [36m>[39m
              [36m<path[39m
                [33md[39m=[32m"M15.2 3a2 2 0 0 1 1.4.6l3.8 3.8a2 2 0 0 1 .6 1.4V19a2 2 0 0 1-2 2H5a2 2 0 0 1-2-2V5a2 2 0 0 1 2-2z"[39m
              [36m/>[39m
              [36m<path[39m
                [33md[39m=[32m"M17 21v-7a1 1 0 0 0-1-1H8a1 1 0 0 0-1 1v7"[39m
              [36m/>[39m
              [36m<path[39m
                [33md[39m=[32m"M7 3v4a1 1 0 0 0 1 1h7"[39m
              [36m/>[39m
            [36m</svg>[39m
            [0m保存配置[0m
          [36m</button>[39m
        [36m</div>[39m
      [36m</div>[39m
    [36m</div>[39m
  [36m</div>[39m
[36m</body>[39m
 ❯ waitForWrapper ../../node_modules/@testing-library/dom/dist/wait-for.js:163:27
 ❯ ../../node_modules/@testing-library/dom/dist/query-helpers.js:86:33
 ❯ src/renderer/domains/workflows/tests/webdav-settings-protection.test.tsx:38:19
     36|  const next=vi.fn(async()=>Response.json({success:true,config:cfg}));l…
     37|  act(()=>{restoreNext=configureStudioConnection('http://different.fixt…
     38|  try{await screen.findByRole('alert');expect(screen.queryByRole('butto…
       |                   ^
     39|  finally{cleanup();restoreNext()}
     40| })

⎯⎯⎯⎯⎯⎯⎯⎯⎯⎯⎯⎯⎯⎯⎯⎯⎯⎯⎯⎯⎯⎯⎯⎯[8/8]⎯


 Test Files  1 failed (1)
      Tests  8 failed (8)
   Start at  12:37:50
   Duration  8.01s (transform 145ms, setup 140ms, import 153ms, tests 7.20s, environment 395ms)

npm error Lifecycle script `test` failed with error:
npm error code 1
npm error path /Users/zhangtiancheng/Documents/projects/autoflow/apps/desktop
npm error workspace @autoflow/desktop@0.1.0
npm error location /Users/zhangtiancheng/Documents/projects/autoflow/apps/desktop
npm error command failed
npm error command sh -c vitest run --maxWorkers=1 src/renderer/domains/workflows/tests/webdav-settings-protection.test.tsx
