
> @autoflow/desktop@0.1.0 test
> vitest run --maxWorkers=1 src/renderer/domains/workflows/tests/transport-errors.test.ts src/renderer/domains/workflows/tests/connection-notice.test.tsx src/renderer/domains/workflows/tests/studio-integration.test.tsx src/renderer/domains/workflows/tests/picker-result-context.test.tsx src/renderer/domains/workflows/tests/picker-stop-confirmation.test.tsx src/renderer/domains/workflows/tests/api-business-failures.test.ts src/renderer/domains/workflows/tests/connection-composition.test.ts


 RUN  v4.1.11 /Users/zhangtiancheng/Documents/projects/autoflow/apps/desktop

(node:31632) ExperimentalWarning: localStorage is not available because --localstorage-file was not provided.
(Use `node --trace-warnings ...` to show where the warning was created)
(node:31635) ExperimentalWarning: localStorage is not available because --localstorage-file was not provided.
(Use `node --trace-warnings ...` to show where the warning was created)
(node:31637) ExperimentalWarning: localStorage is not available because --localstorage-file was not provided.
(Use `node --trace-warnings ...` to show where the warning was created)
(node:31638) ExperimentalWarning: localStorage is not available because --localstorage-file was not provided.
(Use `node --trace-warnings ...` to show where the warning was created)
(node:31641) ExperimentalWarning: localStorage is not available because --localstorage-file was not provided.
(Use `node --trace-warnings ...` to show where the warning was created)
(node:31642) ExperimentalWarning: localStorage is not available because --localstorage-file was not provided.
(Use `node --trace-warnings ...` to show where the warning was created)
(node:31643) ExperimentalWarning: localStorage is not available because --localstorage-file was not provided.
(Use `node --trace-warnings ...` to show where the warning was created)

 Test Files  7 passed (7)
      Tests  76 passed (76)
   Start at  07:03:37
   Duration  7.92s (transform 1.22s, setup 162ms, import 2.28s, tests 2.14s, environment 2.65s)
