
> @autoflow/desktop@0.1.0 test
> vitest run --maxWorkers=1 src/renderer/domains/workflows/tests/debug-bar-commands.test.tsx


 RUN  v4.1.11 /Users/zhangtiancheng/Documents/projects/autoflow/apps/desktop

(node:19325) ExperimentalWarning: localStorage is not available because --localstorage-file was not provided.
(Use `node --trace-warnings ...` to show where the warning was created)
 ❯ src/renderer/domains/workflows/tests/debug-bar-commands.test.tsx (5 tests | 4 failed) 3173ms
   × shows an explicit rejected command and permits correction without clearing the pause 1107ms
   × keeps stop available while a step request is pending 20ms
   × does not unlock another step merely because HTTP accepted the first request 1018ms
   × retains an uncertain control request without offering an unsafe repeat step 1010ms

⎯⎯⎯⎯⎯⎯⎯ Failed Tests 4 ⎯⎯⎯⎯⎯⎯⎯

 FAIL  src/renderer/domains/workflows/tests/debug-bar-commands.test.tsx > shows an explicit rejected command and permits correction without clearing the pause
TestingLibraryElementError: Unable to find an element with the text: 暂停上下文已过期. This could be because the text is broken up by multiple elements. In this case, you can provide a function for your text matcher to make your matcher more flexible.

Ignored nodes: comments, script, style
[36m<body>[39m
  [36m<div />[39m
  [36m<div[39m
    [33mclass[39m=[32m"fixed top-[72px] left-1/2 -translate-x-1/2 z-[1000] w-[440px] max-w-[92vw] rounded-xl border border-amber-400/60 bg-[hsl(var(--card))] shadow-2xl overflow-hidden"[39m
  [36m>[39m
    [36m<div[39m
      [33mclass[39m=[32m"flex items-center gap-2 px-4 py-2.5 bg-amber-50 border-b border-amber-200"[39m
    [36m>[39m
      [36m<svg[39m
        [33maria-hidden[39m=[32m"true"[39m
        [33mclass[39m=[32m"lucide lucide-bug w-4 h-4 text-amber-600"[39m
        [33mfill[39m=[32m"none"[39m
        [33mheight[39m=[32m"24"[39m
        [33mstroke[39m=[32m"currentColor"[39m
        [33mstroke-linecap[39m=[32m"round"[39m
        [33mstroke-linejoin[39m=[32m"round"[39m
        [33mstroke-width[39m=[32m"2"[39m
        [33mviewBox[39m=[32m"0 0 24 24"[39m
        [33mwidth[39m=[32m"24"[39m
        [33mxmlns[39m=[32m"http://www.w3.org/2000/svg"[39m
      [36m>[39m
        [36m<path[39m
          [33md[39m=[32m"M12 20v-9"[39m
        [36m/>[39m
        [36m<path[39m
          [33md[39m=[32m"M14 7a4 4 0 0 1 4 4v3a6 6 0 0 1-12 0v-3a4 4 0 0 1 4-4z"[39m
        [36m/>[39m
        [36m<path[39m
          [33md[39m=[32m"M14.12 3.88 16 2"[39m
        [36m/>[39m
        [36m<path[39m
          [33md[39m=[32m"M21 21a4 4 0 0 0-3.81-4"[39m
        [36m/>[39m
        [36m<path[39m
          [33md[39m=[32m"M21 5a4 4 0 0 1-3.55 3.97"[39m
        [36m/>[39m
        [36m<path[39m
          [33md[39m=[32m"M22 13h-4"[39m
        [36m/>[39m
        [36m<path[39m
          [33md[39m=[32m"M3 21a4 4 0 0 1 3.81-4"[39m
        [36m/>[39m
        [36m<path[39m
          [33md[39m=[32m"M3 5a4 4 0 0 0 3.55 3.97"[39m
        [36m/>[39m
        [36m<path[39m
          [33md[39m=[32m"M6 13H2"[39m
        [36m/>[39m
        [36m<path[39m
          [33md[39m=[32m"m8 2 1.88 1.88"[39m
        [36m/>[39m
        [36m<path[39m
          [33md[39m=[32m"M9 7.13V6a3 3 0 1 1 6 0v1.13"[39m
        [36m/>[39m
      [36m</svg>[39m
      [36m<span[39m
        [33mclass[39m=[32m"text-sm font-semibold text-amber-700"[39m
      [36m>[39m
        [0m断点暂停[0m
      [36m</span>[39m
      [36m<span[39m
        [33mclass[39m=[32m"text-xs text-[hsl(var(--muted-foreground))] truncate max-w-[180px]"[39m
        [33mtitle[39m=[32m"首次暂停"[39m
      [36m>[39m
        [0m@ [0m
        [0m首次暂停[0m
      [36m</span>[39m
      [36m<button[39m
        [33mclass[39m=[32m"ml-auto inline-flex items-center gap-1 text-xs text-[hsl(var(--muted-foreground))] hover:text-[hsl(var(--foreground))]"[39m
      [36m>[39m
        [0m变量 [0m
        [0m1[0m
        [36m<svg[39m
          [33maria-hidden[39m=[32m"true"[39m
          [33mclass[39m=[32m"lucide lucide-chevron-down w-3 h-3"[39m
          [33mfill[39m=[32m"none"[39m
          [33mheight[39m=[32m"24"[39m
          [33mstroke[39m=[32m"currentColor"[39m
          [33mstroke-linecap[39m=[32m"round"[39m
          [33mstroke-linejoin[39m=[32m"round"[39m
          [33mstroke-width[39m=[32m"2"[39m
          [33mviewBox[39m=[32m"0 0 24 24"[39m
          [33mwidth[39m=[32m"24"[39m
          [33mxmlns[39m=[32m"http://www.w3.org/2000/svg"[39m
        [36m>[39m
          [36m<path[39m
            [33md[39m=[32m"m6 9 6 6 6-6"[39m
          [36m/>[39m
        [36m</svg>[39m
      [36m</button>[39m
    [36m</div>[39m
    [36m<div[39m
      [33mclass[39m=[32m"flex items-center gap-2 px-4 py-2.5"[39m
    [36m>[39m
      [36m<button[39m
        [33mclass[39m=[32m"inline-flex items-center gap-1.5 px-3 py-1.5 rounded-lg bg-emerald-500 text-white text-sm font-medium hover:bg-emerald-600 disabled:opacity-50"[39m
      [36m>[39m
        [36m<svg[39m
          [33maria-hidden[39m=[32m"true"[39m
          [33mclass[39m=[32m"lucide lucide-play w-3.5 h-3.5 fill-current"[39m
          [33mfill[39m=[32m"none"[39m
          [33mheight[39m=[32m"24"[39m
          [33mstroke[39m=[32m"currentColor"[39m
          [33mstroke-linecap[39m=[32m"round"[39m
          [33mstroke-linejoin[39m=[32m"round"[39m
          [33mstroke-width[39m=[32m"2"[39m
          [33mviewBox[39m=[32m"0 0 24 24"[39m
          [33mwidth[39m=[32m"24"[39m
          [33mxmlns[39m=[32m"http://www.w3.org/2000/svg"[39m
        [36m>[39m
          [36m<path[39m
            [33md[39m=[32m"M5 5a2 2 0 0 1 3.008-1.728l11.997 6.998a2 2 0 0 1 .003 3.458l-12 7A2 2 0 0 1 5 19z"[39m
          [36m/>[39m
        [36m</svg>[39m
        [0m 继续[0m
      [36m</button>[39m
      [36m<button[39m
        [33mclass[39m=[32m"inline-flex items-center gap-1.5 px-3 py-1.5 rounded-lg bg-[hsl(var(--brand-600))] text-white text-sm font-medium hover:opacity-90 disabled:opacity-50"[39m
      [36m>[39m
        [36m<svg[39m
          [33maria-hidden[39m=[32m"true"[39m
          [33mclass[39m=[32m"lucide lucide-step-forward w-3.5 h-3.5"[39m
          [33mfill[39m=[32m"none"[39m
          [33mheight[39m=[32m"24"[39m
          [33mstroke[39m=[32m"currentColor"[39m
          [33mstroke-linecap[39m=[32m"round"[39m
          [33mstroke-linejoin[39m=[32m"round"[39m
          [33mstroke-width[39m=[32m"2"[39m
          [33mviewBox[39m=[32m"0 0 24 24"[39m
          [33mwidth[39m=[32m"24"[39m
          [33mxmlns[39m=[32m"http://www.w3.org/2000/svg"[39m
        [36m>[39m
          [36m<path[39m
            [33md[39m=[32m"M10.029 4.285A2 2 0 0 0 7 6v12a2 2 0 0 0 3.029 1.715l9.997-5.998a2 2 0 0 0 .003-3.432z"[39m
          [36m/>[39m
          [36m<path[39m
            [33md[39m=[32m"M3 4v16"[39m
          [36m/>[39m
        [36m</svg>[39m
        [0m 单步[0m
      [36m</button>[39m
      [36m<button[39m
        [33mclass[39m=[32m"inline-flex items-center gap-1.5 px-3 py-1.5 rounded-lg bg-slate-600 text-white text-sm font-medium hover:bg-slate-700 disabled:opacity-50"[39m
      [36m>[39m
        [36m<svg[39m
          [33maria-hidden[39m=[32m"true"[39m
          [33mclass[39m=[32m"lucide lucide-square w-3.5 h-3.5 fill-current"[39m
          [33mfill[39m=[32m"none"[39m
          [33mheight[39m=[32m"24"[39m
          [33mstroke[39m=[32m"currentColor"[39m
          [33mstroke-linecap[39m=[32m"round"[39m
          [33mstroke-linejoin[39m=[32m"round"[39m
          [33mstroke-width[39m=[32m"2"[39m
          [33mviewBox[39m=[32m"0 0 24 24"[39m
          [33mwidth[39m=[32m"24"[39m
          [33mxmlns[39m=[32m"http://www.w3.org/2000/svg"[39m
        [36m>[39m
          [36m<rect[39m
            [33mheight[39m=[32m"18"[39m
            [33mrx[39m=[32m"2"[39m
            [33mwidth[39m=[32m"18"[39m
            [33mx[39m=[32m"3"[39m
            [33my[39m=[32m"3"[39m
          [36m/>[39m
        [36m</svg>[39m
        [0m 停止[0m
      [36m</button>[39m
      [36m<span[39m
        [33mclass[39m=[32m"ml-auto text-[11px] text-[hsl(var(--muted-foreground))]"[39m
      [36m>[39m
        [0m命中断点已暂停[0m
      [36m</span>[39m
    [36m</div>[39m
  [36m</div>[39m
[36m</body>[39m

Ignored nodes: comments, script, style
[36m<body>[39m
  [36m<div />[39m
  [36m<div[39m
    [33mclass[39m=[32m"fixed top-[72px] left-1/2 -translate-x-1/2 z-[1000] w-[440px] max-w-[92vw] rounded-xl border border-amber-400/60 bg-[hsl(var(--card))] shadow-2xl overflow-hidden"[39m
  [36m>[39m
    [36m<div[39m
      [33mclass[39m=[32m"flex items-center gap-2 px-4 py-2.5 bg-amber-50 border-b border-amber-200"[39m
    [36m>[39m
      [36m<svg[39m
        [33maria-hidden[39m=[32m"true"[39m
        [33mclass[39m=[32m"lucide lucide-bug w-4 h-4 text-amber-600"[39m
        [33mfill[39m=[32m"none"[39m
        [33mheight[39m=[32m"24"[39m
        [33mstroke[39m=[32m"currentColor"[39m
        [33mstroke-linecap[39m=[32m"round"[39m
        [33mstroke-linejoin[39m=[32m"round"[39m
        [33mstroke-width[39m=[32m"2"[39m
        [33mviewBox[39m=[32m"0 0 24 24"[39m
        [33mwidth[39m=[32m"24"[39m
        [33mxmlns[39m=[32m"http://www.w3.org/2000/svg"[39m
      [36m>[39m
        [36m<path[39m
          [33md[39m=[32m"M12 20v-9"[39m
        [36m/>[39m
        [36m<path[39m
          [33md[39m=[32m"M14 7a4 4 0 0 1 4 4v3a6 6 0 0 1-12 0v-3a4 4 0 0 1 4-4z"[39m
        [36m/>[39m
        [36m<path[39m
          [33md[39m=[32m"M14.12 3.88 16 2"[39m
        [36m/>[39m
        [36m<path[39m
          [33md[39m=[32m"M21 21a4 4 0 0 0-3.81-4"[39m
        [36m/>[39m
        [36m<path[39m
          [33md[39m=[32m"M21 5a4 4 0 0 1-3.55 3.97"[39m
        [36m/>[39m
        [36m<path[39m
          [33md[39m=[32m"M22 13h-4"[39m
        [36m/>[39m
        [36m<path[39m
          [33md[39m=[32m"M3 21a4 4 0 0 1 3.81-4"[39m
        [36m/>[39m
        [36m<path[39m
          [33md[39m=[32m"M3 5a4 4 0 0 0 3.55 3.97"[39m
        [36m/>[39m
        [36m<path[39m
          [33md[39m=[32m"M6 13H2"[39m
        [36m/>[39m
        [36m<path[39m
          [33md[39m=[32m"m8 2 1.88 1.88"[39m
        [36m/>[39m
        [36m<path[39m
          [33md[39m=[32m"M9 7.13V6a3 3 0 1 1 6 0v1.13"[39m
        [36m/>[39m
      [36m</svg>[39m
      [36m<span[39m
        [33mclass[39m=[32m"text-sm font-semibold text-amber-700"[39m
      [36m>[39m
        [0m断点暂停[0m
      [36m</span>[39m
      [36m<span[39m
        [33mclass[39m=[32m"text-xs text-[hsl(var(--muted-foreground))] truncate max-w-[180px]"[39m
        [33mtitle[39m=[32m"首次暂停"[39m
      [36m>[39m
        [0m@ [0m
        [0m首次暂停[0m
      [36m</span>[39m
      [36m<button[39m
        [33mclass[39m=[32m"ml-auto inline-flex items-center gap-1 text-xs text-[hsl(var(--muted-foreground))] hover:text-[hsl(var(--foreground))]"[39m
      [36m>[39m
        [0m变量 [0m
        [0m1[0m
        [36m<svg[39m
          [33maria-hidden[39m=[32m"true"[39m
          [33mclass[39m=[32m"lucide lucide-chevron-down w-3 h-3"[39m
          [33mfill[39m=[32m"none"[39m
          [33mheight[39m=[32m"24"[39m
          [33mstroke[39m=[32m"currentColor"[39m
          [33mstroke-linecap[39m=[32m"round"[39m
          [33mstroke-linejoin[39m=[32m"round"[39m
          [33mstroke-width[39m=[32m"2"[39m
          [33mviewBox[39m=[32m"0 0 24 24"[39m
          [33mwidth[39m=[32m"24"[39m
          [33mxmlns[39m=[32m"http://www.w3.org/2000/svg"[39m
        [36m>[39m
          [36m<path[39m
            [33md[39m=[32m"m6 9 6 6 6-6"[39m
          [36m/>[39m
        [36m</svg>[39m
      [36m</button>[39m
    [36m</div>[39m
    [36m<div[39m
      [33mclass[39m=[32m"flex items-center gap-2 px-4 py-2.5"[39m
    [36m>[39m
      [36m<button[39m
        [33mclass[39m=[32m"inline-flex items-center gap-1.5 px-3 py-1.5 rounded-lg bg-emerald-500 text-white text-sm font-medium hover:bg-emerald-600 disabled:opacity-50"[39m
      [36m>[39m
        [36m<svg[39m
          [33maria-hidden[39m=[32m"true"[39m
          [33mclass[39m=[32m"lucide lucide-play w-3.5 h-3.5 fill-current"[39m
          [33mfill[39m=[32m"none"[39m
          [33mheight[39m=[32m"24"[39m
          [33mstroke[39m=[32m"currentColor"[39m
          [33mstroke-linecap[39m=[32m"round"[39m
          [33mstroke-linejoin[39m=[32m"round"[39m
          [33mstroke-width[39m=[32m"2"[39m
          [33mviewBox[39m=[32m"0 0 24 24"[39m
          [33mwidth[39m=[32m"24"[39m
          [33mxmlns[39m=[32m"http://www.w3.org/2000/svg"[39m
        [36m>[39m
          [36m<path[39m
            [33md[39m=[32m"M5 5a2 2 0 0 1 3.008-1.728l11.997 6.998a2 2 0 0 1 .003 3.458l-12 7A2 2 0 0 1 5 19z"[39m
          [36m/>[39m
        [36m</svg>[39m
        [0m 继续[0m
      [36m</button>[39m
      [36m<button[39m
        [33mclass[39m=[32m"inline-flex items-center gap-1.5 px-3 py-1.5 rounded-lg bg-[hsl(var(--brand-600))] text-white text-sm font-medium hover:opacity-90 disabled:opacity-50"[39m
      [36m>[39m
        [36m<svg[39m
          [33maria-hidden[39m=[32m"true"[39m
          [33mclass[39m=[32m"lucide lucide-step-forward w-3.5 h-3.5"[39m
          [33mfill[39m=[32m"none"[39m
          [33mheight[39m=[32m"24"[39m
          [33mstroke[39m=[32m"currentColor"[39m
          [33mstroke-linecap[39m=[32m"round"[39m
          [33mstroke-linejoin[39m=[32m"round"[39m
          [33mstroke-width[39m=[32m"2"[39m
          [33mviewBox[39m=[32m"0 0 24 24"[39m
          [33mwidth[39m=[32m"24"[39m
          [33mxmlns[39m=[32m"http://www.w3.org/2000/svg"[39m
        [36m>[39m
          [36m<path[39m
            [33md[39m=[32m"M10.029 4.285A2 2 0 0 0 7 6v12a2 2 0 0 0 3.029 1.715l9.997-5.998a2 2 0 0 0 .003-3.432z"[39m
          [36m/>[39m
          [36m<path[39m
            [33md[39m=[32m"M3 4v16"[39m
          [36m/>[39m
        [36m</svg>[39m
        [0m 单步[0m
      [36m</button>[39m
      [36m<button[39m
        [33mclass[39m=[32m"inline-flex items-center gap-1.5 px-3 py-1.5 rounded-lg bg-slate-600 text-white text-sm font-medium hover:bg-slate-700 disabled:opacity-50"[39m
      [36m>[39m
        [36m<svg[39m
          [33maria-hidden[39m=[32m"true"[39m
          [33mclass[39m=[32m"lucide lucide-square w-3.5 h-3.5 fill-current"[39m
          [33mfill[39m=[32m"none"[39m
          [33mheight[39m=[32m"24"[39m
          [33mstroke[39m=[32m"currentColor"[39m
          [33mstroke-linecap[39m=[32m"round"[39m
          [33mstroke-linejoin[39m=[32m"round"[39m
          [33mstroke-width[39m=[32m"2"[39m
          [33mviewBox[39m=[32m"0 0 24 24"[39m
          [33mwidth[39m=[32m"24"[39m
          [33mxmlns[39m=[32m"http://www.w3.org/2000/svg"[39m
        [36m>[39m
          [36m<rect[39m
            [33mheight[39m=[32m"18"[39m
            [33mrx[39m=[32m"2"[39m
            [33mwidth[39m=[32m"18"[39m
            [33mx[39m=[32m"3"[39m
            [33my[39m=[32m"3"[39m
          [36m/>[39m
        [36m</svg>[39m
        [0m 停止[0m
      [36m</button>[39m
      [36m<span[39m
        [33mclass[39m=[32m"ml-auto text-[11px] text-[hsl(var(--muted-foreground))]"[39m
      [36m>[39m
        [0m命中断点已暂停[0m
      [36m</span>[39m
    [36m</div>[39m
  [36m</div>[39m
[36m</body>[39m
 ❯ waitForWrapper ../../node_modules/@testing-library/dom/dist/wait-for.js:163:27
 ❯ ../../node_modules/@testing-library/dom/dist/query-helpers.js:86:33
 ❯ src/renderer/domains/workflows/tests/debug-bar-commands.test.tsx:12:15
     10|  vi.spyOn(workflowApi,'debugStep').mockResolvedValue({success:false,ht…
     11|  render(<DebugBar />);fireEvent.click(screen.getByRole('button',{name:…
     12|  await screen.findByText('暂停上下文已过期')
       |               ^
     13|  expect(useDebugStore.getState().isPaused).toBe(true)
     14|  expect((screen.getByRole('button',{name:'单步'}) as HTMLButtonElement).…

⎯⎯⎯⎯⎯⎯⎯⎯⎯⎯⎯⎯⎯⎯⎯⎯⎯⎯⎯⎯⎯⎯⎯⎯[1/4]⎯

 FAIL  src/renderer/domains/workflows/tests/debug-bar-commands.test.tsx > keeps stop available while a step request is pending
AssertionError: expected true to be false // Object.is equality

- Expected
+ Received

- false
+ true

 ❯ src/renderer/domains/workflows/tests/debug-bar-commands.test.tsx:20:81
     18|  vi.spyOn(workflowApi,'stop').mockResolvedValue({success:true})
     19|  render(<DebugBar />);fireEvent.click(screen.getByRole('button',{name:…
     20|  expect((screen.getByRole('button',{name:'停止'}) as HTMLButtonElement).…
       |                                                                                 ^
     21|  fireEvent.click(screen.getByRole('button',{name:'停止'}))
     22|  await waitFor(()=>expect(workflowApi.stop).toHaveBeenCalledWith('debu…

⎯⎯⎯⎯⎯⎯⎯⎯⎯⎯⎯⎯⎯⎯⎯⎯⎯⎯⎯⎯⎯⎯⎯⎯[2/4]⎯

 FAIL  src/renderer/domains/workflows/tests/debug-bar-commands.test.tsx > does not unlock another step merely because HTTP accepted the first request
TestingLibraryElementError: Unable to find an element with the text: 等待执行状态确认. This could be because the text is broken up by multiple elements. In this case, you can provide a function for your text matcher to make your matcher more flexible.

Ignored nodes: comments, script, style
[36m<body>[39m
  [36m<div />[39m
  [36m<div[39m
    [33mclass[39m=[32m"fixed top-[72px] left-1/2 -translate-x-1/2 z-[1000] w-[440px] max-w-[92vw] rounded-xl border border-amber-400/60 bg-[hsl(var(--card))] shadow-2xl overflow-hidden"[39m
  [36m>[39m
    [36m<div[39m
      [33mclass[39m=[32m"flex items-center gap-2 px-4 py-2.5 bg-amber-50 border-b border-amber-200"[39m
    [36m>[39m
      [36m<svg[39m
        [33maria-hidden[39m=[32m"true"[39m
        [33mclass[39m=[32m"lucide lucide-bug w-4 h-4 text-amber-600"[39m
        [33mfill[39m=[32m"none"[39m
        [33mheight[39m=[32m"24"[39m
        [33mstroke[39m=[32m"currentColor"[39m
        [33mstroke-linecap[39m=[32m"round"[39m
        [33mstroke-linejoin[39m=[32m"round"[39m
        [33mstroke-width[39m=[32m"2"[39m
        [33mviewBox[39m=[32m"0 0 24 24"[39m
        [33mwidth[39m=[32m"24"[39m
        [33mxmlns[39m=[32m"http://www.w3.org/2000/svg"[39m
      [36m>[39m
        [36m<path[39m
          [33md[39m=[32m"M12 20v-9"[39m
        [36m/>[39m
        [36m<path[39m
          [33md[39m=[32m"M14 7a4 4 0 0 1 4 4v3a6 6 0 0 1-12 0v-3a4 4 0 0 1 4-4z"[39m
        [36m/>[39m
        [36m<path[39m
          [33md[39m=[32m"M14.12 3.88 16 2"[39m
        [36m/>[39m
        [36m<path[39m
          [33md[39m=[32m"M21 21a4 4 0 0 0-3.81-4"[39m
        [36m/>[39m
        [36m<path[39m
          [33md[39m=[32m"M21 5a4 4 0 0 1-3.55 3.97"[39m
        [36m/>[39m
        [36m<path[39m
          [33md[39m=[32m"M22 13h-4"[39m
        [36m/>[39m
        [36m<path[39m
          [33md[39m=[32m"M3 21a4 4 0 0 1 3.81-4"[39m
        [36m/>[39m
        [36m<path[39m
          [33md[39m=[32m"M3 5a4 4 0 0 0 3.55 3.97"[39m
        [36m/>[39m
        [36m<path[39m
          [33md[39m=[32m"M6 13H2"[39m
        [36m/>[39m
        [36m<path[39m
          [33md[39m=[32m"m8 2 1.88 1.88"[39m
        [36m/>[39m
        [36m<path[39m
          [33md[39m=[32m"M9 7.13V6a3 3 0 1 1 6 0v1.13"[39m
        [36m/>[39m
      [36m</svg>[39m
      [36m<span[39m
        [33mclass[39m=[32m"text-sm font-semibold text-amber-700"[39m
      [36m>[39m
        [0m断点暂停[0m
      [36m</span>[39m
      [36m<span[39m
        [33mclass[39m=[32m"text-xs text-[hsl(var(--muted-foreground))] truncate max-w-[180px]"[39m
        [33mtitle[39m=[32m"首次暂停"[39m
      [36m>[39m
        [0m@ [0m
        [0m首次暂停[0m
      [36m</span>[39m
      [36m<button[39m
        [33mclass[39m=[32m"ml-auto inline-flex items-center gap-1 text-xs text-[hsl(var(--muted-foreground))] hover:text-[hsl(var(--foreground))]"[39m
      [36m>[39m
        [0m变量 [0m
        [0m1[0m
        [36m<svg[39m
          [33maria-hidden[39m=[32m"true"[39m
          [33mclass[39m=[32m"lucide lucide-chevron-down w-3 h-3"[39m
          [33mfill[39m=[32m"none"[39m
          [33mheight[39m=[32m"24"[39m
          [33mstroke[39m=[32m"currentColor"[39m
          [33mstroke-linecap[39m=[32m"round"[39m
          [33mstroke-linejoin[39m=[32m"round"[39m
          [33mstroke-width[39m=[32m"2"[39m
          [33mviewBox[39m=[32m"0 0 24 24"[39m
          [33mwidth[39m=[32m"24"[39m
          [33mxmlns[39m=[32m"http://www.w3.org/2000/svg"[39m
        [36m>[39m
          [36m<path[39m
            [33md[39m=[32m"m6 9 6 6 6-6"[39m
          [36m/>[39m
        [36m</svg>[39m
      [36m</button>[39m
    [36m</div>[39m
    [36m<div[39m
      [33mclass[39m=[32m"flex items-center gap-2 px-4 py-2.5"[39m
    [36m>[39m
      [36m<button[39m
        [33mclass[39m=[32m"inline-flex items-center gap-1.5 px-3 py-1.5 rounded-lg bg-emerald-500 text-white text-sm font-medium hover:bg-emerald-600 disabled:opacity-50"[39m
      [36m>[39m
        [36m<svg[39m
          [33maria-hidden[39m=[32m"true"[39m
          [33mclass[39m=[32m"lucide lucide-play w-3.5 h-3.5 fill-current"[39m
          [33mfill[39m=[32m"none"[39m
          [33mheight[39m=[32m"24"[39m
          [33mstroke[39m=[32m"currentColor"[39m
          [33mstroke-linecap[39m=[32m"round"[39m
          [33mstroke-linejoin[39m=[32m"round"[39m
          [33mstroke-width[39m=[32m"2"[39m
          [33mviewBox[39m=[32m"0 0 24 24"[39m
          [33mwidth[39m=[32m"24"[39m
          [33mxmlns[39m=[32m"http://www.w3.org/2000/svg"[39m
        [36m>[39m
          [36m<path[39m
            [33md[39m=[32m"M5 5a2 2 0 0 1 3.008-1.728l11.997 6.998a2 2 0 0 1 .003 3.458l-12 7A2 2 0 0 1 5 19z"[39m
          [36m/>[39m
        [36m</svg>[39m
        [0m 继续[0m
      [36m</button>[39m
      [36m<button[39m
        [33mclass[39m=[32m"inline-flex items-center gap-1.5 px-3 py-1.5 rounded-lg bg-[hsl(var(--brand-600))] text-white text-sm font-medium hover:opacity-90 disabled:opacity-50"[39m
      [36m>[39m
        [36m<svg[39m
          [33maria-hidden[39m=[32m"true"[39m
          [33mclass[39m=[32m"lucide lucide-step-forward w-3.5 h-3.5"[39m
          [33mfill[39m=[32m"none"[39m
          [33mheight[39m=[32m"24"[39m
          [33mstroke[39m=[32m"currentColor"[39m
          [33mstroke-linecap[39m=[32m"round"[39m
          [33mstroke-linejoin[39m=[32m"round"[39m
          [33mstroke-width[39m=[32m"2"[39m
          [33mviewBox[39m=[32m"0 0 24 24"[39m
          [33mwidth[39m=[32m"24"[39m
          [33mxmlns[39m=[32m"http://www.w3.org/2000/svg"[39m
        [36m>[39m
          [36m<path[39m
            [33md[39m=[32m"M10.029 4.285A2 2 0 0 0 7 6v12a2 2 0 0 0 3.029 1.715l9.997-5.998a2 2 0 0 0 .003-3.432z"[39m
          [36m/>[39m
          [36m<path[39m
            [33md[39m=[32m"M3 4v16"[39m
          [36m/>[39m
        [36m</svg>[39m
        [0m 单步[0m
      [36m</button>[39m
      [36m<button[39m
        [33mclass[39m=[32m"inline-flex items-center gap-1.5 px-3 py-1.5 rounded-lg bg-slate-600 text-white text-sm font-medium hover:bg-slate-700 disabled:opacity-50"[39m
      [36m>[39m
        [36m<svg[39m
          [33maria-hidden[39m=[32m"true"[39m
          [33mclass[39m=[32m"lucide lucide-square w-3.5 h-3.5 fill-current"[39m
          [33mfill[39m=[32m"none"[39m
          [33mheight[39m=[32m"24"[39m
          [33mstroke[39m=[32m"currentColor"[39m
          [33mstroke-linecap[39m=[32m"round"[39m
          [33mstroke-linejoin[39m=[32m"round"[39m
          [33mstroke-width[39m=[32m"2"[39m
          [33mviewBox[39m=[32m"0 0 24 24"[39m
          [33mwidth[39m=[32m"24"[39m
          [33mxmlns[39m=[32m"http://www.w3.org/2000/svg"[39m
        [36m>[39m
          [36m<rect[39m
            [33mheight[39m=[32m"18"[39m
            [33mrx[39m=[32m"2"[39m
            [33mwidth[39m=[32m"18"[39m
            [33mx[39m=[32m"3"[39m
            [33my[39m=[32m"3"[39m
          [36m/>[39m
        [36m</svg>[39m
        [0m 停止[0m
      [36m</button>[39m
      [36m<span[39m
        [33mclass[39m=[32m"ml-auto text-[11px] text-[hsl(var(--muted-foreground))]"[39m
      [36m>[39m
        [0m命中断点已暂停[0m
      [36m</span>[39m
    [36m</div>[39m
  [36m</div>[39m
[36m</body>[39m

Ignored nodes: comments, script, style
[36m<body>[39m
  [36m<div />[39m
  [36m<div[39m
    [33mclass[39m=[32m"fixed top-[72px] left-1/2 -translate-x-1/2 z-[1000] w-[440px] max-w-[92vw] rounded-xl border border-amber-400/60 bg-[hsl(var(--card))] shadow-2xl overflow-hidden"[39m
  [36m>[39m
    [36m<div[39m
      [33mclass[39m=[32m"flex items-center gap-2 px-4 py-2.5 bg-amber-50 border-b border-amber-200"[39m
    [36m>[39m
      [36m<svg[39m
        [33maria-hidden[39m=[32m"true"[39m
        [33mclass[39m=[32m"lucide lucide-bug w-4 h-4 text-amber-600"[39m
        [33mfill[39m=[32m"none"[39m
        [33mheight[39m=[32m"24"[39m
        [33mstroke[39m=[32m"currentColor"[39m
        [33mstroke-linecap[39m=[32m"round"[39m
        [33mstroke-linejoin[39m=[32m"round"[39m
        [33mstroke-width[39m=[32m"2"[39m
        [33mviewBox[39m=[32m"0 0 24 24"[39m
        [33mwidth[39m=[32m"24"[39m
        [33mxmlns[39m=[32m"http://www.w3.org/2000/svg"[39m
      [36m>[39m
        [36m<path[39m
          [33md[39m=[32m"M12 20v-9"[39m
        [36m/>[39m
        [36m<path[39m
          [33md[39m=[32m"M14 7a4 4 0 0 1 4 4v3a6 6 0 0 1-12 0v-3a4 4 0 0 1 4-4z"[39m
        [36m/>[39m
        [36m<path[39m
          [33md[39m=[32m"M14.12 3.88 16 2"[39m
        [36m/>[39m
        [36m<path[39m
          [33md[39m=[32m"M21 21a4 4 0 0 0-3.81-4"[39m
        [36m/>[39m
        [36m<path[39m
          [33md[39m=[32m"M21 5a4 4 0 0 1-3.55 3.97"[39m
        [36m/>[39m
        [36m<path[39m
          [33md[39m=[32m"M22 13h-4"[39m
        [36m/>[39m
        [36m<path[39m
          [33md[39m=[32m"M3 21a4 4 0 0 1 3.81-4"[39m
        [36m/>[39m
        [36m<path[39m
          [33md[39m=[32m"M3 5a4 4 0 0 0 3.55 3.97"[39m
        [36m/>[39m
        [36m<path[39m
          [33md[39m=[32m"M6 13H2"[39m
        [36m/>[39m
        [36m<path[39m
          [33md[39m=[32m"m8 2 1.88 1.88"[39m
        [36m/>[39m
        [36m<path[39m
          [33md[39m=[32m"M9 7.13V6a3 3 0 1 1 6 0v1.13"[39m
        [36m/>[39m
      [36m</svg>[39m
      [36m<span[39m
        [33mclass[39m=[32m"text-sm font-semibold text-amber-700"[39m
      [36m>[39m
        [0m断点暂停[0m
      [36m</span>[39m
      [36m<span[39m
        [33mclass[39m=[32m"text-xs text-[hsl(var(--muted-foreground))] truncate max-w-[180px]"[39m
        [33mtitle[39m=[32m"首次暂停"[39m
      [36m>[39m
        [0m@ [0m
        [0m首次暂停[0m
      [36m</span>[39m
      [36m<button[39m
        [33mclass[39m=[32m"ml-auto inline-flex items-center gap-1 text-xs text-[hsl(var(--muted-foreground))] hover:text-[hsl(var(--foreground))]"[39m
      [36m>[39m
        [0m变量 [0m
        [0m1[0m
        [36m<svg[39m
          [33maria-hidden[39m=[32m"true"[39m
          [33mclass[39m=[32m"lucide lucide-chevron-down w-3 h-3"[39m
          [33mfill[39m=[32m"none"[39m
          [33mheight[39m=[32m"24"[39m
          [33mstroke[39m=[32m"currentColor"[39m
          [33mstroke-linecap[39m=[32m"round"[39m
          [33mstroke-linejoin[39m=[32m"round"[39m
          [33mstroke-width[39m=[32m"2"[39m
          [33mviewBox[39m=[32m"0 0 24 24"[39m
          [33mwidth[39m=[32m"24"[39m
          [33mxmlns[39m=[32m"http://www.w3.org/2000/svg"[39m
        [36m>[39m
          [36m<path[39m
            [33md[39m=[32m"m6 9 6 6 6-6"[39m
          [36m/>[39m
        [36m</svg>[39m
      [36m</button>[39m
    [36m</div>[39m
    [36m<div[39m
      [33mclass[39m=[32m"flex items-center gap-2 px-4 py-2.5"[39m
    [36m>[39m
      [36m<button[39m
        [33mclass[39m=[32m"inline-flex items-center gap-1.5 px-3 py-1.5 rounded-lg bg-emerald-500 text-white text-sm font-medium hover:bg-emerald-600 disabled:opacity-50"[39m
      [36m>[39m
        [36m<svg[39m
          [33maria-hidden[39m=[32m"true"[39m
          [33mclass[39m=[32m"lucide lucide-play w-3.5 h-3.5 fill-current"[39m
          [33mfill[39m=[32m"none"[39m
          [33mheight[39m=[32m"24"[39m
          [33mstroke[39m=[32m"currentColor"[39m
          [33mstroke-linecap[39m=[32m"round"[39m
          [33mstroke-linejoin[39m=[32m"round"[39m
          [33mstroke-width[39m=[32m"2"[39m
          [33mviewBox[39m=[32m"0 0 24 24"[39m
          [33mwidth[39m=[32m"24"[39m
          [33mxmlns[39m=[32m"http://www.w3.org/2000/svg"[39m
        [36m>[39m
          [36m<path[39m
            [33md[39m=[32m"M5 5a2 2 0 0 1 3.008-1.728l11.997 6.998a2 2 0 0 1 .003 3.458l-12 7A2 2 0 0 1 5 19z"[39m
          [36m/>[39m
        [36m</svg>[39m
        [0m 继续[0m
      [36m</button>[39m
      [36m<button[39m
        [33mclass[39m=[32m"inline-flex items-center gap-1.5 px-3 py-1.5 rounded-lg bg-[hsl(var(--brand-600))] text-white text-sm font-medium hover:opacity-90 disabled:opacity-50"[39m
      [36m>[39m
        [36m<svg[39m
          [33maria-hidden[39m=[32m"true"[39m
          [33mclass[39m=[32m"lucide lucide-step-forward w-3.5 h-3.5"[39m
          [33mfill[39m=[32m"none"[39m
          [33mheight[39m=[32m"24"[39m
          [33mstroke[39m=[32m"currentColor"[39m
          [33mstroke-linecap[39m=[32m"round"[39m
          [33mstroke-linejoin[39m=[32m"round"[39m
          [33mstroke-width[39m=[32m"2"[39m
          [33mviewBox[39m=[32m"0 0 24 24"[39m
          [33mwidth[39m=[32m"24"[39m
          [33mxmlns[39m=[32m"http://www.w3.org/2000/svg"[39m
        [36m>[39m
          [36m<path[39m
            [33md[39m=[32m"M10.029 4.285A2 2 0 0 0 7 6v12a2 2 0 0 0 3.029 1.715l9.997-5.998a2 2 0 0 0 .003-3.432z"[39m
          [36m/>[39m
          [36m<path[39m
            [33md[39m=[32m"M3 4v16"[39m
          [36m/>[39m
        [36m</svg>[39m
        [0m 单步[0m
      [36m</button>[39m
      [36m<button[39m
        [33mclass[39m=[32m"inline-flex items-center gap-1.5 px-3 py-1.5 rounded-lg bg-slate-600 text-white text-sm font-medium hover:bg-slate-700 disabled:opacity-50"[39m
      [36m>[39m
        [36m<svg[39m
          [33maria-hidden[39m=[32m"true"[39m
          [33mclass[39m=[32m"lucide lucide-square w-3.5 h-3.5 fill-current"[39m
          [33mfill[39m=[32m"none"[39m
          [33mheight[39m=[32m"24"[39m
          [33mstroke[39m=[32m"currentColor"[39m
          [33mstroke-linecap[39m=[32m"round"[39m
          [33mstroke-linejoin[39m=[32m"round"[39m
          [33mstroke-width[39m=[32m"2"[39m
          [33mviewBox[39m=[32m"0 0 24 24"[39m
          [33mwidth[39m=[32m"24"[39m
          [33mxmlns[39m=[32m"http://www.w3.org/2000/svg"[39m
        [36m>[39m
          [36m<rect[39m
            [33mheight[39m=[32m"18"[39m
            [33mrx[39m=[32m"2"[39m
            [33mwidth[39m=[32m"18"[39m
            [33mx[39m=[32m"3"[39m
            [33my[39m=[32m"3"[39m
          [36m/>[39m
        [36m</svg>[39m
        [0m 停止[0m
      [36m</button>[39m
      [36m<span[39m
        [33mclass[39m=[32m"ml-auto text-[11px] text-[hsl(var(--muted-foreground))]"[39m
      [36m>[39m
        [0m命中断点已暂停[0m
      [36m</span>[39m
    [36m</div>[39m
  [36m</div>[39m
[36m</body>[39m
 ❯ waitForWrapper ../../node_modules/@testing-library/dom/dist/wait-for.js:163:27
 ❯ ../../node_modules/@testing-library/dom/dist/query-helpers.js:86:33
 ❯ src/renderer/domains/workflows/tests/debug-bar-commands.test.tsx:27:15
     25|  vi.spyOn(workflowApi,'debugStep').mockResolvedValue({success:true})
     26|  render(<DebugBar />);fireEvent.click(screen.getByRole('button',{name:…
     27|  await screen.findByText('等待执行状态确认')
       |               ^
     28|  expect((screen.getByRole('button',{name:'单步'}) as HTMLButtonElement).…
     29|  expect(useDebugStore.getState().isPaused).toBe(true)

⎯⎯⎯⎯⎯⎯⎯⎯⎯⎯⎯⎯⎯⎯⎯⎯⎯⎯⎯⎯⎯⎯⎯⎯[3/4]⎯

 FAIL  src/renderer/domains/workflows/tests/debug-bar-commands.test.tsx > retains an uncertain control request without offering an unsafe repeat step
TestingLibraryElementError: Unable to find an element with the text: /请求结果尚未确认/. This could be because the text is broken up by multiple elements. In this case, you can provide a function for your text matcher to make your matcher more flexible.

Ignored nodes: comments, script, style
[36m<body>[39m
  [36m<div />[39m
  [36m<div[39m
    [33mclass[39m=[32m"fixed top-[72px] left-1/2 -translate-x-1/2 z-[1000] w-[440px] max-w-[92vw] rounded-xl border border-amber-400/60 bg-[hsl(var(--card))] shadow-2xl overflow-hidden"[39m
  [36m>[39m
    [36m<div[39m
      [33mclass[39m=[32m"flex items-center gap-2 px-4 py-2.5 bg-amber-50 border-b border-amber-200"[39m
    [36m>[39m
      [36m<svg[39m
        [33maria-hidden[39m=[32m"true"[39m
        [33mclass[39m=[32m"lucide lucide-bug w-4 h-4 text-amber-600"[39m
        [33mfill[39m=[32m"none"[39m
        [33mheight[39m=[32m"24"[39m
        [33mstroke[39m=[32m"currentColor"[39m
        [33mstroke-linecap[39m=[32m"round"[39m
        [33mstroke-linejoin[39m=[32m"round"[39m
        [33mstroke-width[39m=[32m"2"[39m
        [33mviewBox[39m=[32m"0 0 24 24"[39m
        [33mwidth[39m=[32m"24"[39m
        [33mxmlns[39m=[32m"http://www.w3.org/2000/svg"[39m
      [36m>[39m
        [36m<path[39m
          [33md[39m=[32m"M12 20v-9"[39m
        [36m/>[39m
        [36m<path[39m
          [33md[39m=[32m"M14 7a4 4 0 0 1 4 4v3a6 6 0 0 1-12 0v-3a4 4 0 0 1 4-4z"[39m
        [36m/>[39m
        [36m<path[39m
          [33md[39m=[32m"M14.12 3.88 16 2"[39m
        [36m/>[39m
        [36m<path[39m
          [33md[39m=[32m"M21 21a4 4 0 0 0-3.81-4"[39m
        [36m/>[39m
        [36m<path[39m
          [33md[39m=[32m"M21 5a4 4 0 0 1-3.55 3.97"[39m
        [36m/>[39m
        [36m<path[39m
          [33md[39m=[32m"M22 13h-4"[39m
        [36m/>[39m
        [36m<path[39m
          [33md[39m=[32m"M3 21a4 4 0 0 1 3.81-4"[39m
        [36m/>[39m
        [36m<path[39m
          [33md[39m=[32m"M3 5a4 4 0 0 0 3.55 3.97"[39m
        [36m/>[39m
        [36m<path[39m
          [33md[39m=[32m"M6 13H2"[39m
        [36m/>[39m
        [36m<path[39m
          [33md[39m=[32m"m8 2 1.88 1.88"[39m
        [36m/>[39m
        [36m<path[39m
          [33md[39m=[32m"M9 7.13V6a3 3 0 1 1 6 0v1.13"[39m
        [36m/>[39m
      [36m</svg>[39m
      [36m<span[39m
        [33mclass[39m=[32m"text-sm font-semibold text-amber-700"[39m
      [36m>[39m
        [0m断点暂停[0m
      [36m</span>[39m
      [36m<span[39m
        [33mclass[39m=[32m"text-xs text-[hsl(var(--muted-foreground))] truncate max-w-[180px]"[39m
        [33mtitle[39m=[32m"首次暂停"[39m
      [36m>[39m
        [0m@ [0m
        [0m首次暂停[0m
      [36m</span>[39m
      [36m<button[39m
        [33mclass[39m=[32m"ml-auto inline-flex items-center gap-1 text-xs text-[hsl(var(--muted-foreground))] hover:text-[hsl(var(--foreground))]"[39m
      [36m>[39m
        [0m变量 [0m
        [0m1[0m
        [36m<svg[39m
          [33maria-hidden[39m=[32m"true"[39m
          [33mclass[39m=[32m"lucide lucide-chevron-down w-3 h-3"[39m
          [33mfill[39m=[32m"none"[39m
          [33mheight[39m=[32m"24"[39m
          [33mstroke[39m=[32m"currentColor"[39m
          [33mstroke-linecap[39m=[32m"round"[39m
          [33mstroke-linejoin[39m=[32m"round"[39m
          [33mstroke-width[39m=[32m"2"[39m
          [33mviewBox[39m=[32m"0 0 24 24"[39m
          [33mwidth[39m=[32m"24"[39m
          [33mxmlns[39m=[32m"http://www.w3.org/2000/svg"[39m
        [36m>[39m
          [36m<path[39m
            [33md[39m=[32m"m6 9 6 6 6-6"[39m
          [36m/>[39m
        [36m</svg>[39m
      [36m</button>[39m
    [36m</div>[39m
    [36m<div[39m
      [33mclass[39m=[32m"flex items-center gap-2 px-4 py-2.5"[39m
    [36m>[39m
      [36m<button[39m
        [33mclass[39m=[32m"inline-flex items-center gap-1.5 px-3 py-1.5 rounded-lg bg-emerald-500 text-white text-sm font-medium hover:bg-emerald-600 disabled:opacity-50"[39m
      [36m>[39m
        [36m<svg[39m
          [33maria-hidden[39m=[32m"true"[39m
          [33mclass[39m=[32m"lucide lucide-play w-3.5 h-3.5 fill-current"[39m
          [33mfill[39m=[32m"none"[39m
          [33mheight[39m=[32m"24"[39m
          [33mstroke[39m=[32m"currentColor"[39m
          [33mstroke-linecap[39m=[32m"round"[39m
          [33mstroke-linejoin[39m=[32m"round"[39m
          [33mstroke-width[39m=[32m"2"[39m
          [33mviewBox[39m=[32m"0 0 24 24"[39m
          [33mwidth[39m=[32m"24"[39m
          [33mxmlns[39m=[32m"http://www.w3.org/2000/svg"[39m
        [36m>[39m
          [36m<path[39m
            [33md[39m=[32m"M5 5a2 2 0 0 1 3.008-1.728l11.997 6.998a2 2 0 0 1 .003 3.458l-12 7A2 2 0 0 1 5 19z"[39m
          [36m/>[39m
        [36m</svg>[39m
        [0m 继续[0m
      [36m</button>[39m
      [36m<button[39m
        [33mclass[39m=[32m"inline-flex items-center gap-1.5 px-3 py-1.5 rounded-lg bg-[hsl(var(--brand-600))] text-white text-sm font-medium hover:opacity-90 disabled:opacity-50"[39m
      [36m>[39m
        [36m<svg[39m
          [33maria-hidden[39m=[32m"true"[39m
          [33mclass[39m=[32m"lucide lucide-step-forward w-3.5 h-3.5"[39m
          [33mfill[39m=[32m"none"[39m
          [33mheight[39m=[32m"24"[39m
          [33mstroke[39m=[32m"currentColor"[39m
          [33mstroke-linecap[39m=[32m"round"[39m
          [33mstroke-linejoin[39m=[32m"round"[39m
          [33mstroke-width[39m=[32m"2"[39m
          [33mviewBox[39m=[32m"0 0 24 24"[39m
          [33mwidth[39m=[32m"24"[39m
          [33mxmlns[39m=[32m"http://www.w3.org/2000/svg"[39m
        [36m>[39m
          [36m<path[39m
            [33md[39m=[32m"M10.029 4.285A2 2 0 0 0 7 6v12a2 2 0 0 0 3.029 1.715l9.997-5.998a2 2 0 0 0 .003-3.432z"[39m
          [36m/>[39m
          [36m<path[39m
            [33md[39m=[32m"M3 4v16"[39m
          [36m/>[39m
        [36m</svg>[39m
        [0m 单步[0m
      [36m</button>[39m
      [36m<button[39m
        [33mclass[39m=[32m"inline-flex items-center gap-1.5 px-3 py-1.5 rounded-lg bg-slate-600 text-white text-sm font-medium hover:bg-slate-700 disabled:opacity-50"[39m
      [36m>[39m
        [36m<svg[39m
          [33maria-hidden[39m=[32m"true"[39m
          [33mclass[39m=[32m"lucide lucide-square w-3.5 h-3.5 fill-current"[39m
          [33mfill[39m=[32m"none"[39m
          [33mheight[39m=[32m"24"[39m
          [33mstroke[39m=[32m"currentColor"[39m
          [33mstroke-linecap[39m=[32m"round"[39m
          [33mstroke-linejoin[39m=[32m"round"[39m
          [33mstroke-width[39m=[32m"2"[39m
          [33mviewBox[39m=[32m"0 0 24 24"[39m
          [33mwidth[39m=[32m"24"[39m
          [33mxmlns[39m=[32m"http://www.w3.org/2000/svg"[39m
        [36m>[39m
          [36m<rect[39m
            [33mheight[39m=[32m"18"[39m
            [33mrx[39m=[32m"2"[39m
            [33mwidth[39m=[32m"18"[39m
            [33mx[39m=[32m"3"[39m
            [33my[39m=[32m"3"[39m
          [36m/>[39m
        [36m</svg>[39m
        [0m 停止[0m
      [36m</button>[39m
      [36m<span[39m
        [33mclass[39m=[32m"ml-auto text-[11px] text-[hsl(var(--muted-foreground))]"[39m
      [36m>[39m
        [0m命中断点已暂停[0m
      [36m</span>[39m
    [36m</div>[39m
  [36m</div>[39m
[36m</body>[39m

Ignored nodes: comments, script, style
[36m<body>[39m
  [36m<div />[39m
  [36m<div[39m
    [33mclass[39m=[32m"fixed top-[72px] left-1/2 -translate-x-1/2 z-[1000] w-[440px] max-w-[92vw] rounded-xl border border-amber-400/60 bg-[hsl(var(--card))] shadow-2xl overflow-hidden"[39m
  [36m>[39m
    [36m<div[39m
      [33mclass[39m=[32m"flex items-center gap-2 px-4 py-2.5 bg-amber-50 border-b border-amber-200"[39m
    [36m>[39m
      [36m<svg[39m
        [33maria-hidden[39m=[32m"true"[39m
        [33mclass[39m=[32m"lucide lucide-bug w-4 h-4 text-amber-600"[39m
        [33mfill[39m=[32m"none"[39m
        [33mheight[39m=[32m"24"[39m
        [33mstroke[39m=[32m"currentColor"[39m
        [33mstroke-linecap[39m=[32m"round"[39m
        [33mstroke-linejoin[39m=[32m"round"[39m
        [33mstroke-width[39m=[32m"2"[39m
        [33mviewBox[39m=[32m"0 0 24 24"[39m
        [33mwidth[39m=[32m"24"[39m
        [33mxmlns[39m=[32m"http://www.w3.org/2000/svg"[39m
      [36m>[39m
        [36m<path[39m
          [33md[39m=[32m"M12 20v-9"[39m
        [36m/>[39m
        [36m<path[39m
          [33md[39m=[32m"M14 7a4 4 0 0 1 4 4v3a6 6 0 0 1-12 0v-3a4 4 0 0 1 4-4z"[39m
        [36m/>[39m
        [36m<path[39m
          [33md[39m=[32m"M14.12 3.88 16 2"[39m
        [36m/>[39m
        [36m<path[39m
          [33md[39m=[32m"M21 21a4 4 0 0 0-3.81-4"[39m
        [36m/>[39m
        [36m<path[39m
          [33md[39m=[32m"M21 5a4 4 0 0 1-3.55 3.97"[39m
        [36m/>[39m
        [36m<path[39m
          [33md[39m=[32m"M22 13h-4"[39m
        [36m/>[39m
        [36m<path[39m
          [33md[39m=[32m"M3 21a4 4 0 0 1 3.81-4"[39m
        [36m/>[39m
        [36m<path[39m
          [33md[39m=[32m"M3 5a4 4 0 0 0 3.55 3.97"[39m
        [36m/>[39m
        [36m<path[39m
          [33md[39m=[32m"M6 13H2"[39m
        [36m/>[39m
        [36m<path[39m
          [33md[39m=[32m"m8 2 1.88 1.88"[39m
        [36m/>[39m
        [36m<path[39m
          [33md[39m=[32m"M9 7.13V6a3 3 0 1 1 6 0v1.13"[39m
        [36m/>[39m
      [36m</svg>[39m
      [36m<span[39m
        [33mclass[39m=[32m"text-sm font-semibold text-amber-700"[39m
      [36m>[39m
        [0m断点暂停[0m
      [36m</span>[39m
      [36m<span[39m
        [33mclass[39m=[32m"text-xs text-[hsl(var(--muted-foreground))] truncate max-w-[180px]"[39m
        [33mtitle[39m=[32m"首次暂停"[39m
      [36m>[39m
        [0m@ [0m
        [0m首次暂停[0m
      [36m</span>[39m
      [36m<button[39m
        [33mclass[39m=[32m"ml-auto inline-flex items-center gap-1 text-xs text-[hsl(var(--muted-foreground))] hover:text-[hsl(var(--foreground))]"[39m
      [36m>[39m
        [0m变量 [0m
        [0m1[0m
        [36m<svg[39m
          [33maria-hidden[39m=[32m"true"[39m
          [33mclass[39m=[32m"lucide lucide-chevron-down w-3 h-3"[39m
          [33mfill[39m=[32m"none"[39m
          [33mheight[39m=[32m"24"[39m
          [33mstroke[39m=[32m"currentColor"[39m
          [33mstroke-linecap[39m=[32m"round"[39m
          [33mstroke-linejoin[39m=[32m"round"[39m
          [33mstroke-width[39m=[32m"2"[39m
          [33mviewBox[39m=[32m"0 0 24 24"[39m
          [33mwidth[39m=[32m"24"[39m
          [33mxmlns[39m=[32m"http://www.w3.org/2000/svg"[39m
        [36m>[39m
          [36m<path[39m
            [33md[39m=[32m"m6 9 6 6 6-6"[39m
          [36m/>[39m
        [36m</svg>[39m
      [36m</button>[39m
    [36m</div>[39m
    [36m<div[39m
      [33mclass[39m=[32m"flex items-center gap-2 px-4 py-2.5"[39m
    [36m>[39m
      [36m<button[39m
        [33mclass[39m=[32m"inline-flex items-center gap-1.5 px-3 py-1.5 rounded-lg bg-emerald-500 text-white text-sm font-medium hover:bg-emerald-600 disabled:opacity-50"[39m
      [36m>[39m
        [36m<svg[39m
          [33maria-hidden[39m=[32m"true"[39m
          [33mclass[39m=[32m"lucide lucide-play w-3.5 h-3.5 fill-current"[39m
          [33mfill[39m=[32m"none"[39m
          [33mheight[39m=[32m"24"[39m
          [33mstroke[39m=[32m"currentColor"[39m
          [33mstroke-linecap[39m=[32m"round"[39m
          [33mstroke-linejoin[39m=[32m"round"[39m
          [33mstroke-width[39m=[32m"2"[39m
          [33mviewBox[39m=[32m"0 0 24 24"[39m
          [33mwidth[39m=[32m"24"[39m
          [33mxmlns[39m=[32m"http://www.w3.org/2000/svg"[39m
        [36m>[39m
          [36m<path[39m
            [33md[39m=[32m"M5 5a2 2 0 0 1 3.008-1.728l11.997 6.998a2 2 0 0 1 .003 3.458l-12 7A2 2 0 0 1 5 19z"[39m
          [36m/>[39m
        [36m</svg>[39m
        [0m 继续[0m
      [36m</button>[39m
      [36m<button[39m
        [33mclass[39m=[32m"inline-flex items-center gap-1.5 px-3 py-1.5 rounded-lg bg-[hsl(var(--brand-600))] text-white text-sm font-medium hover:opacity-90 disabled:opacity-50"[39m
      [36m>[39m
        [36m<svg[39m
          [33maria-hidden[39m=[32m"true"[39m
          [33mclass[39m=[32m"lucide lucide-step-forward w-3.5 h-3.5"[39m
          [33mfill[39m=[32m"none"[39m
          [33mheight[39m=[32m"24"[39m
          [33mstroke[39m=[32m"currentColor"[39m
          [33mstroke-linecap[39m=[32m"round"[39m
          [33mstroke-linejoin[39m=[32m"round"[39m
          [33mstroke-width[39m=[32m"2"[39m
          [33mviewBox[39m=[32m"0 0 24 24"[39m
          [33mwidth[39m=[32m"24"[39m
          [33mxmlns[39m=[32m"http://www.w3.org/2000/svg"[39m
        [36m>[39m
          [36m<path[39m
            [33md[39m=[32m"M10.029 4.285A2 2 0 0 0 7 6v12a2 2 0 0 0 3.029 1.715l9.997-5.998a2 2 0 0 0 .003-3.432z"[39m
          [36m/>[39m
          [36m<path[39m
            [33md[39m=[32m"M3 4v16"[39m
          [36m/>[39m
        [36m</svg>[39m
        [0m 单步[0m
      [36m</button>[39m
      [36m<button[39m
        [33mclass[39m=[32m"inline-flex items-center gap-1.5 px-3 py-1.5 rounded-lg bg-slate-600 text-white text-sm font-medium hover:bg-slate-700 disabled:opacity-50"[39m
      [36m>[39m
        [36m<svg[39m
          [33maria-hidden[39m=[32m"true"[39m
          [33mclass[39m=[32m"lucide lucide-square w-3.5 h-3.5 fill-current"[39m
          [33mfill[39m=[32m"none"[39m
          [33mheight[39m=[32m"24"[39m
          [33mstroke[39m=[32m"currentColor"[39m
          [33mstroke-linecap[39m=[32m"round"[39m
          [33mstroke-linejoin[39m=[32m"round"[39m
          [33mstroke-width[39m=[32m"2"[39m
          [33mviewBox[39m=[32m"0 0 24 24"[39m
          [33mwidth[39m=[32m"24"[39m
          [33mxmlns[39m=[32m"http://www.w3.org/2000/svg"[39m
        [36m>[39m
          [36m<rect[39m
            [33mheight[39m=[32m"18"[39m
            [33mrx[39m=[32m"2"[39m
            [33mwidth[39m=[32m"18"[39m
            [33mx[39m=[32m"3"[39m
            [33my[39m=[32m"3"[39m
          [36m/>[39m
        [36m</svg>[39m
        [0m 停止[0m
      [36m</button>[39m
      [36m<span[39m
        [33mclass[39m=[32m"ml-auto text-[11px] text-[hsl(var(--muted-foreground))]"[39m
      [36m>[39m
        [0m命中断点已暂停[0m
      [36m</span>[39m
    [36m</div>[39m
  [36m</div>[39m
[36m</body>[39m
 ❯ waitForWrapper ../../node_modules/@testing-library/dom/dist/wait-for.js:163:27
 ❯ ../../node_modules/@testing-library/dom/dist/query-helpers.js:86:33
 ❯ src/renderer/domains/workflows/tests/debug-bar-commands.test.tsx:43:15
     41|  vi.spyOn(workflowApi,'debugStep').mockResolvedValue({success:false,er…
     42|  render(<DebugBar />);fireEvent.click(screen.getByRole('button',{name:…
     43|  await screen.findByText(/请求结果尚未确认/)
       |               ^
     44|  expect((screen.getByRole('button',{name:'单步'}) as HTMLButtonElement).…
     45|  expect((screen.getByRole('button',{name:'停止'}) as HTMLButtonElement).…

⎯⎯⎯⎯⎯⎯⎯⎯⎯⎯⎯⎯⎯⎯⎯⎯⎯⎯⎯⎯⎯⎯⎯⎯[4/4]⎯


 Test Files  1 failed (1)
      Tests  4 failed | 1 passed (5)
   Start at  05:29:22
   Duration  4.19s (transform 198ms, setup 101ms, import 328ms, tests 3.17s, environment 480ms)

npm error Lifecycle script `test` failed with error:
npm error code 1
npm error path /Users/zhangtiancheng/Documents/projects/autoflow/apps/desktop
npm error workspace @autoflow/desktop@0.1.0
npm error location /Users/zhangtiancheng/Documents/projects/autoflow/apps/desktop
npm error command failed
npm error command sh -c vitest run --maxWorkers=1 src/renderer/domains/workflows/tests/debug-bar-commands.test.tsx
