src/autoflow/domain/android/capacity_rules.py:14: error: Unsupported operand types for + ("int" and "None")  [operator]
src/autoflow/domain/android/capacity_rules.py:14: error: Unsupported operand types for + ("None" and "int")  [operator]
src/autoflow/domain/android/capacity_rules.py:14: error: Unsupported left operand type for + ("None")  [operator]
src/autoflow/domain/android/capacity_rules.py:14: note: Both left and right operands are unions
src/autoflow/domain/android/capacity_rules.py:14: error: Unsupported operand types for <= ("int" and "None")  [operator]
src/autoflow/application/android/diagnostics_export.py:74: error: Invalid index type "Literal['environment']" for "dict[Literal['includeAdvancedLogs', 'workflow', 'deviceIds'], Any]"; expected type "Literal['includeAdvancedLogs', 'workflow', 'deviceIds']"  [index]
src/autoflow/application/android/diagnostics_export.py:78: error: Invalid index type "Literal['environment']" for "dict[Literal['includeAdvancedLogs', 'workflow', 'deviceIds'], Any]"; expected type "Literal['includeAdvancedLogs', 'workflow', 'deviceIds']"  [index]
src/autoflow/application/android/diagnostics_export.py:82: error: Invalid index type "Literal['devices']" for "dict[Literal['includeAdvancedLogs', 'workflow', 'deviceIds'], Any]"; expected type "Literal['includeAdvancedLogs', 'workflow', 'deviceIds']"  [index]
src/autoflow/application/android/diagnostics_export.py:86: error: Invalid index type "Literal['operations']" for "dict[Literal['includeAdvancedLogs', 'workflow', 'deviceIds'], Any]"; expected type "Literal['includeAdvancedLogs', 'workflow', 'deviceIds']"  [index]
src/autoflow/application/android/diagnostics_export.py:93: error: Invalid index type "Literal['advancedLogs']" for "dict[Literal['includeAdvancedLogs', 'workflow', 'deviceIds'], Any]"; expected type "Literal['includeAdvancedLogs', 'workflow', 'deviceIds']"  [index]
src/autoflow/application/android/diagnostics_export.py:94: error: Invalid index type "Literal['advancedLogs']" for "dict[Literal['includeAdvancedLogs', 'workflow', 'deviceIds'], Any]"; expected type "Literal['includeAdvancedLogs', 'workflow', 'deviceIds']"  [index]
src/autoflow/application/android/diagnostics_export.py:101: error: Argument 1 to "redact_diagnostics" has incompatible type "dict[Literal['includeAdvancedLogs', 'workflow', 'deviceIds'], Any]"; expected "dict[str, Any]"  [arg-type]
src/autoflow/domain/project_automations/rules.py:163: note: By default the bodies of untyped functions are not checked, consider using --check-untyped-defs  [annotation-unchecked]
src/autoflow/application/android/images.py:248: error: Item "None" of "Any | None" has no attribute "inspect"  [union-attr]
src/autoflow/application/android/images.py:276: error: Function "autoflow.application.android.images.AndroidImageService.list" is not valid as a type  [valid-type]
src/autoflow/application/android/images.py:276: note: Perhaps you need "Callable[...]" or a callback protocol?
src/autoflow/application/android/console.py:538: error: "object" has no attribute "get"  [attr-defined]
src/autoflow/application/android/console.py:542: error: "object" has no attribute "get"  [attr-defined]
src/autoflow/application/android/console.py:542: error: Value of type "object" is not indexable  [index]
src/autoflow/application/android/console.py:692: error: Assignment to variable "error" outside except: block  [misc]
src/autoflow/application/android/cleanup.py:276: error: Item "None" of "list[dict[str, Any]] | Any | str | None" has no attribute "append"  [union-attr]
src/autoflow/application/android/cleanup.py:276: error: Item "str" of "list[dict[str, Any]] | Any | str | None" has no attribute "append"  [union-attr]
src/autoflow/application/android/cleanup.py:282: error: Item "None" of "list[dict[str, Any]] | Any | str | None" has no attribute "append"  [union-attr]
src/autoflow/application/android/cleanup.py:282: error: Item "str" of "list[dict[str, Any]] | Any | str | None" has no attribute "append"  [union-attr]
src/autoflow/application/android/cleanup.py:286: error: Item "None" of "list[dict[str, Any]] | Any | str | None" has no attribute "append"  [union-attr]
src/autoflow/application/android/cleanup.py:286: error: Item "str" of "list[dict[str, Any]] | Any | str | None" has no attribute "append"  [union-attr]
src/autoflow/application/android/cleanup.py:301: error: Item "None" of "Any | None" has no attribute "storage"  [union-attr]
src/autoflow/application/android/cleanup.py:309: error: Item "None" of "list[dict[str, Any]] | Any | str | None" has no attribute "append"  [union-attr]
src/autoflow/application/android/cleanup.py:309: error: Item "str" of "list[dict[str, Any]] | Any | str | None" has no attribute "append"  [union-attr]
src/autoflow/application/android/cleanup.py:312: error: Item "str" of "dict[str, Any] | Any | str" has no attribute "get"  [union-attr]
src/autoflow/application/android/cleanup.py:312: error: Item "None" of "list[dict[str, Any]] | Any | str | None" has no attribute "__iter__" (not iterable)  [union-attr]
src/autoflow/application/android/cleanup.py:321: error: Item "None" of "Any | None" has no attribute "transition"  [union-attr]
src/autoflow/application/android/cleanup.py:323: error: Item "None" of "Any | None" has no attribute "transition"  [union-attr]
src/autoflow/application/android/cleanup.py:329: error: Item "None" of "Any | None" has no attribute "transition"  [union-attr]
src/autoflow/application/android/apk.py:181: error: Missing return statement  [return]
src/autoflow/application/android/apk.py:250: error: Missing return statement  [return]
src/autoflow/application/android/management.py:69: error: Item "None" of "Any | None" has no attribute "transition"  [union-attr]
src/autoflow/application/android/management.py:76: error: Item "None" of "Any | None" has no attribute "transition"  [union-attr]
src/autoflow/application/android/management.py:165: error: Item "None" of "Any | None" has no attribute "transition"  [union-attr]
src/autoflow/application/android/backups.py:121: error: Item "None" of "Any | None" has no attribute "transition"  [union-attr]
src/autoflow/application/android/backups.py:172: error: Item "None" of "Any | None" has no attribute "complete_backup"  [union-attr]
src/autoflow/application/android/backups.py:178: error: Item "None" of "Any | None" has no attribute "get"  [union-attr]
src/autoflow/infrastructure/database/android_operations.py:164: error: Incompatible types in assignment (expression has type "datetime", target has type "str")  [assignment]
src/autoflow/infrastructure/database/android_operations.py:166: error: Incompatible types in assignment (expression has type "datetime", target has type "str")  [assignment]
src/autoflow/infrastructure/database/android_operations.py:188: error: Incompatible types in assignment (expression has type "datetime", target has type "str")  [assignment]
src/autoflow/infrastructure/database/android_operations.py:190: error: Incompatible types in assignment (expression has type "datetime", target has type "str")  [assignment]
src/autoflow/application/project_runs/manual_runtime.py:35: note: By default the bodies of untyped functions are not checked, consider using --check-untyped-defs  [annotation-unchecked]
src/autoflow/adapters/http/android_management.py:81: error: Value expression in dictionary comprehension has incompatible type "dict[str, Any]"; expected type "EnvironmentCheckRead"  [misc]
src/autoflow/adapters/http/android_management.py:121: error: Argument "runtime_state" to "DeviceFacts" has incompatible type "str"; expected "Literal['stopped', 'starting', 'ready', 'retained', 'missing', 'unknown']"  [arg-type]
src/autoflow/adapters/http/android_management.py:137: error: Argument "owner" to "ManagementDeviceRead" has incompatible type "dict[str, str | None]"; expected "OwnerRead"  [arg-type]
src/autoflow/adapters/http/android_management.py:253: error: Item "None" of "Any | None" has no attribute "workspace_id"  [union-attr]
src/autoflow/adapters/http/android_management.py:271: error: Incompatible types in assignment (expression has type "EnvironmentCheckResult", variable has type "Coroutine[Any, Any, EnvironmentCheckResult]")  [assignment]
src/autoflow/adapters/http/android_management.py:349: error: Item "None" of "Any | None" has no attribute "get"  [union-attr]
src/autoflow/adapters/http/android_management.py:661: error: Incompatible types in assignment (expression has type "bool", target has type "str")  [assignment]
src/autoflow/adapters/http/android_management.py:678: error: Item "None" of "Any | None" has no attribute "transition"  [union-attr]
src/autoflow/adapters/http/android_management.py:684: error: Item "None" of "Any | None" has no attribute "transition"  [union-attr]
src/autoflow/adapters/http/android_management.py:688: error: Item "None" of "Any | None" has no attribute "transition"  [union-attr]
src/autoflow/adapters/http/android_management.py:693: error: Item "None" of "Any | None" has no attribute "transition"  [union-attr]
src/autoflow/adapters/http/android_management.py:703: error: Item "None" of "Any | None" has no attribute "transition"  [union-attr]
src/autoflow/adapters/http/android_management.py:708: error: Item "None" of "Any | None" has no attribute "transition"  [union-attr]
src/autoflow/adapters/http/android_management.py:718: error: Item "None" of "Any | None" has no attribute "transition"  [union-attr]
src/autoflow/adapters/http/android_management.py:738: error: Item "None" of "Any | None" has no attribute "transition_with_device"  [union-attr]
src/autoflow/adapters/http/android_management.py:746: error: Item "None" of "Any | None" has no attribute "get"  [union-attr]
src/autoflow/adapters/http/android_management.py:762: error: Item "None" of "Any | None" has no attribute "transition_with_device"  [union-attr]
src/autoflow/adapters/http/android_management.py:764: error: Item "None" of "Any | None" has no attribute "transition"  [union-attr]
src/autoflow/adapters/http/android_management.py:802: error: Argument "items" to "CleanupResourcePage" has incompatible type "list[dict[str, Any]]"; expected "list[CleanupPreviewItem]"  [arg-type]
src/autoflow/adapters/http/android_management.py:813: error: Argument "items" to "CleanupPreviewRead" has incompatible type "list[dict[str, Any]]"; expected "list[CleanupPreviewItem]"  [arg-type]
src/autoflow/adapters/http/android_management.py:822: error: Argument "items" to "CleanupRead" has incompatible type "list[dict[str, Any]]"; expected "list[CleanupPreviewItem]"  [arg-type]
src/autoflow/bootstrap/app.py:405: error: "AndroidRuntime" has no attribute "image_catalog"  [attr-defined]
Found 65 errors in 11 files (checked 531 source files)
