
> test:scripts
> node --test scripts/*.test.mjs

✔ retains the approved scope and resolves an imported alias to its actual component file (1.051166ms)
✔ follows barrel exports to retained database forms instead of guessing by global symbol name (0.113416ms)
✔ follows lazy imports into actual code tools and their editor dependency (0.129083ms)
✔ does not silently discard dynamically selected icon components or mark node cases executed (0.163125ms)
✔ browser management smoke accepts an explicit packaged sidecar (1.581583ms)
✔ browser management smoke creates the platform kernel layout (0.18975ms)
✔ profile test browser smoke parses kernel and sidecar paths (1.189125ms)
✔ profile test browser smoke validates a public kernel directory (8.697166ms)
✔ profile test browser smoke finds a session below the manager root (2.129708ms)
✔ packaged smoke cannot silently select external health mode (0.855292ms)
✔ cleanup rejects after the final deadline if the child never exits (10.021584ms)
✔ cleanup observes close without requiring exit (0.275ms)
✔ cleanup rejects a child process error (0.217125ms)
✔ required path exists: apps/desktop/package.json (0.896042ms)
✔ required path exists: apps/backend/pyproject.toml (0.099625ms)
✔ root scripts expose the foundation checks (0.264ms)
(node:19513) [MODULE_TYPELESS_PACKAGE_JSON] Warning: Module type of file:///Users/zhangtiancheng/Documents/projects/autoflow/apps/desktop/src/renderer/domains/workflows/lib/moduleCatalog.ts is not specified and it doesn't parse as CommonJS.
Reparsing as ES module because module syntax was detected. This incurs a performance overhead.
To eliminate this warning, add "type": "module" to /Users/zhangtiancheng/Documents/projects/autoflow/apps/desktop/package.json.
(Use `node --trace-warnings ...` to show where the warning was created)
✔ Studio Chinese documentation audit covers exactly the retained catalog (17.360042ms)
✔ resource upload keeps multipart body and generated response type in the handoff inventory (0.636666ms)
✔ transport forwarding is marked dynamic instead of inventing a GET contract (0.097667ms)
✔ the matrix includes every discovered service and event without treating declarations as passed tests (2.116917ms)
✔ inventory and matrix regenerate deterministically (632.635667ms)
ℹ tests 21
ℹ suites 0
ℹ pass 21
ℹ fail 0
ℹ cancelled 0
ℹ skipped 0
ℹ todo 0
ℹ duration_ms 1392.063292
