
> @autoflow/desktop@0.1.0 test
> vitest run --maxWorkers=1 src/renderer/domains/workflows/tests/security-host-ownership.test.tsx


 RUN  v4.1.11 /Users/zhangtiancheng/Documents/projects/autoflow/apps/desktop

(node:9493) ExperimentalWarning: localStorage is not available because --localstorage-file was not provided.
(Use `node --trace-warnings ...` to show where the warning was created)
 ❯ src/renderer/domains/workflows/tests/security-host-ownership.test.tsx (6 tests | 5 failed) 1252ms
   × security settings explain host ownership without nonfunctional legacy token controls 1186ms
   × opening host-owned security settings does not query an obsolete token service 62ms
   × obsolete status operation reports retired instead of false security state 2ms
   × obsolete toggle operation reports retired instead of false security state 1ms
   × obsolete regenerate operation reports retired instead of false security state 0ms

⎯⎯⎯⎯⎯⎯⎯ Failed Tests 5 ⎯⎯⎯⎯⎯⎯⎯

 FAIL  src/renderer/domains/workflows/tests/security-host-ownership.test.tsx > security settings explain host ownership without nonfunctional legacy token controls
TestingLibraryElementError: Unable to find an element with the text: /访问鉴权由 AutoFlow 宿主统一管理/. This could be because the text is broken up by multiple elements. In this case, you can provide a function for your text matcher to make your matcher more flexible.

Ignored nodes: comments, script, style
[36m<body>[39m
  [36m<div />[39m
  [36m<div[39m
    [33mclass[39m=[32m"fixed inset-0 bg-[hsl(217_45%_15%_/_0.55)] backdrop-blur-[3px] flex items-center justify-center p-4 animate-fade-in"[39m
    [33mdata-testid[39m=[32m"global-config-backdrop"[39m
    [33mstyle[39m=[32m"z-index: 2147483646;"[39m
  [36m>[39m
    [36m<div[39m
      [33mclass[39m=[32m"modern-dialog w-full max-w-4xl flex flex-col animate-scale-in-bounce"[39m
      [33mstyle[39m=[32m"max-height: calc(100vh - 32px);"[39m
    [36m>[39m
      [36m<div[39m
        [33mclass[39m=[32m"modern-dialog-header"[39m
      [36m>[39m
        [36m<div[39m
          [33mclass[39m=[32m"modern-dialog-header-icon"[39m
        [36m>[39m
          [36m<svg[39m
            [33maria-hidden[39m=[32m"true"[39m
            [33mclass[39m=[32m"lucide lucide-settings w-5 h-5"[39m
            [33mfill[39m=[32m"none"[39m
            [33mheight[39m=[32m"24"[39m
            [33mstroke[39m=[32m"currentColor"[39m
            [33mstroke-linecap[39m=[32m"round"[39m
            [33mstroke-linejoin[39m=[32m"round"[39m
            [33mstroke-width[39m=[32m"2.2"[39m
            [33mviewBox[39m=[32m"0 0 24 24"[39m
            [33mwidth[39m=[32m"24"[39m
            [33mxmlns[39m=[32m"http://www.w3.org/2000/svg"[39m
          [36m>[39m
            [36m<path[39m
              [33md[39m=[32m"M9.671 4.136a2.34 2.34 0 0 1 4.659 0 2.34 2.34 0 0 0 3.319 1.915 2.34 2.34 0 0 1 2.33 4.033 2.34 2.34 0 0 0 0 3.831 2.34 2.34 0 0 1-2.33 4.033 2.34 2.34 0 0 0-3.319 1.915 2.34 2.34 0 0 1-4.659 0 2.34 2.34 0 0 0-3.32-1.915 2.34 2.34 0 0 1-2.33-4.033 2.34 2.34 0 0 0 0-3.831A2.34 2.34 0 0 1 6.35 6.051a2.34 2.34 0 0 0 3.319-1.915"[39m
            [36m/>[39m
            [36m<circle[39m
              [33mcx[39m=[32m"12"[39m
              [33mcy[39m=[32m"12"[39m
              [33mr[39m=[32m"3"[39m
            [36m/>[39m
          [36m</svg>[39m
        [36m</div>[39m
        [36m<div[39m
          [33mclass[39m=[32m"flex-1"[39m
        [36m>[39m
          [36m<h3[39m
            [33mclass[39m=[32m"modern-dialog-title"[39m
          [36m>[39m
            [0m全局默认配置[0m
          [36m</h3>[39m
          [36m<div[39m
            [33mclass[39m=[32m"modern-dialog-subtitle"[39m
          [36m>[39m
            [0m在这里调整 WebRPA 的工作行为与默认参数[0m
          [36m</div>[39m
        [36m</div>[39m
        [36m<button[39m
          [33maria-label[39m=[32m"关闭全局配置"[39m
          [33mclass[39m=[32m"p-1.5 rounded-[7px] text-[hsl(var(--slate-500))] hover:bg-[hsl(var(--danger-50))] hover:text-[hsl(var(--danger-600))] hover:border-[hsl(var(--danger-500)/0.3)] border border-transparent transition-all duration-150 active:scale-90"[39m
        [36m>[39m
          [36m<svg[39m
            [33maria-hidden[39m=[32m"true"[39m
            [33mclass[39m=[32m"lucide lucide-x w-4 h-4"[39m
            [33mfill[39m=[32m"none"[39m
            [33mheight[39m=[32m"24"[39m
            [33mstroke[39m=[32m"currentColor"[39m
            [33mstroke-linecap[39m=[32m"round"[39m
            [33mstroke-linejoin[39m=[32m"round"[39m
            [33mstroke-width[39m=[32m"2"[39m
            [33mviewBox[39m=[32m"0 0 24 24"[39m
            [33mwidth[39m=[32m"24"[39m
            [33mxmlns[39m=[32m"http://www.w3.org/2000/svg"[39m
          [36m>[39m
            [36m<path[39m
              [33md[39m=[32m"M18 6 6 18"[39m
            [36m/>[39m
            [36m<path[39m
              [33md[39m=[32m"m6 6 12 12"[39m
            [36m/>[39m
          [36m</svg>[39m
        [36m</button>[39m
      [36m</div>[39m
      [36m<div[39m
        [33mclass[39m=[32m"flex flex-1 min-h-0"[39m
      [36m>[39m
        [36m<nav[39m
          [33mclass[39m=[32m"w-44 flex-shrink-0 border-r border-[hsl(var(--border))] bg-[hsl(var(--slate-50)/0.5)] overflow-y-auto p-2 space-y-0.5"[39m
        [36m>[39m
          [36m<button[39m
            [33mclass[39m=[32m"w-full flex items-center gap-2.5 px-2.5 py-2 rounded-[8px] text-[12.5px] font-medium transition-[background-color,color,border-color,box-shadow] duration-150 ease-out border !bg-transparent !text-[hsl(var(--slate-700))] !border-transparent hover:!bg-[hsl(var(--card))] hover:!text-[hsl(var(--brand-700))] hover:!border-[hsl(var(--border))] hover:shadow-xs"[39m
          [36m>[39m
            [36m<span[39m
              [33mclass[39m=[32m"icon-chip icon-chip-brand !w-7 !h-7"[39m
            [36m>[39m
              [36m<svg[39m
                [33maria-hidden[39m=[32m"true"[39m
                [33mclass[39m=[32m"lucide lucide-settings w-3.5 h-3.5"[39m
                [33mfill[39m=[32m"none"[39m
                [33mheight[39m=[32m"24"[39m
                [33mstroke[39m=[32m"currentColor"[39m
                [33mstroke-linecap[39m=[32m"round"[39m
                [33mstroke-linejoin[39m=[32m"round"[39m
                [33mstroke-width[39m=[32m"2"[39m
                [33mviewBox[39m=[32m"0 0 24 24"[39m
                [33mwidth[39m=[32m"24"[39m
                [33mxmlns[39m=[32m"http://www.w3.org/2000/svg"[39m
              [36m>[39m
                [36m<path[39m
                  [33md[39m=[32m"M9.671 4.136a2.34 2.34 0 0 1 4.659 0 2.34 2.34 0 0 0 3.319 1.915 2.34 2.34 0 0 1 2.33 4.033 2.34 2.34 0 0 0 0 3.831 2.34 2.34 0 0 1-2.33 4.033 2.34 2.34 0 0 0-3.319 1.915 2.34 2.34 0 0 1-4.659 0 2.34 2.34 0 0 0-3.32-1.915 2.34 2.34 0 0 1-2.33-4.033 2.34 2.34 0 0 0 0-3.831A2.34 2.34 0 0 1 6.35 6.051a2.34 2.34 0 0 0 3.319-1.915"[39m
                [36m/>[39m
                [36m<circle[39m
                  [33mcx[39m=[32m"12"[39m
                  [33mcy[39m=[32m"12"[39m
                  [33mr[39m=[32m"3"[39m
                [36m/>[39m
              [36m</svg>[39m
            [36m</span>[39m
            [36m<span[39m
              [33mclass[39m=[32m"flex-1 text-left "[39m
            [36m>[39m
              [0m系统[0m
            [36m</span>[39m
          [36m</button>[39m
          [36m<button[39m
            [33mclass[39m=[32m"w-full flex items-center gap-2.5 px-2.5 py-2 rounded-[8px] text-[12.5px] font-medium transition-[background-color,color,border-color,box-shadow] duration-150 ease-out border !bg-transparent !text-[hsl(var(--slate-700))] !border-transparent hover:!bg-[hsl(var(--card))] hover:!text-[hsl(var(--brand-700))] hover:!border-[hsl(var(--border))] hover:shadow-xs"[39m
          [36m>[39m
            [36m<span[39m
              [33mclass[39m=[32m"icon-chip icon-chip-violet !w-7 !h-7"[39m
            [36m>[39m
              [36m<svg[39m
                [33maria-hidden[39m=[32m"true"[39m
                [33mclass[39m=[32m"lucide lucide-brain w-3.5 h-3.5"[39m
                [33mfill[39m=[32m"none"[39m
                [33m...

Ignored nodes: comments, script, style
[36m<body>[39m
  [36m<div />[39m
  [36m<div[39m
    [33mclass[39m=[32m"fixed inset-0 bg-[hsl(217_45%_15%_/_0.55)] backdrop-blur-[3px] flex items-center justify-center p-4 animate-fade-in"[39m
    [33mdata-testid[39m=[32m"global-config-backdrop"[39m
    [33mstyle[39m=[32m"z-index: 2147483646;"[39m
  [36m>[39m
    [36m<div[39m
      [33mclass[39m=[32m"modern-dialog w-full max-w-4xl flex flex-col animate-scale-in-bounce"[39m
      [33mstyle[39m=[32m"max-height: calc(100vh - 32px);"[39m
    [36m>[39m
      [36m<div[39m
        [33mclass[39m=[32m"modern-dialog-header"[39m
      [36m>[39m
        [36m<div[39m
          [33mclass[39m=[32m"modern-dialog-header-icon"[39m
        [36m>[39m
          [36m<svg[39m
            [33maria-hidden[39m=[32m"true"[39m
            [33mclass[39m=[32m"lucide lucide-settings w-5 h-5"[39m
            [33mfill[39m=[32m"none"[39m
            [33mheight[39m=[32m"24"[39m
            [33mstroke[39m=[32m"currentColor"[39m
            [33mstroke-linecap[39m=[32m"round"[39m
            [33mstroke-linejoin[39m=[32m"round"[39m
            [33mstroke-width[39m=[32m"2.2"[39m
            [33mviewBox[39m=[32m"0 0 24 24"[39m
            [33mwidth[39m=[32m"24"[39m
            [33mxmlns[39m=[32m"http://www.w3.org/2000/svg"[39m
          [36m>[39m
            [36m<path[39m
              [33md[39m=[32m"M9.671 4.136a2.34 2.34 0 0 1 4.659 0 2.34 2.34 0 0 0 3.319 1.915 2.34 2.34 0 0 1 2.33 4.033 2.34 2.34 0 0 0 0 3.831 2.34 2.34 0 0 1-2.33 4.033 2.34 2.34 0 0 0-3.319 1.915 2.34 2.34 0 0 1-4.659 0 2.34 2.34 0 0 0-3.32-1.915 2.34 2.34 0 0 1-2.33-4.033 2.34 2.34 0 0 0 0-3.831A2.34 2.34 0 0 1 6.35 6.051a2.34 2.34 0 0 0 3.319-1.915"[39m
            [36m/>[39m
            [36m<circle[39m
              [33mcx[39m=[32m"12"[39m
              [33mcy[39m=[32m"12"[39m
              [33mr[39m=[32m"3"[39m
            [36m/>[39m
          [36m</svg>[39m
        [36m</div>[39m
        [36m<div[39m
          [33mclass[39m=[32m"flex-1"[39m
        [36m>[39m
          [36m<h3[39m
            [33mclass[39m=[32m"modern-dialog-title"[39m
          [36m>[39m
            [0m全局默认配置[0m
          [36m</h3>[39m
          [36m<div[39m
            [33mclass[39m=[32m"modern-dialog-subtitle"[39m
          [36m>[39m
            [0m在这里调整 WebRPA 的工作行为与默认参数[0m
          [36m</div>[39m
        [36m</div>[39m
        [36m<button[39m
          [33maria-label[39m=[32m"关闭全局配置"[39m
          [33mclass[39m=[32m"p-1.5 rounded-[7px] text-[hsl(var(--slate-500))] hover:bg-[hsl(var(--danger-50))] hover:text-[hsl(var(--danger-600))] hover:border-[hsl(var(--danger-500)/0.3)] border border-transparent transition-all duration-150 active:scale-90"[39m
        [36m>[39m
          [36m<svg[39m
            [33maria-hidden[39m=[32m"true"[39m
            [33mclass[39m=[32m"lucide lucide-x w-4 h-4"[39m
            [33mfill[39m=[32m"none"[39m
            [33mheight[39m=[32m"24"[39m
            [33mstroke[39m=[32m"currentColor"[39m
            [33mstroke-linecap[39m=[32m"round"[39m
            [33mstroke-linejoin[39m=[32m"round"[39m
            [33mstroke-width[39m=[32m"2"[39m
            [33mviewBox[39m=[32m"0 0 24 24"[39m
            [33mwidth[39m=[32m"24"[39m
            [33mxmlns[39m=[32m"http://www.w3.org/2000/svg"[39m
          [36m>[39m
            [36m<path[39m
              [33md[39m=[32m"M18 6 6 18"[39m
            [36m/>[39m
            [36m<path[39m
              [33md[39m=[32m"m6 6 12 12"[39m
            [36m/>[39m
          [36m</svg>[39m
        [36m</button>[39m
      [36m</div>[39m
      [36m<div[39m
        [33mclass[39m=[32m"flex flex-1 min-h-0"[39m
      [36m>[39m
        [36m<nav[39m
          [33mclass[39m=[32m"w-44 flex-shrink-0 border-r border-[hsl(var(--border))] bg-[hsl(var(--slate-50)/0.5)] overflow-y-auto p-2 space-y-0.5"[39m
        [36m>[39m
          [36m<button[39m
            [33mclass[39m=[32m"w-full flex items-center gap-2.5 px-2.5 py-2 rounded-[8px] text-[12.5px] font-medium transition-[background-color,color,border-color,box-shadow] duration-150 ease-out border !bg-transparent !text-[hsl(var(--slate-700))] !border-transparent hover:!bg-[hsl(var(--card))] hover:!text-[hsl(var(--brand-700))] hover:!border-[hsl(var(--border))] hover:shadow-xs"[39m
          [36m>[39m
            [36m<span[39m
              [33mclass[39m=[32m"icon-chip icon-chip-brand !w-7 !h-7"[39m
            [36m>[39m
              [36m<svg[39m
                [33maria-hidden[39m=[32m"true"[39m
                [33mclass[39m=[32m"lucide lucide-settings w-3.5 h-3.5"[39m
                [33mfill[39m=[32m"none"[39m
                [33mheight[39m=[32m"24"[39m
                [33mstroke[39m=[32m"currentColor"[39m
                [33mstroke-linecap[39m=[32m"round"[39m
                [33mstroke-linejoin[39m=[32m"round"[39m
                [33mstroke-width[39m=[32m"2"[39m
                [33mviewBox[39m=[32m"0 0 24 24"[39m
                [33mwidth[39m=[32m"24"[39m
                [33mxmlns[39m=[32m"http://www.w3.org/2000/svg"[39m
              [36m>[39m
                [36m<path[39m
                  [33md[39m=[32m"M9.671 4.136a2.34 2.34 0 0 1 4.659 0 2.34 2.34 0 0 0 3.319 1.915 2.34 2.34 0 0 1 2.33 4.033 2.34 2.34 0 0 0 0 3.831 2.34 2.34 0 0 1-2.33 4.033 2.34 2.34 0 0 0-3.319 1.915 2.34 2.34 0 0 1-4.659 0 2.34 2.34 0 0 0-3.32-1.915 2.34 2.34 0 0 1-2.33-4.033 2.34 2.34 0 0 0 0-3.831A2.34 2.34 0 0 1 6.35 6.051a2.34 2.34 0 0 0 3.319-1.915"[39m
                [36m/>[39m
                [36m<circle[39m
                  [33mcx[39m=[32m"12"[39m
                  [33mcy[39m=[32m"12"[39m
                  [33mr[39m=[32m"3"[39m
                [36m/>[39m
              [36m</svg>[39m
            [36m</span>[39m
            [36m<span[39m
              [33mclass[39m=[32m"flex-1 text-left "[39m
            [36m>[39m
              [0m系统[0m
            [36m</span>[39m
          [36m</button>[39m
          [36m<button[39m
            [33mclass[39m=[32m"w-full flex items-center gap-2.5 px-2.5 py-2 rounded-[8px] text-[12.5px] font-medium transition-[background-color,color,border-color,box-shadow] duration-150 ease-out border !bg-transparent !text-[hsl(var(--slate-700))] !border-transparent hover:!bg-[hsl(var(--card))] hover:!text-[hsl(var(--brand-700))] hover:!border-[hsl(var(--border))] hover:shadow-xs"[39m
          [36m>[39m
            [36m<span[39m
              [33mclass[39m=[32m"icon-chip icon-chip-violet !w-7 !h-7"[39m
            [36m>[39m
              [36m<svg[39m
                [33maria-hidden[39m=[32m"true"[39m
                [33mclass[39m=[32m"lucide lucide-brain w-3.5 h-3.5"[39m
                [33mfill[39m=[32m"none"[39m
                [33m...
 ❯ waitForWrapper ../../node_modules/@testing-library/dom/dist/wait-for.js:163:27
 ❯ ../../node_modules/@testing-library/dom/dist/query-helpers.js:86:33
 ❯ src/renderer/domains/workflows/tests/security-host-ownership.test.tsx:17:23
     15|   render(<GlobalConfigDialog isOpen onClose={() => {}} />)
     16|   fireEvent.click(screen.getByRole('button', { name: '安全' }))
     17|   expect(await screen.findByText(/访问鉴权由 AutoFlow 宿主统一管理/)).toBeTruthy()
       |                       ^
     18|   expect(screen.queryByRole('switch')).toBeNull()
     19|   expect(screen.queryByText(/后端默认监听局域网/)).toBeNull()

⎯⎯⎯⎯⎯⎯⎯⎯⎯⎯⎯⎯⎯⎯⎯⎯⎯⎯⎯⎯⎯⎯⎯⎯[1/5]⎯

 FAIL  src/renderer/domains/workflows/tests/security-host-ownership.test.tsx > opening host-owned security settings does not query an obsolete token service
AssertionError: expected true to be false // Object.is equality

- Expected
+ Received

- false
+ true

 ❯ src/renderer/domains/workflows/tests/security-host-ownership.test.tsx:29:86
     27|   fireEvent.click(screen.getByRole('button', { name: '安全' }))
     28|   await Promise.resolve()
     29|   expect(fetcher.mock.calls.some(([input]) => String(input).includes('…
       |                                                                                      ^
     30| })
     31| it.each([['status','GET'],['toggle','POST'],['regenerate','POST']])('o…

⎯⎯⎯⎯⎯⎯⎯⎯⎯⎯⎯⎯⎯⎯⎯⎯⎯⎯⎯⎯⎯⎯⎯⎯[2/5]⎯

 FAIL  src/renderer/domains/workflows/tests/security-host-ownership.test.tsx > obsolete status operation reports retired instead of false security state
AssertionError: expected 200 to be 410 // Object.is equality

- Expected
+ Received

- 410
+ 200

 ❯ src/renderer/domains/workflows/tests/security-host-ownership.test.tsx:33:25
     31| it.each([['status','GET'],['toggle','POST'],['regenerate','POST']])('o…
     32|   const result = await mockRequest(`http://autoflow-studio.mock/api/se…
     33|   expect(result.status).toBe(410)
       |                         ^
     34|   expect(await result.json()).toMatchObject({ success: false })
     35| })

⎯⎯⎯⎯⎯⎯⎯⎯⎯⎯⎯⎯⎯⎯⎯⎯⎯⎯⎯⎯⎯⎯⎯⎯[3/5]⎯

 FAIL  src/renderer/domains/workflows/tests/security-host-ownership.test.tsx > obsolete toggle operation reports retired instead of false security state
 FAIL  src/renderer/domains/workflows/tests/security-host-ownership.test.tsx > obsolete regenerate operation reports retired instead of false security state
AssertionError: expected 501 to be 410 // Object.is equality

- Expected
+ Received

- 410
+ 501

 ❯ src/renderer/domains/workflows/tests/security-host-ownership.test.tsx:33:25
     31| it.each([['status','GET'],['toggle','POST'],['regenerate','POST']])('o…
     32|   const result = await mockRequest(`http://autoflow-studio.mock/api/se…
     33|   expect(result.status).toBe(410)
       |                         ^
     34|   expect(await result.json()).toMatchObject({ success: false })
     35| })

⎯⎯⎯⎯⎯⎯⎯⎯⎯⎯⎯⎯⎯⎯⎯⎯⎯⎯⎯⎯⎯⎯⎯⎯[4/5]⎯


 Test Files  1 failed (1)
      Tests  5 failed | 1 passed (6)
   Start at  14:37:54
   Duration  2.90s (transform 494ms, setup 134ms, import 745ms, tests 1.25s, environment 652ms)

npm error Lifecycle script `test` failed with error:
npm error code 1
npm error path /Users/zhangtiancheng/Documents/projects/autoflow/apps/desktop
npm error workspace @autoflow/desktop@0.1.0
npm error location /Users/zhangtiancheng/Documents/projects/autoflow/apps/desktop
npm error command failed
npm error command sh -c vitest run --maxWorkers=1 src/renderer/domains/workflows/tests/security-host-ownership.test.tsx
