UI creates A/B and edits A using persisted project revisions
overview tabs expose only available capability; returning preserves search
real 55-row query paginates, retains sorting/page and restores contained scroll
real competing PATCH yields 409, preserves draft and explicitly rebases
same-workspace service restart preserves draft; Escape cancellation and later save work
{"factor":2,"before":{"inner":720,"root":708,"doc":708},"after":{"inner":720,"root":708,"doc":720},"popup":{"top":-14,"bottom":240,"height":254,"viewportHeight":512}}
{
  hash: '#/projects',
  text: 'AutoFlow\n' +
    '总览\n' +
    '项目\n' +
    '浏览器配置\n' +
    '代理管理\n' +
    '模型管理\n' +
    '设置\n' +
    '本地服务正常\n' +
    '项目已更新\n' +
    '关闭\n' +
    '项目\n' +
    '\n' +
    '创建并打开本地自动化工作空间。\n' +
    '\n' +
    '刷新\n' +
    '新建项目\n' +
    '活动项目\n' +
    '名称 A–Z\n' +
    '名称\t描述\t状态\t最近更新\t最近打开\t\n' +
    '操作\n' +
    '\n' +
    '批量项目 01长长长长长长长长长长长长长长长长长长长长长长长长长长长长长\t—\t活动\t2026年9月13日 04:32\t从未打开\t\n' +
    '编辑\n' +
    '\n' +
    '批量项目 02\t—\t活动\t2026年9月13日 04:32\t从未打开\t\n' +
    '编辑\n' +
    '\n' +
    '批量项目 03\t—\t活动\t2026年9月13日 04:32\t从未打开\t\n' +
    '编辑\n' +
    '\n' +
    '批量项目 04\t—\t活动\t2026年9月13日 04:32\t从未打开\t\n' +
    '编辑\n' +
    '\n' +
    '批量项目 05\t—\t活动\t2026年9月13日 04:32\t从未打开\t\n' +
    '编辑\n' +
    '\n' +
    '批量项目 06\t—\t活动\t2026年9月13日 04:32\t从未打开\t\n' +
    '编辑\n' +
    '\n' +
    '批量项目 07\t—\t活动\t2026年9月13日 04:32\t从未打开\t\n' +
    '编辑\n' +
    '\n' +
    '批量项目 08\t—\t活动\t2026年9月13日 04:32\t2026年9月13日 04:32\t\n' +
    '编辑\n' +
    '\n' +
    '批量项目 09\t—\t活动\t2026年9月13日 04:32\t从未打开\t\n' +
    '编辑\n' +
    '\n' +
    '批量项目 10\t—\t活动\t2026年9月13日 04:32\t从未打开\t\n' +
    '编辑\n' +
    '\n' +
    '批量项目 11\t—\t活动\t2026年9月13日 04:32\t从未打开\t\n' +
    '编辑\n' +
    '\n' +
    '批量项目 12\t—\t活动\t2026年9月13日 04:32\t从未打开\t\n' +
    '编辑\n' +
    '\n' +
    '批量项目 13\t—\t活动\t2026年9月13日 04:32\t从未打开\t\n' +
    '编辑\n' +
    '\n' +
    '批量项目 14\t—\t活动\t2026年9月13日 04:32\t从未打开\t\n' +
    '编辑\n' +
    '\n' +
    '批量项目 15\t—\t活动\t2026年9月13日 04:32\t从未打开\t\n' +
    '编辑\n' +
    '\n' +
    '批量项目 16\t—\t活动\t2026年9月13日 04:32\t从未打开\t\n' +
    '编辑\n' +
    '\n' +
    '批量项目 17\t—\t活动\t2026年9月13日 04:32\t从未打开\t\n' +
    '编辑\n' +
    '\n' +
    '批量项目 18\t—\t活动\t2026年9月13日 04:32\t从未打开\t\n' +
    '编辑\n' +
    '\n' +
    '批量项目 19\t—\t活动\t2026年9月13日 04:32\t从未打开\t\n' +
    '编辑\n' +
    '\n' +
    '批量项目 20\t—\t活动\t2026年9月13日 04:32\t从未打开\t\n' +
    '编辑\n' +
    '\n' +
    '批量项目 21\t—\t活动\t2026年9月13日 04:32\t从未打开\t\n' +
    '编辑\n' +
    '\n' +
    '批量项目 22\t—\t活动\t2026年9月13日 04:32\t从未打开\t\n' +
    '编辑\n' +
    '\n' +
    '批量项目 23\t—\t活动\t2026年9月13日 04:32\t从未打开\t\n' +
    '编辑\n' +
    '\n' +
    '批量项目 24\t—\t活动\t2026年9月13日 04:32\t从未打开\t\n' +
    '编辑\n' +
    '\n' +
    '批量项目 25\t—\t活动\t2026年9月13日 04:32\t从未打开\t\n' +
    '编辑\n' +
    '\n' +
    '批量项目 26\t—\t活动\t2026年9月13日 04:32\t从未打开\t\n' +
    '编辑\n' +
    '\n' +
    '批量项目 27\t—\t活动\t2026年9月13日 04:32\t从未打开\t\n' +
    '编辑\n' +
    '\n' +
    '批量项目 28\t—\t活动\t2026年9月13日 04:32\t从未打开\t\n' +
    '编辑\n' +
    '\n' +
    '批量项目 29\t—\t活动\t2026年9月13日 04:32\t从未打开\t\n' +
    '编辑\n' +
    '\n' +
    '批量项目 30\t—\t活动\t2026年9月13日 04:32\t从未打开\t\n' +
    '编辑\n' +
    '\n' +
    '批量项目 31\t—\t活动\t2026年9月13日 04:32\t从未打开\t\n' +
    '编辑\n' +
    '\n' +
    '批量项目 32\t—\t活动\t2026年9月13日 04:32\t从未打开\t\n' +
    '编辑\n' +
    '\n' +
    '批量项目 33\t—\t活动\t2026年9月13日 04:32\t从未打开\t\n' +
    '编辑\n' +
    '\n' +
    '批量项目 34\t—\t活动\t2026年9月13日 04:32\t从未打开\t\n' +
    '编辑\n' +
    '\n' +
    '批量项目 35\t—\t活动\t2026年9月13日 04:32\t从未打开\t\n' +
    '编辑\n' +
    '\n' +
    '批量项目 36\t—\t活动\t2026年9月13日 04:32\t从未打开\t\n' +
    '编辑\n' +
    '\n' +
    '批量项目 37\t—\t活动\t2026年9月13日 04:32\t从未打开\t\n' +
    '编辑\n' +
    '\n' +
    '批量项目 38\t—\t活动\t2026年9月13日 04:32\t从未打开\t\n' +
    '编辑\n' +
    '\n' +
    '批量项目 39\t—\t活动\t2026年9月13日 04:32\t从未打开\t\n' +
    '编辑\n' +
    '\n' +
    '批量项目 40\t—\t活动\t2026年9月13日 04:32\t从未打开\t\n' +
    '编辑\n' +
    '\n' +
    '批量项目 41\t—\t活动\t2026年9月13日 04:32\t从未打开\t\n' +
    '编辑\n' +
    '\n' +
    '批量项目 42\t—\t活动\t2026年9月13日 04:32\t从未打开\t\n' +
    '编辑\n' +
    '\n' +
    '批量项目 43\t—\t活动\t2026年9月13日 04:32\t从未打开\t\n' +
    '编辑\n' +
    '\n' +
    '批量项目 44\t—\t活动\t2026年9月13日 04:32\t从未打开\t\n' +
    '编辑\n' +
    '\n' +
    '批量项目 45\t—\t活动\t2026年9月13日 04:32\t从未打开\t\n' +
    '编辑\n' +
    '\n' +
    '批量项目 46\t—\t活动\t2026年9月13日 04:32\t从未打开\t\n' +
    '编辑\n' +
    '\n' +
    '批量项目 47\t—\t活动\t2026年9月13日 04:32\t从未打开\t\n' +
    '编辑\n' +
    '\n' +
    '批量项目 48\t—\t活动\t2026年9月13日 04:32\t从未打开\t\n' +
    '编辑\n' +
    '\n' +
    '批量项目 49\t—\t活动\t2026年9月13日 04:32\t从未打开\t\n' +
    '编辑\n' +
    '\n' +
    '批量项目 50\t—\t活动\t2026年9月13日 04:32\t从未打开\t\n' +
    '编辑\n' +
    '1–50 / 57\n' +
    '上一页\n' +
    '下一页\n' +
    '最近打开\n' +
    '最早打开\n' +
    '最近更新\n' +
    '最早更新\n' +
    '名称 A–Z\n' +
    '名称 Z–A'
}
node:internal/modules/run_main:107
    triggerUncaughtException(
    ^

AssertionError [ERR_ASSERTION]: dropdown must fit the zoomed viewport
    at file:///Users/zhangtiancheng/Documents/projects/autoflow-project-management-pm1/scripts/smoke-project-management.mjs:135:10 {
  generatedMessage: false,
  code: 'ERR_ASSERTION',
  actual: false,
  expected: true,
  operator: '==',
  diff: 'simple'
}

Node.js v26.7.0
