
> @autoflow/desktop@0.1.0 test
> vitest run src/renderer/domains/projects/pages/ProjectsWorkspace.test.tsx


 RUN  v4.1.11 /Users/zhangtiancheng/Documents/projects/autoflow-project-management-pm1/apps/desktop

 ❯ src/renderer/domains/projects/pages/ProjectsWorkspace.test.tsx (14 tests | 3 failed) 1283ms
   × keeps a closing project detail read-only 26ms
   × keeps a archived project detail read-only 22ms
   × keeps a deleting project detail read-only 22ms

⎯⎯⎯⎯⎯⎯⎯ Failed Tests 3 ⎯⎯⎯⎯⎯⎯⎯

 FAIL  src/renderer/domains/projects/pages/ProjectsWorkspace.test.tsx > keeps a closing project detail read-only
 FAIL  src/renderer/domains/projects/pages/ProjectsWorkspace.test.tsx > keeps a archived project detail read-only
 FAIL  src/renderer/domains/projects/pages/ProjectsWorkspace.test.tsx > keeps a deleting project detail read-only
Error: expect(element).toBeDisabled()

Received element is not disabled:
  <button
  class="af-button relative inline-flex shrink-0 items-center justify-center gap-2 rounded-control border border-transparent font-semibold transition-colors [transition-duration:var(--motion-control)] focus-visible:outline-2 focus-visible:outline-offset-2 focus-visible:outline-focus disabled:cursor-not-allowed text-muted enabled:hover:bg-surface-hover enabled:hover:text-ink enabled:active:bg-clay-soft h-[var(--control-md)] px-4 text-sm"
  type="button"
/>
 ❯ src/renderer/domains/projects/pages/ProjectsWorkspace.test.tsx:181:16
    179|   mount(request as StreamingApiClient['request'], { route: { projectId…
    180|   const edit = await screen.findByRole('button', { name: '编辑项目' })
    181|   expect(edit).toBeDisabled()
       |                ^
    182|   fireEvent.click(edit)
    183|   expect(screen.queryByRole('dialog')).not.toBeInTheDocument()

⎯⎯⎯⎯⎯⎯⎯⎯⎯⎯⎯⎯⎯⎯⎯⎯⎯⎯⎯⎯⎯⎯⎯⎯[1/3]⎯


 Test Files  1 failed (1)
      Tests  3 failed | 11 passed (14)
   Start at  04:27:44
   Duration  3.19s (transform 176ms, setup 0ms, import 1.41s, tests 1.28s, environment 394ms)

npm error Lifecycle script `test` failed with error:
npm error code 1
npm error path /Users/zhangtiancheng/Documents/projects/autoflow-project-management-pm1/apps/desktop
npm error workspace @autoflow/desktop@0.1.0
npm error location /Users/zhangtiancheng/Documents/projects/autoflow-project-management-pm1/apps/desktop
npm error command failed
npm error command sh -c vitest run src/renderer/domains/projects/pages/ProjectsWorkspace.test.tsx
