
> @autoflow/desktop@0.1.0 test
> vitest run src/renderer/domains/projects/components/ProjectDirectory.test.tsx


 RUN  v4.1.11 /Users/zhangtiancheng/Documents/projects/autoflow-project-management-pm1/apps/desktop

 ❯ src/renderer/domains/projects/components/ProjectDirectory.test.tsx (3 tests | 1 failed) 288ms
   × opens from the row and keeps edit as a separate action 102ms

⎯⎯⎯⎯⎯⎯⎯ Failed Tests 1 ⎯⎯⎯⎯⎯⎯⎯

 FAIL  src/renderer/domains/projects/components/ProjectDirectory.test.tsx > opens from the row and keeps edit as a separate action
AssertionError: expected "vi.fn()" to be called 1 times, but got 2 times
 ❯ src/renderer/domains/projects/components/ProjectDirectory.test.tsx:33:18
     31|   await user.keyboard('{Enter}')
     32|   expect(onEdit).toHaveBeenCalledTimes(2)
     33|   expect(onOpen).toHaveBeenCalledTimes(1)
       |                  ^
     34|   expect(screen.queryByText(/运行次数|自动化数量/)).not.toBeInTheDocument()
     35| })

⎯⎯⎯⎯⎯⎯⎯⎯⎯⎯⎯⎯⎯⎯⎯⎯⎯⎯⎯⎯⎯⎯⎯⎯[1/1]⎯


 Test Files  1 failed (1)
      Tests  1 failed | 2 passed (3)
   Start at  04:19:43
   Duration  2.02s (transform 85ms, setup 0ms, import 1.25s, tests 288ms, environment 382ms)

npm error Lifecycle script `test` failed with error:
npm error code 1
npm error path /Users/zhangtiancheng/Documents/projects/autoflow-project-management-pm1/apps/desktop
npm error workspace @autoflow/desktop@0.1.0
npm error location /Users/zhangtiancheng/Documents/projects/autoflow-project-management-pm1/apps/desktop
npm error command failed
npm error command sh -c vitest run src/renderer/domains/projects/components/ProjectDirectory.test.tsx
