........................................................................ [ 27%]
........................................................................ [ 55%]
........................................................................ [ 83%]
..........................................F                              [100%]
=================================== FAILURES ===================================
_ test_proxy_nodes_over_real_owned_worker_pipes[project-proxy_change_location] _

fut = <Task cancelled name='Task-550' coro=<Process.wait() done, defined at /Users/zhangtiancheng/.local/share/uv/python/cpython-3.11-macos-aarch64-none/lib/python3.11/asyncio/subprocess.py:135>>
timeout = 0.5

    async def wait_for(fut, timeout):
        """Wait for the single Future or coroutine to complete, with timeout.
    
        Coroutine will be wrapped in Task.
    
        Returns result of the Future or coroutine.  When a timeout occurs,
        it cancels the task and raises TimeoutError.  To avoid the task
        cancellation, wrap it in shield().
    
        If the wait is cancelled, the task is also cancelled.
    
        This function is a coroutine.
        """
        loop = events.get_running_loop()
    
        if timeout is None:
            return await fut
    
        if timeout <= 0:
            fut = ensure_future(fut, loop=loop)
    
            if fut.done():
                return fut.result()
    
            await _cancel_and_wait(fut, loop=loop)
            try:
                return fut.result()
            except exceptions.CancelledError as exc:
                raise exceptions.TimeoutError() from exc
    
        waiter = loop.create_future()
        timeout_handle = loop.call_later(timeout, _release_waiter, waiter)
        cb = functools.partial(_release_waiter, waiter)
    
        fut = ensure_future(fut, loop=loop)
        fut.add_done_callback(cb)
    
        try:
            # wait until the future completes or the timeout
            try:
                await waiter
            except exceptions.CancelledError:
                if fut.done():
                    return fut.result()
                else:
                    fut.remove_done_callback(cb)
                    # We must ensure that the task is not running
                    # after wait_for() returns.
                    # See https://bugs.python.org/issue32751
                    await _cancel_and_wait(fut, loop=loop)
                    raise
    
            if fut.done():
                return fut.result()
            else:
                fut.remove_done_callback(cb)
                # We must ensure that the task is not running
                # after wait_for() returns.
                # See https://bugs.python.org/issue32751
                await _cancel_and_wait(fut, loop=loop)
                # In case task cancellation failed with some
                # exception, we should re-raise it
                # See https://bugs.python.org/issue40607
                try:
>                   return fut.result()
                           ^^^^^^^^^^^^

../../../.local/share/uv/python/cpython-3.11-macos-aarch64-none/lib/python3.11/asyncio/tasks.py:500: 
_ _ _ _ _ _ _ _ _ _ _ _ _ _ _ _ _ _ _ _ _ _ _ _ _ _ _ _ _ _ _ _ _ _ _ _ _ _ _ _ 
../../../.local/share/uv/python/cpython-3.11-macos-aarch64-none/lib/python3.11/asyncio/subprocess.py:137: in wait
    return await self._transport._wait()
           ^^^^^^^^^^^^^^^^^^^^^^^^^^^^^
_ _ _ _ _ _ _ _ _ _ _ _ _ _ _ _ _ _ _ _ _ _ _ _ _ _ _ _ _ _ _ _ _ _ _ _ _ _ _ _ 

self = <_UnixSubprocessTransport closed pid=60158 returncode=0 stdin=<_UnixWritePipeTransport closed fd=16 closed> stdout=<_UnixReadPipeTransport closed fd=17 closed>>

    async def _wait(self):
        """Wait until the process exit and return the process return code.
    
        This method is a coroutine."""
        if self._returncode is not None:
            return self._returncode
    
        waiter = self._loop.create_future()
        self._exit_waiters.append(waiter)
>       return await waiter
               ^^^^^^^^^^^^
E       asyncio.exceptions.CancelledError

../../../.local/share/uv/python/cpython-3.11-macos-aarch64-none/lib/python3.11/asyncio/base_subprocess.py:230: CancelledError

The above exception was the direct cause of the following exception:

tmp_path = PosixPath('/private/var/folders/8g/sq3srr71063c083rpkd32k380000gn/T/pytest-of-zhangtiancheng/pytest-537/test_proxy_nodes_over_real_own5')
host = 'project', kind = 'proxy_change_location'

    @pytest.mark.asyncio
    @pytest.mark.parametrize(
        "kind", ["proxy_query", "proxy_change_ip", "proxy_change_location"]
    )
    @pytest.mark.parametrize("host", ["studio", "project"])
    async def test_proxy_nodes_over_real_owned_worker_pipes(tmp_path, host, kind):
        service = ProxyService()
        events = []
        run_id = str(uuid4())
        if host == "studio":
            manager = WorkflowWorkerManager(
                tmp_path,
                proxy_service=service,
                on_event=events.append,
                termination_timeout=0.5,
            )
            await manager.start(
                run_id,
                "profile",
                None,
                {
                    "runId": run_id,
                    "workflowId": "flow",
                    "profileId": "profile",
                    "requiresBrowser": False,
                    "artifactRoot": str(tmp_path / "artifacts"),
                    "document": document(kind),
                },
            )
            async with asyncio.timeout(15):
                while manager.busy():
                    await asyncio.sleep(0.01)
            terminal = [
                e
                for e in events
                if e.get("type") in {"execution:completed", "execution:failed"}
            ]
            assert terminal and terminal[-1]["type"] == "execution:completed", events
            result = next(
                e["data"] for e in events if e.get("type") == "execution:node_complete"
            )
        else:
            manager = ProjectWorkflowWorkerManager(
                tmp_path, proxy_service=service, termination_timeout=0.5
            )
    
            async def emit(event):
                events.append(event)
    
>           outcome = await manager.run(
                run_id=run_id,
                execution_generation=3,
                execution_plan={"document": document(kind)},
                parameters={},
                variables={},
                browser={},
                executable=None,
                on_event=emit,
            )

apps/backend/tests/integration/test_workflow_proxy_workers.py:114: 
_ _ _ _ _ _ _ _ _ _ _ _ _ _ _ _ _ _ _ _ _ _ _ _ _ _ _ _ _ _ _ _ _ _ _ _ _ _ _ _ 
apps/backend/src/autoflow/infrastructure/process/project_workflow_worker.py:189: in run
    await asyncio.wait_for(worker.process.wait(), self._termination_timeout)
_ _ _ _ _ _ _ _ _ _ _ _ _ _ _ _ _ _ _ _ _ _ _ _ _ _ _ _ _ _ _ _ _ _ _ _ _ _ _ _ 

fut = <Task cancelled name='Task-550' coro=<Process.wait() done, defined at /Users/zhangtiancheng/.local/share/uv/python/cpython-3.11-macos-aarch64-none/lib/python3.11/asyncio/subprocess.py:135>>
timeout = 0.5

    async def wait_for(fut, timeout):
        """Wait for the single Future or coroutine to complete, with timeout.
    
        Coroutine will be wrapped in Task.
    
        Returns result of the Future or coroutine.  When a timeout occurs,
        it cancels the task and raises TimeoutError.  To avoid the task
        cancellation, wrap it in shield().
    
        If the wait is cancelled, the task is also cancelled.
    
        This function is a coroutine.
        """
        loop = events.get_running_loop()
    
        if timeout is None:
            return await fut
    
        if timeout <= 0:
            fut = ensure_future(fut, loop=loop)
    
            if fut.done():
                return fut.result()
    
            await _cancel_and_wait(fut, loop=loop)
            try:
                return fut.result()
            except exceptions.CancelledError as exc:
                raise exceptions.TimeoutError() from exc
    
        waiter = loop.create_future()
        timeout_handle = loop.call_later(timeout, _release_waiter, waiter)
        cb = functools.partial(_release_waiter, waiter)
    
        fut = ensure_future(fut, loop=loop)
        fut.add_done_callback(cb)
    
        try:
            # wait until the future completes or the timeout
            try:
                await waiter
            except exceptions.CancelledError:
                if fut.done():
                    return fut.result()
                else:
                    fut.remove_done_callback(cb)
                    # We must ensure that the task is not running
                    # after wait_for() returns.
                    # See https://bugs.python.org/issue32751
                    await _cancel_and_wait(fut, loop=loop)
                    raise
    
            if fut.done():
                return fut.result()
            else:
                fut.remove_done_callback(cb)
                # We must ensure that the task is not running
                # after wait_for() returns.
                # See https://bugs.python.org/issue32751
                await _cancel_and_wait(fut, loop=loop)
                # In case task cancellation failed with some
                # exception, we should re-raise it
                # See https://bugs.python.org/issue40607
                try:
                    return fut.result()
                except exceptions.CancelledError as exc:
>                   raise exceptions.TimeoutError() from exc
E                   TimeoutError

../../../.local/share/uv/python/cpython-3.11-macos-aarch64-none/lib/python3.11/asyncio/tasks.py:502: TimeoutError
=============================== warnings summary ===============================
apps/backend/.venv/lib/python3.11/site-packages/starlette/testclient.py:53
  /Users/zhangtiancheng/Documents/projects/autoflow/apps/backend/.venv/lib/python3.11/site-packages/starlette/testclient.py:53: DeprecationWarning: The anyio.abc.BlockingPortal alias is deprecated, use anyio.from_thread.BlockingPortal instead.
    _PortalFactoryType = Callable[[], AbstractContextManager[anyio.abc.BlockingPortal]]

-- Docs: https://docs.pytest.org/en/stable/how-to/capture-warnings.html
=========================== short test summary info ============================
FAILED apps/backend/tests/integration/test_workflow_proxy_workers.py::test_proxy_nodes_over_real_owned_worker_pipes[project-proxy_change_location]
1 failed, 258 passed, 1 warning in 33.99s
