F.FF                                                                     [100%]
=================================== FAILURES ===================================
_______________ test_two_databases_never_share_same_named_secret _______________

workspaces = (<function workspaces.<locals>.create at 0x10b8d44a0>, <tests.fixtures.model_management.FakeCredentialStore object at 0x10b8c9690>)

    def test_two_databases_never_share_same_named_secret(workspaces):
        create, _ = workspaces
        first, _, _ = create("a")
        second, _, _ = create("b")
        first.upsert("account", {"password": "workspace-a", "a": "only-a"}, None)
        second.upsert("account", {"password": "workspace-b"}, None)
>       assert first.resolve("account") == {"password": "workspace-a", "a": "only-a"}
E       AssertionError: assert {'password': ...'a': 'only-a'} == {'password': ...'a': 'only-a'}
E         
E         Omitting 1 identical items, use -vv to show
E         Differing items:
E         {'password': 'workspace-b'} != {'password': 'workspace-a'}
E         Use -v to get more diff

tests/integration/test_studio_credential_isolation.py:39: AssertionError
_ test_ambiguous_legacy_secret_requires_complete_reentry_and_is_never_deleted __

workspaces = (<function workspaces.<locals>.create at 0x10c0cd940>, <tests.fixtures.model_management.FakeCredentialStore object at 0x10b8c9d90>)

    def test_ambiguous_legacy_secret_requires_complete_reentry_and_is_never_deleted(workspaces):
        create, store = workspaces
        service, metadata, _ = create("legacy")
        metadata.upsert("account", "legacy", ["user", "password"], datetime.now(UTC))
        old_key = "studio-credential:" + hashlib.sha256(b"account").hexdigest()
        old_value = b'{"user":"unknown-owner","password":"do-not-read"}'
        store.write(old_key, old_value)
>       with pytest.raises(WorkflowError, match="重新录入"):
E       Failed: DID NOT RAISE WorkflowError

tests/integration/test_studio_credential_isolation.py:70: Failed
__________ test_missing_scoped_secret_cannot_fall_back_to_legacy_key ___________

workspaces = (<function workspaces.<locals>.create at 0x10c06dd00>, <tests.fixtures.model_management.FakeCredentialStore object at 0x10bcb2ed0>)

    def test_missing_scoped_secret_cannot_fall_back_to_legacy_key(workspaces):
        create, store = workspaces
        service, _, _ = create("a")
        service.upsert("account", {"password": "scoped"}, None)
        for key in list(store.values):
            store.delete(key)
        store.write("studio-credential:" + hashlib.sha256(b"account").hexdigest(), b'{"password":"foreign"}')
>       with pytest.raises(WorkflowError, match="重新录入"):
E       Failed: DID NOT RAISE WorkflowError

tests/integration/test_studio_credential_isolation.py:87: Failed
=========================== short test summary info ============================
FAILED tests/integration/test_studio_credential_isolation.py::test_two_databases_never_share_same_named_secret
FAILED tests/integration/test_studio_credential_isolation.py::test_ambiguous_legacy_secret_requires_complete_reentry_and_is_never_deleted
FAILED tests/integration/test_studio_credential_isolation.py::test_missing_scoped_secret_cannot_fall_back_to_legacy_key
3 failed, 1 passed in 1.50s
