
> @autoflow/desktop@0.1.0 test
> vitest run src/renderer/domains/workflows/components/config-panels/ProjectDataConfig.test.tsx src/renderer/domains/workflows/components/config-panels/ProxyControlConfig.test.tsx src/renderer/domains/workflows/tests/proxy-required-fields.test.ts


 RUN  v4.1.11 /Users/zhangtiancheng/Documents/projects/autoflow/apps/desktop

(node:45041) ExperimentalWarning: localStorage is not available because --localstorage-file was not provided.
(Use `node --trace-warnings ...` to show where the warning was created)
(node:45042) ExperimentalWarning: localStorage is not available because --localstorage-file was not provided.
(Use `node --trace-warnings ...` to show where the warning was created)
(node:45040) ExperimentalWarning: localStorage is not available because --localstorage-file was not provided.
(Use `node --trace-warnings ...` to show where the warning was created)
 ❯ src/renderer/domains/workflows/components/config-panels/ProjectDataConfig.test.tsx (3 tests | 3 failed) 2261ms
   × freezes selected table generation and only explicitly selected fields 1136ms
   × rejects fields from a changed dataset without rewriting saved binding 51ms
   × surfaces read failure and allows an explicit retry 1073ms

⎯⎯⎯⎯⎯⎯⎯ Failed Tests 3 ⎯⎯⎯⎯⎯⎯⎯

 FAIL  src/renderer/domains/workflows/components/config-panels/ProjectDataConfig.test.tsx > freezes selected table generation and only explicitly selected fields
TestingLibraryElementError: Unable to find role="option" and name "业务记录"

Ignored nodes: comments, script, style
[36m<body>[39m
  [36m<div>[39m
    [36m<div[39m
      [33mclass[39m=[32m"space-y-4"[39m
    [36m>[39m
      [36m<div[39m
        [33mclass[39m=[32m"space-y-2"[39m
      [36m>[39m
        [36m<label[39m
          [33mclass[39m=[32m"inline-flex items-center gap-1 text-[12px] font-medium leading-none text-[hsl(var(--slate-800))] peer-disabled:cursor-not-allowed peer-disabled:opacity-70"[39m
          [33mfor[39m=[32m"_r_0_-action"[39m
        [36m>[39m
          [0m项目数据操作[0m
        [36m</label>[39m
        [36m<button[39m
          [33maria-autocomplete[39m=[32m"none"[39m
          [33maria-expanded[39m=[32m"false"[39m
          [33mclass[39m=[32m"group relative flex h-8 w-full items-center justify-between gap-2 rounded-control border border-[hsl(var(--slate-200))] bg-[hsl(var(--slate-50))] px-2.5 py-1 pr-2 text-[13px] text-[hsl(var(--foreground))] shadow-[inset_0_1px_2px_rgb(15_23_42_/_0.04)] transition-[border-color,background-color,box-shadow,transform] duration-150 ease-[cubic-bezier(0.25,1,0.5,1)] hover:border-[hsl(var(--slate-300))] hover:bg-[hsl(var(--card))] data-[state=open]:border-[hsl(var(--brand-500))] data-[state=open]:bg-[hsl(var(--card))] data-[state=open]:ring-2 data-[state=open]:ring-[hsl(var(--brand-500)/0.18)] focus-visible:outline-none focus-visible:border-[hsl(var(--brand-500))] focus-visible:bg-[hsl(var(--card))] focus-visible:ring-2 focus-visible:ring-[hsl(var(--brand-500)/0.18)] disabled:cursor-not-allowed disabled:opacity-50 cursor-pointer text-left"[39m
          [33mdata-state[39m=[32m"closed"[39m
          [33mdir[39m=[32m"ltr"[39m
          [33mid[39m=[32m"_r_0_-action"[39m
          [33mrole[39m=[32m"combobox"[39m
          [33mtype[39m=[32m"button"[39m
        [36m>[39m
          [36m<span[39m
            [33mclass[39m=[32m"flex-1 truncate"[39m
          [36m>[39m
            [36m<span[39m
              [33mstyle[39m=[32m"pointer-events: none;"[39m
            [36m>[39m
              [0m修改记录[0m
            [36m</span>[39m
          [36m</span>[39m
          [36m<svg[39m
            [33maria-hidden[39m=[32m"true"[39m
            [33mclass[39m=[32m"lucide lucide-chevron-down h-3.5 w-3.5 text-[hsl(var(--muted-foreground))] transition-transform duration-150 group-data-[state=open]:rotate-180 group-data-[state=open]:text-[hsl(var(--brand-600))]"[39m
            [33mfill[39m=[32m"none"[39m
            [33mheight[39m=[32m"24"[39m
            [33mstroke[39m=[32m"currentColor"[39m
            [33mstroke-linecap[39m=[32m"round"[39m
            [33mstroke-linejoin[39m=[32m"round"[39m
            [33mstroke-width[39m=[32m"2"[39m
            [33mviewBox[39m=[32m"0 0 24 24"[39m
            [33mwidth[39m=[32m"24"[39m
            [33mxmlns[39m=[32m"http://www.w3.org/2000/svg"[39m
          [36m>[39m
            [36m<path[39m
              [33md[39m=[32m"m6 9 6 6 6-6"[39m
            [36m/>[39m
          [36m</svg>[39m
        [36m</button>[39m
      [36m</div>[39m
      [36m<div[39m
        [33mclass[39m=[32m"space-y-2"[39m
      [36m>[39m
        [36m<label[39m
          [33mclass[39m=[32m"inline-flex items-center gap-1 text-[12px] font-medium leading-none text-[hsl(var(--slate-800))] peer-disabled:cursor-not-allowed peer-disabled:opacity-70"[39m
          [33mfor[39m=[32m"_r_0_-table"[39m
        [36m>[39m
          [0m授权数据表[0m
        [36m</label>[39m
        [36m<button[39m
          [33maria-autocomplete[39m=[32m"none"[39m
          [33maria-expanded[39m=[32m"false"[39m
          [33mclass[39m=[32m"group relative flex h-8 w-full items-center justify-between gap-2 rounded-control border border-[hsl(var(--slate-200))] bg-[hsl(var(--slate-50))] px-2.5 py-1 pr-2 text-[13px] text-[hsl(var(--foreground))] shadow-[inset_0_1px_2px_rgb(15_23_42_/_0.04)] transition-[border-color,background-color,box-shadow,transform] duration-150 ease-[cubic-bezier(0.25,1,0.5,1)] hover:border-[hsl(var(--slate-300))] hover:bg-[hsl(var(--card))] data-[state=open]:border-[hsl(var(--brand-500))] data-[state=open]:bg-[hsl(var(--card))] data-[state=open]:ring-2 data-[state=open]:ring-[hsl(var(--brand-500)/0.18)] focus-visible:outline-none focus-visible:border-[hsl(var(--brand-500))] focus-visible:bg-[hsl(var(--card))] focus-visible:ring-2 focus-visible:ring-[hsl(var(--brand-500)/0.18)] disabled:cursor-not-allowed disabled:opacity-50 cursor-pointer text-left"[39m
          [33mdata-state[39m=[32m"closed"[39m
          [33mdir[39m=[32m"ltr"[39m
          [33mid[39m=[32m"_r_0_-table"[39m
          [33mrole[39m=[32m"combobox"[39m
          [33mtype[39m=[32m"button"[39m
        [36m>[39m
          [36m<span[39m
            [33mclass[39m=[32m"flex-1 truncate"[39m
          [36m>[39m
            [36m<span[39m
              [33mstyle[39m=[32m"pointer-events: none;"[39m
            [36m>[39m
              [0m业务记录[0m
            [36m</span>[39m
          [36m</span>[39m
          [36m<svg[39m
            [33maria-hidden[39m=[32m"true"[39m
            [33mclass[39m=[32m"lucide lucide-chevron-down h-3.5 w-3.5 text-[hsl(var(--muted-foreground))] transition-transform duration-150 group-data-[state=open]:rotate-180 group-data-[state=open]:text-[hsl(var(--brand-600))]"[39m
            [33mfill[39m=[32m"none"[39m
            [33mheight[39m=[32m"24"[39m
            [33mstroke[39m=[32m"currentColor"[39m
            [33mstroke-linecap[39m=[32m"round"[39m
            [33mstroke-linejoin[39m=[32m"round"[39m
            [33mstroke-width[39m=[32m"2"[39m
            [33mviewBox[39m=[32m"0 0 24 24"[39m
            [33mwidth[39m=[32m"24"[39m
            [33mxmlns[39m=[32m"http://www.w3.org/2000/svg"[39m
          [36m>[39m
            [36m<path[39m
              [33md[39m=[32m"m6 9 6 6 6-6"[39m
            [36m/>[39m
          [36m</svg>[39m
        [36m</button>[39m
      [36m</div>[39m
      [36m<fieldset[39m
        [33mclass[39m=[32m"space-y-2"[39m
      [36m>[39m
        [36m<legend[39m
          [33mclass[39m=[32m"text-sm"[39m
        [36m>[39m
          [0m授权字段[0m
        [36m</legend>[39m
        [36m<label[39m
          [33mclass[39m=[32m"flex items-center gap-2 text-sm"[39m
        [36m>[39m
          [36m<input[39m
            [33mtype[39m=[32m"checkbox"[39m
          [36m/>[39m
          [0m结果[0m
        [36m</label>[39m
      [36m</fieldset>[39m
      [36m<p[39m
        [33mclass[39m=[32m"text-xs text-muted-foreground"[39m
      [36m>[39m
        [0m运行参数必须落在已授权的表和字段范围内。字段结构操作按整表授权；新增字段不需要预先勾选。[0m
      [36m</p>[39m
      [36m<div[39m
        [33mclass[39m=[32m"space-y-2"[39m
      [36m>[39m
        [36m<label[39m
          [33mclass[39m=[32m"inline-flex items-center gap-1 text-[12px] font-medium leading-none text-[hsl(var(--slate-800))] peer-disabled:cursor-not-allowed peer-disabled:opacity-70"[39m
          [33mfor[39m=[32m"_r_0_-arguments"[39m
        [36m>[39m
          [0m操作参数（JSON）[0m
        [36m</label>[39m
        [36m<div[39m
          [33mclass[39m=[32m"relative"[39m
        [36m>[39m
          [36m<textarea[39m
            [33mclass[39m=[32m"flex w-full rounded-md border border-input bg-transparent px-3 py-2 text-sm shadow-sm transition-colors placeholder:text-muted-foreground focus-visible:outline-none focus-visible:ring-1 focus-visible:ring-ring disabled:cursor-not-allowed disabled:opacity-50 resize-none"[39m
            [33mid[39m=[32m"_r_0_-arguments"[39m
            [33mrows[39m=[32m"8"[39m
          [36m>[39m
            [0m{}[0m
          [36m</textarea>[39m
        [36m</div>[39m
        [36m<p[39m
          [33mclass[39m=[32m"text-xs text-muted-foreground"[39m
        [36m>[39m
          [0m支持对象变量与 JSON 模板。记录引用、版本号来自读取结果；对象和数字变量插入 JSON 时不加引号。冲突会终止当前节点，不自动重写。[0m
        [36m</p>[39m
      [36m</div>[39m
      [36m<div[39m
        [33mclass[39m=[32m"space-y-2"[39m
      [36m>[39m
        [36m<label[39m
          [33mclass[39m=[32m"inline-flex items-center gap-1 text-[12px] font-medium leading-none text-[hsl(var(--slate-800))] peer-disabled:cursor-not-allowed peer-disabled:opacity-70"[39m
        [36m>[39m
          [0m结果变量[0m
        [36m</label>[39m
        [36m<div[39m
          [33mclass[39m=[32m"relative"[39m
        [36m>[39m
          [36m<input[39m
            [33mclass[39m=[32m"flex h-8 w-full rounded-control px-2.5 py-1 text-[13px] border border-[hsl(var(--slate-200))] bg-[hsl(var(--slate-50))] text-[hsl(var(--foreground))] placeholder:text-[hsl(var(--muted-foreground))] shadow-[inset_0_1px_2px_rgb(15_23_42_/_0.04)] transition-[border-color,box-shadow,background-color] duration-150 ease-[cubic-bezier(0.25,1,0.5,1)] hover:border-[hsl(var(--slate-300))] hover:bg-[hsl(var(--card))] focus-visible:outline-none focus-visible:border-[hsl(var(--brand-500))] focus-visible:bg-[hsl(var(--card))] focus-visible:ring-2 focus-visible:ring-[hsl(var(--brand-500)/0.18)] disabled:cursor-not-allowed disabled:opacity-50 disabled:bg-[hsl(var(--muted))] aria-[invalid=true]:border-[hsl(var(--danger-500))] aria-[invalid=true]:ring-[hsl(var(--danger-500)/0.18)] file:border-0 file:bg-transparent file:text-[12px] file:font-medium file:text-[hsl(var(--foreground))] font-mono"[39m
            [33mvalue[39m=[32m"project_result"[39m
          [36m/>[39m
        [36m</div>[39m
      [36m</div>[39m
    [36m</div>[39m
  [36m</div>[39m
[36m</body>[39m

Ignored nodes: comments, script, style
[36m<body>[39m
  [36m<div>[39m
    [36m<div[39m
      [33mclass[39m=[32m"space-y-4"[39m
    [36m>[39m
      [36m<div[39m
        [33mclass[39m=[32m"space-y-2"[39m
      [36m>[39m
        [36m<label[39m
          [33mclass[39m=[32m"inline-flex items-center gap-1 text-[12px] font-medium leading-none text-[hsl(var(--slate-800))] peer-disabled:cursor-not-allowed peer-disabled:opacity-70"[39m
          [33mfor[39m=[32m"_r_0_-action"[39m
        [36m>[39m
          [0m项目数据操作[0m
        [36m</label>[39m
        [36m<button[39m
          [33maria-autocomplete[39m=[32m"none"[39m
          [33maria-expanded[39m=[32m"false"[39m
          [33mclass[39m=[32m"group relative flex h-8 w-full items-center justify-between gap-2 rounded-control border border-[hsl(var(--slate-200))] bg-[hsl(var(--slate-50))] px-2.5 py-1 pr-2 text-[13px] text-[hsl(var(--foreground))] shadow-[inset_0_1px_2px_rgb(15_23_42_/_0.04)] transition-[border-color,background-color,box-shadow,transform] duration-150 ease-[cubic-bezier(0.25,1,0.5,1)] hover:border-[hsl(var(--slate-300))] hover:bg-[hsl(var(--card))] data-[state=open]:border-[hsl(var(--brand-500))] data-[state=open]:bg-[hsl(var(--card))] data-[state=open]:ring-2 data-[state=open]:ring-[hsl(var(--brand-500)/0.18)] focus-visible:outline-none focus-visible:border-[hsl(var(--brand-500))] focus-visible:bg-[hsl(var(--card))] focus-visible:ring-2 focus-visible:ring-[hsl(var(--brand-500)/0.18)] disabled:cursor-not-allowed disabled:opacity-50 cursor-pointer text-left"[39m
          [33mdata-state[39m=[32m"closed"[39m
          [33mdir[39m=[32m"ltr"[39m
          [33mid[39m=[32m"_r_0_-action"[39m
          [33mrole[39m=[32m"combobox"[39m
          [33mtype[39m=[32m"button"[39m
        [36m>[39m
          [36m<span[39m
            [33mclass[39m=[32m"flex-1 truncate"[39m
          [36m>[39m
            [36m<span[39m
              [33mstyle[39m=[32m"pointer-events: none;"[39m
            [36m>[39m
              [0m修改记录[0m
            [36m</span>[39m
          [36m</span>[39m
          [36m<svg[39m
            [33maria-hidden[39m=[32m"true"[39m
            [33mclass[39m=[32m"lucide lucide-chevron-down h-3.5 w-3.5 text-[hsl(var(--muted-foreground))] transition-transform duration-150 group-data-[state=open]:rotate-180 group-data-[state=open]:text-[hsl(var(--brand-600))]"[39m
            [33mfill[39m=[32m"none"[39m
            [33mheight[39m=[32m"24"[39m
            [33mstroke[39m=[32m"currentColor"[39m
            [33mstroke-linecap[39m=[32m"round"[39m
            [33mstroke-linejoin[39m=[32m"round"[39m
            [33mstroke-width[39m=[32m"2"[39m
            [33mviewBox[39m=[32m"0 0 24 24"[39m
            [33mwidth[39m=[32m"24"[39m
            [33mxmlns[39m=[32m"http://www.w3.org/2000/svg"[39m
          [36m>[39m
            [36m<path[39m
              [33md[39m=[32m"m6 9 6 6 6-6"[39m
            [36m/>[39m
          [36m</svg>[39m
        [36m</button>[39m
      [36m</div>[39m
      [36m<div[39m
        [33mclass[39m=[32m"space-y-2"[39m
      [36m>[39m
        [36m<label[39m
          [33mclass[39m=[32m"inline-flex items-center gap-1 text-[12px] font-medium leading-none text-[hsl(var(--slate-800))] peer-disabled:cursor-not-allowed peer-disabled:opacity-70"[39m
          [33mfor[39m=[32m"_r_0_-table"[39m
        [36m>[39m
          [0m授权数据表[0m
        [36m</label>[39m
        [36m<button[39m
          [33maria-autocomplete[39m=[32m"none"[39m
          [33maria-expanded[39m=[32m"false"[39m
          [33mclass[39m=[32m"group relative flex h-8 w-full items-center justify-between gap-2 rounded-control border border-[hsl(var(--slate-200))] bg-[hsl(var(--slate-50))] px-2.5 py-1 pr-2 text-[13px] text-[hsl(var(--foreground))] shadow-[inset_0_1px_2px_rgb(15_23_42_/_0.04)] transition-[border-color,background-color,box-shadow,transform] duration-150 ease-[cubic-bezier(0.25,1,0.5,1)] hover:border-[hsl(var(--slate-300))] hover:bg-[hsl(var(--card))] data-[state=open]:border-[hsl(var(--brand-500))] data-[state=open]:bg-[hsl(var(--card))] data-[state=open]:ring-2 data-[state=open]:ring-[hsl(var(--brand-500)/0.18)] focus-visible:outline-none focus-visible:border-[hsl(var(--brand-500))] focus-visible:bg-[hsl(var(--card))] focus-visible:ring-2 focus-visible:ring-[hsl(var(--brand-500)/0.18)] disabled:cursor-not-allowed disabled:opacity-50 cursor-pointer text-left"[39m
          [33mdata-state[39m=[32m"closed"[39m
          [33mdir[39m=[32m"ltr"[39m
          [33mid[39m=[32m"_r_0_-table"[39m
          [33mrole[39m=[32m"combobox"[39m
          [33mtype[39m=[32m"button"[39m
        [36m>[39m
          [36m<span[39m
            [33mclass[39m=[32m"flex-1 truncate"[39m
          [36m>[39m
            [36m<span[39m
              [33mstyle[39m=[32m"pointer-events: none;"[39m
            [36m>[39m
              [0m业务记录[0m
            [36m</span>[39m
          [36m</span>[39m
          [36m<svg[39m
            [33maria-hidden[39m=[32m"true"[39m
            [33mclass[39m=[32m"lucide lucide-chevron-down h-3.5 w-3.5 text-[hsl(var(--muted-foreground))] transition-transform duration-150 group-data-[state=open]:rotate-180 group-data-[state=open]:text-[hsl(var(--brand-600))]"[39m
            [33mfill[39m=[32m"none"[39m
            [33mheight[39m=[32m"24"[39m
            [33mstroke[39m=[32m"currentColor"[39m
            [33mstroke-linecap[39m=[32m"round"[39m
            [33mstroke-linejoin[39m=[32m"round"[39m
            [33mstroke-width[39m=[32m"2"[39m
            [33mviewBox[39m=[32m"0 0 24 24"[39m
            [33mwidth[39m=[32m"24"[39m
            [33mxmlns[39m=[32m"http://www.w3.org/2000/svg"[39m
          [36m>[39m
            [36m<path[39m
              [33md[39m=[32m"m6 9 6 6 6-6"[39m
            [36m/>[39m
          [36m</svg>[39m
        [36m</button>[39m
      [36m</div>[39m
      [36m<fieldset[39m
        [33mclass[39m=[32m"space-y-2"[39m
      [36m>[39m
        [36m<legend[39m
          [33mclass[39m=[32m"text-sm"[39m
        [36m>[39m
          [0m授权字段[0m
        [36m</legend>[39m
        [36m<label[39m
          [33mclass[39m=[32m"flex items-center gap-2 text-sm"[39m
        [36m>[39m
          [36m<input[39m
            [33mtype[39m=[32m"checkbox"[39m
          [36m/>[39m
          [0m结果[0m
        [36m</label>[39m
      [36m</fieldset>[39m
      [36m<p[39m
        [33mclass[39m=[32m"text-xs text-muted-foreground"[39m
      [36m>[39m
        [0m运行参数必须落在已授权的表和字段范围内。字段结构操作按整表授权；新增字段不需要预先勾选。[0m
      [36m</p>[39m
      [36m<div[39m
        [33mclass[39m=[32m"space-y-2"[39m
      [36m>[39m
        [36m<label[39m
          [33mclass[39m=[32m"inline-flex items-center gap-1 text-[12px] font-medium leading-none text-[hsl(var(--slate-800))] peer-disabled:cursor-not-allowed peer-disabled:opacity-70"[39m
          [33mfor[39m=[32m"_r_0_-arguments"[39m
        [36m>[39m
          [0m操作参数（JSON）[0m
        [36m</label>[39m
        [36m<div[39m
          [33mclass[39m=[32m"relative"[39m
        [36m>[39m
          [36m<textarea[39m
            [33mclass[39m=[32m"flex w-full rounded-md border border-input bg-transparent px-3 py-2 text-sm shadow-sm transition-colors placeholder:text-muted-foreground focus-visible:outline-none focus-visible:ring-1 focus-visible:ring-ring disabled:cursor-not-allowed disabled:opacity-50 resize-none"[39m
            [33mid[39m=[32m"_r_0_-arguments"[39m
            [33mrows[39m=[32m"8"[39m
          [36m>[39m
            [0m{}[0m
          [36m</textarea>[39m
        [36m</div>[39m
        [36m<p[39m
          [33mclass[39m=[32m"text-xs text-muted-foreground"[39m
        [36m>[39m
          [0m支持对象变量与 JSON 模板。记录引用、版本号来自读取结果；对象和数字变量插入 JSON 时不加引号。冲突会终止当前节点，不自动重写。[0m
        [36m</p>[39m
      [36m</div>[39m
      [36m<div[39m
        [33mclass[39m=[32m"space-y-2"[39m
      [36m>[39m
        [36m<label[39m
          [33mclass[39m=[32m"inline-flex items-center gap-1 text-[12px] font-medium leading-none text-[hsl(var(--slate-800))] peer-disabled:cursor-not-allowed peer-disabled:opacity-70"[39m
        [36m>[39m
          [0m结果变量[0m
        [36m</label>[39m
        [36m<div[39m
          [33mclass[39m=[32m"relative"[39m
        [36m>[39m
          [36m<input[39m
            [33mclass[39m=[32m"flex h-8 w-full rounded-control px-2.5 py-1 text-[13px] border border-[hsl(var(--slate-200))] bg-[hsl(var(--slate-50))] text-[hsl(var(--foreground))] placeholder:text-[hsl(var(--muted-foreground))] shadow-[inset_0_1px_2px_rgb(15_23_42_/_0.04)] transition-[border-color,box-shadow,background-color] duration-150 ease-[cubic-bezier(0.25,1,0.5,1)] hover:border-[hsl(var(--slate-300))] hover:bg-[hsl(var(--card))] focus-visible:outline-none focus-visible:border-[hsl(var(--brand-500))] focus-visible:bg-[hsl(var(--card))] focus-visible:ring-2 focus-visible:ring-[hsl(var(--brand-500)/0.18)] disabled:cursor-not-allowed disabled:opacity-50 disabled:bg-[hsl(var(--muted))] aria-[invalid=true]:border-[hsl(var(--danger-500))] aria-[invalid=true]:ring-[hsl(var(--danger-500)/0.18)] file:border-0 file:bg-transparent file:text-[12px] file:font-medium file:text-[hsl(var(--foreground))] font-mono"[39m
            [33mvalue[39m=[32m"project_result"[39m
          [36m/>[39m
        [36m</div>[39m
      [36m</div>[39m
    [36m</div>[39m
  [36m</div>[39m
[36m</body>[39m
 ❯ waitForWrapper ../../node_modules/@testing-library/dom/dist/wait-for.js:163:27
 ❯ ../../node_modules/@testing-library/dom/dist/query-helpers.js:86:33
 ❯ src/renderer/domains/workflows/components/config-panels/ProjectDataConfig.test.tsx:19:23
     17|   const change = vi.fn()
     18|   render(<ProjectDataConfig data={data} onChange={change} />)
     19|   expect(await screen.findByRole('option', { name: '业务记录' })).toBeTrut…
       |                       ^
     20|   fireEvent.click(await screen.findByLabelText('结果'))
     21|   expect(change).toHaveBeenCalledWith('binding', { tableId: 'table', d…

⎯⎯⎯⎯⎯⎯⎯⎯⎯⎯⎯⎯⎯⎯⎯⎯⎯⎯⎯⎯⎯⎯⎯⎯[1/4]⎯

 FAIL  src/renderer/domains/workflows/components/config-panels/ProjectDataConfig.test.tsx > freezes selected table generation and only explicitly selected fields
TypeError: Cannot read properties of undefined (reading 'endsWith')
 ❯ src/renderer/domains/workflows/components/config-panels/ProjectDataConfig.test.tsx:14:83
     12|
     13| test('freezes selected table generation and only explicitly selected f…
     14|   request.mockImplementation(async (path: string) => ({ success: true,…
       |                                                                                   ^
     15|     ? { items: [{ name: '结果', ref: { projectId: 'project', tableId: 't…
     16|     : { items: [{ name: '业务记录', tableId: 'table', datasetGeneration: '…

⎯⎯⎯⎯⎯⎯⎯⎯⎯⎯⎯⎯⎯⎯⎯⎯⎯⎯⎯⎯⎯⎯⎯⎯[2/4]⎯

 FAIL  src/renderer/domains/workflows/components/config-panels/ProjectDataConfig.test.tsx > rejects fields from a changed dataset without rewriting saved binding
TypeError: Cannot read properties of undefined (reading 'endsWith')
 ❯ src/renderer/domains/workflows/components/config-panels/ProjectDataConfig.test.tsx:30:83
     28|
     29| test('rejects fields from a changed dataset without rewriting saved bi…
     30|   request.mockImplementation(async (path: string) => ({ success: true,…
       |                                                                                   ^
     31|     ? { items: [{ name: '新字段', ref: { projectId: 'project', tableId: '…
     32|     : { items: [], total: 0 } }))

⎯⎯⎯⎯⎯⎯⎯⎯⎯⎯⎯⎯⎯⎯⎯⎯⎯⎯⎯⎯⎯⎯⎯⎯[3/4]⎯

 FAIL  src/renderer/domains/workflows/components/config-panels/ProjectDataConfig.test.tsx > surfaces read failure and allows an explicit retry
TestingLibraryElementError: Unable to find role="option" and name "原数据表待核验"

Ignored nodes: comments, script, style
[36m<body>[39m
  [36m<div>[39m
    [36m<div[39m
      [33mclass[39m=[32m"space-y-4"[39m
    [36m>[39m
      [36m<div[39m
        [33mclass[39m=[32m"space-y-2"[39m
      [36m>[39m
        [36m<label[39m
          [33mclass[39m=[32m"inline-flex items-center gap-1 text-[12px] font-medium leading-none text-[hsl(var(--slate-800))] peer-disabled:cursor-not-allowed peer-disabled:opacity-70"[39m
          [33mfor[39m=[32m"_r_12_-action"[39m
        [36m>[39m
          [0m项目数据操作[0m
        [36m</label>[39m
        [36m<button[39m
          [33maria-autocomplete[39m=[32m"none"[39m
          [33maria-expanded[39m=[32m"false"[39m
          [33mclass[39m=[32m"group relative flex h-8 w-full items-center justify-between gap-2 rounded-control border border-[hsl(var(--slate-200))] bg-[hsl(var(--slate-50))] px-2.5 py-1 pr-2 text-[13px] text-[hsl(var(--foreground))] shadow-[inset_0_1px_2px_rgb(15_23_42_/_0.04)] transition-[border-color,background-color,box-shadow,transform] duration-150 ease-[cubic-bezier(0.25,1,0.5,1)] hover:border-[hsl(var(--slate-300))] hover:bg-[hsl(var(--card))] data-[state=open]:border-[hsl(var(--brand-500))] data-[state=open]:bg-[hsl(var(--card))] data-[state=open]:ring-2 data-[state=open]:ring-[hsl(var(--brand-500)/0.18)] focus-visible:outline-none focus-visible:border-[hsl(var(--brand-500))] focus-visible:bg-[hsl(var(--card))] focus-visible:ring-2 focus-visible:ring-[hsl(var(--brand-500)/0.18)] disabled:cursor-not-allowed disabled:opacity-50 cursor-pointer text-left"[39m
          [33mdata-state[39m=[32m"closed"[39m
          [33mdir[39m=[32m"ltr"[39m
          [33mid[39m=[32m"_r_12_-action"[39m
          [33mrole[39m=[32m"combobox"[39m
          [33mtype[39m=[32m"button"[39m
        [36m>[39m
          [36m<span[39m
            [33mclass[39m=[32m"flex-1 truncate"[39m
          [36m>[39m
            [36m<span[39m
              [33mstyle[39m=[32m"pointer-events: none;"[39m
            [36m>[39m
              [0m修改记录[0m
            [36m</span>[39m
          [36m</span>[39m
          [36m<svg[39m
            [33maria-hidden[39m=[32m"true"[39m
            [33mclass[39m=[32m"lucide lucide-chevron-down h-3.5 w-3.5 text-[hsl(var(--muted-foreground))] transition-transform duration-150 group-data-[state=open]:rotate-180 group-data-[state=open]:text-[hsl(var(--brand-600))]"[39m
            [33mfill[39m=[32m"none"[39m
            [33mheight[39m=[32m"24"[39m
            [33mstroke[39m=[32m"currentColor"[39m
            [33mstroke-linecap[39m=[32m"round"[39m
            [33mstroke-linejoin[39m=[32m"round"[39m
            [33mstroke-width[39m=[32m"2"[39m
            [33mviewBox[39m=[32m"0 0 24 24"[39m
            [33mwidth[39m=[32m"24"[39m
            [33mxmlns[39m=[32m"http://www.w3.org/2000/svg"[39m
          [36m>[39m
            [36m<path[39m
              [33md[39m=[32m"m6 9 6 6 6-6"[39m
            [36m/>[39m
          [36m</svg>[39m
        [36m</button>[39m
      [36m</div>[39m
      [36m<div[39m
        [33mclass[39m=[32m"space-y-2"[39m
      [36m>[39m
        [36m<label[39m
          [33mclass[39m=[32m"inline-flex items-center gap-1 text-[12px] font-medium leading-none text-[hsl(var(--slate-800))] peer-disabled:cursor-not-allowed peer-disabled:opacity-70"[39m
          [33mfor[39m=[32m"_r_12_-table"[39m
        [36m>[39m
          [0m授权数据表[0m
        [36m</label>[39m
        [36m<button[39m
          [33maria-autocomplete[39m=[32m"none"[39m
          [33maria-expanded[39m=[32m"false"[39m
          [33mclass[39m=[32m"group relative flex h-8 w-full items-center justify-between gap-2 rounded-control border border-[hsl(var(--slate-200))] bg-[hsl(var(--slate-50))] px-2.5 py-1 pr-2 text-[13px] text-[hsl(var(--foreground))] shadow-[inset_0_1px_2px_rgb(15_23_42_/_0.04)] transition-[border-color,background-color,box-shadow,transform] duration-150 ease-[cubic-bezier(0.25,1,0.5,1)] hover:border-[hsl(var(--slate-300))] hover:bg-[hsl(var(--card))] data-[state=open]:border-[hsl(var(--brand-500))] data-[state=open]:bg-[hsl(var(--card))] data-[state=open]:ring-2 data-[state=open]:ring-[hsl(var(--brand-500)/0.18)] focus-visible:outline-none focus-visible:border-[hsl(var(--brand-500))] focus-visible:bg-[hsl(var(--card))] focus-visible:ring-2 focus-visible:ring-[hsl(var(--brand-500)/0.18)] disabled:cursor-not-allowed disabled:opacity-50 cursor-pointer text-left"[39m
          [33mdata-state[39m=[32m"closed"[39m
          [33mdir[39m=[32m"ltr"[39m
          [33mid[39m=[32m"_r_12_-table"[39m
          [33mrole[39m=[32m"combobox"[39m
          [33mtype[39m=[32m"button"[39m
        [36m>[39m
          [36m<span[39m
            [33mclass[39m=[32m"flex-1 truncate"[39m
          [36m>[39m
            [36m<span[39m
              [33mstyle[39m=[32m"pointer-events: none;"[39m
            [36m>[39m
              [0m原数据表待核验[0m
            [36m</span>[39m
          [36m</span>[39m
          [36m<svg[39m
            [33maria-hidden[39m=[32m"true"[39m
            [33mclass[39m=[32m"lucide lucide-chevron-down h-3.5 w-3.5 text-[hsl(var(--muted-foreground))] transition-transform duration-150 group-data-[state=open]:rotate-180 group-data-[state=open]:text-[hsl(var(--brand-600))]"[39m
            [33mfill[39m=[32m"none"[39m
            [33mheight[39m=[32m"24"[39m
            [33mstroke[39m=[32m"currentColor"[39m
            [33mstroke-linecap[39m=[32m"round"[39m
            [33mstroke-linejoin[39m=[32m"round"[39m
            [33mstroke-width[39m=[32m"2"[39m
            [33mviewBox[39m=[32m"0 0 24 24"[39m
            [33mwidth[39m=[32m"24"[39m
            [33mxmlns[39m=[32m"http://www.w3.org/2000/svg"[39m
          [36m>[39m
            [36m<path[39m
              [33md[39m=[32m"m6 9 6 6 6-6"[39m
            [36m/>[39m
          [36m</svg>[39m
        [36m</button>[39m
      [36m</div>[39m
      [36m<fieldset[39m
        [33mclass[39m=[32m"space-y-2"[39m
      [36m>[39m
        [36m<legend[39m
          [33mclass[39m=[32m"text-sm"[39m
        [36m>[39m
          [0m授权字段[0m
        [36m</legend>[39m
      [36m</fieldset>[39m
      [36m<p[39m
        [33mclass[39m=[32m"text-xs text-muted-foreground"[39m
      [36m>[39m
        [0m运行参数必须落在已授权的表和字段范围内。字段结构操作按整表授权；新增字段不需要预先勾选。[0m
      [36m</p>[39m
      [36m<div[39m
        [33mclass[39m=[32m"space-y-2"[39m
      [36m>[39m
        [36m<label[39m
          [33mclass[39m=[32m"inline-flex items-center gap-1 text-[12px] font-medium leading-none text-[hsl(var(--slate-800))] peer-disabled:cursor-not-allowed peer-disabled:opacity-70"[39m
          [33mfor[39m=[32m"_r_12_-arguments"[39m
        [36m>[39m
          [0m操作参数（JSON）[0m
        [36m</label>[39m
        [36m<div[39m
          [33mclass[39m=[32m"relative"[39m
        [36m>[39m
          [36m<textarea[39m
            [33mclass[39m=[32m"flex w-full rounded-md border border-input bg-transparent px-3 py-2 text-sm shadow-sm transition-colors placeholder:text-muted-foreground focus-visible:outline-none focus-visible:ring-1 focus-visible:ring-ring disabled:cursor-not-allowed disabled:opacity-50 resize-none"[39m
            [33mid[39m=[32m"_r_12_-arguments"[39m
            [33mrows[39m=[32m"8"[39m
          [36m>[39m
            [0m{}[0m
          [36m</textarea>[39m
        [36m</div>[39m
        [36m<p[39m
          [33mclass[39m=[32m"text-xs text-muted-foreground"[39m
        [36m>[39m
          [0m支持对象变量与 JSON 模板。记录引用、版本号来自读取结果；对象和数字变量插入 JSON 时不加引号。冲突会终止当前节点，不自动重写。[0m
        [36m</p>[39m
      [36m</div>[39m
      [36m<div[39m
        [33mclass[39m=[32m"space-y-2"[39m
      [36m>[39m
        [36m<label[39m
          [33mclass[39m=[32m"inline-flex items-center gap-1 text-[12px] font-medium leading-none text-[hsl(var(--slate-800))] peer-disabled:cursor-not-allowed peer-disabled:opacity-70"[39m
        [36m>[39m
          [0m结果变量[0m
        [36m</label>[39m
        [36m<div[39m
          [33mclass[39m=[32m"relative"[39m
        [36m>[39m
          [36m<input[39m
            [33mclass[39m=[32m"flex h-8 w-full rounded-control px-2.5 py-1 text-[13px] border border-[hsl(var(--slate-200))] bg-[hsl(var(--slate-50))] text-[hsl(var(--foreground))] placeholder:text-[hsl(var(--muted-foreground))] shadow-[inset_0_1px_2px_rgb(15_23_42_/_0.04)] transition-[border-color,box-shadow,background-color] duration-150 ease-[cubic-bezier(0.25,1,0.5,1)] hover:border-[hsl(var(--slate-300))] hover:bg-[hsl(var(--card))] focus-visible:outline-none focus-visible:border-[hsl(var(--brand-500))] focus-visible:bg-[hsl(var(--card))] focus-visible:ring-2 focus-visible:ring-[hsl(var(--brand-500)/0.18)] disabled:cursor-not-allowed disabled:opacity-50 disabled:bg-[hsl(var(--muted))] aria-[invalid=true]:border-[hsl(var(--danger-500))] aria-[invalid=true]:ring-[hsl(var(--danger-500)/0.18)] file:border-0 file:bg-transparent file:text-[12px] file:font-medium file:text-[hsl(var(--foreground))] font-mono"[39m
            [33mvalue[39m=[32m"project_result"[39m
          [36m/>[39m
        [36m</div>[39m
      [36m</div>[39m
    [36m</div>[39m
  [36m</div>[39m
[36m</body>[39m

Ignored nodes: comments, script, style
[36m<body>[39m
  [36m<div>[39m
    [36m<div[39m
      [33mclass[39m=[32m"space-y-4"[39m
    [36m>[39m
      [36m<div[39m
        [33mclass[39m=[32m"space-y-2"[39m
      [36m>[39m
        [36m<label[39m
          [33mclass[39m=[32m"inline-flex items-center gap-1 text-[12px] font-medium leading-none text-[hsl(var(--slate-800))] peer-disabled:cursor-not-allowed peer-disabled:opacity-70"[39m
          [33mfor[39m=[32m"_r_12_-action"[39m
        [36m>[39m
          [0m项目数据操作[0m
        [36m</label>[39m
        [36m<button[39m
          [33maria-autocomplete[39m=[32m"none"[39m
          [33maria-expanded[39m=[32m"false"[39m
          [33mclass[39m=[32m"group relative flex h-8 w-full items-center justify-between gap-2 rounded-control border border-[hsl(var(--slate-200))] bg-[hsl(var(--slate-50))] px-2.5 py-1 pr-2 text-[13px] text-[hsl(var(--foreground))] shadow-[inset_0_1px_2px_rgb(15_23_42_/_0.04)] transition-[border-color,background-color,box-shadow,transform] duration-150 ease-[cubic-bezier(0.25,1,0.5,1)] hover:border-[hsl(var(--slate-300))] hover:bg-[hsl(var(--card))] data-[state=open]:border-[hsl(var(--brand-500))] data-[state=open]:bg-[hsl(var(--card))] data-[state=open]:ring-2 data-[state=open]:ring-[hsl(var(--brand-500)/0.18)] focus-visible:outline-none focus-visible:border-[hsl(var(--brand-500))] focus-visible:bg-[hsl(var(--card))] focus-visible:ring-2 focus-visible:ring-[hsl(var(--brand-500)/0.18)] disabled:cursor-not-allowed disabled:opacity-50 cursor-pointer text-left"[39m
          [33mdata-state[39m=[32m"closed"[39m
          [33mdir[39m=[32m"ltr"[39m
          [33mid[39m=[32m"_r_12_-action"[39m
          [33mrole[39m=[32m"combobox"[39m
          [33mtype[39m=[32m"button"[39m
        [36m>[39m
          [36m<span[39m
            [33mclass[39m=[32m"flex-1 truncate"[39m
          [36m>[39m
            [36m<span[39m
              [33mstyle[39m=[32m"pointer-events: none;"[39m
            [36m>[39m
              [0m修改记录[0m
            [36m</span>[39m
          [36m</span>[39m
          [36m<svg[39m
            [33maria-hidden[39m=[32m"true"[39m
            [33mclass[39m=[32m"lucide lucide-chevron-down h-3.5 w-3.5 text-[hsl(var(--muted-foreground))] transition-transform duration-150 group-data-[state=open]:rotate-180 group-data-[state=open]:text-[hsl(var(--brand-600))]"[39m
            [33mfill[39m=[32m"none"[39m
            [33mheight[39m=[32m"24"[39m
            [33mstroke[39m=[32m"currentColor"[39m
            [33mstroke-linecap[39m=[32m"round"[39m
            [33mstroke-linejoin[39m=[32m"round"[39m
            [33mstroke-width[39m=[32m"2"[39m
            [33mviewBox[39m=[32m"0 0 24 24"[39m
            [33mwidth[39m=[32m"24"[39m
            [33mxmlns[39m=[32m"http://www.w3.org/2000/svg"[39m
          [36m>[39m
            [36m<path[39m
              [33md[39m=[32m"m6 9 6 6 6-6"[39m
            [36m/>[39m
          [36m</svg>[39m
        [36m</button>[39m
      [36m</div>[39m
      [36m<div[39m
        [33mclass[39m=[32m"space-y-2"[39m
      [36m>[39m
        [36m<label[39m
          [33mclass[39m=[32m"inline-flex items-center gap-1 text-[12px] font-medium leading-none text-[hsl(var(--slate-800))] peer-disabled:cursor-not-allowed peer-disabled:opacity-70"[39m
          [33mfor[39m=[32m"_r_12_-table"[39m
        [36m>[39m
          [0m授权数据表[0m
        [36m</label>[39m
        [36m<button[39m
          [33maria-autocomplete[39m=[32m"none"[39m
          [33maria-expanded[39m=[32m"false"[39m
          [33mclass[39m=[32m"group relative flex h-8 w-full items-center justify-between gap-2 rounded-control border border-[hsl(var(--slate-200))] bg-[hsl(var(--slate-50))] px-2.5 py-1 pr-2 text-[13px] text-[hsl(var(--foreground))] shadow-[inset_0_1px_2px_rgb(15_23_42_/_0.04)] transition-[border-color,background-color,box-shadow,transform] duration-150 ease-[cubic-bezier(0.25,1,0.5,1)] hover:border-[hsl(var(--slate-300))] hover:bg-[hsl(var(--card))] data-[state=open]:border-[hsl(var(--brand-500))] data-[state=open]:bg-[hsl(var(--card))] data-[state=open]:ring-2 data-[state=open]:ring-[hsl(var(--brand-500)/0.18)] focus-visible:outline-none focus-visible:border-[hsl(var(--brand-500))] focus-visible:bg-[hsl(var(--card))] focus-visible:ring-2 focus-visible:ring-[hsl(var(--brand-500)/0.18)] disabled:cursor-not-allowed disabled:opacity-50 cursor-pointer text-left"[39m
          [33mdata-state[39m=[32m"closed"[39m
          [33mdir[39m=[32m"ltr"[39m
          [33mid[39m=[32m"_r_12_-table"[39m
          [33mrole[39m=[32m"combobox"[39m
          [33mtype[39m=[32m"button"[39m
        [36m>[39m
          [36m<span[39m
            [33mclass[39m=[32m"flex-1 truncate"[39m
          [36m>[39m
            [36m<span[39m
              [33mstyle[39m=[32m"pointer-events: none;"[39m
            [36m>[39m
              [0m原数据表待核验[0m
            [36m</span>[39m
          [36m</span>[39m
          [36m<svg[39m
            [33maria-hidden[39m=[32m"true"[39m
            [33mclass[39m=[32m"lucide lucide-chevron-down h-3.5 w-3.5 text-[hsl(var(--muted-foreground))] transition-transform duration-150 group-data-[state=open]:rotate-180 group-data-[state=open]:text-[hsl(var(--brand-600))]"[39m
            [33mfill[39m=[32m"none"[39m
            [33mheight[39m=[32m"24"[39m
            [33mstroke[39m=[32m"currentColor"[39m
            [33mstroke-linecap[39m=[32m"round"[39m
            [33mstroke-linejoin[39m=[32m"round"[39m
            [33mstroke-width[39m=[32m"2"[39m
            [33mviewBox[39m=[32m"0 0 24 24"[39m
            [33mwidth[39m=[32m"24"[39m
            [33mxmlns[39m=[32m"http://www.w3.org/2000/svg"[39m
          [36m>[39m
            [36m<path[39m
              [33md[39m=[32m"m6 9 6 6 6-6"[39m
            [36m/>[39m
          [36m</svg>[39m
        [36m</button>[39m
      [36m</div>[39m
      [36m<fieldset[39m
        [33mclass[39m=[32m"space-y-2"[39m
      [36m>[39m
        [36m<legend[39m
          [33mclass[39m=[32m"text-sm"[39m
        [36m>[39m
          [0m授权字段[0m
        [36m</legend>[39m
      [36m</fieldset>[39m
      [36m<p[39m
        [33mclass[39m=[32m"text-xs text-muted-foreground"[39m
      [36m>[39m
        [0m运行参数必须落在已授权的表和字段范围内。字段结构操作按整表授权；新增字段不需要预先勾选。[0m
      [36m</p>[39m
      [36m<div[39m
        [33mclass[39m=[32m"space-y-2"[39m
      [36m>[39m
        [36m<label[39m
          [33mclass[39m=[32m"inline-flex items-center gap-1 text-[12px] font-medium leading-none text-[hsl(var(--slate-800))] peer-disabled:cursor-not-allowed peer-disabled:opacity-70"[39m
          [33mfor[39m=[32m"_r_12_-arguments"[39m
        [36m>[39m
          [0m操作参数（JSON）[0m
        [36m</label>[39m
        [36m<div[39m
          [33mclass[39m=[32m"relative"[39m
        [36m>[39m
          [36m<textarea[39m
            [33mclass[39m=[32m"flex w-full rounded-md border border-input bg-transparent px-3 py-2 text-sm shadow-sm transition-colors placeholder:text-muted-foreground focus-visible:outline-none focus-visible:ring-1 focus-visible:ring-ring disabled:cursor-not-allowed disabled:opacity-50 resize-none"[39m
            [33mid[39m=[32m"_r_12_-arguments"[39m
            [33mrows[39m=[32m"8"[39m
          [36m>[39m
            [0m{}[0m
          [36m</textarea>[39m
        [36m</div>[39m
        [36m<p[39m
          [33mclass[39m=[32m"text-xs text-muted-foreground"[39m
        [36m>[39m
          [0m支持对象变量与 JSON 模板。记录引用、版本号来自读取结果；对象和数字变量插入 JSON 时不加引号。冲突会终止当前节点，不自动重写。[0m
        [36m</p>[39m
      [36m</div>[39m
      [36m<div[39m
        [33mclass[39m=[32m"space-y-2"[39m
      [36m>[39m
        [36m<label[39m
          [33mclass[39m=[32m"inline-flex items-center gap-1 text-[12px] font-medium leading-none text-[hsl(var(--slate-800))] peer-disabled:cursor-not-allowed peer-disabled:opacity-70"[39m
        [36m>[39m
          [0m结果变量[0m
        [36m</label>[39m
        [36m<div[39m
          [33mclass[39m=[32m"relative"[39m
        [36m>[39m
          [36m<input[39m
            [33mclass[39m=[32m"flex h-8 w-full rounded-control px-2.5 py-1 text-[13px] border border-[hsl(var(--slate-200))] bg-[hsl(var(--slate-50))] text-[hsl(var(--foreground))] placeholder:text-[hsl(var(--muted-foreground))] shadow-[inset_0_1px_2px_rgb(15_23_42_/_0.04)] transition-[border-color,box-shadow,background-color] duration-150 ease-[cubic-bezier(0.25,1,0.5,1)] hover:border-[hsl(var(--slate-300))] hover:bg-[hsl(var(--card))] focus-visible:outline-none focus-visible:border-[hsl(var(--brand-500))] focus-visible:bg-[hsl(var(--card))] focus-visible:ring-2 focus-visible:ring-[hsl(var(--brand-500)/0.18)] disabled:cursor-not-allowed disabled:opacity-50 disabled:bg-[hsl(var(--muted))] aria-[invalid=true]:border-[hsl(var(--danger-500))] aria-[invalid=true]:ring-[hsl(var(--danger-500)/0.18)] file:border-0 file:bg-transparent file:text-[12px] file:font-medium file:text-[hsl(var(--foreground))] font-mono"[39m
            [33mvalue[39m=[32m"project_result"[39m
          [36m/>[39m
        [36m</div>[39m
      [36m</div>[39m
    [36m</div>[39m
  [36m</div>[39m
[36m</body>[39m
 ❯ waitForWrapper ../../node_modules/@testing-library/dom/dist/wait-for.js:163:27
 ❯ ../../node_modules/@testing-library/dom/dist/query-helpers.js:86:33
 ❯ src/renderer/domains/workflows/components/config-panels/ProjectDataConfig.test.tsx:46:23
     44|   request.mockResolvedValue({ success: true, data: { items: [], total:…
     45|   fireEvent.click(screen.getByRole('button', { name: '重试读取' }))
     46|   expect(await screen.findByRole('option', { name: '原数据表待核验' })).toBeT…
       |                       ^
     47| })
     48|

⎯⎯⎯⎯⎯⎯⎯⎯⎯⎯⎯⎯⎯⎯⎯⎯⎯⎯⎯⎯⎯⎯⎯⎯[4/4]⎯


 Test Files  1 failed | 2 passed (3)
      Tests  3 failed | 9 passed (12)
   Start at  03:44:49
   Duration  3.56s (transform 644ms, setup 472ms, import 866ms, tests 2.46s, environment 2.01s)

npm error Lifecycle script `test` failed with error:
npm error code 1
npm error path /Users/zhangtiancheng/Documents/projects/autoflow/apps/desktop
npm error workspace @autoflow/desktop@0.1.0
npm error location /Users/zhangtiancheng/Documents/projects/autoflow/apps/desktop
npm error command failed
npm error command sh -c vitest run src/renderer/domains/workflows/components/config-panels/ProjectDataConfig.test.tsx src/renderer/domains/workflows/components/config-panels/ProxyControlConfig.test.tsx src/renderer/domains/workflows/tests/proxy-required-fields.test.ts
