....F                                                                    [100%]
=================================== FAILURES ===================================
_______ test_production_worker_uses_frozen_grants_and_writes_real_sqlite _______

tmp_path = PosixPath('/private/var/folders/8g/sq3srr71063c083rpkd32k380000gn/T/pytest-of-zhangtiancheng/pytest-517/test_production_worker_uses_fr0')

    @pytest.mark.asyncio
    async def test_production_worker_uses_frozen_grants_and_writes_real_sqlite(tmp_path):
        from autoflow.infrastructure.database.project_data_models import DataRecordRow
        from autoflow.infrastructure.database.project_run_models import ProjectTaskInputSnapshotRow
        from autoflow.infrastructure.process.project_workflow_worker import ProjectWorkflowWorkerManager
        from tests.integration.test_project_data_worker import _NoBrowserResources, _dispatcher
    
        factory, project, automation, coordinator = _setup(tmp_path)
        worker = ProjectWorkflowWorkerManager(
            tmp_path / 'capability-worker', start_timeout=10,
            project_data=ProjectDataCapabilityService(SqlAlchemyProjectDataCapabilities(factory)),
        )
        dispatcher = _dispatcher(factory, worker, _NoBrowserResources())
        try:
            save_data_workflow(factory, automation)
            batch = coordinator.start(project, automation.automation_id, uid(), {
                'expectedAutomationRevision': automation.management_revision,
                'parameters': {}, 'maxTasks': 1, 'concurrency': 1,
            })[0]
            assert ProjectBatchScheduler.claim_data_task(factory, project, batch.batch_id) == 'ready'
            task = coordinator.list_tasks(project, batch.batch_id)[0]
            with factory() as session:
                run = SqlAlchemyWorkflowRuntimeRepository(session).get_run(run_id=task.run_id)
                inputs = session.get(ProjectTaskInputSnapshotRow, task.input_snapshot_id).inputs
            await dispatcher.dispatch(run.run_id, expected_status_revision=run.status_revision, execution_generation=run.execution_generation)
            await dispatcher.wait_idle()
            with factory() as session:
                repository = SqlAlchemyWorkflowRuntimeRepository(session)
                finished = repository.get_run(run_id=run.run_id)
                events = repository.list_events(run.run_id, after_sequence=0, limit=100)
                assert finished.status == 'succeeded', [(event.kind, event.payload) for event in events]
                succeeded = [event.node_id for event in events if event.kind == 'nodeAttempt' and event.payload.get('status') == 'succeeded']
                assert succeeded == ['data-node', 'read-node', 'update-node']
                ref = inputs[0]['recordRef']
                row = session.get(DataRecordRow, (ref['datasetGeneration'], ref['recordKey']['type'], ref['recordKey']['value']))
                assert row.content_revision == inputs[0]['contentRevision'] + 1
>               assert 'production-worker-written' in row.values.values()
                                                      ^^^^^^^^^^
E               AttributeError: 'DataRecordRow' object has no attribute 'values'

tests/integration/test_project_worker_capabilities.py:206: AttributeError
=========================== short test summary info ============================
FAILED tests/integration/test_project_worker_capabilities.py::test_production_worker_uses_frozen_grants_and_writes_real_sqlite
1 failed, 4 passed in 5.71s
