F                                                                        [100%]
=================================== FAILURES ===================================
__________ test_worker_entrypoint_does_not_import_sidecar_application __________

    def test_worker_entrypoint_does_not_import_sidecar_application():
        result = subprocess.run(
            [sys.executable, "-c", "import sys; import autoflow.__main__; assert 'autoflow.bootstrap.app' not in sys.modules"],
            capture_output=True, text=True, check=False,
        )
>       assert result.returncode == 0, result.stderr
E       AssertionError: Traceback (most recent call last):
E           File "<string>", line 1, in <module>
E         AssertionError
E         
E       assert 1 == 0
E        +  where 1 = CompletedProcess(args=['/Users/zhangtiancheng/Documents/projects/autoflow/apps/backend/.venv/bin/python', '-c', "impor...de=1, stdout='', stderr='Traceback (most recent call last):\n  File "<string>", line 1, in <module>\nAssertionError\n').returncode

apps/backend/tests/unit/test_main.py:108: AssertionError
=============================== warnings summary ===============================
apps/backend/.venv/lib/python3.11/site-packages/starlette/testclient.py:53
  /Users/zhangtiancheng/Documents/projects/autoflow/apps/backend/.venv/lib/python3.11/site-packages/starlette/testclient.py:53: DeprecationWarning: The anyio.abc.BlockingPortal alias is deprecated, use anyio.from_thread.BlockingPortal instead.
    _PortalFactoryType = Callable[[], AbstractContextManager[anyio.abc.BlockingPortal]]

-- Docs: https://docs.pytest.org/en/stable/how-to/capture-warnings.html
=========================== short test summary info ============================
FAILED apps/backend/tests/unit/test_main.py::test_worker_entrypoint_does_not_import_sidecar_application
1 failed, 8 deselected, 1 warning in 4.43s
