
> @autoflow/desktop@0.1.0 test
> vitest run --maxWorkers=1 src/renderer/domains/workflows/tests/import-structure.test.ts


 RUN  v4.1.11 /Users/zhangtiancheng/Documents/projects/autoflow/apps/desktop

(node:81929) ExperimentalWarning: localStorage is not available because --localstorage-file was not provided.
(Use `node --trace-warnings ...` to show where the warning was created)
 ❯ src/renderer/domains/workflows/tests/import-structure.test.ts (20 tests | 1 failed) 12ms
   × keeps the legacy coordinate and missing-edge-ID fallback for merge 4ms

⎯⎯⎯⎯⎯⎯⎯ Failed Tests 1 ⎯⎯⎯⎯⎯⎯⎯

 FAIL  src/renderer/domains/workflows/tests/import-structure.test.ts > keeps the legacy coordinate and missing-edge-ID fallback for merge
AssertionError: expected false to be true // Object.is equality

- Expected
+ Received

- true
+ false

 ❯ src/renderer/domains/workflows/tests/import-structure.test.ts:32:18
     30|   const d = { nodes: [{ id: 'a', type: 'open_page' }, { id: 'b', type:…
     31|   const result = mode === 'open' ? store.getState().importWorkflow(JSO…
     32|   expect(result).toBe(true)
       |                  ^
     33|   for (const node of store.getState().nodes) { expect(Number.isFinite(…
     34|   expect(store.getState().edges.at(-1)?.id).toBeTruthy()

⎯⎯⎯⎯⎯⎯⎯⎯⎯⎯⎯⎯⎯⎯⎯⎯⎯⎯⎯⎯⎯⎯⎯⎯[1/1]⎯


 Test Files  1 failed (1)
      Tests  1 failed | 19 passed (20)
   Start at  02:51:11
   Duration  793ms (transform 173ms, setup 88ms, import 197ms, tests 12ms, environment 388ms)

npm error Lifecycle script `test` failed with error:
npm error code 1
npm error path /Users/zhangtiancheng/Documents/projects/autoflow/apps/desktop
npm error workspace @autoflow/desktop@0.1.0
npm error location /Users/zhangtiancheng/Documents/projects/autoflow/apps/desktop
npm error command failed
npm error command sh -c vitest run --maxWorkers=1 src/renderer/domains/workflows/tests/import-structure.test.ts
