Preparing worktree (detached HEAD 5210e388)
Updating files:  40% (3115/7737)
Updating files:  41% (3173/7737)
Updating files:  42% (3250/7737)
Updating files:  43% (3327/7737)
Updating files:  44% (3405/7737)
Updating files:  45% (3482/7737)
Updating files:  46% (3560/7737)
Updating files:  47% (3637/7737)
Updating files:  48% (3714/7737)
Updating files:  49% (3792/7737)
Updating files:  50% (3869/7737)
Updating files:  51% (3946/7737)
Updating files:  52% (4024/7737)
Updating files:  53% (4101/7737)
Updating files:  54% (4178/7737)
Updating files:  55% (4256/7737)
Updating files:  56% (4333/7737)
Updating files:  57% (4411/7737)
Updating files:  58% (4488/7737)
Updating files:  59% (4565/7737)
Updating files:  60% (4643/7737)
Updating files:  61% (4720/7737)
Updating files:  62% (4797/7737)
Updating files:  63% (4875/7737)
Updating files:  64% (4952/7737)
Updating files:  65% (5030/7737)
Updating files:  66% (5107/7737)
Updating files:  67% (5184/7737)
Updating files:  68% (5262/7737)
Updating files:  69% (5339/7737)
Updating files:  70% (5416/7737)
Updating files:  70% (5493/7737)
Updating files:  71% (5494/7737)
Updating files:  72% (5571/7737)
Updating files:  73% (5649/7737)
Updating files:  74% (5726/7737)
Updating files:  75% (5803/7737)
Updating files:  76% (5881/7737)
Updating files:  77% (5958/7737)
Updating files:  78% (6035/7737)
Updating files:  79% (6113/7737)
Updating files:  80% (6190/7737)
Updating files:  81% (6267/7737)
Updating files:  82% (6345/7737)
Updating files:  83% (6422/7737)
Updating files:  84% (6500/7737)
Updating files:  85% (6577/7737)
Updating files:  86% (6654/7737)
Updating files:  87% (6732/7737)
Updating files:  87% (6772/7737)
Updating files:  88% (6809/7737)
Updating files:  89% (6886/7737)
Updating files:  90% (6964/7737)
Updating files:  91% (7041/7737)
Updating files:  92% (7119/7737)
Updating files:  93% (7196/7737)
Updating files:  94% (7273/7737)
Updating files:  95% (7351/7737)
Updating files:  96% (7428/7737)
Updating files:  97% (7505/7737)
Updating files:  98% (7583/7737)
Updating files:  99% (7660/7737)
Updating files: 100% (7737/7737)
Updating files: 100% (7737/7737), done.
HEAD is now at 5210e388 test(android): verify image pull receipt recovery after process interruption
