
> test:scripts
> node --test scripts/*.test.mjs

✔ retains the approved scope and resolves an imported alias to its actual component file (1.107708ms)
✔ follows barrel exports to retained database forms instead of guessing by global symbol name (0.125792ms)
✔ follows lazy imports into actual code tools and their editor dependency (0.2585ms)
✔ does not silently discard dynamically selected icon components or mark node cases executed (0.465333ms)
✔ history output guard resolves symlinks before any nested directory is created (30.454708ms)
✔ containment handles Windows separators and sibling prefixes (0.616208ms)
✔ R1 acceptance tools refuse paths outside the marked disposable root (23.557042ms)
✔ R2 wrapper reuses the exported R1 harness (5.196041ms)
✔ record-pages mode records required evidence levels and leaves visual review pending (2.621042ms)
✔ R3 runner exposes automatic and retained manual modes (1.676375ms)
✔ R3 evidence matrix names every required real interaction (0.312166ms)
✔ R3 runner uses the real desktop harness and never auto-approves visual review (7.041833ms)
✔ R3 visual fixtures use UI states and label the synthetic file selection (2.48075ms)
✔ cleanup rejects an unmarked or wrongly marked workspace (28.566459ms)
✔ cleanup removes only a marked temporary workspace and returns the preserved evidence path (12.215875ms)
✔ browser management smoke accepts an explicit packaged sidecar (2.288292ms)
✔ browser management smoke creates the platform kernel layout (0.32775ms)
✔ profile test browser smoke parses kernel and sidecar paths (1.27375ms)
✔ profile test browser smoke validates a public kernel directory (36.047625ms)
✔ profile test browser smoke finds a session below the manager root (13.997167ms)
✔ project smoke rejects invalid arguments before launching: --output-dir --dev (83.953958ms)
✔ project smoke rejects invalid arguments before launching: --output-dir (58.489833ms)
✔ project smoke rejects invalid arguments before launching: --unknown (55.346167ms)
✔ project smoke rejects invalid arguments before launching: --output-dir /tmp/a --output-dir /tmp/b (51.103166ms)
✔ packaged smoke cannot silently select external health mode (0.74375ms)
✔ cleanup rejects after the final deadline if the child never exits (12.075ms)
✔ cleanup observes close without requiring exit (0.273166ms)
✔ cleanup rejects a child process error (0.176375ms)
✔ required path exists: apps/desktop/package.json (0.542792ms)
✔ required path exists: apps/backend/pyproject.toml (0.08325ms)
✔ root scripts expose the foundation checks (0.174541ms)
(node:69997) [MODULE_TYPELESS_PACKAGE_JSON] Warning: Module type of file:///Users/zhangtiancheng/Documents/projects/autoflow/apps/desktop/src/renderer/domains/workflows/lib/moduleCatalog.ts is not specified and it doesn't parse as CommonJS.
Reparsing as ES module because module syntax was detected. This incurs a performance overhead.
To eliminate this warning, add "type": "module" to /Users/zhangtiancheng/Documents/projects/autoflow/apps/desktop/package.json.
(Use `node --trace-warnings ...` to show where the warning was created)
✔ Studio Chinese documentation audit covers exactly the retained catalog (20.913959ms)
✔ frozen required-field data regenerates exactly without executing source modules (117.146542ms)
✔ coverage accounts for every retained node and excludes removed nodes (3.750625ms)
✔ resource upload keeps multipart body and generated response type in the handoff inventory (0.636833ms)
✔ transport forwarding is marked dynamic instead of inventing a GET contract (0.094833ms)
✔ the matrix includes every discovered service and event without treating declarations as passed tests (2.156834ms)
✔ inventory and matrix regenerate deterministically (658.746958ms)
✔ direct apiRequest helpers outside Api objects remain visible in the contract inventory (0.175792ms)
✔ plain Event emissions are recorded alongside CustomEvent emissions (0.108209ms)
✔ checks sources without inventing application or visual acceptance (10.750542ms)
✔ rejects source hash drift, dimensions and unknown mapped sources (5.687708ms)
✔ does not allow a passed page without real evidence or missing required states (10.730583ms)
✔ rejects duplicate source and page identities and evidence traversal (4.717792ms)
✔ requires actual evidence files instead of an existing directory or blank path (4.510167ms)
✔ PM2 static coverage does not certify pending business or real application acceptance (2.995791ms)
✔ PM2 rejects lost requirement identifiers and invented evidence paths (0.758458ms)
✔ a green machine report cannot substitute for real application evidence (0.293667ms)
ℹ tests 48
ℹ suites 0
ℹ pass 48
ℹ fail 0
ℹ cancelled 0
ℹ skipped 0
ℹ todo 0
ℹ duration_ms 1623.326958
