F                                                                        [100%]
=================================== FAILURES ===================================
___________ test_workflow_shutdown_error_still_closes_other_modules ____________

tmp_path = PosixPath('/private/var/folders/8g/sq3srr71063c083rpkd32k380000gn/T/pytest-of-zhangtiancheng/pytest-481/test_workflow_shutdown_error_s0')
monkeypatch = <_pytest.monkeypatch.MonkeyPatch object at 0x10c2181d0>

    @pytest.mark.asyncio
    async def test_workflow_shutdown_error_still_closes_other_modules(tmp_path, monkeypatch):
        from unittest.mock import AsyncMock, Mock
    
        from autoflow.bootstrap.app import create_app
        from autoflow.bootstrap.config import Settings
    
        app = create_app(Settings(data_dir=str(tmp_path / 'shutdown-data'), instance_id='shutdown-fixture'))
        failed = AsyncMock(side_effect=RuntimeError('synthetic workflow cleanup failure'))
        monkeypatch.setattr(app.state.workflow_dispatcher, 'shutdown', failed)
        browser = AsyncMock(wraps=app.state.test_browser_worker_manager.shutdown)
        kernel = AsyncMock(wraps=app.state.kernel_worker_manager.shutdown)
        exports = Mock(wraps=app.state.excel_exports.shutdown)
        batches = Mock(wraps=app.state.status_batch_coordinator.shutdown)
        monkeypatch.setattr(app.state.test_browser_worker_manager, 'shutdown', browser)
        monkeypatch.setattr(app.state.kernel_worker_manager, 'shutdown', kernel)
        monkeypatch.setattr(app.state.excel_exports, 'shutdown', exports)
        monkeypatch.setattr(app.state.status_batch_coordinator, 'shutdown', batches)
        with pytest.raises(RuntimeError, match='synthetic workflow cleanup failure'):
>           await app.router.on_shutdown[-1]()
E           TypeError: object NoneType can't be used in 'await' expression

tests/integration/test_sidecar_shutdown.py:39: TypeError
=========================== short test summary info ============================
FAILED tests/integration/test_sidecar_shutdown.py::test_workflow_shutdown_error_still_closes_other_modules
1 failed in 2.35s
