FF                                                                       [100%]
=================================== FAILURES ===================================
_ test_verification_preserves_cancellation_recorded_while_runtime_read_is_pending[True] _

tmp_path = PosixPath('/private/var/folders/8g/sq3srr71063c083rpkd32k380000gn/T/pytest-of-zhangtiancheng/pytest-131/test_verification_preserves_ca0')
verified = True

    @pytest.mark.asyncio
    @pytest.mark.parametrize("verified", [True, False])
    async def test_verification_preserves_cancellation_recorded_while_runtime_read_is_pending(tmp_path: Path, verified: bool):
        database = tmp_path / "cancel-during-verify.sqlite3"
        migrate_database(database)
        sessions = create_session_factory(database)
        resources = AndroidResourceRepository(sessions)
        operations = SqlAlchemyAndroidOperationRepository(sessions)
        devices = _Devices(operations)
        devices.capacity.ready = True
        entered, release = asyncio.Event(), asyncio.Event()

        async def inspect(_device):
            entered.set()
            await release.wait()
            if not verified:
                raise OSError("runtime disconnected")
            return {"androidStatus": "ready"}

        devices.runtime.inspect = inspect
        service = AndroidBulkService(resources, devices)
        batch = service.create("ws", "verify-cancel-race", "start", [{"deviceId": "d1", "expectedRevision": 2}, {"deviceId": "d2", "expectedRevision": 2}], False)
        await service.tick()
        batch = service.get(batch["id"])
        operations.transition(batch["items"][0]["operationId"], "running", "needs_verification", {})
        verify = asyncio.create_task(service.verify(batch["id"], "ws"))
        try:
            await asyncio.wait_for(entered.wait(), 2)
            service.action(batch["id"], "cancelPending", "cancel-during-verify")
            release.set()
            result = await verify
>           assert result["items"][1]["state"] == "cancelled"
E           AssertionError: assert 'queued' == 'cancelled'
E
E             - cancelled
E             + queued

apps/backend/tests/integration/test_android_multi_device.py:227: AssertionError
_ test_verification_preserves_cancellation_recorded_while_runtime_read_is_pending[False] _

tmp_path = PosixPath('/private/var/folders/8g/sq3srr71063c083rpkd32k380000gn/T/pytest-of-zhangtiancheng/pytest-131/test_verification_preserves_ca1')
verified = False

    @pytest.mark.asyncio
    @pytest.mark.parametrize("verified", [True, False])
    async def test_verification_preserves_cancellation_recorded_while_runtime_read_is_pending(tmp_path: Path, verified: bool):
        database = tmp_path / "cancel-during-verify.sqlite3"
        migrate_database(database)
        sessions = create_session_factory(database)
        resources = AndroidResourceRepository(sessions)
        operations = SqlAlchemyAndroidOperationRepository(sessions)
        devices = _Devices(operations)
        devices.capacity.ready = True
        entered, release = asyncio.Event(), asyncio.Event()

        async def inspect(_device):
            entered.set()
            await release.wait()
            if not verified:
                raise OSError("runtime disconnected")
            return {"androidStatus": "ready"}

        devices.runtime.inspect = inspect
        service = AndroidBulkService(resources, devices)
        batch = service.create("ws", "verify-cancel-race", "start", [{"deviceId": "d1", "expectedRevision": 2}, {"deviceId": "d2", "expectedRevision": 2}], False)
        await service.tick()
        batch = service.get(batch["id"])
        operations.transition(batch["items"][0]["operationId"], "running", "needs_verification", {})
        verify = asyncio.create_task(service.verify(batch["id"], "ws"))
        try:
            await asyncio.wait_for(entered.wait(), 2)
            service.action(batch["id"], "cancelPending", "cancel-during-verify")
            release.set()
            result = await verify
>           assert result["items"][1]["state"] == "cancelled"
E           AssertionError: assert 'queued' == 'cancelled'
E
E             - cancelled
E             + queued

apps/backend/tests/integration/test_android_multi_device.py:227: AssertionError
=========================== short test summary info ============================
FAILED apps/backend/tests/integration/test_android_multi_device.py::test_verification_preserves_cancellation_recorded_while_runtime_read_is_pending[True]
FAILED apps/backend/tests/integration/test_android_multi_device.py::test_verification_preserves_cancellation_recorded_while_runtime_read_is_pending[False]
2 failed, 6 deselected in 0.81s
