
> @autoflow/desktop@0.1.0 test
> vitest run --maxWorkers=1 src/renderer/domains/workflows/tests/run-start-boundary.test.tsx


 RUN  v4.1.11 /Users/zhangtiancheng/Documents/projects/autoflow/apps/desktop

(node:78019) ExperimentalWarning: localStorage is not available because --localstorage-file was not provided.
(Use `node --trace-warnings ...` to show where the warning was created)
stdout | src/renderer/domains/workflows/tests/run-start-boundary.test.tsx > does not replace confirmed completed state when the start HTTP response arrives
[Toolbar] 配置已更新: { autoCloseBrowser: true, fullscreen: false, type: 'msedge' }

stdout | src/renderer/domains/workflows/tests/run-start-boundary.test.tsx > does not replace confirmed completed state when the start HTTP response arrives
[Toolbar] 执行工作流，无头模式: false 浏览器配置: {
  type: 'msedge',
  executablePath: undefined,
  userDataDir: undefined,
  fullscreen: false,
  autoCloseBrowser: true,
  launchArgs: '--disable-blink-features=AutomationControlled\n' +
    '--start-maximized\n' +
    '--ignore-certificate-errors\n' +
    '--ignore-ssl-errors\n' +
    '--disable-features=IsolateOrigins,site-per-process\n' +
    '--allow-running-insecure-content\n' +
    '--disable-infobars\n' +
    '--disable-notifications',
  extensionDirs: undefined
}

stdout | src/renderer/domains/workflows/tests/run-start-boundary.test.tsx > does not replace confirmed stopped state when the start HTTP response arrives
[Toolbar] 配置已更新: { autoCloseBrowser: true, fullscreen: false, type: 'msedge' }

stdout | src/renderer/domains/workflows/tests/run-start-boundary.test.tsx > does not replace confirmed stopped state when the start HTTP response arrives
[Toolbar] 执行工作流，无头模式: false 浏览器配置: {
  type: 'msedge',
  executablePath: undefined,
  userDataDir: undefined,
  fullscreen: false,
  autoCloseBrowser: true,
  launchArgs: '--disable-blink-features=AutomationControlled\n' +
    '--start-maximized\n' +
    '--ignore-certificate-errors\n' +
    '--ignore-ssl-errors\n' +
    '--disable-features=IsolateOrigins,site-per-process\n' +
    '--allow-running-insecure-content\n' +
    '--disable-infobars\n' +
    '--disable-notifications',
  extensionDirs: undefined
}

stdout | src/renderer/domains/workflows/tests/run-start-boundary.test.tsx > does not replace confirmed failed state when the start HTTP response arrives
[Toolbar] 配置已更新: { autoCloseBrowser: true, fullscreen: false, type: 'msedge' }

stdout | src/renderer/domains/workflows/tests/run-start-boundary.test.tsx > does not replace confirmed failed state when the start HTTP response arrives
[Toolbar] 执行工作流，无头模式: false 浏览器配置: {
  type: 'msedge',
  executablePath: undefined,
  userDataDir: undefined,
  fullscreen: false,
  autoCloseBrowser: true,
  launchArgs: '--disable-blink-features=AutomationControlled\n' +
    '--start-maximized\n' +
    '--ignore-certificate-errors\n' +
    '--ignore-ssl-errors\n' +
    '--disable-features=IsolateOrigins,site-per-process\n' +
    '--allow-running-insecure-content\n' +
    '--disable-infobars\n' +
    '--disable-notifications',
  extensionDirs: undefined
}

stdout | src/renderer/domains/workflows/tests/run-start-boundary.test.tsx > does not replace confirmed pending state when the start HTTP response arrives
[Toolbar] 配置已更新: { autoCloseBrowser: true, fullscreen: false, type: 'msedge' }

stdout | src/renderer/domains/workflows/tests/run-start-boundary.test.tsx > does not replace confirmed pending state when the start HTTP response arrives
[Toolbar] 执行工作流，无头模式: false 浏览器配置: {
  type: 'msedge',
  executablePath: undefined,
  userDataDir: undefined,
  fullscreen: false,
  autoCloseBrowser: true,
  launchArgs: '--disable-blink-features=AutomationControlled\n' +
    '--start-maximized\n' +
    '--ignore-certificate-errors\n' +
    '--ignore-ssl-errors\n' +
    '--disable-features=IsolateOrigins,site-per-process\n' +
    '--allow-running-insecure-content\n' +
    '--disable-infobars\n' +
    '--disable-notifications',
  extensionDirs: undefined
}

stdout | src/renderer/domains/workflows/tests/run-start-boundary.test.tsx > coalesces repeated starts during preparation and freezes debug options before awaiting
[Toolbar] 配置已更新: { autoCloseBrowser: true, fullscreen: false, type: 'msedge' }

 ❯ src/renderer/domains/workflows/tests/run-start-boundary.test.tsx (5 tests | 5 failed) 259ms
   × does not replace confirmed completed state when the start HTTP response arrives 96ms
   × does not replace confirmed stopped state when the start HTTP response arrives 47ms
   × does not replace confirmed failed state when the start HTTP response arrives 49ms
   × does not replace confirmed pending state when the start HTTP response arrives 44ms
   × coalesces repeated starts during preparation and freezes debug options before awaiting 19ms

⎯⎯⎯⎯⎯⎯⎯ Failed Tests 5 ⎯⎯⎯⎯⎯⎯⎯

 FAIL  src/renderer/domains/workflows/tests/run-start-boundary.test.tsx > does not replace confirmed completed state when the start HTTP response arrives
AssertionError: expected 'running' to be 'completed' // Object.is equality

Expected: "completed"
Received: "running"

 ❯ src/renderer/domains/workflows/tests/run-start-boundary.test.tsx:28:44
     26|   act(() => store.getState().setExecutionStatus(status))
     27|   await act(async () => response.resolve({ success: true }))
     28|   expect(store.getState().executionStatus).toBe(status)
       |                                            ^
     29| })
     30| it('coalesces repeated starts during preparation and freezes debug opt…

⎯⎯⎯⎯⎯⎯⎯⎯⎯⎯⎯⎯⎯⎯⎯⎯⎯⎯⎯⎯⎯⎯⎯⎯[1/5]⎯

 FAIL  src/renderer/domains/workflows/tests/run-start-boundary.test.tsx > does not replace confirmed stopped state when the start HTTP response arrives
AssertionError: expected 'running' to be 'stopped' // Object.is equality

Expected: "stopped"
Received: "running"

 ❯ src/renderer/domains/workflows/tests/run-start-boundary.test.tsx:28:44
     26|   act(() => store.getState().setExecutionStatus(status))
     27|   await act(async () => response.resolve({ success: true }))
     28|   expect(store.getState().executionStatus).toBe(status)
       |                                            ^
     29| })
     30| it('coalesces repeated starts during preparation and freezes debug opt…

⎯⎯⎯⎯⎯⎯⎯⎯⎯⎯⎯⎯⎯⎯⎯⎯⎯⎯⎯⎯⎯⎯⎯⎯[2/5]⎯

 FAIL  src/renderer/domains/workflows/tests/run-start-boundary.test.tsx > does not replace confirmed failed state when the start HTTP response arrives
AssertionError: expected 'running' to be 'failed' // Object.is equality

Expected: "failed"
Received: "running"

 ❯ src/renderer/domains/workflows/tests/run-start-boundary.test.tsx:28:44
     26|   act(() => store.getState().setExecutionStatus(status))
     27|   await act(async () => response.resolve({ success: true }))
     28|   expect(store.getState().executionStatus).toBe(status)
       |                                            ^
     29| })
     30| it('coalesces repeated starts during preparation and freezes debug opt…

⎯⎯⎯⎯⎯⎯⎯⎯⎯⎯⎯⎯⎯⎯⎯⎯⎯⎯⎯⎯⎯⎯⎯⎯[3/5]⎯

 FAIL  src/renderer/domains/workflows/tests/run-start-boundary.test.tsx > does not replace confirmed pending state when the start HTTP response arrives
AssertionError: expected 'running' to be 'pending' // Object.is equality

Expected: "pending"
Received: "running"

 ❯ src/renderer/domains/workflows/tests/run-start-boundary.test.tsx:28:44
     26|   act(() => store.getState().setExecutionStatus(status))
     27|   await act(async () => response.resolve({ success: true }))
     28|   expect(store.getState().executionStatus).toBe(status)
       |                                            ^
     29| })
     30| it('coalesces repeated starts during preparation and freezes debug opt…

⎯⎯⎯⎯⎯⎯⎯⎯⎯⎯⎯⎯⎯⎯⎯⎯⎯⎯⎯⎯⎯⎯⎯⎯[4/5]⎯

 FAIL  src/renderer/domains/workflows/tests/run-start-boundary.test.tsx > coalesces repeated starts during preparation and freezes debug options before awaiting
AssertionError: expected "create" to be called 1 times, but got 2 times
 ❯ src/renderer/domains/workflows/tests/run-start-boundary.test.tsx:38:30
     36|   fireEvent.keyDown(window, { key: 'F5' })
     37|   fireEvent.keyDown(window, { key: 'F5' })
     38|   expect(workflowApi.create).toHaveBeenCalledTimes(1)
       |                              ^
     39|   act(() => useDebugStore.setState({ breakpoints: new Set(), stepMode:…
     40|   await act(async () => response.resolve({ success: true, data: { id: …

⎯⎯⎯⎯⎯⎯⎯⎯⎯⎯⎯⎯⎯⎯⎯⎯⎯⎯⎯⎯⎯⎯⎯⎯[5/5]⎯


 Test Files  1 failed (1)
      Tests  5 failed (5)
   Start at  02:46:32
   Duration  2.57s (transform 1.06s, setup 150ms, import 1.50s, tests 259ms, environment 521ms)

npm error Lifecycle script `test` failed with error:
npm error code 1
npm error path /Users/zhangtiancheng/Documents/projects/autoflow/apps/desktop
npm error workspace @autoflow/desktop@0.1.0
npm error location /Users/zhangtiancheng/Documents/projects/autoflow/apps/desktop
npm error command failed
npm error command sh -c vitest run --maxWorkers=1 src/renderer/domains/workflows/tests/run-start-boundary.test.tsx
