
==================================== ERRORS ====================================
_________ ERROR collecting tests/contract/test_studio_log_delivery.py __________
ImportError while importing test module '/Users/zhangtiancheng/Documents/projects/autoflow/apps/backend/tests/contract/test_studio_log_delivery.py'.
Hint: make sure your test modules/packages have valid Python names.
Traceback:
../../../../../.local/share/uv/python/cpython-3.11-macos-aarch64-none/lib/python3.11/importlib/__init__.py:126: in import_module
    return _bootstrap._gcd_import(name[level:], package, level)
           ^^^^^^^^^^^^^^^^^^^^^^^^^^^^^^^^^^^^^^^^^^^^^^^^^^^^
tests/contract/test_studio_log_delivery.py:14: in <module>
    from autoflow.adapters.events.workflows import StudioEvent, StudioEventJournal, _scope_log_event, workflow_events_router
E   ImportError: cannot import name '_scope_log_event' from 'autoflow.adapters.events.workflows' (/Users/zhangtiancheng/Documents/projects/autoflow/apps/backend/src/autoflow/adapters/events/workflows.py)
=============================== warnings summary ===============================
.venv/lib/python3.11/site-packages/starlette/testclient.py:53
  /Users/zhangtiancheng/Documents/projects/autoflow/apps/backend/.venv/lib/python3.11/site-packages/starlette/testclient.py:53: DeprecationWarning: The anyio.abc.BlockingPortal alias is deprecated, use anyio.from_thread.BlockingPortal instead.
    _PortalFactoryType = Callable[[], AbstractContextManager[anyio.abc.BlockingPortal]]

-- Docs: https://docs.pytest.org/en/stable/how-to/capture-warnings.html
=========================== short test summary info ============================
ERROR tests/contract/test_studio_log_delivery.py
!!!!!!!!!!!!!!!!!!!! Interrupted: 1 error during collection !!!!!!!!!!!!!!!!!!!!
1 warning, 1 error in 0.26s
