FF                                                                       [100%]
=================================== FAILURES ===================================
___________ test_cleanup_does_not_hold_the_batch_stop_admission_lock ___________
../../../../../.local/share/uv/python/cpython-3.11-macos-aarch64-none/lib/python3.11/asyncio/tasks.py:500: in wait_for
    return fut.result()
           ^^^^^^^^^^^^
src/autoflow/application/project_runs/scheduler.py:999: in stop
    async with self._lock:
../../../../../.local/share/uv/python/cpython-3.11-macos-aarch64-none/lib/python3.11/asyncio/locks.py:15: in __aenter__
    await self.acquire()
../../../../../.local/share/uv/python/cpython-3.11-macos-aarch64-none/lib/python3.11/asyncio/locks.py:114: in acquire
    await fut
E   asyncio.exceptions.CancelledError

The above exception was the direct cause of the following exception:
tests/integration/test_project_environment_finalization.py:228: in test_cleanup_does_not_hold_the_batch_stop_admission_lock
    operation = await asyncio.wait_for(scheduler.stop(project, task.batch_id, str(uuid4()), {
../../../../../.local/share/uv/python/cpython-3.11-macos-aarch64-none/lib/python3.11/asyncio/tasks.py:502: in wait_for
    raise exceptions.TimeoutError() from exc
E   TimeoutError
___ test_slow_terminal_cleanup_is_deferred_while_another_core_run_is_active ____
tests/integration/test_project_environment_finalization.py:245: in test_slow_terminal_cleanup_is_deferred_while_another_core_run_is_active
    assert directory.exists()
E   AssertionError: assert False
E    +  where False = exists()
E    +    where exists = PosixPath('/private/var/folders/8g/sq3srr71063c083rpkd32k380000gn/T/pytest-of-zhangtiancheng/pytest-84/test_slow_terminal_cleanup_is_0/copies/instances/a94a60d9-abf1-4937-9c59-de992a7602c4').exists
=============================== warnings summary ===============================
.venv/lib/python3.11/site-packages/starlette/testclient.py:53
  /Users/zhangtiancheng/Documents/projects/autoflow/apps/backend/.venv/lib/python3.11/site-packages/starlette/testclient.py:53: DeprecationWarning: The anyio.abc.BlockingPortal alias is deprecated, use anyio.from_thread.BlockingPortal instead.
    _PortalFactoryType = Callable[[], AbstractContextManager[anyio.abc.BlockingPortal]]

-- Docs: https://docs.pytest.org/en/stable/how-to/capture-warnings.html
=========================== short test summary info ============================
FAILED tests/integration/test_project_environment_finalization.py::test_cleanup_does_not_hold_the_batch_stop_admission_lock
FAILED tests/integration/test_project_environment_finalization.py::test_slow_terminal_cleanup_is_deferred_while_another_core_run_is_active
2 failed, 20 deselected, 1 warning in 5.30s
