
> @autoflow/desktop@0.1.0 test
> vitest run --run src/renderer/domains/workflows/tests/node-config-shape.test.tsx src/renderer/domains/workflows/tests/complex-structure-interactions.test.tsx src/renderer/domains/workflows/tests/node-config-history.test.ts src/renderer/domains/workflows/tests/structure-copy-references.test.ts src/renderer/domains/workflows/tests/excluded-assistant-nodes.test.ts src/renderer/domains/workflows/tests/common-advanced-config.test.tsx src/renderer/domains/workflows/components/__tests__/blockFlowModel.test.ts


 RUN  v4.1.11 /Users/zhangtiancheng/Documents/projects/autoflow/apps/desktop

(node:87911) ExperimentalWarning: localStorage is not available because --localstorage-file was not provided.
(Use `node --trace-warnings ...` to show where the warning was created)
(node:87913) ExperimentalWarning: localStorage is not available because --localstorage-file was not provided.
(Use `node --trace-warnings ...` to show where the warning was created)
(node:87910) ExperimentalWarning: localStorage is not available because --localstorage-file was not provided.
(Use `node --trace-warnings ...` to show where the warning was created)
(node:87912) ExperimentalWarning: localStorage is not available because --localstorage-file was not provided.
(Use `node --trace-warnings ...` to show where the warning was created)
(node:87927) ExperimentalWarning: localStorage is not available because --localstorage-file was not provided.
(Use `node --trace-warnings ...` to show where the warning was created)
(node:87939) ExperimentalWarning: localStorage is not available because --localstorage-file was not provided.
(Use `node --trace-warnings ...` to show where the warning was created)
(node:87940) ExperimentalWarning: localStorage is not available because --localstorage-file was not provided.
(Use `node --trace-warnings ...` to show where the warning was created)

 Test Files  7 passed (7)
      Tests  110 passed (110)
   Start at  19:00:25
   Duration  4.79s (transform 4.05s, setup 788ms, import 6.27s, tests 3.11s, environment 3.48s)

