✔ retains the approved scope and resolves an imported alias to its actual component file (1.061875ms)
✔ excludes database and DP nodes from the delivery inventory (0.131208ms)
✔ follows lazy imports into actual code tools and their editor dependency (0.106208ms)
✖ does not silently discard dynamically selected icon components or reconciled node evidence (0.877834ms)
✔ candidate generation preserves historical bytes and native acceptance limits (8.470208ms)
(node:84882) [MODULE_TYPELESS_PACKAGE_JSON] Warning: Module type of file:///Users/zhangtiancheng/Documents/projects/autoflow/apps/desktop/src/renderer/domains/workflows/lib/moduleCatalog.ts is not specified and it doesn't parse as CommonJS.
Reparsing as ES module because module syntax was detected. This incurs a performance overhead.
To eliminate this warning, add "type": "module" to /Users/zhangtiancheng/Documents/projects/autoflow/apps/desktop/package.json.
(Use `node --trace-warnings ...` to show where the warning was created)
✔ Studio Chinese documentation audit covers exactly the retained catalog (11.148667ms)
✔ all three frozen metadata targets regenerate exactly without executing source modules (147.257708ms)
✔ 213 frozen entries plus 5 native entries cover the exact approved scope (136.295416ms)
✔ AUTOFIX then PRIORITY and mode overrides retain exact field names and empty rules (123.938417ms)
✔ source and license digests cover both frozen schema files and preserve provenance (1.317709ms)
✔ production domain literal matches frontend metadata and has no runtime source dependency (53.716375ms)
✔ Python runtime description preserves the explicit AutoFlow adaptation (132.150167ms)
ℹ tests 12
ℹ suites 0
ℹ pass 11
ℹ fail 1
ℹ cancelled 0
ℹ skipped 0
ℹ todo 0
ℹ duration_ms 970.669917

✖ failing tests:

test at scripts/inventory-studio-completion.test.mjs:38:1
✖ does not silently discard dynamically selected icon components or reconciled node evidence (0.877834ms)
  AssertionError [ERR_ASSERTION]: Expected values to be strictly equal:
  
  214 !== 213
  
      at TestContext.<anonymous> (file:///Users/zhangtiancheng/Documents/projects/autoflow/scripts/inventory-studio-completion.test.mjs:42:10)
      at Test.runInAsyncScope (node:async_hooks:226:14)
      at Test.run (node:internal/test_runner/test:1397:25)
      at Test.processPendingSubtests (node:internal/test_runner/test:969:18)
      at Test.postRun (node:internal/test_runner/test:1537:19)
      at Test.run (node:internal/test_runner/test:1462:12)
      at async Test.processPendingSubtests (node:internal/test_runner/test:969:7) {
    generatedMessage: true,
    code: 'ERR_ASSERTION',
    actual: 214,
    expected: 213,
    operator: 'strictEqual',
    diff: 'simple'
  }
