
> @autoflow/desktop@0.1.0 test
> vitest run src/renderer/domains/projects/automation-page-identities.test.tsx


 RUN  v4.1.11 /Users/zhangtiancheng/Documents/projects/autoflow-project-management-pm3/apps/desktop

(node:98667) ExperimentalWarning: localStorage is not available because --localstorage-file was not provided.
(Use `node --trace-warnings ...` to show where the warning was created)
 ❯ src/renderer/domains/projects/automation-page-identities.test.tsx (4 tests | 4 failed) 2580ms
   × maps an initial automation read failure without exposing the internal identity and keeps retry available 1028ms
   × maps a resource read failure while preserving the dirty automation draft and retry action 1262ms
   × maps an unknown validation issue on the editor while preserving the draft 172ms
   × maps an unknown validation issue in the real launch dialog without exposing its internal identity 117ms

⎯⎯⎯⎯⎯⎯⎯ Failed Tests 4 ⎯⎯⎯⎯⎯⎯⎯

 FAIL  src/renderer/domains/projects/automation-page-identities.test.tsx > maps an initial automation read failure without exposing the internal identity and keeps retry available
TestingLibraryElementError: Unable to find an element with the text: /所需资源暂不可用，请检查配置/. This could be because the text is broken up by multiple elements. In this case, you can provide a function for your text matcher to make your matcher more flexible.

Ignored nodes: comments, script, style
[36m<body>[39m
  [36m<div>[39m
    [36m<section[39m
      [33mclass[39m=[32m"rounded-card border border-line bg-surface p-6"[39m
      [33mrole[39m=[32m"alert"[39m
    [36m>[39m
      [36m<p>[39m
        [0m无法读取自动化：[0m
        [0mresource 123e4567-e89b-42d3-a456-426614174000 unavailable[0m
      [36m</p>[39m
      [36m<button[39m
        [33mclass[39m=[32m"af-button relative inline-flex shrink-0 items-center justify-center gap-2 rounded-control border font-semibold transition-colors [transition-duration:var(--motion-control)] focus-visible:outline-2 focus-visible:outline-offset-2 focus-visible:outline-focus disabled:cursor-not-allowed border-control-border bg-surface text-ink enabled:hover:bg-surface-hover enabled:active:bg-clay-soft h-[var(--control-md)] px-4 text-sm"[39m
        [33mtype[39m=[32m"button"[39m
      [36m>[39m
        [36m<span[39m
          [33mclass[39m=[32m"grid min-w-0"[39m
        [36m>[39m
          [36m<span[39m
            [33mclass[39m=[32m"col-start-1 row-start-1 inline-flex min-w-0 items-center justify-center gap-2"[39m
          [36m>[39m
            [0m重试读取[0m
          [36m</span>[39m
        [36m</span>[39m
      [36m</button>[39m
    [36m</section>[39m
  [36m</div>[39m
[36m</body>[39m

Ignored nodes: comments, script, style
[36m<body>[39m
  [36m<div>[39m
    [36m<section[39m
      [33mclass[39m=[32m"rounded-card border border-line bg-surface p-6"[39m
      [33mrole[39m=[32m"alert"[39m
    [36m>[39m
      [36m<p>[39m
        [0m无法读取自动化：[0m
        [0mresource 123e4567-e89b-42d3-a456-426614174000 unavailable[0m
      [36m</p>[39m
      [36m<button[39m
        [33mclass[39m=[32m"af-button relative inline-flex shrink-0 items-center justify-center gap-2 rounded-control border font-semibold transition-colors [transition-duration:var(--motion-control)] focus-visible:outline-2 focus-visible:outline-offset-2 focus-visible:outline-focus disabled:cursor-not-allowed border-control-border bg-surface text-ink enabled:hover:bg-surface-hover enabled:active:bg-clay-soft h-[var(--control-md)] px-4 text-sm"[39m
        [33mtype[39m=[32m"button"[39m
      [36m>[39m
        [36m<span[39m
          [33mclass[39m=[32m"grid min-w-0"[39m
        [36m>[39m
          [36m<span[39m
            [33mclass[39m=[32m"col-start-1 row-start-1 inline-flex min-w-0 items-center justify-center gap-2"[39m
          [36m>[39m
            [0m重试读取[0m
          [36m</span>[39m
        [36m</span>[39m
      [36m</button>[39m
    [36m</section>[39m
  [36m</div>[39m
[36m</body>[39m
 ❯ waitForWrapper ../../node_modules/@testing-library/dom/dist/wait-for.js:163:27
 ❯ ../../node_modules/@testing-library/dom/dist/query-helpers.js:86:33
 ❯ src/renderer/domains/projects/automation-page-identities.test.tsx:74:23
     72|   mount(requestMock as StreamingApiClient['request'])
     73|
     74|   expect(await screen.findByText(/所需资源暂不可用，请检查配置/)).toBeVisible()
       |                       ^
     75|   expect(screen.getByRole('button', { name: '重试读取' })).toBeVisible()
     76|   expectNoPerceptibleIdentity()

⎯⎯⎯⎯⎯⎯⎯⎯⎯⎯⎯⎯⎯⎯⎯⎯⎯⎯⎯⎯⎯⎯⎯⎯[1/4]⎯

 FAIL  src/renderer/domains/projects/automation-page-identities.test.tsx > maps a resource read failure while preserving the dirty automation draft and retry action
TestingLibraryElementError: Unable to find an element with the text: /所需资源暂不可用，请检查配置/. This could be because the text is broken up by multiple elements. In this case, you can provide a function for your text matcher to make your matcher more flexible.

Ignored nodes: comments, script, style
[36m<body>[39m
  [36m<div>[39m
    [36m<section[39m
      [33mclass[39m=[32m"grid min-w-0 gap-3"[39m
    [36m>[39m
      [36m<div[39m
        [33mclass[39m=[32m"rounded-control border border-warning/40 bg-surface p-3 text-sm"[39m
        [33mrole[39m=[32m"alert"[39m
      [36m>[39m
        [36m<p>[39m
          [0m部分资料读取失败，当前草稿已保留。[0m
          [0mworkflow 123e4567-e89b-42d3-a456-426614174000 unavailable[0m
        [36m</p>[39m
        [36m<button[39m
          [33mclass[39m=[32m"af-button relative inline-flex shrink-0 items-center justify-center gap-2 rounded-control border font-semibold transition-colors [transition-duration:var(--motion-control)] focus-visible:outline-2 focus-visible:outline-offset-2 focus-visible:outline-focus disabled:cursor-not-allowed border-control-border bg-surface text-ink enabled:hover:bg-surface-hover enabled:active:bg-clay-soft h-[var(--control-sm)] px-3 text-xs"[39m
          [33mtype[39m=[32m"button"[39m
        [36m>[39m
          [36m<span[39m
            [33mclass[39m=[32m"grid min-w-0"[39m
          [36m>[39m
            [36m<span[39m
              [33mclass[39m=[32m"col-start-1 row-start-1 inline-flex min-w-0 items-center justify-center gap-2"[39m
            [36m>[39m
              [0m重新读取资料[0m
            [36m</span>[39m
          [36m</span>[39m
        [36m</button>[39m
      [36m</div>[39m
      [36m<section[39m
        [33maria-label[39m=[32m"自动化配置编辑器"[39m
        [33mclass[39m=[32m"rounded-card border border-line bg-surface"[39m
      [36m>[39m
        [36m<header[39m
          [33mclass[39m=[32m"flex flex-wrap items-center justify-between gap-4 border-b border-line px-5 py-4"[39m
        [36m>[39m
          [36m<div[39m
            [33mclass[39m=[32m"flex min-w-0 flex-1 items-center gap-4"[39m
          [36m>[39m
            [36m<span[39m
              [33maria-hidden[39m=[32m"true"[39m
              [33mclass[39m=[32m"grid size-16 shrink-0 place-items-center rounded-control border border-line bg-surface-subtle text-clay"[39m
            [36m>[39m
              [36m<svg[39m
                [33mfill[39m=[32m"currentColor"[39m
                [33mheight[39m=[32m"32"[39m
                [33mviewBox[39m=[32m"0 0 256 256"[39m
                [33mwidth[39m=[32m"32"[39m
                [33mxmlns[39m=[32m"http://www.w3.org/2000/svg"[39m
              [36m>[39m
                [36m<path[39m
                  [33md[39m=[32m"M213.66,82.34l-56-56A8,8,0,0,0,152,24H56A16,16,0,0,0,40,40V216a16,16,0,0,0,16,16H200a16,16,0,0,0,16-16V88A8,8,0,0,0,213.66,82.34ZM160,51.31,188.69,80H160ZM200,216H56V40h88V88a8,8,0,0,0,8,8h48V216Zm-32-80a8,8,0,0,1-8,8H96a8,8,0,0,1,0-16h64A8,8,0,0,1,168,136Zm0,32a8,8,0,0,1-8,8H96a8,8,0,0,1,0-16h64A8,8,0,0,1,168,168Z"[39m
                [36m/>[39m
              [36m</svg>[39m
            [36m</span>[39m
            [36m<div[39m
              [33mclass[39m=[32m"min-w-0"[39m
            [36m>[39m
              [36m<div[39m
                [33mclass[39m=[32m"flex flex-wrap items-center gap-3"[39m
              [36m>[39m
                [36m<h2[39m
                  [33mclass[39m=[32m"m-0 break-words text-2xl font-semibold"[39m
                [36m>[39m
                  [0m保留的草稿[0m
                [36m</h2>[39m
                [36m<span[39m
                  [33mclass[39m=[32m"rounded-control px-2 py-1 text-xs bg-clay-soft text-clay"[39m
                [36m>[39m
                  [0m有未保存修改[0m
                [36m</span>[39m
              [36m</div>[39m
              [36m<p[39m
                [33mclass[39m=[32m"mb-0 mt-1 break-words text-sm text-muted"[39m
              [36m>[39m
                [0m配置工作流、输入、资源和运行设置[0m
              [36m</p>[39m
            [36m</div>[39m
          [36m</div>[39m
          [36m<div[39m
            [33mclass[39m=[32m"flex gap-2"[39m
          [36m>[39m
            [36m<button[39m
              [33mclass[39m=[32m"af-button relative inline-flex shrink-0 items-center justify-center gap-2 rounded-control border border-transparent font-semibold transition-colors [transition-duration:var(--motion-control)] focus-visible:outline-2 focus-visible:outline-offset-2 focus-visible:outline-focus disabled:cursor-not-allowed bg-clay text-on-accent shadow-sm enabled:hover:bg-clay-strong enabled:active:bg-clay-strong h-[var(--control-md)] px-4 text-sm"[39m
              [33mdisabled[39m=[32m""[39m
              [33mtype[39m=[32m"button"[39m
            [36m>[39m
              [36m<span[39m
                [33mclass[39m=[32m"grid min-w-0"[39m
              [36m>[39m
                [36m<span[39m
                  [33mclass[39m=[32m"col-start-1 row-start-1 inline-flex min-w-0 items-center justify-center gap-2"[39m
                [36m>[39m
                  [0m启动运行[0m
                [36m</span>[39m
              [36m</span>[39m
            [36m</button>[39m
          [36m</div>[39m
        [36m</header>[39m
        [36m<div[39m
          [33mclass[39m=[32m"px-5 pt-2"[39m
          [33mdata-orientation[39m=[32m"horizontal"[39m
          [33mdir[39m=[32m"ltr"[39m
        [36m>[39m
          [36m<div[39m
            [33maria-label[39m=[32m"自动化配置页签"[39m
            [33maria-orientation[39m=[32m"horizontal"[39m
            [33mclass[39m=[32m"inline-flex items-center border-b border-line w-full justify-start gap-5"[39m
            [33mdata-orientation[39m=[32m"horizontal"[39m
            [33mrole[39m=[32m"tablist"[39m
            [33mstyle[39m=[32m"outline: none;"[39m
            [33mtabindex[39m=[32m"0"[39m
          [36m>[39m
            [36m<button[39m
              [33maria-controls[39m=[32m"radix-_r_0_-content-overview"[39m
              [33maria-selected[39m=[32m"true"[39m
              [33mclass[39m=[32m"px-3 py-2 text-sm text-muted data-[state=active]:border-b-2 data-[state=active]:border-clay data-[state=active]:text-ink"[39m
              [33mdata-orientation[39m=[32m"horizontal"[39m
              [33mdata-radix-collection-item[39m=[32m""[39m
              [33mdata-state[39m=[32m"active"[39m
              [33mid[39m=[32m"radix-_r_0_-trigger-overview"[39m
              [33mrole[39m=[32m"tab"[39m
              [33mtabindex[39m=[32m"-1"[39m
              [33mtype[39m=[32m"button"[39m
            [36m>[39m
              [0m基本信息[0m
            [36m</button>[39m
            [36m<button[39m
              [33maria-controls[39m=[32m"radix-_r_0_-content-inputs"[39m
              [33maria-selected[39m=[32m"false"[39m
              [33mclass[39m=[32m"px-3 py-2 text-sm text-muted data-[state=active]:border-b-2 data-[state=active]:border-clay data-[state=active]:text-ink"[39m
              [33mdata-orientation[39m=[32m"horizontal"[39m
              [...

Ignored nodes: comments, script, style
[36m<body>[39m
  [36m<div>[39m
    [36m<section[39m
      [33mclass[39m=[32m"grid min-w-0 gap-3"[39m
    [36m>[39m
      [36m<div[39m
        [33mclass[39m=[32m"rounded-control border border-warning/40 bg-surface p-3 text-sm"[39m
        [33mrole[39m=[32m"alert"[39m
      [36m>[39m
        [36m<p>[39m
          [0m部分资料读取失败，当前草稿已保留。[0m
          [0mworkflow 123e4567-e89b-42d3-a456-426614174000 unavailable[0m
        [36m</p>[39m
        [36m<button[39m
          [33mclass[39m=[32m"af-button relative inline-flex shrink-0 items-center justify-center gap-2 rounded-control border font-semibold transition-colors [transition-duration:var(--motion-control)] focus-visible:outline-2 focus-visible:outline-offset-2 focus-visible:outline-focus disabled:cursor-not-allowed border-control-border bg-surface text-ink enabled:hover:bg-surface-hover enabled:active:bg-clay-soft h-[var(--control-sm)] px-3 text-xs"[39m
          [33mtype[39m=[32m"button"[39m
        [36m>[39m
          [36m<span[39m
            [33mclass[39m=[32m"grid min-w-0"[39m
          [36m>[39m
            [36m<span[39m
              [33mclass[39m=[32m"col-start-1 row-start-1 inline-flex min-w-0 items-center justify-center gap-2"[39m
            [36m>[39m
              [0m重新读取资料[0m
            [36m</span>[39m
          [36m</span>[39m
        [36m</button>[39m
      [36m</div>[39m
      [36m<section[39m
        [33maria-label[39m=[32m"自动化配置编辑器"[39m
        [33mclass[39m=[32m"rounded-card border border-line bg-surface"[39m
      [36m>[39m
        [36m<header[39m
          [33mclass[39m=[32m"flex flex-wrap items-center justify-between gap-4 border-b border-line px-5 py-4"[39m
        [36m>[39m
          [36m<div[39m
            [33mclass[39m=[32m"flex min-w-0 flex-1 items-center gap-4"[39m
          [36m>[39m
            [36m<span[39m
              [33maria-hidden[39m=[32m"true"[39m
              [33mclass[39m=[32m"grid size-16 shrink-0 place-items-center rounded-control border border-line bg-surface-subtle text-clay"[39m
            [36m>[39m
              [36m<svg[39m
                [33mfill[39m=[32m"currentColor"[39m
                [33mheight[39m=[32m"32"[39m
                [33mviewBox[39m=[32m"0 0 256 256"[39m
                [33mwidth[39m=[32m"32"[39m
                [33mxmlns[39m=[32m"http://www.w3.org/2000/svg"[39m
              [36m>[39m
                [36m<path[39m
                  [33md[39m=[32m"M213.66,82.34l-56-56A8,8,0,0,0,152,24H56A16,16,0,0,0,40,40V216a16,16,0,0,0,16,16H200a16,16,0,0,0,16-16V88A8,8,0,0,0,213.66,82.34ZM160,51.31,188.69,80H160ZM200,216H56V40h88V88a8,8,0,0,0,8,8h48V216Zm-32-80a8,8,0,0,1-8,8H96a8,8,0,0,1,0-16h64A8,8,0,0,1,168,136Zm0,32a8,8,0,0,1-8,8H96a8,8,0,0,1,0-16h64A8,8,0,0,1,168,168Z"[39m
                [36m/>[39m
              [36m</svg>[39m
            [36m</span>[39m
            [36m<div[39m
              [33mclass[39m=[32m"min-w-0"[39m
            [36m>[39m
              [36m<div[39m
                [33mclass[39m=[32m"flex flex-wrap items-center gap-3"[39m
              [36m>[39m
                [36m<h2[39m
                  [33mclass[39m=[32m"m-0 break-words text-2xl font-semibold"[39m
                [36m>[39m
                  [0m保留的草稿[0m
                [36m</h2>[39m
                [36m<span[39m
                  [33mclass[39m=[32m"rounded-control px-2 py-1 text-xs bg-clay-soft text-clay"[39m
                [36m>[39m
                  [0m有未保存修改[0m
                [36m</span>[39m
              [36m</div>[39m
              [36m<p[39m
                [33mclass[39m=[32m"mb-0 mt-1 break-words text-sm text-muted"[39m
              [36m>[39m
                [0m配置工作流、输入、资源和运行设置[0m
              [36m</p>[39m
            [36m</div>[39m
          [36m</div>[39m
          [36m<div[39m
            [33mclass[39m=[32m"flex gap-2"[39m
          [36m>[39m
            [36m<button[39m
              [33mclass[39m=[32m"af-button relative inline-flex shrink-0 items-center justify-center gap-2 rounded-control border border-transparent font-semibold transition-colors [transition-duration:var(--motion-control)] focus-visible:outline-2 focus-visible:outline-offset-2 focus-visible:outline-focus disabled:cursor-not-allowed bg-clay text-on-accent shadow-sm enabled:hover:bg-clay-strong enabled:active:bg-clay-strong h-[var(--control-md)] px-4 text-sm"[39m
              [33mdisabled[39m=[32m""[39m
              [33mtype[39m=[32m"button"[39m
            [36m>[39m
              [36m<span[39m
                [33mclass[39m=[32m"grid min-w-0"[39m
              [36m>[39m
                [36m<span[39m
                  [33mclass[39m=[32m"col-start-1 row-start-1 inline-flex min-w-0 items-center justify-center gap-2"[39m
                [36m>[39m
                  [0m启动运行[0m
                [36m</span>[39m
              [36m</span>[39m
            [36m</button>[39m
          [36m</div>[39m
        [36m</header>[39m
        [36m<div[39m
          [33mclass[39m=[32m"px-5 pt-2"[39m
          [33mdata-orientation[39m=[32m"horizontal"[39m
          [33mdir[39m=[32m"ltr"[39m
        [36m>[39m
          [36m<div[39m
            [33maria-label[39m=[32m"自动化配置页签"[39m
            [33maria-orientation[39m=[32m"horizontal"[39m
            [33mclass[39m=[32m"inline-flex items-center border-b border-line w-full justify-start gap-5"[39m
            [33mdata-orientation[39m=[32m"horizontal"[39m
            [33mrole[39m=[32m"tablist"[39m
            [33mstyle[39m=[32m"outline: none;"[39m
            [33mtabindex[39m=[32m"0"[39m
          [36m>[39m
            [36m<button[39m
              [33maria-controls[39m=[32m"radix-_r_0_-content-overview"[39m
              [33maria-selected[39m=[32m"true"[39m
              [33mclass[39m=[32m"px-3 py-2 text-sm text-muted data-[state=active]:border-b-2 data-[state=active]:border-clay data-[state=active]:text-ink"[39m
              [33mdata-orientation[39m=[32m"horizontal"[39m
              [33mdata-radix-collection-item[39m=[32m""[39m
              [33mdata-state[39m=[32m"active"[39m
              [33mid[39m=[32m"radix-_r_0_-trigger-overview"[39m
              [33mrole[39m=[32m"tab"[39m
              [33mtabindex[39m=[32m"-1"[39m
              [33mtype[39m=[32m"button"[39m
            [36m>[39m
              [0m基本信息[0m
            [36m</button>[39m
            [36m<button[39m
              [33maria-controls[39m=[32m"radix-_r_0_-content-inputs"[39m
              [33maria-selected[39m=[32m"false"[39m
              [33mclass[39m=[32m"px-3 py-2 text-sm text-muted data-[state=active]:border-b-2 data-[state=active]:border-clay data-[state=active]:text-ink"[39m
              [33mdata-orientation[39m=[32m"horizontal"[39m
              [...
 ❯ waitForWrapper ../../node_modules/@testing-library/dom/dist/wait-for.js:163:27
 ❯ ../../node_modules/@testing-library/dom/dist/query-helpers.js:86:33
 ❯ src/renderer/domains/projects/automation-page-identities.test.tsx:94:23
     92|   await user.clear(name); await user.type(name, '保留的草稿')
     93|
     94|   expect(await screen.findByText(/所需资源暂不可用，请检查配置/)).toBeVisible()
       |                       ^
     95|   expect(name).toHaveValue('保留的草稿')
     96|   expect(screen.getByRole('button', { name: '重新读取资料' })).toBeVisible()

⎯⎯⎯⎯⎯⎯⎯⎯⎯⎯⎯⎯⎯⎯⎯⎯⎯⎯⎯⎯⎯⎯⎯⎯[2/4]⎯

 FAIL  src/renderer/domains/projects/automation-page-identities.test.tsx > maps an unknown validation issue on the editor while preserving the draft
TestingLibraryElementError: Unable to find an element with the text: 操作失败，请重试. This could be because the text is broken up by multiple elements. In this case, you can provide a function for your text matcher to make your matcher more flexible.

Ignored nodes: comments, script, style
[36m<body>[39m
  [36m<div>[39m
    [36m<section[39m
      [33mclass[39m=[32m"grid min-w-0 gap-3"[39m
    [36m>[39m
      [36m<section[39m
        [33maria-label[39m=[32m"自动化配置编辑器"[39m
        [33mclass[39m=[32m"rounded-card border border-line bg-surface"[39m
      [36m>[39m
        [36m<header[39m
          [33mclass[39m=[32m"flex flex-wrap items-center justify-between gap-4 border-b border-line px-5 py-4"[39m
        [36m>[39m
          [36m<div[39m
            [33mclass[39m=[32m"flex min-w-0 flex-1 items-center gap-4"[39m
          [36m>[39m
            [36m<span[39m
              [33maria-hidden[39m=[32m"true"[39m
              [33mclass[39m=[32m"grid size-16 shrink-0 place-items-center rounded-control border border-line bg-surface-subtle text-clay"[39m
            [36m>[39m
              [36m<svg[39m
                [33mfill[39m=[32m"currentColor"[39m
                [33mheight[39m=[32m"32"[39m
                [33mviewBox[39m=[32m"0 0 256 256"[39m
                [33mwidth[39m=[32m"32"[39m
                [33mxmlns[39m=[32m"http://www.w3.org/2000/svg"[39m
              [36m>[39m
                [36m<path[39m
                  [33md[39m=[32m"M213.66,82.34l-56-56A8,8,0,0,0,152,24H56A16,16,0,0,0,40,40V216a16,16,0,0,0,16,16H200a16,16,0,0,0,16-16V88A8,8,0,0,0,213.66,82.34ZM160,51.31,188.69,80H160ZM200,216H56V40h88V88a8,8,0,0,0,8,8h48V216Zm-32-80a8,8,0,0,1-8,8H96a8,8,0,0,1,0-16h64A8,8,0,0,1,168,136Zm0,32a8,8,0,0,1-8,8H96a8,8,0,0,1,0-16h64A8,8,0,0,1,168,168Z"[39m
                [36m/>[39m
              [36m</svg>[39m
            [36m</span>[39m
            [36m<div[39m
              [33mclass[39m=[32m"min-w-0"[39m
            [36m>[39m
              [36m<div[39m
                [33mclass[39m=[32m"flex flex-wrap items-center gap-3"[39m
              [36m>[39m
                [36m<h2[39m
                  [33mclass[39m=[32m"m-0 break-words text-2xl font-semibold"[39m
                [36m>[39m
                  [0m验证中的草稿[0m
                [36m</h2>[39m
                [36m<span[39m
                  [33mclass[39m=[32m"rounded-control px-2 py-1 text-xs bg-clay-soft text-clay"[39m
                [36m>[39m
                  [0m有未保存修改[0m
                [36m</span>[39m
              [36m</div>[39m
              [36m<p[39m
                [33mclass[39m=[32m"mb-0 mt-1 break-words text-sm text-muted"[39m
              [36m>[39m
                [0m配置工作流、输入、资源和运行设置[0m
              [36m</p>[39m
            [36m</div>[39m
          [36m</div>[39m
          [36m<div[39m
            [33mclass[39m=[32m"flex gap-2"[39m
          [36m>[39m
            [36m<button[39m
              [33mclass[39m=[32m"af-button relative inline-flex shrink-0 items-center justify-center gap-2 rounded-control border border-transparent font-semibold transition-colors [transition-duration:var(--motion-control)] focus-visible:outline-2 focus-visible:outline-offset-2 focus-visible:outline-focus disabled:cursor-not-allowed bg-clay text-on-accent shadow-sm enabled:hover:bg-clay-strong enabled:active:bg-clay-strong h-[var(--control-md)] px-4 text-sm"[39m
              [33mdisabled[39m=[32m""[39m
              [33mtype[39m=[32m"button"[39m
            [36m>[39m
              [36m<span[39m
                [33mclass[39m=[32m"grid min-w-0"[39m
              [36m>[39m
                [36m<span[39m
                  [33mclass[39m=[32m"col-start-1 row-start-1 inline-flex min-w-0 items-center justify-center gap-2"[39m
                [36m>[39m
                  [0m启动运行[0m
                [36m</span>[39m
              [36m</span>[39m
            [36m</button>[39m
          [36m</div>[39m
        [36m</header>[39m
        [36m<details[39m
          [33mclass[39m=[32m"mx-5 border-b border-line py-2 text-sm"[39m
          [33mopen[39m=[32m""[39m
        [36m>[39m
          [36m<summary[39m
            [33mclass[39m=[32m"cursor-pointer text-muted"[39m
          [36m>[39m
            [0m查看运行条件 · 尚未满足[0m
          [36m</summary>[39m
          [36m<ul[39m
            [33mclass[39m=[32m"mb-0 mt-2 pl-5"[39m
          [36m>[39m
            [36m<li>[39m
              [0mnode 123e4567-e89b-42d3-a456-426614174000 is unavailable[0m
            [36m</li>[39m
          [36m</ul>[39m
          [36m<p[39m
            [33mclass[39m=[32m"mb-0 text-muted"[39m
          [36m>[39m
            [0m可以继续维护配置，保存配置不代表开始运行。[0m
          [36m</p>[39m
        [36m</details>[39m
        [36m<div[39m
          [33mclass[39m=[32m"px-5 pt-2"[39m
          [33mdata-orientation[39m=[32m"horizontal"[39m
          [33mdir[39m=[32m"ltr"[39m
        [36m>[39m
          [36m<div[39m
            [33maria-label[39m=[32m"自动化配置页签"[39m
            [33maria-orientation[39m=[32m"horizontal"[39m
            [33mclass[39m=[32m"inline-flex items-center border-b border-line w-full justify-start gap-5"[39m
            [33mdata-orientation[39m=[32m"horizontal"[39m
            [33mrole[39m=[32m"tablist"[39m
            [33mstyle[39m=[32m"outline: none;"[39m
            [33mtabindex[39m=[32m"0"[39m
          [36m>[39m
            [36m<button[39m
              [33maria-controls[39m=[32m"radix-_r_o_-content-overview"[39m
              [33maria-selected[39m=[32m"true"[39m
              [33mclass[39m=[32m"px-3 py-2 text-sm text-muted data-[state=active]:border-b-2 data-[state=active]:border-clay data-[state=active]:text-ink"[39m
              [33mdata-orientation[39m=[32m"horizontal"[39m
              [33mdata-radix-collection-item[39m=[32m""[39m
              [33mdata-state[39m=[32m"active"[39m
              [33mid[39m=[32m"radix-_r_o_-trigger-overview"[39m
              [33mrole[39m=[32m"tab"[39m
              [33mtabindex[39m=[32m"-1"[39m
              [33mtype[39m=[32m"button"[39m
            [36m>[39m
              [0m基本信息[0m
            [36m</button>[39m
            [36m<button[39m
              [33maria-controls[39m=[32m"radix-_r_o_-content-inputs"[39m
              [33maria-selected[39m=[32m"false"[39m
              [33mclass[39m=[32m"px-3 py-2 text-sm text-muted data-[state=active]:border-b-2 data-[state=active]:border-clay data-[state=active]:text-ink"[39m
              [33mdata-orientation[39m=[32m"horizontal"[39m
              [33mdata-radix-collection-item[39m=[32m""[39m
              [33mdata-state[39m=[32m"inactive"[39m
              [33mid[39m=[32m"radix-_r_o_-trigger-inputs"[39m
              [33mrole[39m=[32m"tab"[39m
              [33mtabindex[39m=[32m"-1"[39m
              [33mtype[39m=[32m"button"[39m
            [36m>[39m
              [0m输入与参数[0m
            [36m</button>[39m
            [36m<button[39m
              [33maria-controls[39m=[32m"radix-_r_o_-content-reso...
 ❯ Object.getElementError ../../node_modules/@testing-library/dom/dist/config.js:37:19
 ❯ ../../node_modules/@testing-library/dom/dist/query-helpers.js:76:38
 ❯ ../../node_modules/@testing-library/dom/dist/query-helpers.js:52:17
 ❯ ../../node_modules/@testing-library/dom/dist/query-helpers.js:95:19
 ❯ src/renderer/domains/projects/automation-page-identities.test.tsx:116:17
    114|   await user.click(await screen.findByText('查看运行条件 · 尚未满足'))
    115|
    116|   expect(screen.getByText('操作失败，请重试')).toBeVisible()
       |                 ^
    117|   expect(name).toHaveValue('验证中的草稿')
    118|   expectNoPerceptibleIdentity()

⎯⎯⎯⎯⎯⎯⎯⎯⎯⎯⎯⎯⎯⎯⎯⎯⎯⎯⎯⎯⎯⎯⎯⎯[3/4]⎯

 FAIL  src/renderer/domains/projects/automation-page-identities.test.tsx > maps an unknown validation issue in the real launch dialog without exposing its internal identity
TestingLibraryElementError: Unable to find an element with the text: 操作失败，请重试. This could be because the text is broken up by multiple elements. In this case, you can provide a function for your text matcher to make your matcher more flexible.

Ignored nodes: comments, script, style
[36m<div[39m
  [33maria-describedby[39m=[32m"batch-start-description"[39m
  [33maria-labelledby[39m=[32m"radix-_r_1v_"[39m
  [33mclass[39m=[32m"autoflow-dialog-content fixed left-1/2 top-1/2 grid -translate-x-1/2 -translate-y-1/2 gap-4 rounded-modal border border-line bg-surface p-6 shadow-modal focus:outline-none motion-safe:transition-all max-h-[88vh] w-[min(92vw,43rem)] overflow-y-auto"[39m
  [33mdata-overlay-depth[39m=[32m"0"[39m
  [33mdata-state[39m=[32m"open"[39m
  [33mid[39m=[32m"radix-_r_1u_"[39m
  [33mrole[39m=[32m"dialog"[39m
  [33mstyle[39m=[32m"z-index: calc(var(--layer-modal) + 0 * var(--layer-step) + 1); pointer-events: auto;"[39m
  [33mtabindex[39m=[32m"-1"[39m
[36m>[39m
  [36m<button[39m
    [33maria-label[39m=[32m"关闭启动弹窗"[39m
    [33mclass[39m=[32m"absolute right-4 top-4 text-xl text-muted"[39m
    [33mtype[39m=[32m"button"[39m
  [36m>[39m
    [0m×[0m
  [36m</button>[39m
  [36m<div>[39m
    [36m<h2[39m
      [33mclass[39m=[32m"font-semibold text-ink text-2xl"[39m
      [33mid[39m=[32m"radix-_r_1v_"[39m
    [36m>[39m
      [0m启动自动化[0m
    [36m</h2>[39m
    [36m<p[39m
      [33mclass[39m=[32m"text-sm text-muted"[39m
      [33mid[39m=[32m"batch-start-description"[39m
    [36m>[39m
      [0m资料整理[0m
    [36m</p>[39m
  [36m</div>[39m
  [36m<p[39m
    [33mclass[39m=[32m"m-0 rounded-control border border-line bg-surface-subtle p-3 text-sm"[39m
  [36m>[39m
    [0m启动后会冻结当前配置、工作流和参数，后续修改不会影响本批次。[0m
  [36m</p>[39m
  [36m<section[39m
    [33mclass[39m=[32m"grid gap-2"[39m
  [36m>[39m
    [36m<div[39m
      [33mclass[39m=[32m"flex items-center justify-between gap-3"[39m
    [36m>[39m
      [36m<h3[39m
        [33mclass[39m=[32m"m-0 text-sm font-semibold"[39m
      [36m>[39m
        [0m运行检查[0m
      [36m</h3>[39m
      [36m<button[39m
        [33mclass[39m=[32m"af-button relative inline-flex shrink-0 items-center justify-center gap-2 rounded-control border font-semibold transition-colors [transition-duration:var(--motion-control)] focus-visible:outline-2 focus-visible:outline-offset-2 focus-visible:outline-focus disabled:cursor-not-allowed border-control-border bg-surface text-ink enabled:hover:bg-surface-hover enabled:active:bg-clay-soft h-[var(--control-sm)] px-3 text-xs"[39m
        [33mtype[39m=[32m"button"[39m
      [36m>[39m
        [36m<span[39m
          [33mclass[39m=[32m"grid min-w-0"[39m
        [36m>[39m
          [36m<span[39m
            [33mclass[39m=[32m"col-start-1 row-start-1 inline-flex min-w-0 items-center justify-center gap-2"[39m
          [36m>[39m
            [0m返回配置修复[0m
          [36m</span>[39m
        [36m</span>[39m
      [36m</button>[39m
    [36m</div>[39m
    [36m<div[39m
      [33mclass[39m=[32m"overflow-hidden rounded-control border border-line"[39m
    [36m>[39m
      [36m<div[39m
        [33mclass[39m=[32m"grid grid-cols-[9rem_minmax(0,1fr)_auto] gap-3 border-b border-line px-3 py-2 last:border-0"[39m
      [36m>[39m
        [36m<span>[39m
          [0m运行条件[0m
        [36m</span>[39m
        [36m<span[39m
          [33mclass[39m=[32m"min-w-0 truncate"[39m
        [36m>[39m
          [0mnode 123e4567-e89b-42d3-a456-426614174000 is unavailable[0m
        [36m</span>[39m
        [36m<span[39m
          [33mclass[39m=[32m"af-table-status"[39m
          [33mdata-table-status[39m=[32m"warning"[39m
        [36m>[39m
          [36m<span[39m
            [33maria-hidden[39m=[32m"true"[39m
            [33mclass[39m=[32m"af-table-status-dot"[39m
          [36m/>[39m
          [0m需要处理[0m
        [36m</span>[39m
      [36m</div>[39m
    [36m</div>[39m
  [36m</section>[39m
  [36m<section[39m
    [33mclass[39m=[32m"grid gap-3"[39m
  [36m>[39m
    [36m<h3[39m
      [33mclass[39m=[32m"m-0 text-sm font-semibold"[39m
    [36m>[39m
      [0m本次参数[0m
    [36m</h3>[39m
  [36m</section>[39m
  [36m<label[39m
    [33mclass[39m=[32m"grid gap-2 text-sm"[39m
  [36m>[39m
    [36m<span[39m
      [33mclass[39m=[32m"font-medium"[39m
    [36m>[39m
      [0m本次任务数[0m
    [36m</span>[39m
    [36m<input[39m
      [33maria-invalid[39m=[32m"false"[39m
      [33maria-label[39m=[32m"本次任务数"[39m
      [33mclass[39m=[32m"w-full min-w-0 px-3 h-[var(--control-md)] text-sm max-w-64"[39m
      [33mdata-af-control[39m=[32m"true"[39m
      [33minputmode[39m=[32m"numeric"[39m
      [33mvalue[39m=[32m"2"[39m
    [36m/>[39m
    [36m<span[39m
      [33mclass[39m=[32m"text-xs text-muted"[39m
    [36m>[39m
      [0m范围 1–100，自动化配置值为默认值[0m
    [36m</span>[39m
  [36m</label>[39m
  [36m<section[39m
    [33mclass[39m=[32m"grid gap-2"[39m
  [36m>[39m
    [36m<h3[39m
      [33mclass[39m=[32m"m-0 text-sm font-semibold"[39m
    [36m>[39m
      [0m本次环境覆盖[0m
    [36m</h3>[39m
    [36m<fieldset[39m
      [33mclass[39m=[32m"m-0 min-w-0 border-0 p-0"[39m
    [36m>[39m
      [36m<legend[39m
        [33mclass[39m=[32m"sr-only"[39m
      [36m>[39m
        [0m本次环境覆盖[0m
      [36m</legend>[39m
      [36m<div[39m
        [33mclass[39m=[32m"flex flex-wrap gap-x-5 gap-y-2"[39m
      [36m>[39m
        [36m<label[39m
          [33mclass[39m=[32m"inline-flex min-h-8 items-center gap-2 text-sm has-[:disabled]:text-muted"[39m
        [36m>[39m
          [36m<input[39m
            [33mchecked[39m=[32m""[39m
            [33mclass[39m=[32m"m-0 h-[18px] w-[18px] shrink-0 appearance-none rounded-full border border-control-border bg-surface checked:border-[5px] checked:border-clay hover:border-clay focus-visible:outline focus-visible:outline-2 focus-visible:outline-offset-2 focus-visible:outline-clay disabled:cursor-not-allowed disabled:opacity-50"[39m
            [33mname[39m=[32m"_r_28_"[39m
            [33mtype[39m=[32m"radio"[39m
            [33mvalue[39m=[32m"automation"[39m
          [36m/>[39m
          [0m使用自动化配置[0m
        [36m</label>[39m
        [36m<label[39m
          [33mclass[39m=[32m"inline-flex min-h-8 items-center gap-2 text-sm has-[:disabled]:text-muted"[39m
        [36m>[39m
          [36m<input[39m
            [33mclass[39m=[32m"m-0 h-[18px] w-[18px] shrink-0 appearance-none rounded-full border border-control-border bg-surface checked:border-[5px] checked:border-clay hover:border-clay focus-visible:outline focus-visible:outline-2 focus-visible:outline-offset-2 focus-visible:outline-clay disabled:cursor-not-allowed disabled:opacity-50"[39m
            [33mname[39m=[32m"_r_28_"[39m
            [33mtype[39m=[32m"radio"[39m
            [33mvalue[39m=[32m"temporary"[39m
          [36m/>[39m
          [0m每个任务创建临时环境[0m
        [36m</label>[39m
      [36m</div>[39m
    [36m</fieldset>[39m
    [36m<p[39m
      [33mclass[39m=[32m"m-0 text-xs text-muted"[39m
    [36m>[39m
      [0m本次覆盖只用于这个批次，不会修改自动化默认设置[0m
    [36m</p>[39m
  [36m</section>[39m
  [36m<section[39m
    [33mclass[39m=[32m"grid gap-2"[39m
  [36m>[39m
    [36m<h3[39m
      [33mclass[39m=[32m"m-0 text-sm font-semibold"[39m
    [36m>[39m
      [0m资源摘要[0m
    [36m</h3>[39m
    [36m<div[39m
      [33mclass[39m=[32m"grid gap-2 rounded-control border border-line p-3 sm:grid-cols-4"[39m
    [36m>[39m
      [36m<span[39m
        [33mclass[39m=[32m"min-w-0"[39m
      [36m>[39m
        [36m<small[39m
          [33mclass[39m=[32m"block text-muted"[39m
        [36m>[39m
          [0m工作流[0m
        [36m</small>[39m
        [36m<strong[39m
          [33mclass[39m=[32m"block truncate"[39m
          [33mtitle[39m=[32m"资料工作流"[39m
        [36m>[39m
          [0m资料工作流[0m
        [36m</strong>[39m
      [36m</span>[39m
      [36m<span[39m
        [33mclass[39m=[32m"min-w-0"[39m
      [36m>[39m
        [36m<small[39m
          [33mclass[39m=[32m"block text-muted"[39m
        [36m>[39m
          [0m浏览器配置[0m
        [36m</small>[39m
        [36m<strong[39m
          [33mclass[39m=[32m"block truncate"[39m
          [33mtitle[39m=[32m"继承项目配置"[39m
        [36m>[39m
          [0m继承项目配置[0m
        [36m</strong>[39m
      [36m</span>[39m
      [36m<span[39m
        [33mclass[39m=[32m"min-w-0"[39m
      [36m>[39m
        [36m<small[39m
          [33mclass[39m=[32m"block text-muted"[39m
        [36m>[39m
          [0m执行方式[0m
        [36m</small>[39m
        [36m<strong[39m
          [33mclass[39m=[32m"block truncate"[39m
          [33mtitle[39m=[32m"按顺序执行"[39m
        [36m>[39m
          [0m按顺序执行[0m
        [36m</strong>[39m
      [36m</span>[39m
      [36m<span[39m
        [33mclass[39m=[32m"min-w-0"[39m
      [36m>[39m
        [36m<small[39m
          [33mclass[39m=[32m"block text-muted"[39m
        [36m>[39m
          [0m环境[0m
        [36m</small>[39m
        [36m<strong[39m
          [33mclass[39m=[32m"block truncate"[39m
          [33mtitle[39m=[32m"每个任务创建临时环境"[39m
        [36m>[39m
          [0m每个任务创建临时环境[0m
        [36m</strong>[39m
      [36m</span>[39m
    [36m</div>[39m
    [36m<p[39m
      [33mclass[39m=[32m"m-0 rounded-control bg-surface-subtle p-2 text-sm"[39m
    [36m>[39m
      [0m2[0m
      [0m 个任务将按顺序执行[0m
    [36m</p>[39m
  [36m</section>[39m
  [36m<footer[39m
    [33mclass[39m=[32m"flex justify-end gap-2 border-t border-line pt-4"[39m
  [36m>[39m
    [36m<button[39m
      [33mclass[39m=[32m"af-button relative inline-flex shrink-0 items-center justify-center gap-2 rounded-control border font-semibold transition-colors [transition-duration:var(--motion-control)] focus-visible:outline-2 focus-visible:outline-offset-2 focus-visible:outline-focus disabled:cursor-not-allowed border-control-border bg-surface text-ink enabled:hover:bg-surface-hover enabled:active:bg-clay-soft h-[var(--control-md)] px-4 text-sm"[39m
      [33mtype[39m=[32m"button"[39m
    [36m>[39m
      [36m<span[39m
        [33mclass[39m=[32m"grid min-w-0"[39m
      [36m>[39m
        [36m<span[39m
          [33mclass[39m=[32m"col-start-1 row-start-1 inline-flex min-w-0 items-center justify-center gap-2"[39m
        [36m>[39m
          [0m取消[0m
        [36m</span>[39m
      [36m</span>[39m
    [36m</button>[39m
    [36m<button[39m
      [33mclass[39m=[32m"af-button relative inline-flex shrink-0 items-center justify-center gap-2 rounded-control border border-transparent font-semibold transition-colors [transition-duration:var(--motion-control)] focus-visible:outline-2 focus-visible:outline-offset-2 focus-visible:outline-focus disabled:cursor-not-allowed bg-clay text-on-accent shadow-sm enabled:hover:bg-clay-strong enabled:active:bg-clay-strong h-[var(--control-md)] px-4 text-sm"[39m
      [33mdisabled[39m=[32m""[39m
      [33mtype[39m=[32m"button"[39m
    [36m>[39m
      [36m<span[39m
        [33mclass[39m=[32m"grid min-w-0"[39m
      [36m>[39m
        [36m<span[39m
          [33mclass[39m=[32m"col-start-1 row-start-1 inline-flex min-w-0 items-center justify-center gap-2"[39m
        [36m>[39m
          [0m启动 [0m
          [0m2[0m
          [0m 个任务[0m
        [36m</span>[39m
        [36m<span[39m
          [33maria-hidden[39m=[32m"true"[39m
          [33mclass[39m=[32m"col-start-1 row-start-1 opacity-0"[39m
        [36m>[39m
          [0m正在创建批次…[0m
        [36m</span>[39m
      [36m</span>[39m
    [36m</button>[39m
  [36m</footer>[39m
  [36m<div[39m
    [33mdata-overlay-host[39m=[32m"true"[39m
    [33mstyle[39m=[32m"display: contents;"[39m
  [36m/>[39m
[36m</div>[39m
 ❯ Object.getElementError ../../node_modules/@testing-library/dom/dist/config.js:37:19
 ❯ ../../node_modules/@testing-library/dom/dist/query-helpers.js:76:38
 ❯ ../../node_modules/@testing-library/dom/dist/query-helpers.js:52:17
 ❯ ../../node_modules/@testing-library/dom/dist/query-helpers.js:95:19
 ❯ src/renderer/domains/projects/automation-page-identities.test.tsx:128:25
    126|   const dialog = await screen.findByRole('dialog')
    127|   expect(dialog).toBeVisible()
    128|   expect(within(dialog).getByText('操作失败，请重试')).toBeVisible()
       |                         ^
    129|   expect(screen.getByRole('button', { name: '取消' })).toBeVisible()
    130|   expectNoPerceptibleIdentity()

⎯⎯⎯⎯⎯⎯⎯⎯⎯⎯⎯⎯⎯⎯⎯⎯⎯⎯⎯⎯⎯⎯⎯⎯[4/4]⎯


 Test Files  1 failed (1)
      Tests  4 failed (4)
   Start at  15:17:44
   Duration  6.43s (transform 349ms, setup 127ms, import 3.24s, tests 2.58s, environment 379ms)

npm error Lifecycle script `test` failed with error:
npm error code 1
npm error path /Users/zhangtiancheng/Documents/projects/autoflow-project-management-pm3/apps/desktop
npm error workspace @autoflow/desktop@0.1.0
npm error location /Users/zhangtiancheng/Documents/projects/autoflow-project-management-pm3/apps/desktop
npm error command failed
npm error command sh -c vitest run src/renderer/domains/projects/automation-page-identities.test.tsx
