
> test
> npm --workspace @autoflow/desktop test --run src/renderer/domains/workflows/tests/toolbar-draft-protection.test.tsx

npm warn "src/renderer/domains/workflows/tests/toolbar-draft-protection.test.tsx" is being parsed as a normal command line argument.
npm warn Unknown cli config "--run". This will stop working in the next major version of npm.

> @autoflow/desktop@0.1.0 test
> vitest run src/renderer/domains/workflows/tests/toolbar-draft-protection.test.tsx


 RUN  v4.1.11 /Users/zhangtiancheng/Documents/projects/autoflow/apps/desktop

stdout | src/renderer/domains/workflows/tests/toolbar-draft-protection.test.tsx > saves a variable-only document without requiring a canvas node
[Toolbar] 配置已更新: { autoCloseBrowser: true, fullscreen: false, type: 'msedge' }
[Toolbar] 保存按钮被点击

stdout | src/renderer/domains/workflows/tests/toolbar-draft-protection.test.tsx > protects a variable-only draft on new via button
[Toolbar] 配置已更新: { autoCloseBrowser: true, fullscreen: false, type: 'msedge' }

stdout | src/renderer/domains/workflows/tests/toolbar-draft-protection.test.tsx > protects a variable-only draft on new via shortcut
[Toolbar] 配置已更新: { autoCloseBrowser: true, fullscreen: false, type: 'msedge' }

stdout | src/renderer/domains/workflows/tests/toolbar-draft-protection.test.tsx > protects a variable-only draft on new via assistant
[Toolbar] 配置已更新: { autoCloseBrowser: true, fullscreen: false, type: 'msedge' }

 ❯ src/renderer/domains/workflows/tests/toolbar-draft-protection.test.tsx (4 tests | 4 failed) 1247ms
   × saves a variable-only document without requiring a canvas node 1151ms
   × protects a variable-only draft on new via button 42ms
   × protects a variable-only draft on new via shortcut 23ms
   × protects a variable-only draft on new via assistant 28ms

⎯⎯⎯⎯⎯⎯⎯ Failed Tests 4 ⎯⎯⎯⎯⎯⎯⎯

 FAIL  src/renderer/domains/workflows/tests/toolbar-draft-protection.test.tsx > saves a variable-only document without requiring a canvas node
AssertionError: expected [] to have a length of 1 but got +0

Ignored nodes: comments, script, style
[36m<html>[39m
  [36m<head />[39m
  [36m<body>[39m
    [36m<div>[39m
      [36m<header[39m
        [33mclass[39m=[32m"relative h-12 border-b border-[hsl(var(--border))] bg-[hsl(var(--card))] flex items-center px-3 gap-3 flex-shrink-0 shadow-soft
        before:content-[''] before:absolute before:top-0 before:left-0 before:right-0 before:h-[2px]
        before:bg-gradient-to-r before:from-[hsl(var(--brand-500))] before:via-[hsl(var(--brand-400))] before:to-[hsl(var(--info-500))]
        before:opacity-90"[39m
      [36m>[39m
        [36m<div[39m
          [33mclass[39m=[32m"flex items-center select-none"[39m
        [36m>[39m
          [36m<span[39m
            [33maria-label[39m=[32m"AutoFlow"[39m
            [33mclass[39m=[32m"text-[15px] font-bold tracking-tight text-[hsl(var(--brand-700))]"[39m
          [36m>[39m
            [0mAutoFlow[0m
          [36m</span>[39m
        [36m</div>[39m
        [36m<div[39m
          [33mclass[39m=[32m"hidden @[48rem]:block h-5 w-px bg-[hsl(var(--border))]"[39m
        [36m/>[39m
        [36m<div[39m
          [33mclass[39m=[32m"flex items-center gap-2"[39m
        [36m>[39m
          [36m<span[39m
            [33mclass[39m=[32m"w-2 h-2 rounded-full transition-colors flex-shrink-0 bg-[hsl(var(--warning-500))]"[39m
            [33mtitle[39m=[32m"有未保存的更改"[39m
          [36m/>[39m
          [36m<input[39m
            [33mclass[39m=[32m"flex rounded-[7px] px-2.5 py-1 border border-[hsl(var(--slate-200))] bg-[hsl(var(--slate-50))] text-[hsl(var(--foreground))] placeholder:text-[hsl(var(--muted-foreground))] shadow-[inset_0_1px_2px_rgb(15_23_42_/_0.04)] transition-[border-color,box-shadow,background-color] duration-150 ease-[cubic-bezier(0.25,1,0.5,1)] hover:border-[hsl(var(--slate-300))] hover:bg-[hsl(var(--card))] focus-visible:outline-none focus-visible:border-[hsl(var(--brand-500))] focus-visible:bg-[hsl(var(--card))] focus-visible:ring-2 focus-visible:ring-[hsl(var(--brand-500)/0.18)] disabled:cursor-not-allowed disabled:opacity-50 disabled:bg-[hsl(var(--muted))] aria-[invalid=true]:border-[hsl(var(--danger-500))] aria-[invalid=true]:ring-[hsl(var(--danger-500)/0.18)] file:border-0 file:bg-transparent file:text-[12px] file:font-medium file:text-[hsl(var(--foreground))] w-32 @[40rem]:w-44 @[48rem]:w-56 h-7 text-[12.5px]"[39m
            [33mplaceholder[39m=[32m"工作流名称"[39m
            [33mvalue[39m=[32m"未命名工作流"[39m
          [36m/>[39m
        [36m</div>[39m
        [36m<div[39m
          [33mclass[39m=[32m"hidden @[48rem]:block h-5 w-px bg-[hsl(var(--border))]"[39m
        [36m/>[39m
        [36m<div[39m
          [33mclass[39m=[32m"flex items-center gap-1.5"[39m
        [36m>[39m
          [36m<button[39m
            [33maria-expanded[39m=[32m"false"[39m
            [33maria-haspopup[39m=[32m"menu"[39m
            [33mclass[39m=[32m"group relative inline-flex items-center justify-center gap-1.5 whitespace-nowrap font-medium select-none transition-[background-color,border-color,color,box-shadow,transform,filter] duration-150 ease-[cubic-bezier(0.25,1,0.5,1)] focus-visible:outline-none focus-visible:ring-2 focus-visible:ring-[hsl(var(--ring))] focus-visible:ring-offset-1 focus-visible:ring-offset-[hsl(var(--background))] disabled:pointer-events-none disabled:opacity-50 active:translate-y-[1px] active:scale-[0.99] !bg-[hsl(var(--success-600))] !text-white !border-transparent shadow-soft hover:!bg-[hsl(var(--success-700))] hover:shadow-success-glow hover:-translate-y-[1px] active:brightness-95 h-7 px-2.5 text-[12px] rounded-[6px]"[39m
            [33mdata-state[39m=[32m"closed"[39m
            [33mid[39m=[32m"radix-_r_0_"[39m
            [33mtype[39m=[32m"button"[39m
          [36m>[39m
            [36m<svg[39m
              [33maria-hidden[39m=[32m"true"[39m
              [33mclass[39m=[32m"lucide lucide-play w-3.5 h-3.5"[39m
              [33mfill[39m=[32m"none"[39m
              [33mheight[39m=[32m"24"[39m
              [33mstroke[39m=[32m"currentColor"[39m
              [33mstroke-linecap[39m=[32m"round"[39m
              [33mstroke-linejoin[39m=[32m"round"[39m
              [33mstroke-width[39m=[32m"2"[39m
              [33mviewBox[39m=[32m"0 0 24 24"[39m
              [33mwidth[39m=[32m"24"[39m
              [33mxmlns[39m=[32m"http://www.w3.org/2000/svg"[39m
            [36m>[39m
              [36m<path[39m
                [33md[39m=[32m"M5 5a2 2 0 0 1 3.008-1.728l11.997 6.998a2 2 0 0 1 .003 3.458l-12 7A2 2 0 0 1 5 19z"[39m
              [36m/>[39m
            [36m</svg>[39m
            [36m<span[39m
              [33mclass[39m=[32m"hidden sm:inline"[39m
            [36m>[39m
              [0m运行[0m
            [36m</span>[39m
            [36m<span[39m
              [33mclass[39m=[32m"hidden @[64rem]:inline text-[10px] opacity-70 font-normal"[39m
            [36m>[39m
              [0mF5[0m
            [36m</span>[39m
            [36m<svg[39m
              [33maria-hidden[39m=[32m"true"[39m
              [33mclass[39m=[32m"lucide lucide-chevron-down w-3 h-3"[39m
              [33mfill[39m=[32m"none"[39m
              [33mheight[39m=[32m"24"[39m
              [33mstroke[39m=[32m"currentColor"[39m
              [33mstroke-linecap[39m=[32m"round"[39m
              [33mstroke-linejoin[39m=[32m"round"[39m
              [33mstroke-width[39m=[32m"2"[39m
              [33mviewBox[39m=[32m"0 0 24 24"[39m
              [33mwidth[39m=[32m"24"[39m
              [33mxmlns[39m=[32m"http://www.w3.org/2000/svg"[39m
            [36m>[39m
              [36m<path[39m
                [33md[39m=[32m"m6 9 6 6 6-6"[39m
              [36m/>[39m
            [36m</svg>[39m
          [36m</button>[39m
        [36m</div>[39m
        [36m<div[39m
          [33mclass[39m=[32m"hidden @[48rem]:block h-5 w-px bg-[hsl(var(--border))]"[39m
        [36m/>[39m
        [36m<div[39m
          [33mclass[39m=[32m"hidden @[64rem]:flex items-center gap-1"[39m
        [36m>[39m
          [36m<button[39m
            [33mclass[39m=[32m"group relative inline-flex items-center justify-center gap-1.5 whitespace-nowrap font-medium select-none transition-[background-color,border-color,color,box-shadow,transform,filter] duration-150 ease-[cubic-bezier(0.25,1,0.5,1)] focus-visible:outline-none focus-visible:ring-2 focus-visible:ring-[hsl(var(--ring))] focus-visible:ring-offset-1 focus-visible:ring-offset-[hsl(var(--background))] disabled:pointer-events-none disabled:opacity-50 active:translate-y-[1px] active:scale-[0.99] bg-[hsl(var(--brand-50))] text-[hsl(var(--brand-700))] border border-[hsl(var(--brand-500)/0.25)] hover:bg-[hsl(var(--brand-100))] hover:border-[hsl(var(--brand-500)/0.45)] h-7 px-2.5 text-[12px] rounded-[6px]"[39m
            [33mtitle[39m=[32m"新建工作流 (Alt+N)"[39m
    ...

- Expected
+ Received

- 1
+ 0

 ❯ src/renderer/domains/workflows/tests/toolbar-draft-protection.test.tsx:30:37
     28|   render(<Toolbar />)
     29|   fireEvent.click(screen.getByRole('button', { name: '保存' }))
     30|   await waitFor(() => expect(saved).toHaveLength(1))
       |                                     ^
     31|   expect(saved[0].content).toMatchObject({ nodes: [], variables: [{ na…
     32|   await waitFor(() => expect(useWorkflowStore.getState().hasUnsavedCha…
 ❯ runWithExpensiveErrorDiagnosticsDisabled ../../node_modules/@testing-library/dom/dist/config.js:47:12
 ❯ checkCallback ../../node_modules/@testing-library/dom/dist/wait-for.js:124:77
 ❯ Timeout.checkRealTimersCallback ../../node_modules/@testing-library/dom/dist/wait-for.js:118:16

⎯⎯⎯⎯⎯⎯⎯⎯⎯⎯⎯⎯⎯⎯⎯⎯⎯⎯⎯⎯⎯⎯⎯⎯[1/4]⎯

 FAIL  src/renderer/domains/workflows/tests/toolbar-draft-protection.test.tsx > protects a variable-only draft on new via button
 FAIL  src/renderer/domains/workflows/tests/toolbar-draft-protection.test.tsx > protects a variable-only draft on new via shortcut
 FAIL  src/renderer/domains/workflows/tests/toolbar-draft-protection.test.tsx > protects a variable-only draft on new via assistant
AssertionError: expected "vi.fn()" to be called once, but got 0 times
 ❯ src/renderer/domains/workflows/tests/toolbar-draft-protection.test.tsx:41:19
     39|     if (mode === 'assistant') emitAssistantUiEvent('new_workflow')
     40|   })
     41|   expect(confirm).toHaveBeenCalledOnce()
       |                   ^
     42|   expect(useWorkflowStore.getState().variables[0].value).toBe('keep')
     43| })

⎯⎯⎯⎯⎯⎯⎯⎯⎯⎯⎯⎯⎯⎯⎯⎯⎯⎯⎯⎯⎯⎯⎯⎯[2/4]⎯


 Test Files  1 failed (1)
      Tests  4 failed (4)
   Start at  23:14:27
   Duration  3.19s (transform 805ms, setup 0ms, import 1.31s, tests 1.25s, environment 525ms)

npm error Lifecycle script `test` failed with error:
npm error code 1
npm error path /Users/zhangtiancheng/Documents/projects/autoflow/apps/desktop
npm error workspace @autoflow/desktop@0.1.0
npm error location /Users/zhangtiancheng/Documents/projects/autoflow/apps/desktop
npm error command failed
npm error command sh -c vitest run src/renderer/domains/workflows/tests/toolbar-draft-protection.test.tsx
