
> @autoflow/desktop@0.1.0 test
> vitest run --maxWorkers=1 run-start-boundary.test.tsx


 RUN  v4.1.11 /Users/zhangtiancheng/Documents/projects/autoflow/apps/desktop

(node:43270) ExperimentalWarning: localStorage is not available because --localstorage-file was not provided.
(Use `node --trace-warnings ...` to show where the warning was created)
stdout | src/renderer/domains/workflows/tests/run-start-boundary.test.tsx > does not submit again after HTTP acceptance while the start event is still missing
[Toolbar] 配置已更新: { autoCloseBrowser: true, fullscreen: false, type: 'msedge' }

stdout | src/renderer/domains/workflows/tests/run-start-boundary.test.tsx > does not submit again after HTTP acceptance while the start event is still missing
[Toolbar] 执行工作流，无头模式: false 浏览器配置: {
  type: 'msedge',
  executablePath: undefined,
  userDataDir: undefined,
  fullscreen: false,
  autoCloseBrowser: true,
  launchArgs: '--disable-blink-features=AutomationControlled\n' +
    '--start-maximized\n' +
    '--ignore-certificate-errors\n' +
    '--ignore-ssl-errors\n' +
    '--disable-features=IsolateOrigins,site-per-process\n' +
    '--allow-running-insecure-content\n' +
    '--disable-infobars\n' +
    '--disable-notifications',
  extensionDirs: undefined
}

stdout | src/renderer/domains/workflows/tests/run-start-boundary.test.tsx > does not submit again after HTTP acceptance while the start event is still missing
[Toolbar] 执行工作流，无头模式: false 浏览器配置: {
  type: 'msedge',
  executablePath: undefined,
  userDataDir: undefined,
  fullscreen: false,
  autoCloseBrowser: true,
  launchArgs: '--disable-blink-features=AutomationControlled\n' +
    '--start-maximized\n' +
    '--ignore-certificate-errors\n' +
    '--ignore-ssl-errors\n' +
    '--disable-features=IsolateOrigins,site-per-process\n' +
    '--allow-running-insecure-content\n' +
    '--disable-infobars\n' +
    '--disable-notifications',
  extensionDirs: undefined
}

 ❯ src/renderer/domains/workflows/tests/run-start-boundary.test.tsx (11 tests | 1 failed) 401ms
   × does not submit again after HTTP acceptance while the start event is still missing 25ms

⎯⎯⎯⎯⎯⎯⎯ Failed Tests 1 ⎯⎯⎯⎯⎯⎯⎯

 FAIL  src/renderer/domains/workflows/tests/run-start-boundary.test.tsx > does not submit again after HTTP acceptance while the start event is still missing
AssertionError: expected "execute" to be called 1 times, but got 2 times
 ❯ src/renderer/domains/workflows/tests/run-start-boundary.test.tsx:84:30
     82|  fireEvent.keyDown(window,{key:'F5'})
     83|  await act(async()=>window.dispatchEvent(new CustomEvent('run-from-nod…
     84|  expect(workflowApi.execute).toHaveBeenCalledTimes(1)
       |                              ^
     85| })
     86| it('keeps ambiguous startup occupied instead of executing a new run af…

⎯⎯⎯⎯⎯⎯⎯⎯⎯⎯⎯⎯⎯⎯⎯⎯⎯⎯⎯⎯⎯⎯⎯⎯[1/1]⎯


 Test Files  1 failed (1)
      Tests  1 failed | 10 passed (11)
   Start at  08:37:54
   Duration  2.03s (transform 738ms, setup 106ms, import 1.05s, tests 401ms, environment 374ms)

npm error Lifecycle script `test` failed with error:
npm error code 1
npm error path /Users/zhangtiancheng/Documents/projects/autoflow/apps/desktop
npm error workspace @autoflow/desktop@0.1.0
npm error location /Users/zhangtiancheng/Documents/projects/autoflow/apps/desktop
npm error command failed
npm error command sh -c vitest run --maxWorkers=1 run-start-boundary.test.tsx
