
> @autoflow/desktop@0.1.0 test
> vitest run src/renderer/domains/workflows/tests/project-model-defaults.test.tsx src/renderer/domains/workflows/tests/project-model-protocol.test.ts src/renderer/domains/workflows/tests/ai-model-picker-entry.test.tsx src/renderer/domains/workflows/tests/assistant-managed-model-boundary.test.ts src/renderer/domains/workflows/tests/model-settings-flow.test.tsx src/renderer/domains/workflows/tests/project-resource-defaults.test.tsx src/renderer/domains/workflows/tests/assistant-entry.test.tsx src/renderer/domains/workflows/tests/assistant-action-claim.test.ts


 RUN  v4.1.11 /Users/zhangtiancheng/Documents/projects/autoflow/apps/desktop

(node:64555) ExperimentalWarning: localStorage is not available because --localstorage-file was not provided.
(Use `node --trace-warnings ...` to show where the warning was created)
(node:64553) ExperimentalWarning: localStorage is not available because --localstorage-file was not provided.
(Use `node --trace-warnings ...` to show where the warning was created)
(node:64556) ExperimentalWarning: localStorage is not available because --localstorage-file was not provided.
(Use `node --trace-warnings ...` to show where the warning was created)
(node:64554) ExperimentalWarning: localStorage is not available because --localstorage-file was not provided.
(Use `node --trace-warnings ...` to show where the warning was created)
(node:64559) ExperimentalWarning: localStorage is not available because --localstorage-file was not provided.
(Use `node --trace-warnings ...` to show where the warning was created)
(node:64560) ExperimentalWarning: localStorage is not available because --localstorage-file was not provided.
(Use `node --trace-warnings ...` to show where the warning was created)
(node:64561) ExperimentalWarning: localStorage is not available because --localstorage-file was not provided.
(Use `node --trace-warnings ...` to show where the warning was created)
(node:64562) ExperimentalWarning: localStorage is not available because --localstorage-file was not provided.
(Use `node --trace-warnings ...` to show where the warning was created)

 Test Files  8 passed (8)
      Tests  74 passed (74)
   Start at  15:52:16
   Duration  5.88s (transform 3.55s, setup 868ms, import 5.79s, tests 6.02s, environment 4.89s)
