> @autoflow/desktop@0.1.0 test
> vitest run src/main/ipc/automation-studio.test.ts src/main/ipc/studio-platform.test.ts src/renderer/domains/project-runs/interactions.test.ts src/renderer/domains/project-runs/components/ProjectInteractionHost.test.tsx src/renderer/domains/workflows/tests/input-prompt-delivery.test.tsx src/renderer/domains/workflows/tests/input-prompt-validation.test.tsx src/renderer/domains/workflows/tests/path-tool-delivery.test.tsx src/renderer/domains/workflows/tests/native-path-selection.test.ts


 RUN  v4.1.11 /Users/zhangtiancheng/Documents/projects/autoflow/apps/desktop

(node:43428) ExperimentalWarning: localStorage is not available because --localstorage-file was not provided.
(Use `node --trace-warnings ...` to show where the warning was created)
(node:43429) ExperimentalWarning: localStorage is not available because --localstorage-file was not provided.
(Use `node --trace-warnings ...` to show where the warning was created)
(node:43430) ExperimentalWarning: localStorage is not available because --localstorage-file was not provided.
(Use `node --trace-warnings ...` to show where the warning was created)
(node:43427) ExperimentalWarning: localStorage is not available because --localstorage-file was not provided.
(Use `node --trace-warnings ...` to show where the warning was created)
(node:43433) ExperimentalWarning: localStorage is not available because --localstorage-file was not provided.
(Use `node --trace-warnings ...` to show where the warning was created)
(node:43435) ExperimentalWarning: localStorage is not available because --localstorage-file was not provided.
(Use `node --trace-warnings ...` to show where the warning was created)
(node:43434) ExperimentalWarning: localStorage is not available because --localstorage-file was not provided.
(Use `node --trace-warnings ...` to show where the warning was created)
(node:43436) ExperimentalWarning: localStorage is not available because --localstorage-file was not provided.
(Use `node --trace-warnings ...` to show where the warning was created)

 Test Files  8 passed (8)
      Tests  86 passed (86)
   Start at  06:57:14
   Duration  1.86s (transform 1.24s, setup 757ms, import 1.59s, tests 1.02s, environment 2.54s)
