F
=================================== FAILURES ===================================
_ test_project_recognition_uses_real_models_files_branches_and_cleanup[match] __

tmp_path = PosixPath('/private/var/folders/8g/sq3srr71063c083rpkd32k380000gn/T/pytest-of-zhangtiancheng/pytest-170/test_project_recognition_uses_0')
scenario = 'match'

    @pytest.mark.asyncio
    @pytest.mark.parametrize('scenario', ['match', 'no_face', 'missing', 'stop'])
    async def test_project_recognition_uses_real_models_files_branches_and_cleanup(tmp_path: Path, scenario: str):
>       assert {'image_ocr', 'face_recognition', 'ocr_captcha', 'slider_captcha'} <= runnable_module_types()
E       AssertionError: assert {'face_recogn...ider_captcha'} <= frozenset({'a..._image', ...})
E
E         Extra items in the left set:
E         'slider_captcha'
E         'face_recognition'
E         'ocr_captcha'
E         'image_ocr'

apps/backend/tests/integration/test_project_recognition_worker.py:26: AssertionError
=========================== short test summary info ============================
FAILED apps/backend/tests/integration/test_project_recognition_worker.py::test_project_recognition_uses_real_models_files_branches_and_cleanup[match]
!!!!!!!!!!!!!!!!!!!!!!!!!! stopping after 1 failures !!!!!!!!!!!!!!!!!!!!!!!!!!!
1 failed in 0.99s
