
> @autoflow/desktop@0.1.0 test
> vitest run src/renderer/domains/workflows/tests/common-advanced-config.test.tsx


 RUN  v4.1.11 /Users/zhangtiancheng/Documents/projects/autoflow/apps/desktop

(node:18061) ExperimentalWarning: localStorage is not available because --localstorage-file was not provided.
(Use `node --trace-warnings ...` to show where the warning was created)
 ❯ src/renderer/domains/workflows/tests/common-advanced-config.test.tsx (25 tests | 2 failed) 1667ms
   × ADV.policy-invalid.maxRetries does not introduce a non-finite value into the document 23ms
   × ADV.policy-invalid.interval does not introduce a non-finite value into the document 23ms

⎯⎯⎯⎯⎯⎯⎯ Failed Tests 2 ⎯⎯⎯⎯⎯⎯⎯

 FAIL  src/renderer/domains/workflows/tests/common-advanced-config.test.tsx > ADV.policy-invalid.maxRetries does not introduce a non-finite value into the document
 FAIL  src/renderer/domains/workflows/tests/common-advanced-config.test.tsx > ADV.policy-invalid.interval does not introduce a non-finite value into the document
AssertionError: expected NaN to be '1abc' // Object.is equality

- Expected:
"1abc"

+ Received:
NaN

 ❯ src/renderer/domains/workflows/tests/common-advanced-config.test.tsx:104:60
    102| it.each([['maxRetries', '重试次数'], ['interval', '间隔(秒)']] as const)('ADV…
    103|   store.getState().updateNodeData(id, { errorPolicy: { mode: 'retry-se…
    104|   edit(label, '1abc'); expect(data().errorPolicy?.[field]).toBe('1abc')
       |                                                            ^
    105|   expect(labelled(label, 'textbox').getAttribute('aria-invalid')).toBe…
    106| })

⎯⎯⎯⎯⎯⎯⎯⎯⎯⎯⎯⎯⎯⎯⎯⎯⎯⎯⎯⎯⎯⎯⎯⎯[1/2]⎯


 Test Files  1 failed (1)
      Tests  2 failed | 23 passed (25)
   Start at  05:22:33
   Duration  3.93s (transform 1.29s, setup 154ms, import 1.62s, tests 1.67s, environment 386ms)

npm error Lifecycle script `test` failed with error:
npm error code 1
npm error path /Users/zhangtiancheng/Documents/projects/autoflow/apps/desktop
npm error workspace @autoflow/desktop@0.1.0
npm error location /Users/zhangtiancheng/Documents/projects/autoflow/apps/desktop
npm error command failed
npm error command sh -c vitest run src/renderer/domains/workflows/tests/common-advanced-config.test.tsx
