
> @autoflow/desktop@0.1.0 test
> vitest run src/renderer/domains/workflows/tests/common-advanced-config.test.tsx src/renderer/domains/workflows/tests/static-number-preflight.test.tsx src/renderer/domains/workflows/tests/number-input-validation.test.tsx


 RUN  v4.1.11 /Users/zhangtiancheng/Documents/projects/autoflow/apps/desktop

(node:33143) ExperimentalWarning: localStorage is not available because --localstorage-file was not provided.
(Use `node --trace-warnings ...` to show where the warning was created)
(node:33142) ExperimentalWarning: localStorage is not available because --localstorage-file was not provided.
(Use `node --trace-warnings ...` to show where the warning was created)
(node:33140) ExperimentalWarning: localStorage is not available because --localstorage-file was not provided.
(Use `node --trace-warnings ...` to show where the warning was created)
⎯⎯⎯⎯⎯⎯ Unhandled Errors ⎯⎯⎯⎯⎯⎯

Vitest caught 1 unhandled error during the test run.
This might cause false positive tests. Resolve unhandled errors to make sure your tests are not affected.

⎯⎯⎯⎯ Unhandled Rejection ⎯⎯⎯⎯⎯
TypeError: Cannot read properties of undefined (reading 'setItem')
 ❯ Object.setItem ../../node_modules/zustand/esm/middleware.mjs:300:42
 ❯ setItem ../../node_modules/zustand/esm/middleware.mjs:360:20
 ❯ ../../node_modules/zustand/esm/middleware.mjs:373:14
 ❯ setBrowserProfileId src/renderer/domains/workflows/hooks/stores/globalConfigStore.ts:444:36
    442|       },
    443|
    444|       setBrowserProfileId: (id) => set({config:{...get().config,browse…
       |                                    ^
    445|       updateBrowserConfig: (browserConfig) => {
    446|         set({
 ❯ src/renderer/domains/workflows/components/BrowserProfileSelect.tsx:22:93
 ❯ processTicksAndRejections node:internal/process/task_queues:104:5

This error originated in "src/renderer/domains/workflows/tests/static-number-preflight.test.tsx" test file. It doesn't mean the error was thrown inside the file itself, but while it was running.
The latest test that might've caused the error is "rejects an unselected invalid node before any requests via keyboard". It might mean one of the following:
- The error was thrown, while Vitest was running this test.
- If the error occurred after the test had been completed, this was the last documented test before it was thrown.
⎯⎯⎯⎯⎯⎯⎯⎯⎯⎯⎯⎯⎯⎯⎯⎯⎯⎯⎯⎯⎯⎯⎯⎯⎯⎯⎯⎯⎯⎯


 Test Files  3 passed (3)
      Tests  92 passed (92)
     Errors  1 error
   Start at  05:24:29
   Duration  4.33s (transform 3.16s, setup 520ms, import 4.21s, tests 2.49s, environment 1.29s)

npm error Lifecycle script `test` failed with error:
npm error code 1
npm error path /Users/zhangtiancheng/Documents/projects/autoflow/apps/desktop
npm error workspace @autoflow/desktop@0.1.0
npm error location /Users/zhangtiancheng/Documents/projects/autoflow/apps/desktop
npm error command failed
npm error command sh -c vitest run src/renderer/domains/workflows/tests/common-advanced-config.test.tsx src/renderer/domains/workflows/tests/static-number-preflight.test.tsx src/renderer/domains/workflows/tests/number-input-validation.test.tsx
