
> @autoflow/desktop@0.1.0 test
> vitest run --maxWorkers=1 src/renderer/domains/workflows/tests/image-write-contract.test.ts


 RUN  v4.1.11 /Users/zhangtiancheng/Documents/projects/autoflow/apps/desktop

(node:85354) ExperimentalWarning: localStorage is not available because --localstorage-file was not provided.
(Use `node --trace-warnings ...` to show where the warning was created)
 ❯ src/renderer/domains/workflows/tests/image-write-contract.test.ts (36 tests | 24 failed) 18ms
   × upload rejects an unconfirmed receipt null 7ms
   × upload rejects an unconfirmed receipt {} 1ms
   × upload rejects an unconfirmed receipt {"success":"true"} 0ms
   × upload accepts its documented receipt 1ms
   × delete rejects an unconfirmed receipt null 1ms
   × delete rejects an unconfirmed receipt {} 0ms
   × delete rejects an unconfirmed receipt {"success":"true"} 0ms
   × rename rejects an unconfirmed receipt null 0ms
   × rename rejects an unconfirmed receipt {} 0ms
   × rename rejects an unconfirmed receipt {"success":"true"} 0ms
   × rename accepts its documented receipt 0ms
   × create-folder rejects an unconfirmed receipt null 0ms
   × create-folder rejects an unconfirmed receipt {} 0ms
   × create-folder rejects an unconfirmed receipt {"success":"true"} 0ms
   × rename-folder rejects an unconfirmed receipt null 0ms
   × rename-folder rejects an unconfirmed receipt {} 0ms
   × rename-folder rejects an unconfirmed receipt {"success":"true"} 0ms
   × delete-folder rejects an unconfirmed receipt null 0ms
   × delete-folder rejects an unconfirmed receipt {} 0ms
   × delete-folder rejects an unconfirmed receipt {"success":"true"} 0ms
   × move rejects an unconfirmed receipt null 0ms
   × move rejects an unconfirmed receipt {} 0ms
   × move rejects an unconfirmed receipt {"success":"true"} 0ms
   × does not accept malformed image metadata as an uploaded asset 1ms

⎯⎯⎯⎯⎯⎯ Failed Tests 24 ⎯⎯⎯⎯⎯⎯⎯

 FAIL  src/renderer/domains/workflows/tests/image-write-contract.test.ts > upload rejects an unconfirmed receipt null
 FAIL  src/renderer/domains/workflows/tests/image-write-contract.test.ts > upload rejects an unconfirmed receipt {}
 FAIL  src/renderer/domains/workflows/tests/image-write-contract.test.ts > upload rejects an unconfirmed receipt {"success":"true"}
 FAIL  src/renderer/domains/workflows/tests/image-write-contract.test.ts > delete rejects an unconfirmed receipt null
 FAIL  src/renderer/domains/workflows/tests/image-write-contract.test.ts > delete rejects an unconfirmed receipt {}
 FAIL  src/renderer/domains/workflows/tests/image-write-contract.test.ts > delete rejects an unconfirmed receipt {"success":"true"}
 FAIL  src/renderer/domains/workflows/tests/image-write-contract.test.ts > rename rejects an unconfirmed receipt null
 FAIL  src/renderer/domains/workflows/tests/image-write-contract.test.ts > rename rejects an unconfirmed receipt {}
 FAIL  src/renderer/domains/workflows/tests/image-write-contract.test.ts > rename rejects an unconfirmed receipt {"success":"true"}
 FAIL  src/renderer/domains/workflows/tests/image-write-contract.test.ts > create-folder rejects an unconfirmed receipt null
 FAIL  src/renderer/domains/workflows/tests/image-write-contract.test.ts > create-folder rejects an unconfirmed receipt {}
 FAIL  src/renderer/domains/workflows/tests/image-write-contract.test.ts > create-folder rejects an unconfirmed receipt {"success":"true"}
 FAIL  src/renderer/domains/workflows/tests/image-write-contract.test.ts > rename-folder rejects an unconfirmed receipt null
 FAIL  src/renderer/domains/workflows/tests/image-write-contract.test.ts > rename-folder rejects an unconfirmed receipt {}
 FAIL  src/renderer/domains/workflows/tests/image-write-contract.test.ts > rename-folder rejects an unconfirmed receipt {"success":"true"}
 FAIL  src/renderer/domains/workflows/tests/image-write-contract.test.ts > delete-folder rejects an unconfirmed receipt null
 FAIL  src/renderer/domains/workflows/tests/image-write-contract.test.ts > delete-folder rejects an unconfirmed receipt {}
 FAIL  src/renderer/domains/workflows/tests/image-write-contract.test.ts > delete-folder rejects an unconfirmed receipt {"success":"true"}
 FAIL  src/renderer/domains/workflows/tests/image-write-contract.test.ts > move rejects an unconfirmed receipt null
 FAIL  src/renderer/domains/workflows/tests/image-write-contract.test.ts > move rejects an unconfirmed receipt {}
 FAIL  src/renderer/domains/workflows/tests/image-write-contract.test.ts > move rejects an unconfirmed receipt {"success":"true"}
AssertionError: expected true to be false // Object.is equality

- Expected
+ Received

- false
+ true

 ❯ src/renderer/domains/workflows/tests/image-write-contract.test.ts:17:52
     15|   it.each([null, {}, { success: 'true' }, { success: false, error: '拒绝…
     16|     const restore = configureStudioConnection('http://images.fixture',…
     17|     try { expect((await operation.call()).success).toBe(false) } final…
       |                                                    ^
     18|   })
     19|   it(`${operation.name} accepts its documented receipt`, async () => {

⎯⎯⎯⎯⎯⎯⎯⎯⎯⎯⎯⎯⎯⎯⎯⎯⎯⎯⎯⎯⎯⎯⎯[1/24]⎯

 FAIL  src/renderer/domains/workflows/tests/image-write-contract.test.ts > upload accepts its documented receipt
 FAIL  src/renderer/domains/workflows/tests/image-write-contract.test.ts > rename accepts its documented receipt
AssertionError: expected undefined to be null

- Expected:
null

+ Received:
undefined

 ❯ src/renderer/domains/workflows/tests/image-write-contract.test.ts:25:81
     23|       expect(result.success).toBe(true)
     24|       expect(result.data).toMatchObject(operation.valid)
     25|       if (result.data && 'asset' in result.data) expect(result.data.as…
       |                                                                                 ^
     26|     } finally { restore() }
     27|   })

⎯⎯⎯⎯⎯⎯⎯⎯⎯⎯⎯⎯⎯⎯⎯⎯⎯⎯⎯⎯⎯⎯⎯[2/24]⎯

 FAIL  src/renderer/domains/workflows/tests/image-write-contract.test.ts > does not accept malformed image metadata as an uploaded asset
AssertionError: expected true to be false // Object.is equality

- Expected
+ Received

- false
+ true

 ❯ src/renderer/domains/workflows/tests/image-write-contract.test.ts:32:84
     30|   const fetcher = vi.fn(async () => Response.json({ asset: { ...asset,…
     31|   const restore = configureStudioConnection('http://images.fixture', f…
     32|   try { expect((await imageAssetApi.upload(new File(['x'], 'image.png'…
       |                                                                                    ^
     33| })
     34|

⎯⎯⎯⎯⎯⎯⎯⎯⎯⎯⎯⎯⎯⎯⎯⎯⎯⎯⎯⎯⎯⎯⎯[3/24]⎯


 Test Files  1 failed (1)
      Tests  24 failed | 12 passed (36)
   Start at  13:24:14
   Duration  890ms (transform 144ms, setup 139ms, import 34ms, tests 18ms, environment 577ms)

npm error Lifecycle script `test` failed with error:
npm error code 1
npm error path /Users/zhangtiancheng/Documents/projects/autoflow/apps/desktop
npm error workspace @autoflow/desktop@0.1.0
npm error location /Users/zhangtiancheng/Documents/projects/autoflow/apps/desktop
npm error command failed
npm error command sh -c vitest run --maxWorkers=1 src/renderer/domains/workflows/tests/image-write-contract.test.ts
