
> @autoflow/desktop@0.1.0 test
> vitest run --maxWorkers=1 src/renderer/domains/workflows/tests/image-panel-write-errors.test.tsx


 RUN  v4.1.11 /Users/zhangtiancheng/Documents/projects/autoflow/apps/desktop

(node:85552) ExperimentalWarning: localStorage is not available because --localstorage-file was not provided.
(Use `node --trace-warnings ...` to show where the warning was created)
 ❯ src/renderer/domains/workflows/tests/image-panel-write-errors.test.tsx (2 tests | 1 failed) 1172ms
   × shows an unconfirmed delete and retains the image 1134ms

⎯⎯⎯⎯⎯⎯⎯ Failed Tests 1 ⎯⎯⎯⎯⎯⎯⎯

 FAIL  src/renderer/domains/workflows/tests/image-panel-write-errors.test.tsx > shows an unconfirmed delete and retains the image
TestingLibraryElementError: Unable to find an element with the text: /图像资源操作未返回有效确认/. This could be because the text is broken up by multiple elements. In this case, you can provide a function for your text matcher to make your matcher more flexible.

Ignored nodes: comments, script, style
[36m<body>[39m
  [36m<div>[39m
    [36m<div[39m
      [33mclass[39m=[32m"bg-[hsl(var(--card))] h-full flex flex-col relative"[39m
    [36m>[39m
      [36m<div[39m
        [33mclass[39m=[32m"relative overflow-auto scroll-smooth flex-1"[39m
        [33mstyle[39m=[32m"scroll-behavior: smooth;"[39m
      [36m>[39m
        [36m<div[39m
          [33mclass[39m=[32m"p-3 min-h-full transition-all duration-200"[39m
        [36m>[39m
          [36m<div[39m
            [33mclass[39m=[32m"grid grid-cols-4 sm:grid-cols-6 md:grid-cols-8 lg:grid-cols-10 xl:grid-cols-12 gap-2.5"[39m
          [36m>[39m
            [36m<div[39m
              [33mclass[39m=[32m"relative group cursor-pointer transition-all duration-200 bg-white rounded-lg border p-2 hover:shadow-md hover:scale-102 hover:-translate-y-0.5 border-purple-200 hover:border-purple-300"[39m
              [33mdraggable[39m=[32m"true"[39m
            [36m>[39m
              [36m<div[39m
                [33mclass[39m=[32m"flex flex-col items-center gap-1"[39m
              [36m>[39m
                [36m<div[39m
                  [33mclass[39m=[32m"bg-[hsl(var(--card))] w-10 h-10 rounded flex items-center justify-center overflow-hidden"[39m
                [36m>[39m
                  [36m<button[39m
                    [33maria-label[39m=[32m"重新加载图片：image.png"[39m
                    [33mclass[39m=[32m"text-xs text-muted-foreground"[39m
                    [33mtitle[39m=[32m"服务返回的内容不是图片"[39m
                    [33mtype[39m=[32m"button"[39m
                  [36m>[39m
                    [0m图片加载失败，重试[0m
                  [36m</button>[39m
                [36m</div>[39m
                [36m<p[39m
                  [33mclass[39m=[32m"text-xs font-medium text-gray-700 text-center truncate w-full px-1"[39m
                  [33mtitle[39m=[32m"image.png"[39m
                [36m>[39m
                  [0mimage.png[0m
                [36m</p>[39m
              [36m</div>[39m
            [36m</div>[39m
          [36m</div>[39m
        [36m</div>[39m
      [36m</div>[39m
      [36m<input[39m
        [33maccept[39m=[32m"image/*"[39m
        [33mclass[39m=[32m"hidden"[39m
        [33mmultiple[39m=[32m""[39m
        [33mtype[39m=[32m"file"[39m
      [36m/>[39m
    [36m</div>[39m
  [36m</div>[39m
[36m</body>[39m

Ignored nodes: comments, script, style
[36m<body>[39m
  [36m<div>[39m
    [36m<div[39m
      [33mclass[39m=[32m"bg-[hsl(var(--card))] h-full flex flex-col relative"[39m
    [36m>[39m
      [36m<div[39m
        [33mclass[39m=[32m"relative overflow-auto scroll-smooth flex-1"[39m
        [33mstyle[39m=[32m"scroll-behavior: smooth;"[39m
      [36m>[39m
        [36m<div[39m
          [33mclass[39m=[32m"p-3 min-h-full transition-all duration-200"[39m
        [36m>[39m
          [36m<div[39m
            [33mclass[39m=[32m"grid grid-cols-4 sm:grid-cols-6 md:grid-cols-8 lg:grid-cols-10 xl:grid-cols-12 gap-2.5"[39m
          [36m>[39m
            [36m<div[39m
              [33mclass[39m=[32m"relative group cursor-pointer transition-all duration-200 bg-white rounded-lg border p-2 hover:shadow-md hover:scale-102 hover:-translate-y-0.5 border-purple-200 hover:border-purple-300"[39m
              [33mdraggable[39m=[32m"true"[39m
            [36m>[39m
              [36m<div[39m
                [33mclass[39m=[32m"flex flex-col items-center gap-1"[39m
              [36m>[39m
                [36m<div[39m
                  [33mclass[39m=[32m"bg-[hsl(var(--card))] w-10 h-10 rounded flex items-center justify-center overflow-hidden"[39m
                [36m>[39m
                  [36m<button[39m
                    [33maria-label[39m=[32m"重新加载图片：image.png"[39m
                    [33mclass[39m=[32m"text-xs text-muted-foreground"[39m
                    [33mtitle[39m=[32m"服务返回的内容不是图片"[39m
                    [33mtype[39m=[32m"button"[39m
                  [36m>[39m
                    [0m图片加载失败，重试[0m
                  [36m</button>[39m
                [36m</div>[39m
                [36m<p[39m
                  [33mclass[39m=[32m"text-xs font-medium text-gray-700 text-center truncate w-full px-1"[39m
                  [33mtitle[39m=[32m"image.png"[39m
                [36m>[39m
                  [0mimage.png[0m
                [36m</p>[39m
              [36m</div>[39m
            [36m</div>[39m
          [36m</div>[39m
        [36m</div>[39m
      [36m</div>[39m
      [36m<input[39m
        [33maccept[39m=[32m"image/*"[39m
        [33mclass[39m=[32m"hidden"[39m
        [33mmultiple[39m=[32m""[39m
        [33mtype[39m=[32m"file"[39m
      [36m/>[39m
    [36m</div>[39m
  [36m</div>[39m
[36m</body>[39m
 ❯ waitForWrapper ../../node_modules/@testing-library/dom/dist/wait-for.js:163:27
 ❯ ../../node_modules/@testing-library/dom/dist/query-helpers.js:86:33
 ❯ src/renderer/domains/workflows/tests/image-panel-write-errors.test.tsx:22:16
     20|   fireEvent.click(screen.getByRole('button', { name: '删除', exact: true…
     21|   fireEvent.click(screen.getByRole('button', { name: '确定', exact: true…
     22|   await screen.findByText(/图像资源操作未返回有效确认/)
       |                ^
     23|   expect(useWorkflowStore.getState().imageAssets).toEqual([asset])
     24| })

⎯⎯⎯⎯⎯⎯⎯⎯⎯⎯⎯⎯⎯⎯⎯⎯⎯⎯⎯⎯⎯⎯⎯⎯[1/1]⎯


 Test Files  1 failed (1)
      Tests  1 failed | 1 passed (2)
   Start at  13:26:19
   Duration  2.32s (transform 269ms, setup 137ms, import 379ms, tests 1.17s, environment 434ms)

npm error Lifecycle script `test` failed with error:
npm error code 1
npm error path /Users/zhangtiancheng/Documents/projects/autoflow/apps/desktop
npm error workspace @autoflow/desktop@0.1.0
npm error location /Users/zhangtiancheng/Documents/projects/autoflow/apps/desktop
npm error command failed
npm error command sh -c vitest run --maxWorkers=1 src/renderer/domains/workflows/tests/image-panel-write-errors.test.tsx
