UI创建A/B并依次打开，最近B在A之前
E1: 新建表Modal在200%输入并真实提交，底栏完整可达
E1: 数据目录更多编辑真实说明，保存后卡片更新且路由保持
E1: UI建立两表、五字段四类型、两业务状态及三条记录；核对实际状态事实，选中/Toast/浮层几何和嵌套Escape截图完成
E1: 三个查询面板分别经取消/Escape/外部点击/切换关闭；草稿不生效且零记录请求
E1+E4: 搜索与字段及状态AND的真实导出仅含屏幕上一条记录，文件选择明确为注入
E1: 非法数字零查询、修正恢复；高级OR/NOT应用及重开保留，禁止有损简单转换
E1: 字段与状态AND、搜索清空保留高级条件、数字排序、无变化应用和显示列零额外查询通过
生成52个未访问分页项目和120条合成记录（HTTP批量资料，不代替界面创建验收）
名称排序目录下方打开再返回，搜索及非零滚动位置恢复
第二页打开返回恢复名称排序、查询及第二页
真实目录服务端分页50/2
指定文本字段输入不查询，提交后筛选实际记录
当前筛选导出真实XLSX为60条温室记录，与快捷搜索条件一致
选列取消不生效、应用后隐藏字段
1440×1024及200%三个查询浮层无应用横向撑宽
测试服务完整重启，等待新实例ready
Electron完整重启后最近访问事实持久化
切换到工具创建的另一工作区
切换到工具创建的另一工作区
两个真实工作区隔离并切回恢复54个项目
读取故障已注入；read 只失败一次，现有自动重试可恢复；readerror 覆盖本轮两次自动重试。
一次读取故障由现有自动重试恢复，保留旧目录内容
读取故障已注入；read 只失败一次，现有自动重试可恢复；readerror 覆盖本轮两次自动重试。
下一次成功写入将丢失响应并阻断一次核验；请保存后使用页面核验原操作。
一次读取失败保留旧目录；提交响应丢失后用原操作核验，只有一个项目事实
隔离API真实竞争编辑已提交；保留当前表单草稿后点击保存验证冲突
真实竞争编辑发生409，保留输入，基于最新内容重新编辑后保存
实际顶部浏览器/代理/模型/设置/总览入口及独立Studio窗口回归（仅入口，不宣称资源完整操作通过）
R1自动验收证据：/Users/zhangtiancheng/Documents/projects/autoflow-project-management-implementation/docs/project-management/design-alignment/acceptance/gallery-r1/runs/run-fLAsGt
