
> @autoflow/desktop@0.1.0 test
> vitest run src/renderer/domains/workflows/tests/run-diagnostics-storage.test.ts


 RUN  v4.1.11 /Users/zhangtiancheng/Documents/projects/autoflow/apps/desktop

(node:6851) ExperimentalWarning: localStorage is not available because --localstorage-file was not provided.
(Use `node --trace-warnings ...` to show where the warning was created)
 ❯ src/renderer/domains/workflows/tests/run-diagnostics-storage.test.ts (1 test | 1 failed) 80ms
   × rejects a diagnostic write atomically when fixture persistence fails 78ms

⎯⎯⎯⎯⎯⎯⎯ Failed Tests 1 ⎯⎯⎯⎯⎯⎯⎯

 FAIL  src/renderer/domains/workflows/tests/run-diagnostics-storage.test.ts > rejects a diagnostic write atomically when fixture persistence fails
AssertionError: expected { count: 2, new_value: '不得部分应用' } to deeply equal { count: 1 }

- Expected
+ Received

  {
-   "count": 1,
+   "count": 2,
+   "new_value": "不得部分应用",
  }

 ❯ src/renderer/domains/workflows/tests/run-diagnostics-storage.test.ts:17:27
     15|   fail=false
     16|   const state=await(await request('/workflows/global-variables',{},'GE…
     17|   expect(state.variables).toEqual({count:1})
       |                           ^
     18|   expect(mock.mockSnapshot().pause?.controlRevision).toBe(pause.contro…
     19|   expect((await(await request('/workflow-runs/storage-run/variable-tra…

⎯⎯⎯⎯⎯⎯⎯⎯⎯⎯⎯⎯⎯⎯⎯⎯⎯⎯⎯⎯⎯⎯⎯⎯[1/1]⎯


 Test Files  1 failed (1)
      Tests  1 failed (1)
   Start at  04:27:47
   Duration  1.22s (transform 249ms, setup 284ms, import 19ms, tests 80ms, environment 672ms)

npm error Lifecycle script `test` failed with error:
npm error code 1
npm error path /Users/zhangtiancheng/Documents/projects/autoflow/apps/desktop
npm error workspace @autoflow/desktop@0.1.0
npm error location /Users/zhangtiancheng/Documents/projects/autoflow/apps/desktop
npm error command failed
npm error command sh -c vitest run src/renderer/domains/workflows/tests/run-diagnostics-storage.test.ts
