
> @autoflow/desktop@0.1.0 test
> vitest run src/renderer/domains/workflows/tests/document-session-leave.test.tsx


 RUN  v4.1.11 /Users/zhangtiancheng/Documents/projects/autoflow/apps/desktop

(node:71131) ExperimentalWarning: localStorage is not available because --localstorage-file was not provided.
(Use `node --trace-warnings ...` to show where the warning was created)
 ❯ src/renderer/domains/workflows/tests/document-session-leave.test.tsx (15 tests | 2 failed) 200ms
   × preserves the session after save failure 12ms
   × keeps responsibility and allows retry after cleanup failure 11ms

⎯⎯⎯⎯⎯⎯⎯ Failed Tests 2 ⎯⎯⎯⎯⎯⎯⎯

 FAIL  src/renderer/domains/workflows/tests/document-session-leave.test.tsx > preserves the session after save failure
TestingLibraryElementError: Unable to find an accessible element with the role "alert"

There are no accessible roles. But there might be some inaccessible roles. If you wish to access them, then set the `hidden` option to `true`. Learn more about this here: https://testing-library.com/docs/dom-testing-library/api-queries#byrole

Ignored nodes: comments, script, style
[36m<body>[39m
  [36m<div />[39m
[36m</body>[39m
 ❯ Object.getElementError ../../node_modules/@testing-library/dom/dist/config.js:37:19
 ❯ ../../node_modules/@testing-library/dom/dist/query-helpers.js:76:38
 ❯ ../../node_modules/@testing-library/dom/dist/query-helpers.js:52:17
 ❯ ../../node_modules/@testing-library/dom/dist/query-helpers.js:95:19
 ❯ src/renderer/domains/workflows/tests/document-session-leave.test.tsx:40:17
     38|   render(<Protection/>);const {promise}=await begin();await choose('保存…
     39|   expect(await promise).toBe(false);expect(release).not.toHaveBeenCall…
     40|   expect(screen.getByRole('alert').textContent).toContain('未完成保存')
       |                 ^
     41| })
     42| it('discard releases without saving; does not clear the draft itself',…

⎯⎯⎯⎯⎯⎯⎯⎯⎯⎯⎯⎯⎯⎯⎯⎯⎯⎯⎯⎯⎯⎯⎯⎯[1/2]⎯

 FAIL  src/renderer/domains/workflows/tests/document-session-leave.test.tsx > keeps responsibility and allows retry after cleanup failure
TestingLibraryElementError: Unable to find an accessible element with the role "alert"

There are no accessible roles. But there might be some inaccessible roles. If you wish to access them, then set the `hidden` option to `true`. Learn more about this here: https://testing-library.com/docs/dom-testing-library/api-queries#byrole

Ignored nodes: comments, script, style
[36m<body>[39m
  [36m<div />[39m
[36m</body>[39m
 ❯ Object.getElementError ../../node_modules/@testing-library/dom/dist/config.js:37:19
 ❯ ../../node_modules/@testing-library/dom/dist/query-helpers.js:76:38
 ❯ ../../node_modules/@testing-library/dom/dist/query-helpers.js:52:17
 ❯ ../../node_modules/@testing-library/dom/dist/query-helpers.js:95:19
 ❯ src/renderer/domains/workflows/tests/document-session-leave.test.tsx:55:17
     53|   render(<Protection/>);const first=await begin();await choose('放弃修改并结…
     54|   expect(await first.promise).toBe(false);expect(getDocumentLeaveResou…
     55|   expect(screen.getByRole('alert').textContent).toContain('尚未确认结束')
       |                 ^
     56|   const second=await begin();await choose('放弃修改并结束会话')
     57|   expect(await second.promise).toBe(true);expect(release).toHaveBeenCa…

⎯⎯⎯⎯⎯⎯⎯⎯⎯⎯⎯⎯⎯⎯⎯⎯⎯⎯⎯⎯⎯⎯⎯⎯[2/2]⎯


 Test Files  1 failed (1)
      Tests  2 failed | 13 passed (15)
   Start at  04:57:34
   Duration  1.43s (transform 232ms, setup 149ms, import 372ms, tests 200ms, environment 597ms)

npm error Lifecycle script `test` failed with error:
npm error code 1
npm error path /Users/zhangtiancheng/Documents/projects/autoflow/apps/desktop
npm error workspace @autoflow/desktop@0.1.0
npm error location /Users/zhangtiancheng/Documents/projects/autoflow/apps/desktop
npm error command failed
npm error command sh -c vitest run src/renderer/domains/workflows/tests/document-session-leave.test.tsx
