
> @autoflow/desktop@0.1.0 test
> vitest run src/renderer/domains/workflows/tests/structure-copy-references.test.ts


 RUN  v4.1.11 /Users/zhangtiancheng/Documents/projects/autoflow/apps/desktop

(node:4019) ExperimentalWarning: localStorage is not available because --localstorage-file was not provided.
(Use `node --trace-warnings ...` to show where the warning was created)
 ❯ src/renderer/domains/workflows/tests/structure-copy-references.test.ts (3 tests | 3 failed) 13ms
   × internal remaps internal container/subflow/retry references with node identities and keeps relative child position 9ms
   × system remaps internal container/subflow/retry references with node identities and keeps relative child position 2ms
   × merge remaps internal container/subflow/retry references with node identities and keeps relative child position 1ms

⎯⎯⎯⎯⎯⎯⎯ Failed Tests 3 ⎯⎯⎯⎯⎯⎯⎯

 FAIL  src/renderer/domains/workflows/tests/structure-copy-references.test.ts > internal remaps internal container/subflow/retry references with node identities and keeps relative child position
AssertionError: expected [ { …(4) }, { …(5) }, { …(4) } ] to deeply equal [ { …(5) }, { …(6) }, { …(5) } ]

- Expected
+ Received

@@ -8,11 +8,10 @@
      "id": "eYbq7mbz_6o_PMo0t5Qqu",
      "position": {
        "x": 980,
        "y": 570,
      },
-     "selected": true,
      "type": "groupNode",
    },
    {
      "data": {
        "label": "child",
@@ -22,11 +21,10 @@
      "parentId": "eYbq7mbz_6o_PMo0t5Qqu",
      "position": {
        "x": 20,
        "y": 30,
      },
-     "selected": true,
      "type": "moduleNode",
    },
    {
      "data": {
        "errorPolicy": {
@@ -41,9 +39,8 @@
      "id": "zguWiBazVoPh7_VaIO7GE",
      "position": {
        "x": 1380,
        "y": 570,
      },
-     "selected": true,
      "type": "moduleNode",
    },
  ]

 ❯ src/renderer/domains/workflows/tests/structure-copy-references.test.ts:28:69
     26|   const json = store.getState().exportWorkflow()
     27|   store.getState().undo(); expect(store.getState().nodes.length).toBe(…
     28|   store.getState().redo(); expect(store.getState().nodes.slice(-3)).to…
       |                                                                     ^
     29|   store.getState().clearWorkflow(); expect(store.getState().importWork…
     30|   expect(store.getState().nodes.slice(-3)).toEqual(pasted)

⎯⎯⎯⎯⎯⎯⎯⎯⎯⎯⎯⎯⎯⎯⎯⎯⎯⎯⎯⎯⎯⎯⎯⎯[1/3]⎯

 FAIL  src/renderer/domains/workflows/tests/structure-copy-references.test.ts > system remaps internal container/subflow/retry references with node identities and keeps relative child position
AssertionError: expected [ { …(4) }, { …(5) }, { …(4) } ] to deeply equal [ { …(5) }, { …(6) }, { …(5) } ]

- Expected
+ Received

@@ -8,11 +8,10 @@
      "id": "U_AAgELwYG-VDA_v9e_FL",
      "position": {
        "x": 980,
        "y": 570,
      },
-     "selected": true,
      "type": "groupNode",
    },
    {
      "data": {
        "label": "child",
@@ -22,11 +21,10 @@
      "parentId": "U_AAgELwYG-VDA_v9e_FL",
      "position": {
        "x": 20,
        "y": 30,
      },
-     "selected": true,
      "type": "moduleNode",
    },
    {
      "data": {
        "errorPolicy": {
@@ -41,9 +39,8 @@
      "id": "eDsdc7KhcVaCQUzf-eJpS",
      "position": {
        "x": 1380,
        "y": 570,
      },
-     "selected": true,
      "type": "moduleNode",
    },
  ]

 ❯ src/renderer/domains/workflows/tests/structure-copy-references.test.ts:28:69
     26|   const json = store.getState().exportWorkflow()
     27|   store.getState().undo(); expect(store.getState().nodes.length).toBe(…
     28|   store.getState().redo(); expect(store.getState().nodes.slice(-3)).to…
       |                                                                     ^
     29|   store.getState().clearWorkflow(); expect(store.getState().importWork…
     30|   expect(store.getState().nodes.slice(-3)).toEqual(pasted)

⎯⎯⎯⎯⎯⎯⎯⎯⎯⎯⎯⎯⎯⎯⎯⎯⎯⎯⎯⎯⎯⎯⎯⎯[2/3]⎯

 FAIL  src/renderer/domains/workflows/tests/structure-copy-references.test.ts > merge remaps internal container/subflow/retry references with node identities and keeps relative child position
AssertionError: expected 'group' to be 'tykBjIjtax2bS-fI3v2jU' // Object.is equality

Expected: "tykBjIjtax2bS-fI3v2jU"
Received: "group"

 ❯ src/renderer/domains/workflows/tests/structure-copy-references.test.ts:21:26
     19|   const [group, child, call] = pasted
     20|   expect(group.id).not.toBe('group')
     21|   expect(child.parentId).toBe(group.id)
       |                          ^
     22|   expect(child.position).toEqual({ x: 20, y: 30 })
     23|   expect(call.data.subflowGroupId).toBe(group.id)

⎯⎯⎯⎯⎯⎯⎯⎯⎯⎯⎯⎯⎯⎯⎯⎯⎯⎯⎯⎯⎯⎯⎯⎯[3/3]⎯


 Test Files  1 failed (1)
      Tests  3 failed (3)
   Start at  05:31:36
   Duration  935ms (transform 222ms, setup 165ms, import 178ms, tests 13ms, environment 429ms)

npm error Lifecycle script `test` failed with error:
npm error code 1
npm error path /Users/zhangtiancheng/Documents/projects/autoflow/apps/desktop
npm error workspace @autoflow/desktop@0.1.0
npm error location /Users/zhangtiancheng/Documents/projects/autoflow/apps/desktop
npm error command failed
npm error command sh -c vitest run src/renderer/domains/workflows/tests/structure-copy-references.test.ts
