
> @autoflow/desktop@0.1.0 test
> vitest run --maxWorkers=1 src/renderer/domains/workflows/tests/command-http-error-recovery.test.ts


 RUN  v4.1.11 /Users/zhangtiancheng/Documents/projects/autoflow/apps/desktop

(node:22192) ExperimentalWarning: localStorage is not available because --localstorage-file was not provided.
(Use `node --trace-warnings ...` to show where the warning was created)
 ❯ src/renderer/domains/workflows/tests/command-http-error-recovery.test.ts (13 tests | 13 failed) 74ms
   × queries the original command after an applied command returns HTTP 500 over memory 14ms
   × queries the original command after an applied command returns HTTP 502 over memory 2ms
   × queries the original command after an applied command returns HTTP 503 over memory 1ms
   × keeps HTTP 500 unconfirmed when no command record can be found over memory 2ms
   × keeps HTTP 502 unconfirmed when no command record can be found over memory 1ms
   × keeps HTTP 503 unconfirmed when no command record can be found over memory 1ms
   × queries the original command after an applied command returns HTTP 500 over http 25ms
   × queries the original command after an applied command returns HTTP 502 over http 8ms
   × queries the original command after an applied command returns HTTP 503 over http 5ms
   × keeps HTTP 500 unconfirmed when no command record can be found over http 4ms
   × keeps HTTP 502 unconfirmed when no command record can be found over http 4ms
   × keeps HTTP 503 unconfirmed when no command record can be found over http 3ms
   × does not mistake another command identity in a 409 response for its own rejection 1ms

⎯⎯⎯⎯⎯⎯ Failed Tests 13 ⎯⎯⎯⎯⎯⎯⎯

 FAIL  src/renderer/domains/workflows/tests/command-http-error-recovery.test.ts > queries the original command after an applied command returns HTTP 500 over memory
AssertionError: expected { error: '提交结果经过网关时失败', …(2) } to match object { …(3) }
(1 matching property omitted from actual)

- Expected
+ Received

  {
    "commandId": "applied-memory-500",
-   "httpStatus": 200,
-   "success": true,
+   "success": false,
  }

 ❯ src/renderer/domains/workflows/tests/command-http-error-recovery.test.ts:24:77
     22|   try{
     23|    const commandId=`applied-${mode}-${status}`
     24|    expect(await client.command('set_verbose_log',{enabled:true},comman…
       |                                                                             ^
     25|    expect(posts).toBe(1);expect(lookups).toBe(1)
     26|   }finally{client.disconnect();configureMock({disconnect:true});await …

⎯⎯⎯⎯⎯⎯⎯⎯⎯⎯⎯⎯⎯⎯⎯⎯⎯⎯⎯⎯⎯⎯⎯[1/13]⎯

 FAIL  src/renderer/domains/workflows/tests/command-http-error-recovery.test.ts > queries the original command after an applied command returns HTTP 502 over memory
AssertionError: expected { error: '提交结果经过网关时失败', …(2) } to match object { …(3) }
(1 matching property omitted from actual)

- Expected
+ Received

  {
    "commandId": "applied-memory-502",
-   "httpStatus": 200,
-   "success": true,
+   "success": false,
  }

 ❯ src/renderer/domains/workflows/tests/command-http-error-recovery.test.ts:24:77
     22|   try{
     23|    const commandId=`applied-${mode}-${status}`
     24|    expect(await client.command('set_verbose_log',{enabled:true},comman…
       |                                                                             ^
     25|    expect(posts).toBe(1);expect(lookups).toBe(1)
     26|   }finally{client.disconnect();configureMock({disconnect:true});await …

⎯⎯⎯⎯⎯⎯⎯⎯⎯⎯⎯⎯⎯⎯⎯⎯⎯⎯⎯⎯⎯⎯⎯[2/13]⎯

 FAIL  src/renderer/domains/workflows/tests/command-http-error-recovery.test.ts > queries the original command after an applied command returns HTTP 503 over memory
AssertionError: expected { error: '提交结果经过网关时失败', …(2) } to match object { …(3) }
(1 matching property omitted from actual)

- Expected
+ Received

  {
    "commandId": "applied-memory-503",
-   "httpStatus": 200,
-   "success": true,
+   "success": false,
  }

 ❯ src/renderer/domains/workflows/tests/command-http-error-recovery.test.ts:24:77
     22|   try{
     23|    const commandId=`applied-${mode}-${status}`
     24|    expect(await client.command('set_verbose_log',{enabled:true},comman…
       |                                                                             ^
     25|    expect(posts).toBe(1);expect(lookups).toBe(1)
     26|   }finally{client.disconnect();configureMock({disconnect:true});await …

⎯⎯⎯⎯⎯⎯⎯⎯⎯⎯⎯⎯⎯⎯⎯⎯⎯⎯⎯⎯⎯⎯⎯[3/13]⎯

 FAIL  src/renderer/domains/workflows/tests/command-http-error-recovery.test.ts > keeps HTTP 500 unconfirmed when no command record can be found over memory
AssertionError: expected { error: '服务内部错误', …(2) } to match object { …(3) }
(1 matching property omitted from actual)

- Expected
+ Received

  {
    "commandId": "unknown-memory-500",
-   "status": "unconfirmed",
    "success": false,
  }

 ❯ src/renderer/domains/workflows/tests/command-http-error-recovery.test.ts:42:77
     40|   try{
     41|    const commandId=`unknown-${mode}-${status}`
     42|    expect(await client.command('set_verbose_log',{enabled:true},comman…
       |                                                                             ^
     43|    expect(posts).toBe(1);expect(lookups).toBe(1)
     44|   }finally{client.disconnect();configureMock({disconnect:true});await …

⎯⎯⎯⎯⎯⎯⎯⎯⎯⎯⎯⎯⎯⎯⎯⎯⎯⎯⎯⎯⎯⎯⎯[4/13]⎯

 FAIL  src/renderer/domains/workflows/tests/command-http-error-recovery.test.ts > keeps HTTP 502 unconfirmed when no command record can be found over memory
AssertionError: expected { error: '服务内部错误', …(2) } to match object { …(3) }
(1 matching property omitted from actual)

- Expected
+ Received

  {
    "commandId": "unknown-memory-502",
-   "status": "unconfirmed",
    "success": false,
  }

 ❯ src/renderer/domains/workflows/tests/command-http-error-recovery.test.ts:42:77
     40|   try{
     41|    const commandId=`unknown-${mode}-${status}`
     42|    expect(await client.command('set_verbose_log',{enabled:true},comman…
       |                                                                             ^
     43|    expect(posts).toBe(1);expect(lookups).toBe(1)
     44|   }finally{client.disconnect();configureMock({disconnect:true});await …

⎯⎯⎯⎯⎯⎯⎯⎯⎯⎯⎯⎯⎯⎯⎯⎯⎯⎯⎯⎯⎯⎯⎯[5/13]⎯

 FAIL  src/renderer/domains/workflows/tests/command-http-error-recovery.test.ts > keeps HTTP 503 unconfirmed when no command record can be found over memory
AssertionError: expected { error: '服务内部错误', …(2) } to match object { …(3) }
(1 matching property omitted from actual)

- Expected
+ Received

  {
    "commandId": "unknown-memory-503",
-   "status": "unconfirmed",
    "success": false,
  }

 ❯ src/renderer/domains/workflows/tests/command-http-error-recovery.test.ts:42:77
     40|   try{
     41|    const commandId=`unknown-${mode}-${status}`
     42|    expect(await client.command('set_verbose_log',{enabled:true},comman…
       |                                                                             ^
     43|    expect(posts).toBe(1);expect(lookups).toBe(1)
     44|   }finally{client.disconnect();configureMock({disconnect:true});await …

⎯⎯⎯⎯⎯⎯⎯⎯⎯⎯⎯⎯⎯⎯⎯⎯⎯⎯⎯⎯⎯⎯⎯[6/13]⎯

 FAIL  src/renderer/domains/workflows/tests/command-http-error-recovery.test.ts > queries the original command after an applied command returns HTTP 500 over http
AssertionError: expected { error: '提交结果经过网关时失败', …(2) } to match object { commandId: 'applied-http-500', …(2) }
(1 matching property omitted from actual)

- Expected
+ Received

  {
    "commandId": "applied-http-500",
-   "httpStatus": 200,
-   "success": true,
+   "success": false,
  }

 ❯ src/renderer/domains/workflows/tests/command-http-error-recovery.test.ts:24:77
     22|   try{
     23|    const commandId=`applied-${mode}-${status}`
     24|    expect(await client.command('set_verbose_log',{enabled:true},comman…
       |                                                                             ^
     25|    expect(posts).toBe(1);expect(lookups).toBe(1)
     26|   }finally{client.disconnect();configureMock({disconnect:true});await …

⎯⎯⎯⎯⎯⎯⎯⎯⎯⎯⎯⎯⎯⎯⎯⎯⎯⎯⎯⎯⎯⎯⎯[7/13]⎯

 FAIL  src/renderer/domains/workflows/tests/command-http-error-recovery.test.ts > queries the original command after an applied command returns HTTP 502 over http
AssertionError: expected { error: '提交结果经过网关时失败', …(2) } to match object { commandId: 'applied-http-502', …(2) }
(1 matching property omitted from actual)

- Expected
+ Received

  {
    "commandId": "applied-http-502",
-   "httpStatus": 200,
-   "success": true,
+   "success": false,
  }

 ❯ src/renderer/domains/workflows/tests/command-http-error-recovery.test.ts:24:77
     22|   try{
     23|    const commandId=`applied-${mode}-${status}`
     24|    expect(await client.command('set_verbose_log',{enabled:true},comman…
       |                                                                             ^
     25|    expect(posts).toBe(1);expect(lookups).toBe(1)
     26|   }finally{client.disconnect();configureMock({disconnect:true});await …

⎯⎯⎯⎯⎯⎯⎯⎯⎯⎯⎯⎯⎯⎯⎯⎯⎯⎯⎯⎯⎯⎯⎯[8/13]⎯

 FAIL  src/renderer/domains/workflows/tests/command-http-error-recovery.test.ts > queries the original command after an applied command returns HTTP 503 over http
AssertionError: expected { error: '提交结果经过网关时失败', …(2) } to match object { commandId: 'applied-http-503', …(2) }
(1 matching property omitted from actual)

- Expected
+ Received

  {
    "commandId": "applied-http-503",
-   "httpStatus": 200,
-   "success": true,
+   "success": false,
  }

 ❯ src/renderer/domains/workflows/tests/command-http-error-recovery.test.ts:24:77
     22|   try{
     23|    const commandId=`applied-${mode}-${status}`
     24|    expect(await client.command('set_verbose_log',{enabled:true},comman…
       |                                                                             ^
     25|    expect(posts).toBe(1);expect(lookups).toBe(1)
     26|   }finally{client.disconnect();configureMock({disconnect:true});await …

⎯⎯⎯⎯⎯⎯⎯⎯⎯⎯⎯⎯⎯⎯⎯⎯⎯⎯⎯⎯⎯⎯⎯[9/13]⎯

 FAIL  src/renderer/domains/workflows/tests/command-http-error-recovery.test.ts > keeps HTTP 500 unconfirmed when no command record can be found over http
AssertionError: expected { error: '服务内部错误', …(2) } to match object { commandId: 'unknown-http-500', …(2) }
(1 matching property omitted from actual)

- Expected
+ Received

  {
    "commandId": "unknown-http-500",
-   "status": "unconfirmed",
    "success": false,
  }

 ❯ src/renderer/domains/workflows/tests/command-http-error-recovery.test.ts:42:77
     40|   try{
     41|    const commandId=`unknown-${mode}-${status}`
     42|    expect(await client.command('set_verbose_log',{enabled:true},comman…
       |                                                                             ^
     43|    expect(posts).toBe(1);expect(lookups).toBe(1)
     44|   }finally{client.disconnect();configureMock({disconnect:true});await …

⎯⎯⎯⎯⎯⎯⎯⎯⎯⎯⎯⎯⎯⎯⎯⎯⎯⎯⎯⎯⎯⎯[10/13]⎯

 FAIL  src/renderer/domains/workflows/tests/command-http-error-recovery.test.ts > keeps HTTP 502 unconfirmed when no command record can be found over http
AssertionError: expected { error: '服务内部错误', …(2) } to match object { commandId: 'unknown-http-502', …(2) }
(1 matching property omitted from actual)

- Expected
+ Received

  {
    "commandId": "unknown-http-502",
-   "status": "unconfirmed",
    "success": false,
  }

 ❯ src/renderer/domains/workflows/tests/command-http-error-recovery.test.ts:42:77
     40|   try{
     41|    const commandId=`unknown-${mode}-${status}`
     42|    expect(await client.command('set_verbose_log',{enabled:true},comman…
       |                                                                             ^
     43|    expect(posts).toBe(1);expect(lookups).toBe(1)
     44|   }finally{client.disconnect();configureMock({disconnect:true});await …

⎯⎯⎯⎯⎯⎯⎯⎯⎯⎯⎯⎯⎯⎯⎯⎯⎯⎯⎯⎯⎯⎯[11/13]⎯

 FAIL  src/renderer/domains/workflows/tests/command-http-error-recovery.test.ts > keeps HTTP 503 unconfirmed when no command record can be found over http
AssertionError: expected { error: '服务内部错误', …(2) } to match object { commandId: 'unknown-http-503', …(2) }
(1 matching property omitted from actual)

- Expected
+ Received

  {
    "commandId": "unknown-http-503",
-   "status": "unconfirmed",
    "success": false,
  }

 ❯ src/renderer/domains/workflows/tests/command-http-error-recovery.test.ts:42:77
     40|   try{
     41|    const commandId=`unknown-${mode}-${status}`
     42|    expect(await client.command('set_verbose_log',{enabled:true},comman…
       |                                                                             ^
     43|    expect(posts).toBe(1);expect(lookups).toBe(1)
     44|   }finally{client.disconnect();configureMock({disconnect:true});await …

⎯⎯⎯⎯⎯⎯⎯⎯⎯⎯⎯⎯⎯⎯⎯⎯⎯⎯⎯⎯⎯⎯[12/13]⎯

 FAIL  src/renderer/domains/workflows/tests/command-http-error-recovery.test.ts > does not mistake another command identity in a 409 response for its own rejection
AssertionError: expected { commandId: 'own-command', …(2) } to match object { commandId: 'own-command', …(1) }
(1 matching property omitted from actual)

- Expected
+ Received

  {
    "commandId": "own-command",
-   "success": true,
+   "success": false,
  }

 ❯ src/renderer/domains/workflows/tests/command-http-error-recovery.test.ts:61:80
     59|  const client=new StudioEventClient('http://autoflow-studio.mock')
     60|  try{
     61|   expect(await client.command('set_verbose_log',{enabled:true},'own-co…
       |                                                                                ^
     62|   expect(lookups).toBe(1)
     63|  }finally{client.disconnect();configureMock({disconnect:true});restore…

⎯⎯⎯⎯⎯⎯⎯⎯⎯⎯⎯⎯⎯⎯⎯⎯⎯⎯⎯⎯⎯⎯[13/13]⎯


 Test Files  1 failed (1)
      Tests  13 failed (13)
   Start at  05:53:02
   Duration  870ms (transform 100ms, setup 95ms, import 29ms, tests 74ms, environment 540ms)

npm error Lifecycle script `test` failed with error:
npm error code 1
npm error path /Users/zhangtiancheng/Documents/projects/autoflow/apps/desktop
npm error workspace @autoflow/desktop@0.1.0
npm error location /Users/zhangtiancheng/Documents/projects/autoflow/apps/desktop
npm error command failed
npm error command sh -c vitest run --maxWorkers=1 src/renderer/domains/workflows/tests/command-http-error-recovery.test.ts
