
> @autoflow/desktop@0.1.0 test
> vitest run --maxWorkers=1 src/renderer/domains/workflows/tests/command-http-error-recovery.test.ts src/renderer/domains/workflows/tests/command-recovery.test.ts src/renderer/domains/workflows/tests/command-response-identity.test.ts src/renderer/domains/workflows/tests/event-client.test.ts src/renderer/domains/workflows/tests/input-delivery-http.test.tsx


 RUN  v4.1.11 /Users/zhangtiancheng/Documents/projects/autoflow/apps/desktop

(node:22273) ExperimentalWarning: localStorage is not available because --localstorage-file was not provided.
(Use `node --trace-warnings ...` to show where the warning was created)
(node:22282) ExperimentalWarning: localStorage is not available because --localstorage-file was not provided.
(Use `node --trace-warnings ...` to show where the warning was created)
(node:22291) ExperimentalWarning: localStorage is not available because --localstorage-file was not provided.
(Use `node --trace-warnings ...` to show where the warning was created)
(node:22294) ExperimentalWarning: localStorage is not available because --localstorage-file was not provided.
(Use `node --trace-warnings ...` to show where the warning was created)
 ❯ src/renderer/domains/workflows/tests/command-response-identity.test.ts (13 tests | 1 failed) 1638ms
   × reports an explicit HTTP rejection without querying or resubmitting 1005ms
(node:22296) ExperimentalWarning: localStorage is not available because --localstorage-file was not provided.
(Use `node --trace-warnings ...` to show where the warning was created)

⎯⎯⎯⎯⎯⎯⎯ Failed Tests 1 ⎯⎯⎯⎯⎯⎯⎯

 FAIL  src/renderer/domains/workflows/tests/command-response-identity.test.ts > reports an explicit HTTP rejection without querying or resubmitting
AssertionError: expected "vi.fn()" to be called with arguments: [ { commandId: 'original', …(2) } ]

Received:

  1st vi.fn() call:

  [
    {
      "commandId": "original",
      "error": "命令 ID 冲突",
+     "httpStatus": 409,
      "success": false,
    },
  ]


Number of calls: 1

 ❯ src/renderer/domains/workflows/tests/command-response-identity.test.ts:66:40
     64|   const error = vi.fn(); client.on('command_error', error)
     65|   client.emit('set_verbose_log', { enabled: true }, 'original')
     66|   await vi.waitFor(() => expect(error).toHaveBeenCalledWith({ commandI…
       |                                        ^
     67|   expect(calls).toHaveLength(1)
     68| })

⎯⎯⎯⎯⎯⎯⎯⎯⎯⎯⎯⎯⎯⎯⎯⎯⎯⎯⎯⎯⎯⎯⎯⎯[1/1]⎯


 Test Files  1 failed | 4 passed (5)
      Tests  1 failed | 35 passed (36)
   Start at  05:53:44
   Duration  11.52s (transform 269ms, setup 137ms, import 492ms, tests 8.48s, environment 1.90s)

npm error Lifecycle script `test` failed with error:
npm error code 1
npm error path /Users/zhangtiancheng/Documents/projects/autoflow/apps/desktop
npm error workspace @autoflow/desktop@0.1.0
npm error location /Users/zhangtiancheng/Documents/projects/autoflow/apps/desktop
npm error command failed
npm error command sh -c vitest run --maxWorkers=1 src/renderer/domains/workflows/tests/command-http-error-recovery.test.ts src/renderer/domains/workflows/tests/command-recovery.test.ts src/renderer/domains/workflows/tests/command-response-identity.test.ts src/renderer/domains/workflows/tests/event-client.test.ts src/renderer/domains/workflows/tests/input-delivery-http.test.tsx
