
> test:scripts
> node --test scripts/*.test.mjs

✔ retains the approved scope and resolves an imported alias to its actual component file (1.021458ms)
✔ follows barrel exports to retained database forms instead of guessing by global symbol name (0.1115ms)
✔ follows lazy imports into actual code tools and their editor dependency (0.120334ms)
✔ does not silently discard dynamically selected icon components or mark node cases executed (0.1515ms)
✔ browser management smoke accepts an explicit packaged sidecar (1.153875ms)
✔ browser management smoke creates the platform kernel layout (0.222416ms)
✔ profile test browser smoke parses kernel and sidecar paths (2.297792ms)
✔ profile test browser smoke validates a public kernel directory (8.794541ms)
✔ profile test browser smoke finds a session below the manager root (2.92475ms)
✔ packaged smoke cannot silently select external health mode (0.704833ms)
✔ cleanup rejects after the final deadline if the child never exits (12.45025ms)
✔ cleanup observes close without requiring exit (0.462708ms)
✔ cleanup rejects a child process error (0.283042ms)
✔ required path exists: apps/desktop/package.json (0.652375ms)
✔ required path exists: apps/backend/pyproject.toml (0.092083ms)
✔ root scripts expose the foundation checks (0.2005ms)
(node:39632) [MODULE_TYPELESS_PACKAGE_JSON] Warning: Module type of file:///Users/zhangtiancheng/Documents/projects/autoflow/apps/desktop/src/renderer/domains/workflows/lib/moduleCatalog.ts is not specified and it doesn't parse as CommonJS.
Reparsing as ES module because module syntax was detected. This incurs a performance overhead.
To eliminate this warning, add "type": "module" to /Users/zhangtiancheng/Documents/projects/autoflow/apps/desktop/package.json.
(Use `node --trace-warnings ...` to show where the warning was created)
✔ Studio Chinese documentation audit covers exactly the retained catalog (13.703042ms)
✔ resource upload keeps multipart body and generated response type in the handoff inventory (0.673792ms)
✔ transport forwarding is marked dynamic instead of inventing a GET contract (0.109042ms)
✔ the matrix includes every discovered service and event without treating declarations as passed tests (2.1415ms)
✔ inventory and matrix regenerate deterministically (621.710625ms)
ℹ tests 21
ℹ suites 0
ℹ pass 21
ℹ fail 0
ℹ cancelled 0
ℹ skipped 0
ℹ todo 0
ℹ duration_ms 1411.319708
