
> @autoflow/desktop@0.1.0 test
> vitest run --maxWorkers=1 src/renderer/domains/workflows/tests/path-tool-delivery.test.tsx


 RUN  v4.1.11 /Users/zhangtiancheng/Documents/projects/autoflow/apps/desktop

(node:55325) ExperimentalWarning: localStorage is not available because --localstorage-file was not provided.
(Use `node --trace-warnings ...` to show where the warning was created)
stdout | src/renderer/domains/workflows/tests/path-tool-delivery.test.tsx > file ignores a failed reply even if it contains a path
[PathInput][file] 后端返回: { success: false, path: '/should-not-apply', error: '权限不足' } 解析到 path: /should-not-apply

stdout | src/renderer/domains/workflows/tests/path-tool-delivery.test.tsx > folder ignores a failed reply even if it contains a path
[PathInput][folder] 后端返回: { success: false, path: '/should-not-apply', error: '权限不足' } 解析到 path: /should-not-apply

stdout | src/renderer/domains/workflows/tests/path-tool-delivery.test.tsx > file handles success, cancellation and malformed paths explicitly
[PathInput][file] 后端返回: { success: true, data: { success: true, path: null } } 解析到 path: null

stderr | src/renderer/domains/workflows/tests/path-tool-delivery.test.tsx > file handles success, cancellation and malformed paths explicitly
[PathInput] 文件选择未拿到 path: { success: true, data: { success: true, path: null } }

stdout | src/renderer/domains/workflows/tests/path-tool-delivery.test.tsx > file handles success, cancellation and malformed paths explicitly
[PathInput][file] 后端返回: { success: true, data: { success: true, path: '' } } 解析到 path: null

stderr | src/renderer/domains/workflows/tests/path-tool-delivery.test.tsx > file handles success, cancellation and malformed paths explicitly
[PathInput] 文件选择未拿到 path: { success: true, data: { success: true, path: '' } }

stdout | src/renderer/domains/workflows/tests/path-tool-delivery.test.tsx > file handles success, cancellation and malformed paths explicitly
[PathInput][file] 后端返回: {
  success: true,
  data: { success: false, path: null, message: '用户取消选择' }
} 解析到 path: null

stderr | src/renderer/domains/workflows/tests/path-tool-delivery.test.tsx > file handles success, cancellation and malformed paths explicitly
[PathInput] 文件选择未拿到 path: {
  success: true,
  data: { success: false, path: null, message: '用户取消选择' }
}

stdout | src/renderer/domains/workflows/tests/path-tool-delivery.test.tsx > file handles success, cancellation and malformed paths explicitly
[PathInput][file] 后端返回: { success: true, data: { success: true, path: { bad: true } } } 解析到 path: null

stderr | src/renderer/domains/workflows/tests/path-tool-delivery.test.tsx > file handles success, cancellation and malformed paths explicitly
[PathInput] 文件选择未拿到 path: { success: true, data: { success: true, path: { bad: true } } }

stdout | src/renderer/domains/workflows/tests/path-tool-delivery.test.tsx > folder handles success, cancellation and malformed paths explicitly
[PathInput][folder] 后端返回: { success: true, data: { success: true, path: null } } 解析到 path: null

stderr | src/renderer/domains/workflows/tests/path-tool-delivery.test.tsx > folder handles success, cancellation and malformed paths explicitly
[PathInput] 文件夹选择未拿到 path: { success: true, data: { success: true, path: null } }

stdout | src/renderer/domains/workflows/tests/path-tool-delivery.test.tsx > folder handles success, cancellation and malformed paths explicitly
[PathInput][folder] 后端返回: { success: true, data: { success: true, path: '' } } 解析到 path: null

stderr | src/renderer/domains/workflows/tests/path-tool-delivery.test.tsx > folder handles success, cancellation and malformed paths explicitly
[PathInput] 文件夹选择未拿到 path: { success: true, data: { success: true, path: '' } }

stdout | src/renderer/domains/workflows/tests/path-tool-delivery.test.tsx > folder handles success, cancellation and malformed paths explicitly
[PathInput][folder] 后端返回: {
  success: true,
  data: { success: false, path: null, message: '用户取消选择' }
} 解析到 path: null

stderr | src/renderer/domains/workflows/tests/path-tool-delivery.test.tsx > folder handles success, cancellation and malformed paths explicitly
[PathInput] 文件夹选择未拿到 path: {
  success: true,
  data: { success: false, path: null, message: '用户取消选择' }
}

stdout | src/renderer/domains/workflows/tests/path-tool-delivery.test.tsx > folder handles success, cancellation and malformed paths explicitly
[PathInput][folder] 后端返回: { success: true, data: { success: true, path: { bad: true } } } 解析到 path: null

stderr | src/renderer/domains/workflows/tests/path-tool-delivery.test.tsx > folder handles success, cancellation and malformed paths explicitly
[PathInput] 文件夹选择未拿到 path: { success: true, data: { success: true, path: { bad: true } } }

stdout | src/renderer/domains/workflows/tests/path-tool-delivery.test.tsx > does not write a late path after edit and keeps both buttons locked until reply
[PathInput][file] 后端返回: { success: true, data: { success: true, path: '/late' } } 解析到 path: /late

stdout | src/renderer/domains/workflows/tests/path-tool-delivery.test.tsx > does not write a late path after unmount and keeps both buttons locked until reply
[PathInput][file] 后端返回: { success: true, data: { success: true, path: '/late' } } 解析到 path: /late

stdout | src/renderer/domains/workflows/tests/path-tool-delivery.test.tsx > does not write a late path after connection and keeps both buttons locked until reply
[PathInput][file] 后端返回: { success: true, data: { success: true, path: '/late' } } 解析到 path: /late

stdout | src/renderer/domains/workflows/tests/path-tool-delivery.test.tsx > accepts the legacy flat success and reports a thrown service error
[PathInput][file] 后端返回: { success: true, path: '/legacy' } 解析到 path: /legacy

stderr | src/renderer/domains/workflows/tests/path-tool-delivery.test.tsx > accepts the legacy flat success and reports a thrown service error
选择路径失败: Error: 连接失败
    at /Users/zhangtiancheng/Documents/projects/autoflow/apps/desktop/src/renderer/domains/workflows/tests/path-tool-delivery.test.tsx:38:91
    at file:///Users/zhangtiancheng/Documents/projects/autoflow/node_modules/@vitest/runner/dist/chunk-artifact.js:302:11
    at file:///Users/zhangtiancheng/Documents/projects/autoflow/node_modules/@vitest/runner/dist/chunk-artifact.js:1903:26
    at file:///Users/zhangtiancheng/Documents/projects/autoflow/node_modules/@vitest/runner/dist/chunk-artifact.js:2326:20
    at new Promise (<anonymous>)
    at runWithCancel (file:///Users/zhangtiancheng/Documents/projects/autoflow/node_modules/@vitest/runner/dist/chunk-artifact.js:2323:10)
    at file:///Users/zhangtiancheng/Documents/projects/autoflow/node_modules/@vitest/runner/dist/chunk-artifact.js:2305:20
    at new Promise (<anonymous>)
    at runWithTimeout (file:///Users/zhangtiancheng/Documents/projects/autoflow/node_modules/@vitest/runner/dist/chunk-artifact.js:2272:10)
    at file:///Users/zhangtiancheng/Documents/projects/autoflow/node_modules/@vitest/runner/dist/chunk-artifact.js:2956:64

 ❯ src/renderer/domains/workflows/tests/path-tool-delivery.test.tsx (8 tests | 8 failed) 5103ms
   × file ignores a failed reply even if it contains a path 1037ms
   × folder ignores a failed reply even if it contains a path 1007ms
   × file handles success, cancellation and malformed paths explicitly 1020ms
   × folder handles success, cancellation and malformed paths explicitly 1014ms
   × does not write a late path after edit and keeps both buttons locked until reply 7ms
   × does not write a late path after unmount and keeps both buttons locked until reply 3ms
   × does not write a late path after connection and keeps both buttons locked until reply 4ms
   × accepts the legacy flat success and reports a thrown service error 1009ms

⎯⎯⎯⎯⎯⎯⎯ Failed Tests 8 ⎯⎯⎯⎯⎯⎯⎯

 FAIL  src/renderer/domains/workflows/tests/path-tool-delivery.test.tsx > file ignores a failed reply even if it contains a path
TestingLibraryElementError: Unable to find role="alert"

Ignored nodes: comments, script, style
[36m<body>[39m
  [36m<div>[39m
    [36m<div[39m
      [33mclass[39m=[32m"flex gap-1"[39m
    [36m>[39m
      [36m<div[39m
        [33mclass[39m=[32m"flex-1"[39m
      [36m>[39m
        [36m<input[39m
          [33mvalue[39m=[32m"keep"[39m
        [36m/>[39m
      [36m</div>[39m
      [36m<button[39m
        [33mclass[39m=[32m"group relative inline-flex items-center justify-center gap-1.5 whitespace-nowrap rounded-[7px] text-[13px] font-medium select-none transition-[background-color,border-color,color,box-shadow,transform,filter] duration-150 ease-[cubic-bezier(0.25,1,0.5,1)] focus-visible:outline-none focus-visible:ring-2 focus-visible:ring-[hsl(var(--ring))] focus-visible:ring-offset-1 focus-visible:ring-offset-[hsl(var(--background))] disabled:pointer-events-none disabled:opacity-50 active:translate-y-[1px] active:scale-[0.99] bg-[hsl(var(--brand-50))] text-[hsl(var(--brand-700))] border border-[hsl(var(--brand-500)/0.35)] shadow-xs hover:bg-[hsl(var(--brand-100))] hover:border-[hsl(var(--brand-500)/0.6)] hover:text-[hsl(var(--brand-800))] hover:shadow-soft active:bg-[hsl(var(--brand-200))] h-8 w-8 p-0 shrink-0"[39m
        [33mtitle[39m=[32m"选择文件"[39m
        [33mtype[39m=[32m"button"[39m
      [36m>[39m
        [36m<svg[39m
          [33maria-hidden[39m=[32m"true"[39m
          [33mclass[39m=[32m"lucide lucide-file w-4 h-4"[39m
          [33mfill[39m=[32m"none"[39m
          [33mheight[39m=[32m"24"[39m
          [33mstroke[39m=[32m"currentColor"[39m
          [33mstroke-linecap[39m=[32m"round"[39m
          [33mstroke-linejoin[39m=[32m"round"[39m
          [33mstroke-width[39m=[32m"2"[39m
          [33mviewBox[39m=[32m"0 0 24 24"[39m
          [33mwidth[39m=[32m"24"[39m
          [33mxmlns[39m=[32m"http://www.w3.org/2000/svg"[39m
        [36m>[39m
          [36m<path[39m
            [33md[39m=[32m"M6 22a2 2 0 0 1-2-2V4a2 2 0 0 1 2-2h8a2.4 2.4 0 0 1 1.704.706l3.588 3.588A2.4 2.4 0 0 1 20 8v12a2 2 0 0 1-2 2z"[39m
          [36m/>[39m
          [36m<path[39m
            [33md[39m=[32m"M14 2v5a1 1 0 0 0 1 1h5"[39m
          [36m/>[39m
        [36m</svg>[39m
      [36m</button>[39m
    [36m</div>[39m
  [36m</div>[39m
[36m</body>[39m

Ignored nodes: comments, script, style
[36m<body>[39m
  [36m<div>[39m
    [36m<div[39m
      [33mclass[39m=[32m"flex gap-1"[39m
    [36m>[39m
      [36m<div[39m
        [33mclass[39m=[32m"flex-1"[39m
      [36m>[39m
        [36m<input[39m
          [33mvalue[39m=[32m"keep"[39m
        [36m/>[39m
      [36m</div>[39m
      [36m<button[39m
        [33mclass[39m=[32m"group relative inline-flex items-center justify-center gap-1.5 whitespace-nowrap rounded-[7px] text-[13px] font-medium select-none transition-[background-color,border-color,color,box-shadow,transform,filter] duration-150 ease-[cubic-bezier(0.25,1,0.5,1)] focus-visible:outline-none focus-visible:ring-2 focus-visible:ring-[hsl(var(--ring))] focus-visible:ring-offset-1 focus-visible:ring-offset-[hsl(var(--background))] disabled:pointer-events-none disabled:opacity-50 active:translate-y-[1px] active:scale-[0.99] bg-[hsl(var(--brand-50))] text-[hsl(var(--brand-700))] border border-[hsl(var(--brand-500)/0.35)] shadow-xs hover:bg-[hsl(var(--brand-100))] hover:border-[hsl(var(--brand-500)/0.6)] hover:text-[hsl(var(--brand-800))] hover:shadow-soft active:bg-[hsl(var(--brand-200))] h-8 w-8 p-0 shrink-0"[39m
        [33mtitle[39m=[32m"选择文件"[39m
        [33mtype[39m=[32m"button"[39m
      [36m>[39m
        [36m<svg[39m
          [33maria-hidden[39m=[32m"true"[39m
          [33mclass[39m=[32m"lucide lucide-file w-4 h-4"[39m
          [33mfill[39m=[32m"none"[39m
          [33mheight[39m=[32m"24"[39m
          [33mstroke[39m=[32m"currentColor"[39m
          [33mstroke-linecap[39m=[32m"round"[39m
          [33mstroke-linejoin[39m=[32m"round"[39m
          [33mstroke-width[39m=[32m"2"[39m
          [33mviewBox[39m=[32m"0 0 24 24"[39m
          [33mwidth[39m=[32m"24"[39m
          [33mxmlns[39m=[32m"http://www.w3.org/2000/svg"[39m
        [36m>[39m
          [36m<path[39m
            [33md[39m=[32m"M6 22a2 2 0 0 1-2-2V4a2 2 0 0 1 2-2h8a2.4 2.4 0 0 1 1.704.706l3.588 3.588A2.4 2.4 0 0 1 20 8v12a2 2 0 0 1-2 2z"[39m
          [36m/>[39m
          [36m<path[39m
            [33md[39m=[32m"M14 2v5a1 1 0 0 0 1 1h5"[39m
          [36m/>[39m
        [36m</svg>[39m
      [36m</button>[39m
    [36m</div>[39m
  [36m</div>[39m
[36m</body>[39m
 ❯ waitForWrapper ../../node_modules/@testing-library/dom/dist/wait-for.js:163:27
 ❯ ../../node_modules/@testing-library/dom/dist/query-helpers.js:86:33
 ❯ src/renderer/domains/workflows/tests/path-tool-delivery.test.tsx:14:23
     12|  services[mode].mockResolvedValue({success:false,path:'/should-not-app…
     13|  const change=vi.fn();render(<PathInput type={mode} value="keep" onCha…
     14|  expect((await screen.findByRole('alert')).textContent).toContain('权限不…
       |                       ^
     15| })
     16| it.each(['file','folder'] as const)('%s handles success, cancellation …

⎯⎯⎯⎯⎯⎯⎯⎯⎯⎯⎯⎯⎯⎯⎯⎯⎯⎯⎯⎯⎯⎯⎯⎯[1/8]⎯

 FAIL  src/renderer/domains/workflows/tests/path-tool-delivery.test.tsx > folder ignores a failed reply even if it contains a path
TestingLibraryElementError: Unable to find role="alert"

Ignored nodes: comments, script, style
[36m<body>[39m
  [36m<div>[39m
    [36m<div[39m
      [33mclass[39m=[32m"flex gap-1"[39m
    [36m>[39m
      [36m<div[39m
        [33mclass[39m=[32m"flex-1"[39m
      [36m>[39m
        [36m<input[39m
          [33mvalue[39m=[32m"keep"[39m
        [36m/>[39m
      [36m</div>[39m
      [36m<button[39m
        [33mclass[39m=[32m"group relative inline-flex items-center justify-center gap-1.5 whitespace-nowrap rounded-[7px] text-[13px] font-medium select-none transition-[background-color,border-color,color,box-shadow,transform,filter] duration-150 ease-[cubic-bezier(0.25,1,0.5,1)] focus-visible:outline-none focus-visible:ring-2 focus-visible:ring-[hsl(var(--ring))] focus-visible:ring-offset-1 focus-visible:ring-offset-[hsl(var(--background))] disabled:pointer-events-none disabled:opacity-50 active:translate-y-[1px] active:scale-[0.99] bg-[hsl(var(--brand-50))] text-[hsl(var(--brand-700))] border border-[hsl(var(--brand-500)/0.35)] shadow-xs hover:bg-[hsl(var(--brand-100))] hover:border-[hsl(var(--brand-500)/0.6)] hover:text-[hsl(var(--brand-800))] hover:shadow-soft active:bg-[hsl(var(--brand-200))] h-8 w-8 p-0 shrink-0"[39m
        [33mtitle[39m=[32m"选择文件夹"[39m
        [33mtype[39m=[32m"button"[39m
      [36m>[39m
        [36m<svg[39m
          [33maria-hidden[39m=[32m"true"[39m
          [33mclass[39m=[32m"lucide lucide-folder w-4 h-4"[39m
          [33mfill[39m=[32m"none"[39m
          [33mheight[39m=[32m"24"[39m
          [33mstroke[39m=[32m"currentColor"[39m
          [33mstroke-linecap[39m=[32m"round"[39m
          [33mstroke-linejoin[39m=[32m"round"[39m
          [33mstroke-width[39m=[32m"2"[39m
          [33mviewBox[39m=[32m"0 0 24 24"[39m
          [33mwidth[39m=[32m"24"[39m
          [33mxmlns[39m=[32m"http://www.w3.org/2000/svg"[39m
        [36m>[39m
          [36m<path[39m
            [33md[39m=[32m"M20 20a2 2 0 0 0 2-2V8a2 2 0 0 0-2-2h-7.9a2 2 0 0 1-1.69-.9L9.6 3.9A2 2 0 0 0 7.93 3H4a2 2 0 0 0-2 2v13a2 2 0 0 0 2 2Z"[39m
          [36m/>[39m
        [36m</svg>[39m
      [36m</button>[39m
    [36m</div>[39m
  [36m</div>[39m
[36m</body>[39m

Ignored nodes: comments, script, style
[36m<body>[39m
  [36m<div>[39m
    [36m<div[39m
      [33mclass[39m=[32m"flex gap-1"[39m
    [36m>[39m
      [36m<div[39m
        [33mclass[39m=[32m"flex-1"[39m
      [36m>[39m
        [36m<input[39m
          [33mvalue[39m=[32m"keep"[39m
        [36m/>[39m
      [36m</div>[39m
      [36m<button[39m
        [33mclass[39m=[32m"group relative inline-flex items-center justify-center gap-1.5 whitespace-nowrap rounded-[7px] text-[13px] font-medium select-none transition-[background-color,border-color,color,box-shadow,transform,filter] duration-150 ease-[cubic-bezier(0.25,1,0.5,1)] focus-visible:outline-none focus-visible:ring-2 focus-visible:ring-[hsl(var(--ring))] focus-visible:ring-offset-1 focus-visible:ring-offset-[hsl(var(--background))] disabled:pointer-events-none disabled:opacity-50 active:translate-y-[1px] active:scale-[0.99] bg-[hsl(var(--brand-50))] text-[hsl(var(--brand-700))] border border-[hsl(var(--brand-500)/0.35)] shadow-xs hover:bg-[hsl(var(--brand-100))] hover:border-[hsl(var(--brand-500)/0.6)] hover:text-[hsl(var(--brand-800))] hover:shadow-soft active:bg-[hsl(var(--brand-200))] h-8 w-8 p-0 shrink-0"[39m
        [33mtitle[39m=[32m"选择文件夹"[39m
        [33mtype[39m=[32m"button"[39m
      [36m>[39m
        [36m<svg[39m
          [33maria-hidden[39m=[32m"true"[39m
          [33mclass[39m=[32m"lucide lucide-folder w-4 h-4"[39m
          [33mfill[39m=[32m"none"[39m
          [33mheight[39m=[32m"24"[39m
          [33mstroke[39m=[32m"currentColor"[39m
          [33mstroke-linecap[39m=[32m"round"[39m
          [33mstroke-linejoin[39m=[32m"round"[39m
          [33mstroke-width[39m=[32m"2"[39m
          [33mviewBox[39m=[32m"0 0 24 24"[39m
          [33mwidth[39m=[32m"24"[39m
          [33mxmlns[39m=[32m"http://www.w3.org/2000/svg"[39m
        [36m>[39m
          [36m<path[39m
            [33md[39m=[32m"M20 20a2 2 0 0 0 2-2V8a2 2 0 0 0-2-2h-7.9a2 2 0 0 1-1.69-.9L9.6 3.9A2 2 0 0 0 7.93 3H4a2 2 0 0 0-2 2v13a2 2 0 0 0 2 2Z"[39m
          [36m/>[39m
        [36m</svg>[39m
      [36m</button>[39m
    [36m</div>[39m
  [36m</div>[39m
[36m</body>[39m
 ❯ waitForWrapper ../../node_modules/@testing-library/dom/dist/wait-for.js:163:27
 ❯ ../../node_modules/@testing-library/dom/dist/query-helpers.js:86:33
 ❯ src/renderer/domains/workflows/tests/path-tool-delivery.test.tsx:14:23
     12|  services[mode].mockResolvedValue({success:false,path:'/should-not-app…
     13|  const change=vi.fn();render(<PathInput type={mode} value="keep" onCha…
     14|  expect((await screen.findByRole('alert')).textContent).toContain('权限不…
       |                       ^
     15| })
     16| it.each(['file','folder'] as const)('%s handles success, cancellation …

⎯⎯⎯⎯⎯⎯⎯⎯⎯⎯⎯⎯⎯⎯⎯⎯⎯⎯⎯⎯⎯⎯⎯⎯[2/8]⎯

 FAIL  src/renderer/domains/workflows/tests/path-tool-delivery.test.tsx > file handles success, cancellation and malformed paths explicitly
TestingLibraryElementError: Unable to find role="alert"

Ignored nodes: comments, script, style
[36m<body>[39m
  [36m<div>[39m
    [36m<div[39m
      [33mclass[39m=[32m"flex gap-1"[39m
    [36m>[39m
      [36m<div[39m
        [33mclass[39m=[32m"flex-1"[39m
      [36m>[39m
        [36m<input[39m
          [33mvalue[39m=[32m"keep"[39m
        [36m/>[39m
      [36m</div>[39m
      [36m<button[39m
        [33mclass[39m=[32m"group relative inline-flex items-center justify-center gap-1.5 whitespace-nowrap rounded-[7px] text-[13px] font-medium select-none transition-[background-color,border-color,color,box-shadow,transform,filter] duration-150 ease-[cubic-bezier(0.25,1,0.5,1)] focus-visible:outline-none focus-visible:ring-2 focus-visible:ring-[hsl(var(--ring))] focus-visible:ring-offset-1 focus-visible:ring-offset-[hsl(var(--background))] disabled:pointer-events-none disabled:opacity-50 active:translate-y-[1px] active:scale-[0.99] bg-[hsl(var(--brand-50))] text-[hsl(var(--brand-700))] border border-[hsl(var(--brand-500)/0.35)] shadow-xs hover:bg-[hsl(var(--brand-100))] hover:border-[hsl(var(--brand-500)/0.6)] hover:text-[hsl(var(--brand-800))] hover:shadow-soft active:bg-[hsl(var(--brand-200))] h-8 w-8 p-0 shrink-0"[39m
        [33mtitle[39m=[32m"选择文件"[39m
        [33mtype[39m=[32m"button"[39m
      [36m>[39m
        [36m<svg[39m
          [33maria-hidden[39m=[32m"true"[39m
          [33mclass[39m=[32m"lucide lucide-file w-4 h-4"[39m
          [33mfill[39m=[32m"none"[39m
          [33mheight[39m=[32m"24"[39m
          [33mstroke[39m=[32m"currentColor"[39m
          [33mstroke-linecap[39m=[32m"round"[39m
          [33mstroke-linejoin[39m=[32m"round"[39m
          [33mstroke-width[39m=[32m"2"[39m
          [33mviewBox[39m=[32m"0 0 24 24"[39m
          [33mwidth[39m=[32m"24"[39m
          [33mxmlns[39m=[32m"http://www.w3.org/2000/svg"[39m
        [36m>[39m
          [36m<path[39m
            [33md[39m=[32m"M6 22a2 2 0 0 1-2-2V4a2 2 0 0 1 2-2h8a2.4 2.4 0 0 1 1.704.706l3.588 3.588A2.4 2.4 0 0 1 20 8v12a2 2 0 0 1-2 2z"[39m
          [36m/>[39m
          [36m<path[39m
            [33md[39m=[32m"M14 2v5a1 1 0 0 0 1 1h5"[39m
          [36m/>[39m
        [36m</svg>[39m
      [36m</button>[39m
    [36m</div>[39m
  [36m</div>[39m
[36m</body>[39m

Ignored nodes: comments, script, style
[36m<body>[39m
  [36m<div>[39m
    [36m<div[39m
      [33mclass[39m=[32m"flex gap-1"[39m
    [36m>[39m
      [36m<div[39m
        [33mclass[39m=[32m"flex-1"[39m
      [36m>[39m
        [36m<input[39m
          [33mvalue[39m=[32m"keep"[39m
        [36m/>[39m
      [36m</div>[39m
      [36m<button[39m
        [33mclass[39m=[32m"group relative inline-flex items-center justify-center gap-1.5 whitespace-nowrap rounded-[7px] text-[13px] font-medium select-none transition-[background-color,border-color,color,box-shadow,transform,filter] duration-150 ease-[cubic-bezier(0.25,1,0.5,1)] focus-visible:outline-none focus-visible:ring-2 focus-visible:ring-[hsl(var(--ring))] focus-visible:ring-offset-1 focus-visible:ring-offset-[hsl(var(--background))] disabled:pointer-events-none disabled:opacity-50 active:translate-y-[1px] active:scale-[0.99] bg-[hsl(var(--brand-50))] text-[hsl(var(--brand-700))] border border-[hsl(var(--brand-500)/0.35)] shadow-xs hover:bg-[hsl(var(--brand-100))] hover:border-[hsl(var(--brand-500)/0.6)] hover:text-[hsl(var(--brand-800))] hover:shadow-soft active:bg-[hsl(var(--brand-200))] h-8 w-8 p-0 shrink-0"[39m
        [33mtitle[39m=[32m"选择文件"[39m
        [33mtype[39m=[32m"button"[39m
      [36m>[39m
        [36m<svg[39m
          [33maria-hidden[39m=[32m"true"[39m
          [33mclass[39m=[32m"lucide lucide-file w-4 h-4"[39m
          [33mfill[39m=[32m"none"[39m
          [33mheight[39m=[32m"24"[39m
          [33mstroke[39m=[32m"currentColor"[39m
          [33mstroke-linecap[39m=[32m"round"[39m
          [33mstroke-linejoin[39m=[32m"round"[39m
          [33mstroke-width[39m=[32m"2"[39m
          [33mviewBox[39m=[32m"0 0 24 24"[39m
          [33mwidth[39m=[32m"24"[39m
          [33mxmlns[39m=[32m"http://www.w3.org/2000/svg"[39m
        [36m>[39m
          [36m<path[39m
            [33md[39m=[32m"M6 22a2 2 0 0 1-2-2V4a2 2 0 0 1 2-2h8a2.4 2.4 0 0 1 1.704.706l3.588 3.588A2.4 2.4 0 0 1 20 8v12a2 2 0 0 1-2 2z"[39m
          [36m/>[39m
          [36m<path[39m
            [33md[39m=[32m"M14 2v5a1 1 0 0 0 1 1h5"[39m
          [36m/>[39m
        [36m</svg>[39m
      [36m</button>[39m
    [36m</div>[39m
  [36m</div>[39m
[36m</body>[39m
 ❯ waitForWrapper ../../node_modules/@testing-library/dom/dist/wait-for.js:163:27
 ❯ ../../node_modules/@testing-library/dom/dist/query-helpers.js:86:33
 ❯ src/renderer/domains/workflows/tests/path-tool-delivery.test.tsx:21:148


⎯⎯⎯⎯⎯⎯⎯⎯⎯⎯⎯⎯⎯⎯⎯⎯⎯⎯⎯⎯⎯⎯⎯⎯[3/8]⎯

 FAIL  src/renderer/domains/workflows/tests/path-tool-delivery.test.tsx > folder handles success, cancellation and malformed paths explicitly
TestingLibraryElementError: Unable to find role="alert"

Ignored nodes: comments, script, style
[36m<body>[39m
  [36m<div>[39m
    [36m<div[39m
      [33mclass[39m=[32m"flex gap-1"[39m
    [36m>[39m
      [36m<div[39m
        [33mclass[39m=[32m"flex-1"[39m
      [36m>[39m
        [36m<input[39m
          [33mvalue[39m=[32m"keep"[39m
        [36m/>[39m
      [36m</div>[39m
      [36m<button[39m
        [33mclass[39m=[32m"group relative inline-flex items-center justify-center gap-1.5 whitespace-nowrap rounded-[7px] text-[13px] font-medium select-none transition-[background-color,border-color,color,box-shadow,transform,filter] duration-150 ease-[cubic-bezier(0.25,1,0.5,1)] focus-visible:outline-none focus-visible:ring-2 focus-visible:ring-[hsl(var(--ring))] focus-visible:ring-offset-1 focus-visible:ring-offset-[hsl(var(--background))] disabled:pointer-events-none disabled:opacity-50 active:translate-y-[1px] active:scale-[0.99] bg-[hsl(var(--brand-50))] text-[hsl(var(--brand-700))] border border-[hsl(var(--brand-500)/0.35)] shadow-xs hover:bg-[hsl(var(--brand-100))] hover:border-[hsl(var(--brand-500)/0.6)] hover:text-[hsl(var(--brand-800))] hover:shadow-soft active:bg-[hsl(var(--brand-200))] h-8 w-8 p-0 shrink-0"[39m
        [33mtitle[39m=[32m"选择文件夹"[39m
        [33mtype[39m=[32m"button"[39m
      [36m>[39m
        [36m<svg[39m
          [33maria-hidden[39m=[32m"true"[39m
          [33mclass[39m=[32m"lucide lucide-folder w-4 h-4"[39m
          [33mfill[39m=[32m"none"[39m
          [33mheight[39m=[32m"24"[39m
          [33mstroke[39m=[32m"currentColor"[39m
          [33mstroke-linecap[39m=[32m"round"[39m
          [33mstroke-linejoin[39m=[32m"round"[39m
          [33mstroke-width[39m=[32m"2"[39m
          [33mviewBox[39m=[32m"0 0 24 24"[39m
          [33mwidth[39m=[32m"24"[39m
          [33mxmlns[39m=[32m"http://www.w3.org/2000/svg"[39m
        [36m>[39m
          [36m<path[39m
            [33md[39m=[32m"M20 20a2 2 0 0 0 2-2V8a2 2 0 0 0-2-2h-7.9a2 2 0 0 1-1.69-.9L9.6 3.9A2 2 0 0 0 7.93 3H4a2 2 0 0 0-2 2v13a2 2 0 0 0 2 2Z"[39m
          [36m/>[39m
        [36m</svg>[39m
      [36m</button>[39m
    [36m</div>[39m
  [36m</div>[39m
[36m</body>[39m

Ignored nodes: comments, script, style
[36m<body>[39m
  [36m<div>[39m
    [36m<div[39m
      [33mclass[39m=[32m"flex gap-1"[39m
    [36m>[39m
      [36m<div[39m
        [33mclass[39m=[32m"flex-1"[39m
      [36m>[39m
        [36m<input[39m
          [33mvalue[39m=[32m"keep"[39m
        [36m/>[39m
      [36m</div>[39m
      [36m<button[39m
        [33mclass[39m=[32m"group relative inline-flex items-center justify-center gap-1.5 whitespace-nowrap rounded-[7px] text-[13px] font-medium select-none transition-[background-color,border-color,color,box-shadow,transform,filter] duration-150 ease-[cubic-bezier(0.25,1,0.5,1)] focus-visible:outline-none focus-visible:ring-2 focus-visible:ring-[hsl(var(--ring))] focus-visible:ring-offset-1 focus-visible:ring-offset-[hsl(var(--background))] disabled:pointer-events-none disabled:opacity-50 active:translate-y-[1px] active:scale-[0.99] bg-[hsl(var(--brand-50))] text-[hsl(var(--brand-700))] border border-[hsl(var(--brand-500)/0.35)] shadow-xs hover:bg-[hsl(var(--brand-100))] hover:border-[hsl(var(--brand-500)/0.6)] hover:text-[hsl(var(--brand-800))] hover:shadow-soft active:bg-[hsl(var(--brand-200))] h-8 w-8 p-0 shrink-0"[39m
        [33mtitle[39m=[32m"选择文件夹"[39m
        [33mtype[39m=[32m"button"[39m
      [36m>[39m
        [36m<svg[39m
          [33maria-hidden[39m=[32m"true"[39m
          [33mclass[39m=[32m"lucide lucide-folder w-4 h-4"[39m
          [33mfill[39m=[32m"none"[39m
          [33mheight[39m=[32m"24"[39m
          [33mstroke[39m=[32m"currentColor"[39m
          [33mstroke-linecap[39m=[32m"round"[39m
          [33mstroke-linejoin[39m=[32m"round"[39m
          [33mstroke-width[39m=[32m"2"[39m
          [33mviewBox[39m=[32m"0 0 24 24"[39m
          [33mwidth[39m=[32m"24"[39m
          [33mxmlns[39m=[32m"http://www.w3.org/2000/svg"[39m
        [36m>[39m
          [36m<path[39m
            [33md[39m=[32m"M20 20a2 2 0 0 0 2-2V8a2 2 0 0 0-2-2h-7.9a2 2 0 0 1-1.69-.9L9.6 3.9A2 2 0 0 0 7.93 3H4a2 2 0 0 0-2 2v13a2 2 0 0 0 2 2Z"[39m
          [36m/>[39m
        [36m</svg>[39m
      [36m</button>[39m
    [36m</div>[39m
  [36m</div>[39m
[36m</body>[39m
 ❯ waitForWrapper ../../node_modules/@testing-library/dom/dist/wait-for.js:163:27
 ❯ ../../node_modules/@testing-library/dom/dist/query-helpers.js:86:33
 ❯ src/renderer/domains/workflows/tests/path-tool-delivery.test.tsx:21:148


⎯⎯⎯⎯⎯⎯⎯⎯⎯⎯⎯⎯⎯⎯⎯⎯⎯⎯⎯⎯⎯⎯⎯⎯[4/8]⎯

 FAIL  src/renderer/domains/workflows/tests/path-tool-delivery.test.tsx > does not write a late path after edit and keeps both buttons locked until reply
 FAIL  src/renderer/domains/workflows/tests/path-tool-delivery.test.tsx > does not write a late path after unmount and keeps both buttons locked until reply
 FAIL  src/renderer/domains/workflows/tests/path-tool-delivery.test.tsx > does not write a late path after connection and keeps both buttons locked until reply
AssertionError: expected "vi.fn()" to not be called at all, but actually been called 1 times

Received:

  1st vi.fn() call:

    Array [
      "/late",
    ]


Number of calls: 1

 ❯ src/renderer/domains/workflows/tests/path-tool-delivery.test.tsx:33:99
     31|  try{
     32|   if(action!=='unmount'){fireEvent.click(screen.getByTitle('选择文件夹'));e…
     33|   await act(async()=>resolve({success:true,data:{success:true,path:'/l…
       |                                                                                                   ^
     34|   if(action!=='unmount')expect((screen.getByTitle('选择文件') as HTMLButto…
     35|  }finally{cleanup();restore()}

⎯⎯⎯⎯⎯⎯⎯⎯⎯⎯⎯⎯⎯⎯⎯⎯⎯⎯⎯⎯⎯⎯⎯⎯[5/8]⎯

 FAIL  src/renderer/domains/workflows/tests/path-tool-delivery.test.tsx > accepts the legacy flat success and reports a thrown service error
TestingLibraryElementError: Unable to find role="alert"

Ignored nodes: comments, script, style
[36m<body>[39m
  [36m<div>[39m
    [36m<div[39m
      [33mclass[39m=[32m"flex gap-1"[39m
    [36m>[39m
      [36m<div[39m
        [33mclass[39m=[32m"flex-1"[39m
      [36m>[39m
        [36m<input[39m
          [33mvalue[39m=[32m""[39m
        [36m/>[39m
      [36m</div>[39m
      [36m<button[39m
        [33mclass[39m=[32m"group relative inline-flex items-center justify-center gap-1.5 whitespace-nowrap rounded-[7px] text-[13px] font-medium select-none transition-[background-color,border-color,color,box-shadow,transform,filter] duration-150 ease-[cubic-bezier(0.25,1,0.5,1)] focus-visible:outline-none focus-visible:ring-2 focus-visible:ring-[hsl(var(--ring))] focus-visible:ring-offset-1 focus-visible:ring-offset-[hsl(var(--background))] disabled:pointer-events-none disabled:opacity-50 active:translate-y-[1px] active:scale-[0.99] bg-[hsl(var(--brand-50))] text-[hsl(var(--brand-700))] border border-[hsl(var(--brand-500)/0.35)] shadow-xs hover:bg-[hsl(var(--brand-100))] hover:border-[hsl(var(--brand-500)/0.6)] hover:text-[hsl(var(--brand-800))] hover:shadow-soft active:bg-[hsl(var(--brand-200))] h-8 w-8 p-0 shrink-0"[39m
        [33mtitle[39m=[32m"选择文件"[39m
        [33mtype[39m=[32m"button"[39m
      [36m>[39m
        [36m<svg[39m
          [33maria-hidden[39m=[32m"true"[39m
          [33mclass[39m=[32m"lucide lucide-file w-4 h-4"[39m
          [33mfill[39m=[32m"none"[39m
          [33mheight[39m=[32m"24"[39m
          [33mstroke[39m=[32m"currentColor"[39m
          [33mstroke-linecap[39m=[32m"round"[39m
          [33mstroke-linejoin[39m=[32m"round"[39m
          [33mstroke-width[39m=[32m"2"[39m
          [33mviewBox[39m=[32m"0 0 24 24"[39m
          [33mwidth[39m=[32m"24"[39m
          [33mxmlns[39m=[32m"http://www.w3.org/2000/svg"[39m
        [36m>[39m
          [36m<path[39m
            [33md[39m=[32m"M6 22a2 2 0 0 1-2-2V4a2 2 0 0 1 2-2h8a2.4 2.4 0 0 1 1.704.706l3.588 3.588A2.4 2.4 0 0 1 20 8v12a2 2 0 0 1-2 2z"[39m
          [36m/>[39m
          [36m<path[39m
            [33md[39m=[32m"M14 2v5a1 1 0 0 0 1 1h5"[39m
          [36m/>[39m
        [36m</svg>[39m
      [36m</button>[39m
    [36m</div>[39m
  [36m</div>[39m
[36m</body>[39m

Ignored nodes: comments, script, style
[36m<body>[39m
  [36m<div>[39m
    [36m<div[39m
      [33mclass[39m=[32m"flex gap-1"[39m
    [36m>[39m
      [36m<div[39m
        [33mclass[39m=[32m"flex-1"[39m
      [36m>[39m
        [36m<input[39m
          [33mvalue[39m=[32m""[39m
        [36m/>[39m
      [36m</div>[39m
      [36m<button[39m
        [33mclass[39m=[32m"group relative inline-flex items-center justify-center gap-1.5 whitespace-nowrap rounded-[7px] text-[13px] font-medium select-none transition-[background-color,border-color,color,box-shadow,transform,filter] duration-150 ease-[cubic-bezier(0.25,1,0.5,1)] focus-visible:outline-none focus-visible:ring-2 focus-visible:ring-[hsl(var(--ring))] focus-visible:ring-offset-1 focus-visible:ring-offset-[hsl(var(--background))] disabled:pointer-events-none disabled:opacity-50 active:translate-y-[1px] active:scale-[0.99] bg-[hsl(var(--brand-50))] text-[hsl(var(--brand-700))] border border-[hsl(var(--brand-500)/0.35)] shadow-xs hover:bg-[hsl(var(--brand-100))] hover:border-[hsl(var(--brand-500)/0.6)] hover:text-[hsl(var(--brand-800))] hover:shadow-soft active:bg-[hsl(var(--brand-200))] h-8 w-8 p-0 shrink-0"[39m
        [33mtitle[39m=[32m"选择文件"[39m
        [33mtype[39m=[32m"button"[39m
      [36m>[39m
        [36m<svg[39m
          [33maria-hidden[39m=[32m"true"[39m
          [33mclass[39m=[32m"lucide lucide-file w-4 h-4"[39m
          [33mfill[39m=[32m"none"[39m
          [33mheight[39m=[32m"24"[39m
          [33mstroke[39m=[32m"currentColor"[39m
          [33mstroke-linecap[39m=[32m"round"[39m
          [33mstroke-linejoin[39m=[32m"round"[39m
          [33mstroke-width[39m=[32m"2"[39m
          [33mviewBox[39m=[32m"0 0 24 24"[39m
          [33mwidth[39m=[32m"24"[39m
          [33mxmlns[39m=[32m"http://www.w3.org/2000/svg"[39m
        [36m>[39m
          [36m<path[39m
            [33md[39m=[32m"M6 22a2 2 0 0 1-2-2V4a2 2 0 0 1 2-2h8a2.4 2.4 0 0 1 1.704.706l3.588 3.588A2.4 2.4 0 0 1 20 8v12a2 2 0 0 1-2 2z"[39m
          [36m/>[39m
          [36m<path[39m
            [33md[39m=[32m"M14 2v5a1 1 0 0 0 1 1h5"[39m
          [36m/>[39m
        [36m</svg>[39m
      [36m</button>[39m
    [36m</div>[39m
  [36m</div>[39m
[36m</body>[39m
 ❯ waitForWrapper ../../node_modules/@testing-library/dom/dist/wait-for.js:163:27
 ❯ ../../node_modules/@testing-library/dom/dist/query-helpers.js:86:33
 ❯ src/renderer/domains/workflows/tests/path-tool-delivery.test.tsx:40:66
     38|  services.file.mockResolvedValueOnce({success:true,path:'/legacy'}).mo…
     39|  fireEvent.click(screen.getByTitle('选择文件'));await waitFor(()=>expect(c…
     40|  fireEvent.click(screen.getByTitle('选择文件'));expect((await screen.findB…
       |                                                                  ^
     41| })
     42|

⎯⎯⎯⎯⎯⎯⎯⎯⎯⎯⎯⎯⎯⎯⎯⎯⎯⎯⎯⎯⎯⎯⎯⎯[6/8]⎯


 Test Files  1 failed (1)
      Tests  8 failed (8)
   Start at  12:25:02
   Duration  5.87s (transform 142ms, setup 129ms, import 155ms, tests 5.10s, environment 380ms)

npm error Lifecycle script `test` failed with error:
npm error code 1
npm error path /Users/zhangtiancheng/Documents/projects/autoflow/apps/desktop
npm error workspace @autoflow/desktop@0.1.0
npm error location /Users/zhangtiancheng/Documents/projects/autoflow/apps/desktop
npm error command failed
npm error command sh -c vitest run --maxWorkers=1 src/renderer/domains/workflows/tests/path-tool-delivery.test.tsx
